Archive member included to satisfy reference by file (symbol)

/usr/lib/gcc/arm-none-eabi/13.2.1/../../../arm-none-eabi/lib/thumb/v7e-m+fp/hard/libc_nano.a(libc_a-init.o)
                              /usr/lib/gcc/arm-none-eabi/13.2.1/../../../arm-none-eabi/lib/thumb/v7e-m+fp/hard/crt0.o (__libc_init_array)
/usr/lib/gcc/arm-none-eabi/13.2.1/../../../arm-none-eabi/lib/thumb/v7e-m+fp/hard/libc_nano.a(libc_a-memset.o)
                              /usr/lib/gcc/arm-none-eabi/13.2.1/../../../arm-none-eabi/lib/thumb/v7e-m+fp/hard/crt0.o (memset)
/usr/lib/gcc/arm-none-eabi/13.2.1/../../../arm-none-eabi/lib/thumb/v7e-m+fp/hard/libc_nano.a(libc_a-errno.o)
                              build/sysmem.o (__errno)
/usr/lib/gcc/arm-none-eabi/13.2.1/../../../arm-none-eabi/lib/thumb/v7e-m+fp/hard/libc_nano.a(libc_a-exit.o)
                              /usr/lib/gcc/arm-none-eabi/13.2.1/../../../arm-none-eabi/lib/thumb/v7e-m+fp/hard/crt0.o (exit)
/usr/lib/gcc/arm-none-eabi/13.2.1/../../../arm-none-eabi/lib/thumb/v7e-m+fp/hard/libc_nano.a(libc_a-atexit.o)
                              /usr/lib/gcc/arm-none-eabi/13.2.1/../../../arm-none-eabi/lib/thumb/v7e-m+fp/hard/crt0.o (atexit)
/usr/lib/gcc/arm-none-eabi/13.2.1/../../../arm-none-eabi/lib/thumb/v7e-m+fp/hard/libc_nano.a(libc_a-fini.o)
                              /usr/lib/gcc/arm-none-eabi/13.2.1/../../../arm-none-eabi/lib/thumb/v7e-m+fp/hard/crt0.o (__libc_fini_array)
/usr/lib/gcc/arm-none-eabi/13.2.1/../../../arm-none-eabi/lib/thumb/v7e-m+fp/hard/libc_nano.a(libc_a-impure.o)
                              /usr/lib/gcc/arm-none-eabi/13.2.1/../../../arm-none-eabi/lib/thumb/v7e-m+fp/hard/libc_nano.a(libc_a-errno.o) (_impure_ptr)
/usr/lib/gcc/arm-none-eabi/13.2.1/../../../arm-none-eabi/lib/thumb/v7e-m+fp/hard/libc_nano.a(libc_a-findfp.o)
                              /usr/lib/gcc/arm-none-eabi/13.2.1/../../../arm-none-eabi/lib/thumb/v7e-m+fp/hard/libc_nano.a(libc_a-exit.o) (__stdio_exit_handler)
/usr/lib/gcc/arm-none-eabi/13.2.1/../../../arm-none-eabi/lib/thumb/v7e-m+fp/hard/libc_nano.a(libc_a-fflush.o)
                              /usr/lib/gcc/arm-none-eabi/13.2.1/../../../arm-none-eabi/lib/thumb/v7e-m+fp/hard/libc_nano.a(libc_a-findfp.o) (_fflush_r)
/usr/lib/gcc/arm-none-eabi/13.2.1/../../../arm-none-eabi/lib/thumb/v7e-m+fp/hard/libc_nano.a(libc_a-mallocr.o)
                              /usr/lib/gcc/arm-none-eabi/13.2.1/../../../arm-none-eabi/lib/thumb/v7e-m+fp/hard/libc_nano.a(libc_a-findfp.o) (_malloc_r)
/usr/lib/gcc/arm-none-eabi/13.2.1/../../../arm-none-eabi/lib/thumb/v7e-m+fp/hard/libc_nano.a(libc_a-freer.o)
                              /usr/lib/gcc/arm-none-eabi/13.2.1/../../../arm-none-eabi/lib/thumb/v7e-m+fp/hard/libc_nano.a(libc_a-fflush.o) (_free_r)
/usr/lib/gcc/arm-none-eabi/13.2.1/../../../arm-none-eabi/lib/thumb/v7e-m+fp/hard/libc_nano.a(libc_a-fwalk.o)
                              /usr/lib/gcc/arm-none-eabi/13.2.1/../../../arm-none-eabi/lib/thumb/v7e-m+fp/hard/libc_nano.a(libc_a-findfp.o) (_fwalk_sglue)
/usr/lib/gcc/arm-none-eabi/13.2.1/../../../arm-none-eabi/lib/thumb/v7e-m+fp/hard/libc_nano.a(libc_a-__atexit.o)
                              /usr/lib/gcc/arm-none-eabi/13.2.1/../../../arm-none-eabi/lib/thumb/v7e-m+fp/hard/libc_nano.a(libc_a-atexit.o) (__register_exitproc)
/usr/lib/gcc/arm-none-eabi/13.2.1/../../../arm-none-eabi/lib/thumb/v7e-m+fp/hard/libc_nano.a(libc_a-mlock.o)
                              /usr/lib/gcc/arm-none-eabi/13.2.1/../../../arm-none-eabi/lib/thumb/v7e-m+fp/hard/libc_nano.a(libc_a-mallocr.o) (__malloc_lock)
/usr/lib/gcc/arm-none-eabi/13.2.1/../../../arm-none-eabi/lib/thumb/v7e-m+fp/hard/libc_nano.a(libc_a-sbrkr.o)
                              /usr/lib/gcc/arm-none-eabi/13.2.1/../../../arm-none-eabi/lib/thumb/v7e-m+fp/hard/libc_nano.a(libc_a-mallocr.o) (_sbrk_r)
/usr/lib/gcc/arm-none-eabi/13.2.1/../../../arm-none-eabi/lib/thumb/v7e-m+fp/hard/libc_nano.a(libc_a-stdio.o)
                              /usr/lib/gcc/arm-none-eabi/13.2.1/../../../arm-none-eabi/lib/thumb/v7e-m+fp/hard/libc_nano.a(libc_a-findfp.o) (__sread)
/usr/lib/gcc/arm-none-eabi/13.2.1/../../../arm-none-eabi/lib/thumb/v7e-m+fp/hard/libc_nano.a(libc_a-closer.o)
                              /usr/lib/gcc/arm-none-eabi/13.2.1/../../../arm-none-eabi/lib/thumb/v7e-m+fp/hard/libc_nano.a(libc_a-stdio.o) (_close_r)
/usr/lib/gcc/arm-none-eabi/13.2.1/../../../arm-none-eabi/lib/thumb/v7e-m+fp/hard/libc_nano.a(libc_a-__call_atexit.o)
                              /usr/lib/gcc/arm-none-eabi/13.2.1/../../../arm-none-eabi/lib/thumb/v7e-m+fp/hard/libc_nano.a(libc_a-__atexit.o) (__call_exitprocs)
/usr/lib/gcc/arm-none-eabi/13.2.1/../../../arm-none-eabi/lib/thumb/v7e-m+fp/hard/libc_nano.a(libc_a-readr.o)
                              /usr/lib/gcc/arm-none-eabi/13.2.1/../../../arm-none-eabi/lib/thumb/v7e-m+fp/hard/libc_nano.a(libc_a-stdio.o) (_read_r)
/usr/lib/gcc/arm-none-eabi/13.2.1/../../../arm-none-eabi/lib/thumb/v7e-m+fp/hard/libc_nano.a(libc_a-reent.o)
[...]
Memory Configuration

Name             Origin             Length             Attributes
RAM              0x20000000         0x00020000         xrw
CCMRAM           0x10000000         0x00010000         xrw
FLASH            0x08000000         0x00080000         xr
*default*        0x00000000         0xffffffff

Linker script and memory map

LOAD /usr/lib/gcc/arm-none-eabi/13.2.1/thumb/v7e-m+fp/hard/crti.o
LOAD /usr/lib/gcc/arm-none-eabi/13.2.1/thumb/v7e-m+fp/hard/crtbegin.o
LOAD /usr/lib/gcc/arm-none-eabi/13.2.1/../../../arm-none-eabi/lib/thumb/v7e-m+fp/hard/crt0.o
LOAD build/main.o
LOAD build/gpio.o
LOAD build/stm32f4xx_it.o
LOAD build/stm32f4xx_hal_msp.o
LOAD build/usb_device.o
LOAD build/usbd_desc.o
LOAD build/usbd_cdc_if.o
LOAD build/usbd_conf.o
LOAD build/stm32f4xx_hal_pcd.o
LOAD build/stm32f4xx_hal_pcd_ex.o
LOAD build/stm32f4xx_ll_usb.o
LOAD build/stm32f4xx_hal_rcc.o
LOAD build/stm32f4xx_hal_rcc_ex.o
LOAD build/stm32f4xx_hal_flash.o
LOAD build/stm32f4xx_hal_flash_ex.o
LOAD build/stm32f4xx_hal_flash_ramfunc.o
LOAD build/stm32f4xx_hal_gpio.o
LOAD build/stm32f4xx_hal_dma_ex.o
LOAD build/stm32f4xx_hal_dma.o
LOAD build/stm32f4xx_hal_pwr.o
LOAD build/stm32f4xx_hal_pwr_ex.o
LOAD build/stm32f4xx_hal_cortex.o
LOAD build/stm32f4xx_hal.o
LOAD build/stm32f4xx_hal_exti.o
LOAD build/system_stm32f4xx.o
LOAD build/usbd_core.o
LOAD build/usbd_ctlreq.o
LOAD build/usbd_ioreq.o
LOAD build/usbd_cdc.o
LOAD build/sysmem.o
LOAD build/syscalls.o
LOAD build/startup_stm32f407xx.o
LOAD /usr/lib/gcc/arm-none-eabi/13.2.1/../../../arm-none-eabi/lib/thumb/v7e-m+fp/hard/libc_nano.a
LOAD /usr/lib/gcc/arm-none-eabi/13.2.1/../../../arm-none-eabi/lib/thumb/v7e-m+fp/hard/libm.a
LOAD /usr/lib/gcc/arm-none-eabi/13.2.1/../../../arm-none-eabi/lib/thumb/v7e-m+fp/hard/libnosys.a
START GROUP
LOAD /usr/lib/gcc/arm-none-eabi/13.2.1/thumb/v7e-m+fp/hard/libgcc.a
LOAD /usr/lib/gcc/arm-none-eabi/13.2.1/../../../arm-none-eabi/lib/thumb/v7e-m+fp/hard/libc_nano.a
END GROUP
START GROUP
LOAD /usr/lib/gcc/arm-none-eabi/13.2.1/thumb/v7e-m+fp/hard/libgcc.a
LOAD /usr/lib/gcc/arm-none-eabi/13.2.1/../../../arm-none-eabi/lib/thumb/v7e-m+fp/hard/libc_nano.a
END GROUP
LOAD /usr/lib/gcc/arm-none-eabi/13.2.1/thumb/v7e-m+fp/hard/crtend.o
LOAD /usr/lib/gcc/arm-none-eabi/13.2.1/thumb/v7e-m+fp/hard/crtn.o
                0x20020000                        _estack = (ORIGIN (RAM) + LENGTH (RAM))
                0x00002000                        _Min_Heap_Size = 0x2000
                0x00002000                        _Min_Stack_Size = 0x2000

.isr_vector     0x08000000      0x188
                0x08000000                        . = ALIGN (0x4)
 *(.isr_vector)
 .isr_vector    0x08000000      0x188 build/startup_stm32f407xx.o
                0x08000000                g_pfnVectors
                0x08000188                        . = ALIGN (0x4)

.text           0x08000188     0x3e20
                0x08000188                        . = ALIGN (0x4)
 *(.text)
 .text          0x08000188       0x88 /usr/lib/gcc/arm-none-eabi/13.2.1/thumb/v7e-m+fp/hard/crtbegin.o
 .text          0x08000210       0x50 /usr/lib/gcc/arm-none-eabi/13.2.1/../../../arm-none-eabi/lib/thumb/v7e-m+fp/hard/libc_nano.a(libc_a-init.o)
                0x08000210                __libc_init_array
 .text          0x08000260       0xa4 /usr/lib/gcc/arm-none-eabi/13.2.1/../../../arm-none-eabi/lib/thumb/v7e-m+fp/hard/libc_nano.a(libc_a-memset.o)
                0x08000260                memset
 .text          0x08000304       0x30 /usr/lib/gcc/arm-none-eabi/13.2.1/thumb/v7e-m+fp/hard/libgcc.a(_aeabi_uldivmod.o)
                0x08000304                __aeabi_uldivmod
 .text          0x08000334      0x2bc /usr/lib/gcc/arm-none-eabi/13.2.1/thumb/v7e-m+fp/hard/libgcc.a(_udivmoddi4.o)
                0x08000334                __udivmoddi4
 .text          0x080005f0        0x4 /usr/lib/gcc/arm-none-eabi/13.2.1/thumb/v7e-m+fp/hard/libgcc.a(_dvmd_tls.o)
                0x080005f0                __aeabi_ldiv0
                0x080005f0                __aeabi_idiv0
 *(.text*)
 .text.Error_Handler
                0x080005f4        0x4 build/main.o
                0x080005f4                Error_Handler
 .text.SystemClock_Config
                0x080005f8       0xac build/main.o
                0x080005f8                SystemClock_Config
 .text.main     0x080006a4       0x38 build/main.o
                0x080006a4                main
 .text.MX_GPIO_Init
                0x080006dc       0x4c build/gpio.o
                0x080006dc                MX_GPIO_Init
 .text.NMI_Handler
                0x08000728        0x8 build/stm32f4xx_it.o
                0x08000728                NMI_Handler
 .text.HardFault_Handler
                0x08000730        0x2 build/stm32f4xx_it.o
                0x08000730                HardFault_Handler
 .text.MemManage_Handler
                0x08000732        0x2 build/stm32f4xx_it.o
                0x08000732                MemManage_Handler
 .text.BusFault_Handler
                0x08000734        0x2 build/stm32f4xx_it.o
                0x08000734                BusFault_Handler
 .text.UsageFault_Handler
                0x08000736        0x2 build/stm32f4xx_it.o
                0x08000736                UsageFault_Handler
 .text.SVC_Handler
                0x08000738        0x2 build/stm32f4xx_it.o
                0x08000738                SVC_Handler
 .text.DebugMon_Handler
                0x0800073a        0x2 build/stm32f4xx_it.o
                0x0800073a                DebugMon_Handler
 .text.PendSV_Handler
                0x0800073c        0x2 build/stm32f4xx_it.o
                0x0800073c                PendSV_Handler
 .text.SysTick_Handler
                0x0800073e        0x8 build/stm32f4xx_it.o
                0x0800073e                SysTick_Handler
 *fill*         0x08000746        0x2 
 .text.OTG_FS_IRQHandler
                0x08000748       0x10 build/stm32f4xx_it.o
                0x08000748                OTG_FS_IRQHandler
 .text.HAL_MspInit
                0x08000758       0x38 build/stm32f4xx_hal_msp.o
                0x08000758                HAL_MspInit
 .text.MX_USB_DEVICE_Init
                0x08000790       0x54 build/usb_device.o
                0x08000790                MX_USB_DEVICE_Init
 .text.USBD_FS_DeviceDescriptor
                0x080007e4        0xc build/usbd_desc.o
                0x080007e4                USBD_FS_DeviceDescriptor
 .text.USBD_FS_LangIDStrDescriptor
                0x080007f0        0xc build/usbd_desc.o
                0x080007f0                USBD_FS_LangIDStrDescriptor
 .text.IntToUnicode
                0x080007fc       0x46 build/usbd_desc.o
 *fill*         0x08000842        0x2 
 .text.Get_SerialNum
                0x08000844       0x38 build/usbd_desc.o
 .text.USBD_FS_SerialStrDescriptor
                0x0800087c       0x14 build/usbd_desc.o
                0x0800087c                USBD_FS_SerialStrDescriptor
 .text.USBD_FS_ProductStrDescriptor
                0x08000890       0x24 build/usbd_desc.o
                0x08000890                USBD_FS_ProductStrDescriptor
 .text.USBD_FS_ManufacturerStrDescriptor
                0x080008b4       0x1c build/usbd_desc.o
                0x080008b4                USBD_FS_ManufacturerStrDescriptor
 .text.USBD_FS_ConfigStrDescriptor
                0x080008d0       0x24 build/usbd_desc.o
                0x080008d0                USBD_FS_ConfigStrDescriptor
 .text.USBD_FS_InterfaceStrDescriptor
                0x080008f4       0x24 build/usbd_desc.o
                0x080008f4                USBD_FS_InterfaceStrDescriptor
 .text.CDC_DeInit_FS
                0x08000918        0x4 build/usbd_cdc_if.o
 .text.CDC_Control_FS
                0x0800091c        0x4 build/usbd_cdc_if.o
 .text.CDC_TransmitCplt_FS
                0x08000920        0x4 build/usbd_cdc_if.o
 .text.CDC_Receive_FS
                0x08000924       0x1c build/usbd_cdc_if.o
 .text.CDC_Init_FS
                0x08000940       0x28 build/usbd_cdc_if.o
 .text.CDC_Transmit_FS
                0x08000968       0x2c build/usbd_cdc_if.o
                0x08000968                CDC_Transmit_FS
 .text.HAL_PCD_MspInit
                0x08000994       0x84 build/usbd_conf.o
                0x08000994                HAL_PCD_MspInit
 .text.HAL_PCD_SetupStageCallback
                0x08000a18       0x10 build/usbd_conf.o
                0x08000a18                HAL_PCD_SetupStageCallback
 .text.HAL_PCD_DataOutStageCallback
                0x08000a28       0x18 build/usbd_conf.o
                0x08000a28                HAL_PCD_DataOutStageCallback
 .text.HAL_PCD_DataInStageCallback
                0x08000a40       0x16 build/usbd_conf.o
                0x08000a40                HAL_PCD_DataInStageCallback
 .text.HAL_PCD_SOFCallback
                0x08000a56        0xc build/usbd_conf.o
                0x08000a56                HAL_PCD_SOFCallback
 .text.HAL_PCD_ResetCallback
                0x08000a62       0x28 build/usbd_conf.o
                0x08000a62                HAL_PCD_ResetCallback
 *fill*         0x08000a8a        0x2 
 .text.HAL_PCD_SuspendCallback
                0x08000a8c       0x30 build/usbd_conf.o
                0x08000a8c                HAL_PCD_SuspendCallback
 .text.HAL_PCD_ResumeCallback
                0x08000abc        0xc build/usbd_conf.o
                0x08000abc                HAL_PCD_ResumeCallback
 .text.HAL_PCD_ISOOUTIncompleteCallback
                0x08000ac8        0xc build/usbd_conf.o
                0x08000ac8                HAL_PCD_ISOOUTIncompleteCallback
 .text.HAL_PCD_ISOINIncompleteCallback
                0x08000ad4        0xc build/usbd_conf.o
                0x08000ad4                HAL_PCD_ISOINIncompleteCallback
 .text.HAL_PCD_ConnectCallback
                0x08000ae0        0xc build/usbd_conf.o
                0x08000ae0                HAL_PCD_ConnectCallback
 .text.HAL_PCD_DisconnectCallback
                0x08000aec        0xc build/usbd_conf.o
                0x08000aec                HAL_PCD_DisconnectCallback
 .text.USBD_LL_Init
                0x08000af8       0x68 build/usbd_conf.o
                0x08000af8                USBD_LL_Init
 .text.USBD_LL_IsStallEP
                0x08000b60       0x2c build/usbd_conf.o
                0x08000b60                USBD_LL_IsStallEP
 .text.USBD_LL_GetRxDataSize
                0x08000b8c        0xc build/usbd_conf.o
                0x08000b8c                USBD_LL_GetRxDataSize
 .text.USBD_static_malloc
                0x08000b98        0x8 build/usbd_conf.o
                0x08000b98                USBD_static_malloc
 .text.USBD_static_free
                0x08000ba0        0x2 build/usbd_conf.o
                0x08000ba0                USBD_static_free
 .text.USBD_Get_USB_Status
                0x08000ba2       0x14 build/usbd_conf.o
                0x08000ba2                USBD_Get_USB_Status
 .text.USBD_LL_Start
                0x08000bb6       0x10 build/usbd_conf.o
                0x08000bb6                USBD_LL_Start
 .text.USBD_LL_OpenEP
                0x08000bc6       0x16 build/usbd_conf.o
                0x08000bc6                USBD_LL_OpenEP
 .text.USBD_LL_CloseEP
                0x08000bdc       0x10 build/usbd_conf.o
                0x08000bdc                USBD_LL_CloseEP
 .text.USBD_LL_StallEP
                0x08000bec       0x10 build/usbd_conf.o
                0x08000bec                USBD_LL_StallEP
 .text.USBD_LL_ClearStallEP
                0x08000bfc       0x10 build/usbd_conf.o
                0x08000bfc                USBD_LL_ClearStallEP
 .text.USBD_LL_SetUSBAddress
                0x08000c0c       0x10 build/usbd_conf.o
                0x08000c0c                USBD_LL_SetUSBAddress
 .text.USBD_LL_Transmit
                0x08000c1c       0x10 build/usbd_conf.o
                0x08000c1c                USBD_LL_Transmit
 .text.USBD_LL_PrepareReceive
                0x08000c2c       0x10 build/usbd_conf.o
                0x08000c2c                USBD_LL_PrepareReceive
 .text.PCD_WriteEmptyTxFifo
                0x08000c3c       0xd0 build/stm32f4xx_hal_pcd.o
 .text.HAL_PCD_Init
                0x08000d0c      0x102 build/stm32f4xx_hal_pcd.o
                0x08000d0c                HAL_PCD_Init
 .text.HAL_PCD_Start
                0x08000e0e       0x44 build/stm32f4xx_hal_pcd.o
                0x08000e0e                HAL_PCD_Start
 *fill*         0x08000e52        0x2 
 .text.PCD_EP_OutXfrComplete_int
                0x08000e54      0x104 build/stm32f4xx_hal_pcd.o
 .text.PCD_EP_OutSetupPacket_int
                0x08000f58       0x50 build/stm32f4xx_hal_pcd.o
 .text.HAL_PCD_SetAddress
                0x08000fa8       0x26 build/stm32f4xx_hal_pcd.o
                0x08000fa8                HAL_PCD_SetAddress
 .text.HAL_PCD_EP_Open
                0x08000fce       0x8c build/stm32f4xx_hal_pcd.o
                0x08000fce                HAL_PCD_EP_Open
 .text.HAL_PCD_EP_Close
                0x0800105a       0x70 build/stm32f4xx_hal_pcd.o
                0x0800105a                HAL_PCD_EP_Close
 .text.HAL_PCD_EP_Receive
                0x080010ca       0x4a build/stm32f4xx_hal_pcd.o
                0x080010ca                HAL_PCD_EP_Receive
 .text.HAL_PCD_EP_GetRxCount
                0x08001114       0x12 build/stm32f4xx_hal_pcd.o
                0x08001114                HAL_PCD_EP_GetRxCount
 .text.HAL_PCD_EP_Transmit
                0x08001126       0x4a build/stm32f4xx_hal_pcd.o
                0x08001126                HAL_PCD_EP_Transmit
 .text.HAL_PCD_EP_SetStall
                0x08001170       0x86 build/stm32f4xx_hal_pcd.o
                0x08001170                HAL_PCD_EP_SetStall
 .text.HAL_PCD_EP_ClrStall
                0x080011f6       0x74 build/stm32f4xx_hal_pcd.o
                0x080011f6                HAL_PCD_EP_ClrStall
 .text.HAL_PCD_EP_Abort
                0x0800126a       0x34 build/stm32f4xx_hal_pcd.o
                0x0800126a                HAL_PCD_EP_Abort
 .text.HAL_PCD_IRQHandler
                0x0800129e      0x5be build/stm32f4xx_hal_pcd.o
                0x0800129e                HAL_PCD_IRQHandler
 .text.HAL_PCDEx_SetTxFiFo
                0x0800185c       0x4c build/stm32f4xx_hal_pcd_ex.o
                0x0800185c                HAL_PCDEx_SetTxFiFo
 .text.HAL_PCDEx_SetRxFiFo
                0x080018a8        0x8 build/stm32f4xx_hal_pcd_ex.o
                0x080018a8                HAL_PCDEx_SetRxFiFo
 .text.HAL_PCDEx_LPM_Callback
                0x080018b0        0x2 build/stm32f4xx_hal_pcd_ex.o
                0x080018b0                HAL_PCDEx_LPM_Callback
 .text.USB_CoreReset
                0x080018b2       0x58 build/stm32f4xx_ll_usb.o
 .text.USB_CoreInit
                0x0800190a       0x92 build/stm32f4xx_ll_usb.o
                0x0800190a                USB_CoreInit
 .text.USB_SetTurnaroundTime
                0x0800199c       0xe4 build/stm32f4xx_ll_usb.o
                0x0800199c                USB_SetTurnaroundTime
 .text.USB_EnableGlobalInt
                0x08001a80        0xc build/stm32f4xx_ll_usb.o
                0x08001a80                USB_EnableGlobalInt
 .text.USB_DisableGlobalInt
                0x08001a8c        0xc build/stm32f4xx_ll_usb.o
                0x08001a8c                USB_DisableGlobalInt
 .text.USB_FlushTxFifo
                0x08001a98       0x4a build/stm32f4xx_ll_usb.o
                0x08001a98                USB_FlushTxFifo
 .text.USB_FlushRxFifo
                0x08001ae2       0x46 build/stm32f4xx_ll_usb.o
                0x08001ae2                USB_FlushRxFifo
 .text.USB_SetDevSpeed
                0x08001b28        0xe build/stm32f4xx_ll_usb.o
                0x08001b28                USB_SetDevSpeed
 *fill*         0x08001b36        0x2 
 .text.USB_DevInit
                0x08001b38      0x194 build/stm32f4xx_ll_usb.o
                0x08001b38                USB_DevInit
 .text.USB_GetDevSpeed
                0x08001ccc       0x22 build/stm32f4xx_ll_usb.o
                0x08001ccc                USB_GetDevSpeed
 .text.USB_ActivateEndpoint
                0x08001cee       0x9a build/stm32f4xx_ll_usb.o
                0x08001cee                USB_ActivateEndpoint
 .text.USB_DeactivateEndpoint
                0x08001d88       0xe0 build/stm32f4xx_ll_usb.o
                0x08001d88                USB_DeactivateEndpoint
 .text.USB_EPStopXfer
                0x08001e68       0xbe build/stm32f4xx_ll_usb.o
                0x08001e68                USB_EPStopXfer
 .text.USB_WritePacket
                0x08001f26       0x2e build/stm32f4xx_ll_usb.o
                0x08001f26                USB_WritePacket
 .text.USB_EPStartXfer
                0x08001f54      0x244 build/stm32f4xx_ll_usb.o
                0x08001f54                USB_EPStartXfer
 .text.USB_ReadPacket
                0x08002198       0x46 build/stm32f4xx_ll_usb.o
                0x08002198                USB_ReadPacket
 .text.USB_EPSetStall
                0x080021de       0x5a build/stm32f4xx_ll_usb.o
                0x080021de                USB_EPSetStall
 .text.USB_EPClearStall
                0x08002238       0x5c build/stm32f4xx_ll_usb.o
                0x08002238                USB_EPClearStall
 .text.USB_SetDevAddress
                0x08002294       0x20 build/stm32f4xx_ll_usb.o
                0x08002294                USB_SetDevAddress
 .text.USB_DevConnect
                0x080022b4       0x1c build/stm32f4xx_ll_usb.o
                0x080022b4                USB_DevConnect
 .text.USB_DevDisconnect
                0x080022d0       0x1c build/stm32f4xx_ll_usb.o
                0x080022d0                USB_DevDisconnect
 .text.USB_ReadInterrupts
                0x080022ec        0x8 build/stm32f4xx_ll_usb.o
                0x080022ec                USB_ReadInterrupts
 .text.USB_ReadDevAllOutEpInterrupt
                0x080022f4       0x10 build/stm32f4xx_ll_usb.o
                0x080022f4                USB_ReadDevAllOutEpInterrupt
 .text.USB_ReadDevAllInEpInterrupt
                0x08002304       0x10 build/stm32f4xx_ll_usb.o
                0x08002304                USB_ReadDevAllInEpInterrupt
 .text.USB_ReadDevOutEPInterrupt
                0x08002314       0x12 build/stm32f4xx_ll_usb.o
                0x08002314                USB_ReadDevOutEPInterrupt
 .text.USB_ReadDevInEPInterrupt
                0x08002326       0x24 build/stm32f4xx_ll_usb.o
                0x08002326                USB_ReadDevInEPInterrupt
 .text.USB_GetMode
                0x0800234a        0x8 build/stm32f4xx_ll_usb.o
                0x0800234a                USB_GetMode
 .text.USB_SetCurrentMode
                0x08002352       0x62 build/stm32f4xx_ll_usb.o
                0x08002352                USB_SetCurrentMode
 .text.USB_ActivateSetup
                0x080023b4       0x1c build/stm32f4xx_ll_usb.o
                0x080023b4                USB_ActivateSetup
 .text.USB_EP0_OutStart
                0x080023d0       0x60 build/stm32f4xx_ll_usb.o
                0x080023d0                USB_EP0_OutStart
 .text.HAL_RCC_OscConfig
                0x08002430      0x3f8 build/stm32f4xx_hal_rcc.o
                0x08002430                HAL_RCC_OscConfig
 .text.HAL_RCC_EnableCSS
                0x08002828        0xc build/stm32f4xx_hal_rcc.o
                0x08002828                HAL_RCC_EnableCSS
 .text.HAL_RCC_GetSysClockFreq
                0x08002834       0xdc build/stm32f4xx_hal_rcc.o
                0x08002834                HAL_RCC_GetSysClockFreq
 .text.HAL_RCC_ClockConfig
                0x08002910      0x160 build/stm32f4xx_hal_rcc.o
                0x08002910                HAL_RCC_ClockConfig
 .text.HAL_RCC_GetHCLKFreq
                0x08002a70        0xc build/stm32f4xx_hal_rcc.o
                0x08002a70                HAL_RCC_GetHCLKFreq
 .text.HAL_RCC_CSSCallback
                0x08002a7c        0x2 build/stm32f4xx_hal_rcc.o
                0x08002a7c                HAL_RCC_CSSCallback
 *fill*         0x08002a7e        0x2 
 .text.HAL_RCC_NMI_IRQHandler
                0x08002a80       0x20 build/stm32f4xx_hal_rcc.o
                0x08002a80                HAL_RCC_NMI_IRQHandler
 .text.HAL_GPIO_Init
                0x08002aa0      0x1ec build/stm32f4xx_hal_gpio.o
                0x08002aa0                HAL_GPIO_Init
 .text.__NVIC_EnableIRQ
                0x08002c8c       0x1c build/stm32f4xx_hal_cortex.o
 .text.__NVIC_SetPriority
                0x08002ca8       0x28 build/stm32f4xx_hal_cortex.o
 .text.NVIC_EncodePriority
                0x08002cd0       0x3e build/stm32f4xx_hal_cortex.o
 *fill*         0x08002d0e        0x2 
 .text.HAL_NVIC_SetPriorityGrouping
                0x08002d10       0x24 build/stm32f4xx_hal_cortex.o
                0x08002d10                HAL_NVIC_SetPriorityGrouping
 .text.HAL_NVIC_SetPriority
                0x08002d34       0x20 build/stm32f4xx_hal_cortex.o
                0x08002d34                HAL_NVIC_SetPriority
 .text.HAL_NVIC_EnableIRQ
                0x08002d54        0x8 build/stm32f4xx_hal_cortex.o
                0x08002d54                HAL_NVIC_EnableIRQ
 .text.HAL_SYSTICK_Config
                0x08002d5c       0x28 build/stm32f4xx_hal_cortex.o
                0x08002d5c                HAL_SYSTICK_Config
 .text.HAL_InitTick
                0x08002d84       0x4c build/stm32f4xx_hal.o
                0x08002d84                HAL_InitTick
 .text.HAL_Init
                0x08002dd0       0x34 build/stm32f4xx_hal.o
                0x08002dd0                HAL_Init
 .text.HAL_IncTick
                0x08002e04       0x18 build/stm32f4xx_hal.o
                0x08002e04                HAL_IncTick
 .text.HAL_GetTick
                0x08002e1c        0xc build/stm32f4xx_hal.o
                0x08002e1c                HAL_GetTick
 .text.HAL_Delay
                0x08002e28       0x28 build/stm32f4xx_hal.o
                0x08002e28                HAL_Delay
 .text.SystemInit
                0x08002e50       0x14 build/system_stm32f4xx.o
                0x08002e50                SystemInit
 .text.USBD_Init
                0x08002e64       0x2e build/usbd_core.o
                0x08002e64                USBD_Init
 .text.USBD_RegisterClass
                0x08002e92       0x34 build/usbd_core.o
                0x08002e92                USBD_RegisterClass
 .text.USBD_Start
                0x08002ec6        0x8 build/usbd_core.o
                0x08002ec6                USBD_Start
 .text.USBD_SetClassConfig
                0x08002ece       0x12 build/usbd_core.o
                0x08002ece                USBD_SetClassConfig
 .text.USBD_ClrClassConfig
                0x08002ee0       0x12 build/usbd_core.o
                0x08002ee0                USBD_ClrClassConfig
 .text.USBD_LL_SetupStage
                0x08002ef2       0x58 build/usbd_core.o
                0x08002ef2                USBD_LL_SetupStage
 .text.USBD_LL_Reset
                0x08002f4a       0x66 build/usbd_core.o
                0x08002f4a                USBD_LL_Reset
 .text.USBD_LL_SetSpeed
                0x08002fb0        0x6 build/usbd_core.o
                0x08002fb0                USBD_LL_SetSpeed
 .text.USBD_LL_Suspend
                0x08002fb6       0x1e build/usbd_core.o
                0x08002fb6                USBD_LL_Suspend
 .text.USBD_LL_Resume
                0x08002fd4       0x1a build/usbd_core.o
                0x08002fd4                USBD_LL_Resume
 .text.USBD_LL_SOF
                0x08002fee       0x22 build/usbd_core.o
                0x08002fee                USBD_LL_SOF
 .text.USBD_LL_IsoINIncomplete
                0x08003010       0x2e build/usbd_core.o
                0x08003010                USBD_LL_IsoINIncomplete
 .text.USBD_LL_IsoOUTIncomplete
                0x0800303e       0x2e build/usbd_core.o
                0x0800303e                USBD_LL_IsoOUTIncomplete
 .text.USBD_LL_DevConnected
                0x0800306c        0x4 build/usbd_core.o
                0x0800306c                USBD_LL_DevConnected
 .text.USBD_LL_DevDisconnected
                0x08003070       0x20 build/usbd_core.o
                0x08003070                USBD_LL_DevDisconnected
 .text.USBD_CoreFindIF
                0x08003090        0x4 build/usbd_core.o
                0x08003090                USBD_CoreFindIF
 .text.USBD_CoreFindEP
                0x08003094        0x4 build/usbd_core.o
                0x08003094                USBD_CoreFindEP
 .text.USBD_LL_DataOutStage
                0x08003098       0xca build/usbd_core.o
                0x08003098                USBD_LL_DataOutStage
 .text.USBD_LL_DataInStage
                0x08003162       0xd8 build/usbd_core.o
                0x08003162                USBD_LL_DataInStage
 .text.USBD_GetNextDesc
                0x0800323a        0xe build/usbd_core.o
                0x0800323a                USBD_GetNextDesc
 .text.USBD_GetEpDesc
                0x08003248       0x3e build/usbd_core.o
                0x08003248                USBD_GetEpDesc
 .text.USBD_GetLen
                0x08003286       0x14 build/usbd_ctlreq.o
 .text.USBD_ParseSetupRequest
                0x0800329a       0x28 build/usbd_ctlreq.o
                0x0800329a                USBD_ParseSetupRequest
 .text.USBD_CtlError
                0x080032c2       0x14 build/usbd_ctlreq.o
                0x080032c2                USBD_CtlError
 .text.USBD_GetDescriptor
                0x080032d6      0x18a build/usbd_ctlreq.o
 .text.USBD_SetAddress
                0x08003460       0x50 build/usbd_ctlreq.o
 .text.USBD_SetConfig
                0x080034b0       0xcc build/usbd_ctlreq.o
 .text.USBD_GetConfig
                0x0800357c       0x40 build/usbd_ctlreq.o
 .text.USBD_GetStatus
                0x080035bc       0x38 build/usbd_ctlreq.o
 .text.USBD_SetFeature
                0x080035f4       0x2a build/usbd_ctlreq.o
 .text.USBD_ClrFeature
                0x0800361e       0x26 build/usbd_ctlreq.o
 .text.USBD_StdDevReq
                0x08003644       0x76 build/usbd_ctlreq.o
                0x08003644                USBD_StdDevReq
 .text.USBD_StdItfReq
                0x080036ba       0x84 build/usbd_ctlreq.o
                0x080036ba                USBD_StdItfReq
 .text.USBD_StdEPReq
                0x0800373e      0x232 build/usbd_ctlreq.o
                0x0800373e                USBD_StdEPReq
 .text.USBD_GetString
                0x08003970       0x46 build/usbd_ctlreq.o
                0x08003970                USBD_GetString
 .text.USBD_CtlSendData
                0x080039b6       0x1c build/usbd_ioreq.o
                0x080039b6                USBD_CtlSendData
 .text.USBD_CtlContinueSendData
                0x080039d2       0x10 build/usbd_ioreq.o
                0x080039d2                USBD_CtlContinueSendData
 .text.USBD_CtlPrepareRx
                0x080039e2       0x22 build/usbd_ioreq.o
                0x080039e2                USBD_CtlPrepareRx
 .text.USBD_CtlContinueRx
                0x08003a04       0x10 build/usbd_ioreq.o
                0x08003a04                USBD_CtlContinueRx
 .text.USBD_CtlSendStatus
                0x08003a14       0x16 build/usbd_ioreq.o
                0x08003a14                USBD_CtlSendStatus
 .text.USBD_CtlReceiveStatus
                0x08003a2a       0x16 build/usbd_ioreq.o
                0x08003a2a                USBD_CtlReceiveStatus
 .text.USBD_CDC_EP0_RxReady
                0x08003a40       0x40 build/usbd_cdc.o
 .text.USBD_CDC_GetDeviceQualifierDescriptor
                0x08003a80        0xc build/usbd_cdc.o
                0x08003a80                USBD_CDC_GetDeviceQualifierDescriptor
 .text.USBD_CDC_GetOtherSpeedCfgDesc
                0x08003a8c       0x48 build/usbd_cdc.o
 .text.USBD_CDC_GetFSCfgDesc
                0x08003ad4       0x48 build/usbd_cdc.o
 .text.USBD_CDC_GetHSCfgDesc
                0x08003b1c       0x48 build/usbd_cdc.o
 .text.USBD_CDC_DataOut
                0x08003b64       0x38 build/usbd_cdc.o
 .text.USBD_CDC_DataIn
                0x08003b9c       0x7c build/usbd_cdc.o
 .text.USBD_CDC_Setup
                0x08003c18      0x11a build/usbd_cdc.o
 .text.USBD_CDC_DeInit
                0x08003d32       0x64 build/usbd_cdc.o
 .text.USBD_CDC_Init
                0x08003d96       0xee build/usbd_cdc.o
 .text.USBD_CDC_RegisterInterface
                0x08003e84       0x16 build/usbd_cdc.o
                0x08003e84                USBD_CDC_RegisterInterface
 .text.USBD_CDC_SetTxBuffer
                0x08003e9a       0x1c build/usbd_cdc.o
                0x08003e9a                USBD_CDC_SetTxBuffer
 .text.USBD_CDC_SetRxBuffer
                0x08003eb6       0x18 build/usbd_cdc.o
                0x08003eb6                USBD_CDC_SetRxBuffer
 .text.USBD_CDC_TransmitPacket
                0x08003ece       0x36 build/usbd_cdc.o
                0x08003ece                USBD_CDC_TransmitPacket
 .text.USBD_CDC_ReceivePacket
                0x08003f04       0x38 build/usbd_cdc.o
                0x08003f04                USBD_CDC_ReceivePacket
 .text.Reset_Handler
                0x08003f3c       0x50 build/startup_stm32f407xx.o
                0x08003f3c                Reset_Handler
 .text.Default_Handler
                0x08003f8c        0x2 build/startup_stm32f407xx.o
                0x08003f8c                RTC_Alarm_IRQHandler
                0x08003f8c                HASH_RNG_IRQHandler
                0x08003f8c                EXTI2_IRQHandler
                0x08003f8c                TIM8_CC_IRQHandler
                0x08003f8c                TIM1_CC_IRQHandler
                0x08003f8c                DMA2_Stream5_IRQHandler
                0x08003f8c                DMA1_Stream5_IRQHandler
                0x08003f8c                PVD_IRQHandler
                0x08003f8c                SDIO_IRQHandler
                0x08003f8c                TAMP_STAMP_IRQHandler
                0x08003f8c                CAN2_RX1_IRQHandler
                0x08003f8c                EXTI3_IRQHandler
                0x08003f8c                TIM8_TRG_COM_TIM14_IRQHandler
                0x08003f8c                TIM1_UP_TIM10_IRQHandler
                0x08003f8c                TIM8_UP_TIM13_IRQHandler
                0x08003f8c                I2C3_ER_IRQHandler
                0x08003f8c                EXTI0_IRQHandler
                0x08003f8c                I2C2_EV_IRQHandler
                0x08003f8c                DMA1_Stream2_IRQHandler
                0x08003f8c                CAN1_RX0_IRQHandler
                0x08003f8c                FPU_IRQHandler
                0x08003f8c                OTG_HS_WKUP_IRQHandler
                0x08003f8c                CAN2_SCE_IRQHandler
                0x08003f8c                DMA2_Stream2_IRQHandler
                0x08003f8c                SPI1_IRQHandler
                0x08003f8c                TIM6_DAC_IRQHandler
                0x08003f8c                TIM1_BRK_TIM9_IRQHandler
                0x08003f8c                DCMI_IRQHandler
                0x08003f8c                CAN2_RX0_IRQHandler
                0x08003f8c                DMA2_Stream3_IRQHandler
                0x08003f8c                USART6_IRQHandler
                0x08003f8c                USART3_IRQHandler
                0x08003f8c                CAN1_RX1_IRQHandler
                0x08003f8c                UART5_IRQHandler
                0x08003f8c                DMA2_Stream0_IRQHandler
                0x08003f8c                TIM4_IRQHandler
                0x08003f8c                I2C1_EV_IRQHandler
                0x08003f8c                DMA1_Stream6_IRQHandler
                0x08003f8c                DMA1_Stream1_IRQHandler
                0x08003f8c                UART4_IRQHandler
                0x08003f8c                TIM3_IRQHandler
                0x08003f8c                RCC_IRQHandler
                0x08003f8c                TIM8_BRK_TIM12_IRQHandler
                0x08003f8c                Default_Handler
                0x08003f8c                EXTI15_10_IRQHandler
                0x08003f8c                ADC_IRQHandler
                0x08003f8c                DMA1_Stream7_IRQHandler
                0x08003f8c                TIM7_IRQHandler
                0x08003f8c                CAN2_TX_IRQHandler
                0x08003f8c                TIM5_IRQHandler
                0x08003f8c                DMA2_Stream7_IRQHandler
                0x08003f8c                I2C3_EV_IRQHandler
                0x08003f8c                EXTI9_5_IRQHandler
                0x08003f8c                RTC_WKUP_IRQHandler
                0x08003f8c                ETH_WKUP_IRQHandler
                0x08003f8c                SPI2_IRQHandler
                0x08003f8c                OTG_HS_EP1_IN_IRQHandler
                0x08003f8c                DMA1_Stream0_IRQHandler
                0x08003f8c                CAN1_TX_IRQHandler
                0x08003f8c                EXTI4_IRQHandler
                0x08003f8c                FSMC_IRQHandler
                0x08003f8c                ETH_IRQHandler
                0x08003f8c                OTG_HS_EP1_OUT_IRQHandler
                0x08003f8c                WWDG_IRQHandler
                0x08003f8c                TIM2_IRQHandler
                0x08003f8c                OTG_FS_WKUP_IRQHandler
                0x08003f8c                TIM1_TRG_COM_TIM11_IRQHandler
                0x08003f8c                OTG_HS_IRQHandler
                0x08003f8c                EXTI1_IRQHandler
                0x08003f8c                USART2_IRQHandler
                0x08003f8c                I2C2_ER_IRQHandler
                0x08003f8c                DMA2_Stream1_IRQHandler
                0x08003f8c                CAN1_SCE_IRQHandler
                0x08003f8c                FLASH_IRQHandler
                0x08003f8c                DMA2_Stream4_IRQHandler
                0x08003f8c                USART1_IRQHandler
                0x08003f8c                SPI3_IRQHandler
                0x08003f8c                DMA1_Stream4_IRQHandler
                0x08003f8c                I2C1_ER_IRQHandler
                0x08003f8c                DMA2_Stream6_IRQHandler
                0x08003f8c                DMA1_Stream3_IRQHandler
 *(.glue_7)
 .glue_7        0x08003f8e        0x0 linker stubs
 *(.glue_7t)
 .glue_7t       0x08003f8e        0x0 linker stubs
 *(.eh_frame)
 *fill*         0x08003f8e        0x2 
 .eh_frame      0x08003f90        0x0 /usr/lib/gcc/arm-none-eabi/13.2.1/thumb/v7e-m+fp/hard/crtbegin.o
 *(.init)
 .init          0x08003f90        0x4 /usr/lib/gcc/arm-none-eabi/13.2.1/thumb/v7e-m+fp/hard/crti.o
                0x08003f90                _init
 .init          0x08003f94        0x8 /usr/lib/gcc/arm-none-eabi/13.2.1/thumb/v7e-m+fp/hard/crtn.o
 *(.fini)
 .fini          0x08003f9c        0x4 /usr/lib/gcc/arm-none-eabi/13.2.1/thumb/v7e-m+fp/hard/crti.o
                0x08003f9c                _fini
 .fini          0x08003fa0        0x8 /usr/lib/gcc/arm-none-eabi/13.2.1/thumb/v7e-m+fp/hard/crtn.o
                0x08003fa8                        . = ALIGN (0x4)
                0x08003fa8                        _etext = .

.vfp11_veneer   0x08003fa8        0x0
 .vfp11_veneer  0x08003fa8        0x0 linker stubs

.v4_bx          0x08003fa8        0x0
 .v4_bx         0x08003fa8        0x0 linker stubs

.iplt           0x08003fa8        0x0
 .iplt          0x08003fa8        0x0 /usr/lib/gcc/arm-none-eabi/13.2.1/thumb/v7e-m+fp/hard/crtbegin.o

.rodata         0x08003fa8       0x68
                0x08003fa8                        . = ALIGN (0x4)
 *(.rodata)
 *(.rodata*)
 .rodata.main.str1.4
                0x08003fa8       0x56 build/main.o
                                  0xd (size before relaxing)
 .rodata.USBD_FS_ProductStrDescriptor.str1.4
                0x08003ffe       0x16 build/usbd_desc.o
 .rodata.USBD_FS_ManufacturerStrDescriptor.str1.4
                0x08003ffe       0x13 build/usbd_desc.o
 .rodata.USBD_FS_ConfigStrDescriptor.str1.4
                0x08003ffe        0xb build/usbd_desc.o
 .rodata.USBD_FS_InterfaceStrDescriptor.str1.4
                0x08003ffe        0xe build/usbd_desc.o
 *fill*         0x08003ffe        0x2 
 .rodata.AHBPrescTable
                0x08004000       0x10 build/system_stm32f4xx.o
                0x08004000                AHBPrescTable
                0x08004010                        . = ALIGN (0x4)

.ARM.extab      0x08004010        0x0
                0x08004010                        . = ALIGN (0x4)
 *(.ARM.extab* .gnu.linkonce.armextab.*)
                0x08004010                        . = ALIGN (0x4)

.ARM            0x08004010        0x8
                0x08004010                        . = ALIGN (0x4)
                0x08004010                        __exidx_start = .
 *(.ARM.exidx*)
 .ARM.exidx     0x08004010        0x8 /usr/lib/gcc/arm-none-eabi/13.2.1/thumb/v7e-m+fp/hard/libgcc.a(_udivmoddi4.o)
                0x08004018                        __exidx_end = .
                0x08004018                        . = ALIGN (0x4)

.preinit_array  0x08004018        0x0
                0x08004018                        . = ALIGN (0x4)
                0x08004018                        PROVIDE (__preinit_array_start = .)
 *(.preinit_array*)
                0x08004018                        PROVIDE (__preinit_array_end = .)
                0x08004018                        . = ALIGN (0x4)

.init_array     0x08004018        0x4
                0x08004018                        . = ALIGN (0x4)
                0x08004018                        PROVIDE (__init_array_start = .)
 *(SORT_BY_NAME(.init_array.*))
 *(.init_array*)
 .init_array    0x08004018        0x4 /usr/lib/gcc/arm-none-eabi/13.2.1/thumb/v7e-m+fp/hard/crtbegin.o
                0x0800401c                        PROVIDE (__init_array_end = .)
                0x0800401c                        . = ALIGN (0x4)

.fini_array     0x0800401c        0x4
                0x0800401c                        . = ALIGN (0x4)
                0x0800401c                        PROVIDE (__fini_array_start = .)
 *(SORT_BY_NAME(.fini_array.*))
 *(.fini_array*)
 .fini_array    0x0800401c        0x4 /usr/lib/gcc/arm-none-eabi/13.2.1/thumb/v7e-m+fp/hard/crtbegin.o
                0x08004020                        PROVIDE (__fini_array_end = .)
                0x08004020                        . = ALIGN (0x4)
                0x08004020                        _sidata = LOADADDR (.data)

.rel.dyn        0x08004020        0x0
 .rel.iplt      0x08004020        0x0 /usr/lib/gcc/arm-none-eabi/13.2.1/thumb/v7e-m+fp/hard/crtbegin.o

.data           0x20000000       0xf8 load address 0x08004020
                0x20000000                        . = ALIGN (0x4)
                0x20000000                        _sdata = .
 *(.data)
 *(.data*)
 .data.USBD_StringSerial
                0x20000000       0x1a build/usbd_desc.o
                0x20000000                USBD_StringSerial
 *fill*         0x2000001a        0x2 
 .data.USBD_LangIDDesc
                0x2000001c        0x4 build/usbd_desc.o
                0x2000001c                USBD_LangIDDesc
 .data.USBD_FS_DeviceDesc
                0x20000020       0x12 build/usbd_desc.o
                0x20000020                USBD_FS_DeviceDesc
 *fill*         0x20000032        0x2 
 .data.FS_Desc  0x20000034       0x1c build/usbd_desc.o
                0x20000034                FS_Desc
 .data.USBD_Interface_fops_FS
                0x20000050       0x14 build/usbd_cdc_if.o
                0x20000050                USBD_Interface_fops_FS
 .data.uwTickFreq
                0x20000064        0x1 build/stm32f4xx_hal.o
                0x20000064                uwTickFreq
 *fill*         0x20000065        0x3 
 .data.uwTickPrio
                0x20000068        0x4 build/stm32f4xx_hal.o
                0x20000068                uwTickPrio
 .data.SystemCoreClock
                0x2000006c        0x4 build/system_stm32f4xx.o
                0x2000006c                SystemCoreClock
 .data.USBD_CDC_CfgDesc
                0x20000070       0x43 build/usbd_cdc.o
 *fill*         0x200000b3        0x1 
 .data.USBD_CDC
                0x200000b4       0x38 build/usbd_cdc.o
                0x200000b4                USBD_CDC
 .data.USBD_CDC_DeviceQualifierDesc
                0x200000ec        0xa build/usbd_cdc.o
 *(.RamFunc)
 *(.RamFunc*)
                0x200000f8                        . = ALIGN (0x4)
 *fill*         0x200000f6        0x2 
                0x200000f8                        _edata = .
                0x08004118                        _siccmram = LOADADDR (.ccmram)

.tm_clone_table
                0x200000f8        0x0 load address 0x08004118
 .tm_clone_table
                0x200000f8        0x0 /usr/lib/gcc/arm-none-eabi/13.2.1/thumb/v7e-m+fp/hard/crtbegin.o
 .tm_clone_table
                0x200000f8        0x0 /usr/lib/gcc/arm-none-eabi/13.2.1/thumb/v7e-m+fp/hard/crtend.o

.igot.plt       0x200000f8        0x0 load address 0x08004118
 .igot.plt      0x200000f8        0x0 /usr/lib/gcc/arm-none-eabi/13.2.1/thumb/v7e-m+fp/hard/crtbegin.o

.ccmram         0x10000000        0x0 load address 0x08004118
                0x10000000                        . = ALIGN (0x4)
                0x10000000                        _sccmram = .
 *(.ccmram)
 *(.ccmram*)
                0x10000000                        . = ALIGN (0x4)
                0x10000000                        _eccmram = .
                0x10000000                        . = ALIGN (0x4)

.bss            0x200000f8     0x1004
                0x200000f8                        _sbss = .
                0x200000f8                        __bss_start__ = _sbss
 *(.bss)
 .bss           0x200000f8       0x1c /usr/lib/gcc/arm-none-eabi/13.2.1/thumb/v7e-m+fp/hard/crtbegin.o
 *(.bss*)
 .bss.hUsbDeviceFS
                0x20000114      0x2dc build/usb_device.o
                0x20000114                hUsbDeviceFS
 .bss.USBD_StrDesc
                0x200003f0      0x200 build/usbd_desc.o
                0x200003f0                USBD_StrDesc
 .bss.UserTxBufferFS
                0x200005f0      0x200 build/usbd_cdc_if.o
                0x200005f0                UserTxBufferFS
 .bss.UserRxBufferFS
                0x200007f0      0x200 build/usbd_cdc_if.o
                0x200007f0                UserRxBufferFS
 .bss.mem.0     0x200009f0      0x220 build/usbd_conf.o
 .bss.hpcd_USB_OTG_FS
                0x20000c10      0x4e4 build/usbd_conf.o
                0x20000c10                hpcd_USB_OTG_FS
 .bss.uwTick    0x200010f4        0x4 build/stm32f4xx_hal.o
                0x200010f4                uwTick
 .bss.cfgidx.0  0x200010f8        0x1 build/usbd_ctlreq.o
 *(COMMON)
                0x200010fc                        . = ALIGN (0x4)
 *fill*         0x200010f9        0x3 
                0x200010fc                        _ebss = .
                0x200010fc                        __bss_end__ = _ebss

._user_heap_stack
                0x200010fc     0x4004
                0x20001100                        . = ALIGN (0x8)
 *fill*         0x200010fc        0x4 
                [!provide]                        PROVIDE (end = .)
                0x20001100                        PROVIDE (_end = .)
                0x20003100                        . = (. + _Min_Heap_Size)
 *fill*         0x20001100     0x2000 
                0x20005100                        . = (. + _Min_Stack_Size)
 *fill*         0x20003100     0x2000 
                0x20005100                        . = ALIGN (0x8)

/DISCARD/
 libc.a(*)
 libm.a(*)
 libgcc.a(*)
OUTPUT(build/usb.elf elf32-littlearm)
LOAD linker stubs
LOAD /usr/lib/gcc/arm-none-eabi/13.2.1/../../../arm-none-eabi/lib/thumb/v7e-m+fp/hard/libc.a
LOAD /usr/lib/gcc/arm-none-eabi/13.2.1/../../../arm-none-eabi/lib/thumb/v7e-m+fp/hard/libm.a
LOAD /usr/lib/gcc/arm-none-eabi/13.2.1/thumb/v7e-m+fp/hard/libgcc.a

.ARM.attributes
                0x00000000       0x30
 .ARM.attributes
                0x00000000       0x22 /usr/lib/gcc/arm-none-eabi/13.2.1/thumb/v7e-m+fp/hard/crti.o
 .ARM.attributes
                0x00000022       0x34 /usr/lib/gcc/arm-none-eabi/13.2.1/thumb/v7e-m+fp/hard/crtbegin.o
 .ARM.attributes
                0x00000056       0x34 build/main.o
 .ARM.attributes
                0x0000008a       0x34 build/gpio.o
 .ARM.attributes
                0x000000be       0x34 build/stm32f4xx_it.o
 .ARM.attributes
                0x000000f2       0x34 build/stm32f4xx_hal_msp.o
 .ARM.attributes
                0x00000126       0x34 build/usb_device.o
 .ARM.attributes
                0x0000015a       0x34 build/usbd_desc.o
 .ARM.attributes
                0x0000018e       0x34 build/usbd_cdc_if.o
 .ARM.attributes
                0x000001c2       0x34 build/usbd_conf.o
 .ARM.attributes
                0x000001f6       0x34 build/stm32f4xx_hal_pcd.o
 .ARM.attributes
                0x0000022a       0x34 build/stm32f4xx_hal_pcd_ex.o
 .ARM.attributes
                0x0000025e       0x34 build/stm32f4xx_ll_usb.o
 .ARM.attributes
                0x00000292       0x34 build/stm32f4xx_hal_rcc.o
 .ARM.attributes
                0x000002c6       0x34 build/stm32f4xx_hal_gpio.o
 .ARM.attributes
                0x000002fa       0x34 build/stm32f4xx_hal_cortex.o
 .ARM.attributes
                0x0000032e       0x34 build/stm32f4xx_hal.o
 .ARM.attributes
                0x00000362       0x34 build/system_stm32f4xx.o
 .ARM.attributes
                0x00000396       0x34 build/usbd_core.o
 .ARM.attributes
                0x000003ca       0x34 build/usbd_ctlreq.o
 .ARM.attributes
                0x000003fe       0x34 build/usbd_ioreq.o
 .ARM.attributes
                0x00000432       0x34 build/usbd_cdc.o
 .ARM.attributes
                0x00000466       0x21 build/startup_stm32f407xx.o
 .ARM.attributes
                0x00000487       0x34 /usr/lib/gcc/arm-none-eabi/13.2.1/../../../arm-none-eabi/lib/thumb/v7e-m+fp/hard/libc_nano.a(libc_a-init.o)
 .ARM.attributes
                0x000004bb       0x34 /usr/lib/gcc/arm-none-eabi/13.2.1/../../../arm-none-eabi/lib/thumb/v7e-m+fp/hard/libc_nano.a(libc_a-memset.o)
 .ARM.attributes
                0x000004ef       0x22 /usr/lib/gcc/arm-none-eabi/13.2.1/thumb/v7e-m+fp/hard/libgcc.a(_aeabi_uldivmod.o)
 .ARM.attributes
                0x00000511       0x34 /usr/lib/gcc/arm-none-eabi/13.2.1/thumb/v7e-m+fp/hard/libgcc.a(_udivmoddi4.o)
 .ARM.attributes
                0x00000545       0x22 /usr/lib/gcc/arm-none-eabi/13.2.1/thumb/v7e-m+fp/hard/libgcc.a(_dvmd_tls.o)
 .ARM.attributes
                0x00000567       0x34 /usr/lib/gcc/arm-none-eabi/13.2.1/thumb/v7e-m+fp/hard/crtend.o
 .ARM.attributes
                0x0000059b       0x22 /usr/lib/gcc/arm-none-eabi/13.2.1/thumb/v7e-m+fp/hard/crtn.o

.comment        0x00000000       0x26
 .comment       0x00000000       0x26 /usr/lib/gcc/arm-none-eabi/13.2.1/thumb/v7e-m+fp/hard/crtbegin.o
                                 0x27 (size before relaxing)
 .comment       0x00000026       0x27 build/main.o
 .comment       0x00000026       0x27 build/gpio.o
 .comment       0x00000026       0x27 build/stm32f4xx_it.o
 .comment       0x00000026       0x27 build/stm32f4xx_hal_msp.o
 .comment       0x00000026       0x27 build/usb_device.o
 .comment       0x00000026       0x27 build/usbd_desc.o
 .comment       0x00000026       0x27 build/usbd_cdc_if.o
 .comment       0x00000026       0x27 build/usbd_conf.o
 .comment       0x00000026       0x27 build/stm32f4xx_hal_pcd.o
 .comment       0x00000026       0x27 build/stm32f4xx_hal_pcd_ex.o
 .comment       0x00000026       0x27 build/stm32f4xx_ll_usb.o
 .comment       0x00000026       0x27 build/stm32f4xx_hal_rcc.o
 .comment       0x00000026       0x27 build/stm32f4xx_hal_gpio.o
 .comment       0x00000026       0x27 build/stm32f4xx_hal_cortex.o
 .comment       0x00000026       0x27 build/stm32f4xx_hal.o
 .comment       0x00000026       0x27 build/system_stm32f4xx.o
 .comment       0x00000026       0x27 build/usbd_core.o
 .comment       0x00000026       0x27 build/usbd_ctlreq.o
 .comment       0x00000026       0x27 build/usbd_ioreq.o
 .comment       0x00000026       0x27 build/usbd_cdc.o
 .comment       0x00000026       0x27 /usr/lib/gcc/arm-none-eabi/13.2.1/../../../arm-none-eabi/lib/thumb/v7e-m+fp/hard/libc_nano.a(libc_a-init.o)
 .comment       0x00000026       0x27 /usr/lib/gcc/arm-none-eabi/13.2.1/../../../arm-none-eabi/lib/thumb/v7e-m+fp/hard/libc_nano.a(libc_a-memset.o)
 .comment       0x00000026       0x27 /usr/lib/gcc/arm-none-eabi/13.2.1/thumb/v7e-m+fp/hard/libgcc.a(_udivmoddi4.o)
 .comment       0x00000026       0x27 /usr/lib/gcc/arm-none-eabi/13.2.1/thumb/v7e-m+fp/hard/crtend.o

.debug_info     0x00000000    0x12811
 .debug_info    0x00000000      0x6e5 build/main.o
 .debug_info    0x000006e5      0x2fc build/gpio.o
 .debug_info    0x000009e1      0x721 build/stm32f4xx_it.o
 .debug_info    0x00001102      0x2df build/stm32f4xx_hal_msp.o
 .debug_info    0x000013e1      0x874 build/usb_device.o
 .debug_info    0x00001c55      0x644 build/usbd_desc.o
 .debug_info    0x00002299      0xad2 build/usbd_cdc_if.o
 .debug_info    0x00002d6b     0x24a1 build/usbd_conf.o
 .debug_info    0x0000520c     0x1f13 build/stm32f4xx_hal_pcd.o
 .debug_info    0x0000711f      0x7a7 build/stm32f4xx_hal_pcd_ex.o
 .debug_info    0x000078c6     0x21de build/stm32f4xx_ll_usb.o
 .debug_info    0x00009aa4      0xbf0 build/stm32f4xx_hal_rcc.o
 .debug_info    0x0000a694      0x824 build/stm32f4xx_hal_gpio.o
 .debug_info    0x0000aeb8     0x11bc build/stm32f4xx_hal_cortex.o
 .debug_info    0x0000c074      0xaee build/stm32f4xx_hal.o
 .debug_info    0x0000cb62      0x59b build/system_stm32f4xx.o
 .debug_info    0x0000d0fd     0x1440 build/usbd_core.o
 .debug_info    0x0000e53d     0x15a9 build/usbd_ctlreq.o
 .debug_info    0x0000fae6      0xa05 build/usbd_ioreq.o
 .debug_info    0x000104eb     0x1961 build/usbd_cdc.o
 .debug_info    0x00011e4c       0x30 build/startup_stm32f407xx.o
 .debug_info    0x00011e7c      0x10b /usr/lib/gcc/arm-none-eabi/13.2.1/../../../arm-none-eabi/lib/thumb/v7e-m+fp/hard/libc_nano.a(libc_a-init.o)
 .debug_info    0x00011f87      0x135 /usr/lib/gcc/arm-none-eabi/13.2.1/../../../arm-none-eabi/lib/thumb/v7e-m+fp/hard/libc_nano.a(libc_a-memset.o)
 .debug_info    0x000120bc       0x24 /usr/lib/gcc/arm-none-eabi/13.2.1/thumb/v7e-m+fp/hard/libgcc.a(_aeabi_uldivmod.o)
 .debug_info    0x000120e0      0x6f5 /usr/lib/gcc/arm-none-eabi/13.2.1/thumb/v7e-m+fp/hard/libgcc.a(_udivmoddi4.o)
 .debug_info    0x000127d5       0x3c /usr/lib/gcc/arm-none-eabi/13.2.1/thumb/v7e-m+fp/hard/libgcc.a(_dvmd_tls.o)

.debug_abbrev   0x00000000     0x31c8
 .debug_abbrev  0x00000000      0x250 build/main.o
 .debug_abbrev  0x00000250       0xd3 build/gpio.o
 .debug_abbrev  0x00000323      0x1b0 build/stm32f4xx_it.o
 .debug_abbrev  0x000004d3       0xd3 build/stm32f4xx_hal_msp.o
 .debug_abbrev  0x000005a6      0x19c build/usb_device.o
 .debug_abbrev  0x00000742      0x208 build/usbd_desc.o
 .debug_abbrev  0x0000094a      0x2bc build/usbd_cdc_if.o
 .debug_abbrev  0x00000c06      0x34b build/usbd_conf.o
 .debug_abbrev  0x00000f51      0x2e7 build/stm32f4xx_hal_pcd.o
 .debug_abbrev  0x00001238      0x1c5 build/stm32f4xx_hal_pcd_ex.o
 .debug_abbrev  0x000013fd      0x344 build/stm32f4xx_ll_usb.o
 .debug_abbrev  0x00001741      0x2de build/stm32f4xx_hal_rcc.o
 .debug_abbrev  0x00001a1f      0x22b build/stm32f4xx_hal_gpio.o
 .debug_abbrev  0x00001c4a      0x3ca build/stm32f4xx_hal_cortex.o
 .debug_abbrev  0x00002014      0x244 build/stm32f4xx_hal.o
 .debug_abbrev  0x00002258      0x11b build/system_stm32f4xx.o
 .debug_abbrev  0x00002373      0x2f7 build/usbd_core.o
 .debug_abbrev  0x0000266a      0x359 build/usbd_ctlreq.o
 .debug_abbrev  0x000029c3      0x195 build/usbd_ioreq.o
 .debug_abbrev  0x00002b58      0x32f build/usbd_cdc.o
 .debug_abbrev  0x00002e87       0x1d build/startup_stm32f407xx.o
 .debug_abbrev  0x00002ea4       0xc9 /usr/lib/gcc/arm-none-eabi/13.2.1/../../../arm-none-eabi/lib/thumb/v7e-m+fp/hard/libc_nano.a(libc_a-init.o)
 .debug_abbrev  0x00002f6d       0xb7 /usr/lib/gcc/arm-none-eabi/13.2.1/../../../arm-none-eabi/lib/thumb/v7e-m+fp/hard/libc_nano.a(libc_a-memset.o)
 .debug_abbrev  0x00003024       0x14 /usr/lib/gcc/arm-none-eabi/13.2.1/thumb/v7e-m+fp/hard/libgcc.a(_aeabi_uldivmod.o)
 .debug_abbrev  0x00003038      0x16a /usr/lib/gcc/arm-none-eabi/13.2.1/thumb/v7e-m+fp/hard/libgcc.a(_udivmoddi4.o)
 .debug_abbrev  0x000031a2       0x26 /usr/lib/gcc/arm-none-eabi/13.2.1/thumb/v7e-m+fp/hard/libgcc.a(_dvmd_tls.o)

.debug_loc      0x00000000     0xb3c2
 .debug_loc     0x00000000       0x72 build/main.o
 .debug_loc     0x00000072       0x2c build/gpio.o
 .debug_loc     0x0000009e       0x60 build/stm32f4xx_it.o
 .debug_loc     0x000000fe       0x2c build/stm32f4xx_hal_msp.o
 .debug_loc     0x0000012a       0x20 build/usb_device.o
 .debug_loc     0x0000014a      0x4e7 build/usbd_desc.o
 .debug_loc     0x00000631      0x1e6 build/usbd_cdc_if.o
 .debug_loc     0x00000817     0x10f3 build/usbd_conf.o
 .debug_loc     0x0000190a     0x1832 build/stm32f4xx_hal_pcd.o
 .debug_loc     0x0000313c      0x13d build/stm32f4xx_hal_pcd_ex.o
 .debug_loc     0x00003279     0x2ac8 build/stm32f4xx_ll_usb.o
 .debug_loc     0x00005d41      0x720 build/stm32f4xx_hal_rcc.o
 .debug_loc     0x00006461      0x60b build/stm32f4xx_hal_gpio.o
 .debug_loc     0x00006a6c      0x8ff build/stm32f4xx_hal_cortex.o
 .debug_loc     0x0000736b      0x1f9 build/stm32f4xx_hal.o
 .debug_loc     0x00007564       0xbd build/system_stm32f4xx.o
 .debug_loc     0x00007621     0x115e build/usbd_core.o
 .debug_loc     0x0000877f     0x1bc1 build/usbd_ctlreq.o
 .debug_loc     0x0000a340      0x3f8 build/usbd_ioreq.o
 .debug_loc     0x0000a738      0xc8a build/usbd_cdc.o

.debug_aranges  0x00000000      0xbc8
 .debug_aranges
                0x00000000       0x30 build/main.o
 .debug_aranges
                0x00000030       0x20 build/gpio.o
 .debug_aranges
                0x00000050       0x68 build/stm32f4xx_it.o
 .debug_aranges
                0x000000b8       0x20 build/stm32f4xx_hal_msp.o
 .debug_aranges
                0x000000d8       0x20 build/usb_device.o
 .debug_aranges
                0x000000f8       0x60 build/usbd_desc.o
 .debug_aranges
                0x00000158       0x48 build/usbd_cdc_if.o
 .debug_aranges
                0x000001a0      0x110 build/usbd_conf.o
 .debug_aranges
                0x000002b0      0x148 build/stm32f4xx_hal_pcd.o
 .debug_aranges
                0x000003f8       0x38 build/stm32f4xx_hal_pcd_ex.o
 .debug_aranges
                0x00000430      0x1a0 build/stm32f4xx_ll_usb.o
 .debug_aranges
                0x000005d0       0x88 build/stm32f4xx_hal_rcc.o
 .debug_aranges
                0x00000658       0x58 build/stm32f4xx_hal_gpio.o
 .debug_aranges
                0x000006b0       0xf8 build/stm32f4xx_hal_cortex.o
 .debug_aranges
                0x000007a8       0xf0 build/stm32f4xx_hal.o
 .debug_aranges
                0x00000898       0x28 build/system_stm32f4xx.o
 .debug_aranges
                0x000008c0       0xd8 build/usbd_core.o
 .debug_aranges
                0x00000998       0x88 build/usbd_ctlreq.o
 .debug_aranges
                0x00000a20       0x50 build/usbd_ioreq.o
 .debug_aranges
                0x00000a70       0x90 build/usbd_cdc.o
 .debug_aranges
                0x00000b00       0x28 build/startup_stm32f407xx.o
 .debug_aranges
                0x00000b28       0x20 /usr/lib/gcc/arm-none-eabi/13.2.1/../../../arm-none-eabi/lib/thumb/v7e-m+fp/hard/libc_nano.a(libc_a-init.o)
 .debug_aranges
                0x00000b48       0x20 /usr/lib/gcc/arm-none-eabi/13.2.1/../../../arm-none-eabi/lib/thumb/v7e-m+fp/hard/libc_nano.a(libc_a-memset.o)
 .debug_aranges
                0x00000b68       0x20 /usr/lib/gcc/arm-none-eabi/13.2.1/thumb/v7e-m+fp/hard/libgcc.a(_aeabi_uldivmod.o)
 .debug_aranges
                0x00000b88       0x20 /usr/lib/gcc/arm-none-eabi/13.2.1/thumb/v7e-m+fp/hard/libgcc.a(_udivmoddi4.o)
 .debug_aranges
                0x00000ba8       0x20 /usr/lib/gcc/arm-none-eabi/13.2.1/thumb/v7e-m+fp/hard/libgcc.a(_dvmd_tls.o)

.debug_ranges   0x00000000      0x9f8
 .debug_ranges  0x00000000       0x20 build/main.o
 .debug_ranges  0x00000020       0x10 build/gpio.o
 .debug_ranges  0x00000030       0x58 build/stm32f4xx_it.o
 .debug_ranges  0x00000088       0x10 build/stm32f4xx_hal_msp.o
 .debug_ranges  0x00000098       0x10 build/usb_device.o
 .debug_ranges  0x000000a8       0x50 build/usbd_desc.o
 .debug_ranges  0x000000f8       0x38 build/usbd_cdc_if.o
 .debug_ranges  0x00000130      0x100 build/usbd_conf.o
 .debug_ranges  0x00000230      0x138 build/stm32f4xx_hal_pcd.o
 .debug_ranges  0x00000368       0x28 build/stm32f4xx_hal_pcd_ex.o
 .debug_ranges  0x00000390      0x190 build/stm32f4xx_ll_usb.o
 .debug_ranges  0x00000520       0x90 build/stm32f4xx_hal_rcc.o
 .debug_ranges  0x000005b0       0x48 build/stm32f4xx_hal_gpio.o
 .debug_ranges  0x000005f8       0xe8 build/stm32f4xx_hal_cortex.o
 .debug_ranges  0x000006e0       0xe0 build/stm32f4xx_hal.o
 .debug_ranges  0x000007c0       0x18 build/system_stm32f4xx.o
 .debug_ranges  0x000007d8       0xc8 build/usbd_core.o
 .debug_ranges  0x000008a0       0x78 build/usbd_ctlreq.o
 .debug_ranges  0x00000918       0x40 build/usbd_ioreq.o
 .debug_ranges  0x00000958       0x80 build/usbd_cdc.o
 .debug_ranges  0x000009d8       0x20 build/startup_stm32f407xx.o

.debug_line     0x00000000     0x93e5
 .debug_line    0x00000000      0x2ad build/main.o
 .debug_line    0x000002ad       0xca build/gpio.o
 .debug_line    0x00000377      0x225 build/stm32f4xx_it.o
 .debug_line    0x0000059c       0xd1 build/stm32f4xx_hal_msp.o
 .debug_line    0x0000066d      0x194 build/usb_device.o
 .debug_line    0x00000801      0x2af build/usbd_desc.o
 .debug_line    0x00000ab0      0x1e0 build/usbd_cdc_if.o
 .debug_line    0x00000c90      0x795 build/usbd_conf.o
 .debug_line    0x00001425     0x13d5 build/stm32f4xx_hal_pcd.o
 .debug_line    0x000027fa      0x21b build/stm32f4xx_hal_pcd_ex.o
 .debug_line    0x00002a15     0x1ee6 build/stm32f4xx_ll_usb.o
 .debug_line    0x000048fb      0xb39 build/stm32f4xx_hal_rcc.o
 .debug_line    0x00005434      0x670 build/stm32f4xx_hal_gpio.o
 .debug_line    0x00005aa4      0x7a5 build/stm32f4xx_hal_cortex.o
 .debug_line    0x00006249      0x4e2 build/stm32f4xx_hal.o
 .debug_line    0x0000672b      0x1c9 build/system_stm32f4xx.o
 .debug_line    0x000068f4      0x965 build/usbd_core.o
 .debug_line    0x00007259      0xc81 build/usbd_ctlreq.o
 .debug_line    0x00007eda      0x231 build/usbd_ioreq.o
 .debug_line    0x0000810b      0x987 build/usbd_cdc.o
 .debug_line    0x00008a92       0x73 build/startup_stm32f407xx.o
 .debug_line    0x00008b05      0x11e /usr/lib/gcc/arm-none-eabi/13.2.1/../../../arm-none-eabi/lib/thumb/v7e-m+fp/hard/libc_nano.a(libc_a-init.o)
 .debug_line    0x00008c23      0x1b6 /usr/lib/gcc/arm-none-eabi/13.2.1/../../../arm-none-eabi/lib/thumb/v7e-m+fp/hard/libc_nano.a(libc_a-memset.o)
 .debug_line    0x00008dd9       0x4e /usr/lib/gcc/arm-none-eabi/13.2.1/thumb/v7e-m+fp/hard/libgcc.a(_aeabi_uldivmod.o)
 .debug_line    0x00008e27      0x574 /usr/lib/gcc/arm-none-eabi/13.2.1/thumb/v7e-m+fp/hard/libgcc.a(_udivmoddi4.o)
 .debug_line    0x0000939b       0x4a /usr/lib/gcc/arm-none-eabi/13.2.1/thumb/v7e-m+fp/hard/libgcc.a(_dvmd_tls.o)

.debug_str      0x00000000     0x3f16
 .debug_str     0x00000000     0x3f16 build/main.o
                                0x49c (size before relaxing)
 .debug_str     0x00003f16      0x275 build/gpio.o
 .debug_str     0x00003f16      0x62a build/stm32f4xx_it.o
 .debug_str     0x00003f16      0x281 build/stm32f4xx_hal_msp.o
 .debug_str     0x00003f16      0x675 build/usb_device.o
 .debug_str     0x00003f16      0x40f build/usbd_desc.o
 .debug_str     0x00003f16      0x743 build/usbd_cdc_if.o
 .debug_str     0x00003f16     0x158d build/usbd_conf.o
 .debug_str     0x00003f16      0xdb6 build/stm32f4xx_hal_pcd.o
 .debug_str     0x00003f16      0x6f4 build/stm32f4xx_hal_pcd_ex.o
 .debug_str     0x00003f16      0xcdf build/stm32f4xx_ll_usb.o
 .debug_str     0x00003f16      0x6ac build/stm32f4xx_hal_rcc.o
 .debug_str     0x00003f16      0x491 build/stm32f4xx_hal_gpio.o
 .debug_str     0x00003f16      0xc27 build/stm32f4xx_hal_cortex.o
 .debug_str     0x00003f16      0xb2a build/stm32f4xx_hal.o
 .debug_str     0x00003f16      0x331 build/system_stm32f4xx.o
 .debug_str     0x00003f16      0x990 build/usbd_core.o
 .debug_str     0x00003f16      0x7bb build/usbd_ctlreq.o
 .debug_str     0x00003f16      0x690 build/usbd_ioreq.o
 .debug_str     0x00003f16      0xd47 build/usbd_cdc.o
 .debug_str     0x00003f16       0x51 build/startup_stm32f407xx.o
 .debug_str     0x00003f16      0x1fa /usr/lib/gcc/arm-none-eabi/13.2.1/../../../arm-none-eabi/lib/thumb/v7e-m+fp/hard/libc_nano.a(libc_a-init.o)
 .debug_str     0x00003f16      0x1ad /usr/lib/gcc/arm-none-eabi/13.2.1/../../../arm-none-eabi/lib/thumb/v7e-m+fp/hard/libc_nano.a(libc_a-memset.o)
 .debug_str     0x00003f16       0xa3 /usr/lib/gcc/arm-none-eabi/13.2.1/thumb/v7e-m+fp/hard/libgcc.a(_aeabi_uldivmod.o)
 .debug_str     0x00003f16      0x685 /usr/lib/gcc/arm-none-eabi/13.2.1/thumb/v7e-m+fp/hard/libgcc.a(_udivmoddi4.o)
 .debug_str     0x00003f16       0xc3 /usr/lib/gcc/arm-none-eabi/13.2.1/thumb/v7e-m+fp/hard/libgcc.a(_dvmd_tls.o)

.debug_frame    0x00000000     0x1b90
 .debug_frame   0x00000000       0x58 build/main.o
 .debug_frame   0x00000058       0x28 build/gpio.o
 .debug_frame   0x00000080       0xc8 build/stm32f4xx_it.o
 .debug_frame   0x00000148       0x28 build/stm32f4xx_hal_msp.o
 .debug_frame   0x00000170       0x28 build/usb_device.o
 .debug_frame   0x00000198       0xe0 build/usbd_desc.o
 .debug_frame   0x00000278       0x88 build/usbd_cdc_if.o
 .debug_frame   0x00000300      0x2e4 build/usbd_conf.o
 .debug_frame   0x000005e4      0x388 build/stm32f4xx_hal_pcd.o
 .debug_frame   0x0000096c       0x5c build/stm32f4xx_hal_pcd_ex.o
 .debug_frame   0x000009c8      0x494 build/stm32f4xx_ll_usb.o
 .debug_frame   0x00000e5c      0x16c build/stm32f4xx_hal_rcc.o
 .debug_frame   0x00000fc8       0xd8 build/stm32f4xx_hal_gpio.o
 .debug_frame   0x000010a0      0x214 build/stm32f4xx_hal_cortex.o
 .debug_frame   0x000012b4      0x1ec build/stm32f4xx_hal.o
 .debug_frame   0x000014a0       0x30 build/system_stm32f4xx.o
 .debug_frame   0x000014d0      0x240 build/usbd_core.o
 .debug_frame   0x00001710      0x180 build/usbd_ctlreq.o
 .debug_frame   0x00001890       0xb8 build/usbd_ioreq.o
 .debug_frame   0x00001948      0x190 build/usbd_cdc.o
 .debug_frame   0x00001ad8       0x2c /usr/lib/gcc/arm-none-eabi/13.2.1/../../../arm-none-eabi/lib/thumb/v7e-m+fp/hard/libc_nano.a(libc_a-init.o)
 .debug_frame   0x00001b04       0x2c /usr/lib/gcc/arm-none-eabi/13.2.1/../../../arm-none-eabi/lib/thumb/v7e-m+fp/hard/libc_nano.a(libc_a-memset.o)
 .debug_frame   0x00001b30       0x2c /usr/lib/gcc/arm-none-eabi/13.2.1/thumb/v7e-m+fp/hard/libgcc.a(_aeabi_uldivmod.o)
 .debug_frame   0x00001b5c       0x34 /usr/lib/gcc/arm-none-eabi/13.2.1/thumb/v7e-m+fp/hard/libgcc.a(_udivmoddi4.o)

.debug_loclists
                0x00000000      0xc0b
 .debug_loclists
                0x00000000       0x65 /usr/lib/gcc/arm-none-eabi/13.2.1/../../../arm-none-eabi/lib/thumb/v7e-m+fp/hard/libc_nano.a(libc_a-init.o)
 .debug_loclists
                0x00000065      0x1c2 /usr/lib/gcc/arm-none-eabi/13.2.1/../../../arm-none-eabi/lib/thumb/v7e-m+fp/hard/libc_nano.a(libc_a-memset.o)
 .debug_loclists
                0x00000227      0x9e4 /usr/lib/gcc/arm-none-eabi/13.2.1/thumb/v7e-m+fp/hard/libgcc.a(_udivmoddi4.o)

.debug_line_str
                0x00000000       0xa3
 .debug_line_str
                0x00000000       0xa3 /usr/lib/gcc/arm-none-eabi/13.2.1/thumb/v7e-m+fp/hard/libgcc.a(_aeabi_uldivmod.o)
                                 0x97 (size before relaxing)
 .debug_line_str
                0x000000a3       0x9b /usr/lib/gcc/arm-none-eabi/13.2.1/thumb/v7e-m+fp/hard/libgcc.a(_dvmd_tls.o)

.debug_rnglists
                0x00000000       0x84
 .debug_rnglists
                0x00000000       0x84 /usr/lib/gcc/arm-none-eabi/13.2.1/thumb/v7e-m+fp/hard/libgcc.a(_udivmoddi4.o)

Cross Reference Table

Symbol                                            File
ADC_IRQHandler                                    build/startup_stm32f407xx.o
AHBPrescTable                                     build/system_stm32f4xx.o
                                                  build/stm32f4xx_hal_rcc.o
APBPrescTable                                     build/system_stm32f4xx.o
                                                  build/stm32f4xx_hal_rcc.o
BusFault_Handler                                  build/stm32f4xx_it.o
CAN1_RX0_IRQHandler                               build/startup_stm32f407xx.o
CAN1_RX1_IRQHandler                               build/startup_stm32f407xx.o
CAN1_SCE_IRQHandler                               build/startup_stm32f407xx.o
CAN1_TX_IRQHandler                                build/startup_stm32f407xx.o
CAN2_RX0_IRQHandler                               build/startup_stm32f407xx.o
CAN2_RX1_IRQHandler                               build/startup_stm32f407xx.o
CAN2_SCE_IRQHandler                               build/startup_stm32f407xx.o
CAN2_TX_IRQHandler                                build/startup_stm32f407xx.o
CDC_Transmit_FS                                   build/usbd_cdc_if.o
                                                  build/main.o
DCMI_IRQHandler                                   build/startup_stm32f407xx.o
DMA1_Stream0_IRQHandler                           build/startup_stm32f407xx.o
DMA1_Stream1_IRQHandler                           build/startup_stm32f407xx.o
DMA1_Stream2_IRQHandler                           build/startup_stm32f407xx.o
DMA1_Stream3_IRQHandler                           build/startup_stm32f407xx.o
DMA1_Stream4_IRQHandler                           build/startup_stm32f407xx.o
DMA1_Stream5_IRQHandler                           build/startup_stm32f407xx.o
DMA1_Stream6_IRQHandler                           build/startup_stm32f407xx.o
DMA1_Stream7_IRQHandler                           build/startup_stm32f407xx.o
DMA2_Stream0_IRQHandler                           build/startup_stm32f407xx.o
DMA2_Stream1_IRQHandler                           build/startup_stm32f407xx.o
DMA2_Stream2_IRQHandler                           build/startup_stm32f407xx.o
DMA2_Stream3_IRQHandler                           build/startup_stm32f407xx.o
DMA2_Stream4_IRQHandler                           build/startup_stm32f407xx.o
DMA2_Stream5_IRQHandler                           build/startup_stm32f407xx.o
DMA2_Stream6_IRQHandler                           build/startup_stm32f407xx.o
DMA2_Stream7_IRQHandler                           build/startup_stm32f407xx.o
DebugMon_Handler                                  build/stm32f4xx_it.o
Default_Handler                                   build/startup_stm32f407xx.o
ETH_IRQHandler                                    build/startup_stm32f407xx.o
ETH_WKUP_IRQHandler                               build/startup_stm32f407xx.o
EXTI0_IRQHandler                                  build/startup_stm32f407xx.o
EXTI15_10_IRQHandler                              build/startup_stm32f407xx.o
EXTI1_IRQHandler                                  build/startup_stm32f407xx.o
EXTI2_IRQHandler                                  build/startup_stm32f407xx.o
EXTI3_IRQHandler                                  build/startup_stm32f407xx.o
EXTI4_IRQHandler                                  build/startup_stm32f407xx.o
EXTI9_5_IRQHandler                                build/startup_stm32f407xx.o
Error_Handler                                     build/main.o
                                                  build/usbd_conf.o
                                                  build/usb_device.o
FLASH_Erase_Sector                                build/stm32f4xx_hal_flash_ex.o
                                                  build/stm32f4xx_hal_flash.o
FLASH_FlushCaches                                 build/stm32f4xx_hal_flash_ex.o
                                                  build/stm32f4xx_hal_flash.o
FLASH_IRQHandler                                  build/startup_stm32f407xx.o
FLASH_WaitForLastOperation                        build/stm32f4xx_hal_flash.o
                                                  build/stm32f4xx_hal_flash_ex.o
FPU_IRQHandler                                    build/startup_stm32f407xx.o
FSMC_IRQHandler                                   build/startup_stm32f407xx.o
FS_Desc                                           build/usbd_desc.o
                                                  build/usb_device.o
HAL_CORTEX_ClearEvent                             build/stm32f4xx_hal_cortex.o
HAL_DBGMCU_DisableDBGSleepMode                    build/stm32f4xx_hal.o
HAL_DBGMCU_DisableDBGStandbyMode                  build/stm32f4xx_hal.o
HAL_DBGMCU_DisableDBGStopMode                     build/stm32f4xx_hal.o
HAL_DBGMCU_EnableDBGSleepMode                     build/stm32f4xx_hal.o
HAL_DBGMCU_EnableDBGStandbyMode                   build/stm32f4xx_hal.o
HAL_DBGMCU_EnableDBGStopMode                      build/stm32f4xx_hal.o
HAL_DMAEx_ChangeMemory                            build/stm32f4xx_hal_dma_ex.o
HAL_DMAEx_MultiBufferStart                        build/stm32f4xx_hal_dma_ex.o
HAL_DMAEx_MultiBufferStart_IT                     build/stm32f4xx_hal_dma_ex.o
HAL_DMA_Abort                                     build/stm32f4xx_hal_dma.o
HAL_DMA_Abort_IT                                  build/stm32f4xx_hal_dma.o
HAL_DMA_DeInit                                    build/stm32f4xx_hal_dma.o
HAL_DMA_GetError                                  build/stm32f4xx_hal_dma.o
HAL_DMA_GetState                                  build/stm32f4xx_hal_dma.o
HAL_DMA_IRQHandler                                build/stm32f4xx_hal_dma.o
HAL_DMA_Init                                      build/stm32f4xx_hal_dma.o
HAL_DMA_PollForTransfer                           build/stm32f4xx_hal_dma.o
HAL_DMA_RegisterCallback                          build/stm32f4xx_hal_dma.o
HAL_DMA_Start                                     build/stm32f4xx_hal_dma.o
HAL_DMA_Start_IT                                  build/stm32f4xx_hal_dma.o
HAL_DMA_UnRegisterCallback                        build/stm32f4xx_hal_dma.o
HAL_DeInit                                        build/stm32f4xx_hal.o
HAL_Delay                                         build/stm32f4xx_hal.o
                                                  build/stm32f4xx_ll_usb.o
                                                  build/usbd_conf.o
                                                  build/main.o
HAL_DisableCompensationCell                       build/stm32f4xx_hal.o
HAL_EXTI_ClearConfigLine                          build/stm32f4xx_hal_exti.o
HAL_EXTI_ClearPending                             build/stm32f4xx_hal_exti.o
HAL_EXTI_GenerateSWI                              build/stm32f4xx_hal_exti.o
HAL_EXTI_GetConfigLine                            build/stm32f4xx_hal_exti.o
HAL_EXTI_GetHandle                                build/stm32f4xx_hal_exti.o
HAL_EXTI_GetPending                               build/stm32f4xx_hal_exti.o
HAL_EXTI_IRQHandler                               build/stm32f4xx_hal_exti.o
HAL_EXTI_RegisterCallback                         build/stm32f4xx_hal_exti.o
HAL_EXTI_SetConfigLine                            build/stm32f4xx_hal_exti.o
HAL_EnableCompensationCell                        build/stm32f4xx_hal.o
HAL_FLASHEx_Erase                                 build/stm32f4xx_hal_flash_ex.o
HAL_FLASHEx_Erase_IT                              build/stm32f4xx_hal_flash_ex.o
HAL_FLASHEx_OBGetConfig                           build/stm32f4xx_hal_flash_ex.o
HAL_FLASHEx_OBProgram                             build/stm32f4xx_hal_flash_ex.o
HAL_FLASH_EndOfOperationCallback                  build/stm32f4xx_hal_flash.o
HAL_FLASH_GetError                                build/stm32f4xx_hal_flash.o
HAL_FLASH_IRQHandler                              build/stm32f4xx_hal_flash.o
HAL_FLASH_Lock                                    build/stm32f4xx_hal_flash.o
HAL_FLASH_OB_Launch                               build/stm32f4xx_hal_flash.o
HAL_FLASH_OB_Lock                                 build/stm32f4xx_hal_flash.o
HAL_FLASH_OB_Unlock                               build/stm32f4xx_hal_flash.o
HAL_FLASH_OperationErrorCallback                  build/stm32f4xx_hal_flash.o
HAL_FLASH_Program                                 build/stm32f4xx_hal_flash.o
HAL_FLASH_Program_IT                              build/stm32f4xx_hal_flash.o
HAL_FLASH_Unlock                                  build/stm32f4xx_hal_flash.o
HAL_GPIO_DeInit                                   build/stm32f4xx_hal_gpio.o
                                                  build/usbd_conf.o
HAL_GPIO_EXTI_Callback                            build/stm32f4xx_hal_gpio.o
HAL_GPIO_EXTI_IRQHandler                          build/stm32f4xx_hal_gpio.o
HAL_GPIO_Init                                     build/stm32f4xx_hal_gpio.o
                                                  build/stm32f4xx_hal_rcc.o
                                                  build/usbd_conf.o
HAL_GPIO_LockPin                                  build/stm32f4xx_hal_gpio.o
HAL_GPIO_ReadPin                                  build/stm32f4xx_hal_gpio.o
HAL_GPIO_TogglePin                                build/stm32f4xx_hal_gpio.o
HAL_GPIO_WritePin                                 build/stm32f4xx_hal_gpio.o
HAL_GetDEVID                                      build/stm32f4xx_hal.o
HAL_GetHalVersion                                 build/stm32f4xx_hal.o
HAL_GetREVID                                      build/stm32f4xx_hal.o
HAL_GetTick                                       build/stm32f4xx_hal.o
                                                  build/stm32f4xx_hal_pwr_ex.o
                                                  build/stm32f4xx_hal_dma.o
                                                  build/stm32f4xx_hal_flash.o
                                                  build/stm32f4xx_hal_rcc_ex.o
                                                  build/stm32f4xx_hal_rcc.o
HAL_GetTickFreq                                   build/stm32f4xx_hal.o
HAL_GetTickPrio                                   build/stm32f4xx_hal.o
HAL_GetUIDw0                                      build/stm32f4xx_hal.o
HAL_GetUIDw1                                      build/stm32f4xx_hal.o
HAL_GetUIDw2                                      build/stm32f4xx_hal.o
HAL_IncTick                                       build/stm32f4xx_hal.o
                                                  build/stm32f4xx_it.o
HAL_Init                                          build/stm32f4xx_hal.o
                                                  build/main.o
HAL_InitTick                                      build/stm32f4xx_hal.o
                                                  build/stm32f4xx_hal_rcc_ex.o
                                                  build/stm32f4xx_hal_rcc.o
HAL_MPU_ConfigRegion                              build/stm32f4xx_hal_cortex.o
HAL_MPU_Disable                                   build/stm32f4xx_hal_cortex.o
HAL_MPU_DisableRegion                             build/stm32f4xx_hal_cortex.o
HAL_MPU_Enable                                    build/stm32f4xx_hal_cortex.o
HAL_MPU_EnableRegion                              build/stm32f4xx_hal_cortex.o
HAL_MspDeInit                                     build/stm32f4xx_hal.o
HAL_MspInit                                       build/stm32f4xx_hal_msp.o
HAL_NVIC_ClearPendingIRQ                          build/stm32f4xx_hal_cortex.o
HAL_NVIC_DisableIRQ                               build/stm32f4xx_hal_cortex.o
                                                  build/usbd_conf.o
HAL_NVIC_EnableIRQ                                build/stm32f4xx_hal_cortex.o
                                                  build/usbd_conf.o
HAL_NVIC_GetActive                                build/stm32f4xx_hal_cortex.o
HAL_NVIC_GetPendingIRQ                            build/stm32f4xx_hal_cortex.o
HAL_NVIC_GetPriority                              build/stm32f4xx_hal_cortex.o
HAL_NVIC_GetPriorityGrouping                      build/stm32f4xx_hal_cortex.o
HAL_NVIC_SetPendingIRQ                            build/stm32f4xx_hal_cortex.o
HAL_NVIC_SetPriority                              build/stm32f4xx_hal_cortex.o
                                                  build/stm32f4xx_hal.o
                                                  build/usbd_conf.o
HAL_NVIC_SetPriorityGrouping                      build/stm32f4xx_hal_cortex.o
                                                  build/stm32f4xx_hal.o
HAL_NVIC_SystemReset                              build/stm32f4xx_hal_cortex.o
HAL_PCDEx_BCD_Callback                            build/stm32f4xx_hal_pcd_ex.o
HAL_PCDEx_LPM_Callback                            build/stm32f4xx_hal_pcd_ex.o
                                                  build/stm32f4xx_hal_pcd.o
HAL_PCDEx_SetRxFiFo                               build/stm32f4xx_hal_pcd_ex.o
                                                  build/usbd_conf.o
HAL_PCDEx_SetTxFiFo                               build/stm32f4xx_hal_pcd_ex.o
                                                  build/usbd_conf.o
HAL_PCD_ActivateRemoteWakeup                      build/stm32f4xx_hal_pcd.o
HAL_PCD_ConnectCallback                           build/usbd_conf.o
HAL_PCD_DataInStageCallback                       build/usbd_conf.o
HAL_PCD_DataOutStageCallback                      build/usbd_conf.o
HAL_PCD_DeActivateRemoteWakeup                    build/stm32f4xx_hal_pcd.o
HAL_PCD_DeInit                                    build/stm32f4xx_hal_pcd.o
                                                  build/usbd_conf.o
HAL_PCD_DevConnect                                build/stm32f4xx_hal_pcd.o
HAL_PCD_DevDisconnect                             build/stm32f4xx_hal_pcd.o
HAL_PCD_DisconnectCallback                        build/usbd_conf.o
HAL_PCD_EP_Abort                                  build/stm32f4xx_hal_pcd.o
HAL_PCD_EP_Close                                  build/stm32f4xx_hal_pcd.o
                                                  build/usbd_conf.o
HAL_PCD_EP_ClrStall                               build/stm32f4xx_hal_pcd.o
                                                  build/usbd_conf.o
HAL_PCD_EP_Flush                                  build/stm32f4xx_hal_pcd.o
                                                  build/usbd_conf.o
HAL_PCD_EP_GetRxCount                             build/stm32f4xx_hal_pcd.o
                                                  build/usbd_conf.o
HAL_PCD_EP_Open                                   build/stm32f4xx_hal_pcd.o
                                                  build/usbd_conf.o
HAL_PCD_EP_Receive                                build/stm32f4xx_hal_pcd.o
                                                  build/usbd_conf.o
HAL_PCD_EP_SetStall                               build/stm32f4xx_hal_pcd.o
                                                  build/usbd_conf.o
HAL_PCD_EP_Transmit                               build/stm32f4xx_hal_pcd.o
                                                  build/usbd_conf.o
HAL_PCD_GetState                                  build/stm32f4xx_hal_pcd.o
HAL_PCD_IRQHandler                                build/stm32f4xx_hal_pcd.o
                                                  build/stm32f4xx_it.o
HAL_PCD_ISOINIncompleteCallback                   build/usbd_conf.o
HAL_PCD_ISOOUTIncompleteCallback                  build/usbd_conf.o
HAL_PCD_Init                                      build/stm32f4xx_hal_pcd.o
                                                  build/usbd_conf.o
HAL_PCD_MspDeInit                                 build/usbd_conf.o
HAL_PCD_MspInit                                   build/usbd_conf.o
HAL_PCD_ResetCallback                             build/usbd_conf.o
HAL_PCD_ResumeCallback                            build/usbd_conf.o
HAL_PCD_SOFCallback                               build/usbd_conf.o
HAL_PCD_SetAddress                                build/stm32f4xx_hal_pcd.o
                                                  build/usbd_conf.o
HAL_PCD_SetTestMode                               build/stm32f4xx_hal_pcd.o
HAL_PCD_SetupStageCallback                        build/usbd_conf.o
HAL_PCD_Start                                     build/stm32f4xx_hal_pcd.o
                                                  build/usbd_conf.o
HAL_PCD_Stop                                      build/stm32f4xx_hal_pcd.o
                                                  build/usbd_conf.o
HAL_PCD_SuspendCallback                           build/usbd_conf.o
HAL_PCD_WKUP_IRQHandler                           build/stm32f4xx_hal_pcd.o
HAL_PWREx_ControlVoltageScaling                   build/stm32f4xx_hal_pwr_ex.o
HAL_PWREx_DisableBkUpReg                          build/stm32f4xx_hal_pwr_ex.o
HAL_PWREx_DisableFlashPowerDown                   build/stm32f4xx_hal_pwr_ex.o
HAL_PWREx_EnableBkUpReg                           build/stm32f4xx_hal_pwr_ex.o
HAL_PWREx_EnableFlashPowerDown                    build/stm32f4xx_hal_pwr_ex.o
HAL_PWREx_GetVoltageRange                         build/stm32f4xx_hal_pwr_ex.o
HAL_PWR_ConfigPVD                                 build/stm32f4xx_hal_pwr.o
HAL_PWR_DeInit                                    build/stm32f4xx_hal_pwr.o
HAL_PWR_DisableBkUpAccess                         build/stm32f4xx_hal_pwr.o
HAL_PWR_DisablePVD                                build/stm32f4xx_hal_pwr.o
HAL_PWR_DisableSEVOnPend                          build/stm32f4xx_hal_pwr.o
HAL_PWR_DisableSleepOnExit                        build/stm32f4xx_hal_pwr.o
HAL_PWR_DisableWakeUpPin                          build/stm32f4xx_hal_pwr.o
HAL_PWR_EnableBkUpAccess                          build/stm32f4xx_hal_pwr.o
HAL_PWR_EnablePVD                                 build/stm32f4xx_hal_pwr.o
HAL_PWR_EnableSEVOnPend                           build/stm32f4xx_hal_pwr.o
HAL_PWR_EnableSleepOnExit                         build/stm32f4xx_hal_pwr.o
HAL_PWR_EnableWakeUpPin                           build/stm32f4xx_hal_pwr.o
HAL_PWR_EnterSLEEPMode                            build/stm32f4xx_hal_pwr.o
HAL_PWR_EnterSTANDBYMode                          build/stm32f4xx_hal_pwr.o
HAL_PWR_EnterSTOPMode                             build/stm32f4xx_hal_pwr.o
HAL_PWR_PVDCallback                               build/stm32f4xx_hal_pwr.o
HAL_PWR_PVD_IRQHandler                            build/stm32f4xx_hal_pwr.o
HAL_RCCEx_DisablePLLI2S                           build/stm32f4xx_hal_rcc_ex.o
HAL_RCCEx_EnablePLLI2S                            build/stm32f4xx_hal_rcc_ex.o
HAL_RCCEx_GetPeriphCLKConfig                      build/stm32f4xx_hal_rcc_ex.o
HAL_RCCEx_GetPeriphCLKFreq                        build/stm32f4xx_hal_rcc_ex.o
HAL_RCCEx_PeriphCLKConfig                         build/stm32f4xx_hal_rcc_ex.o
HAL_RCC_CSSCallback                               build/stm32f4xx_hal_rcc.o
HAL_RCC_ClockConfig                               build/stm32f4xx_hal_rcc.o
                                                  build/main.o
HAL_RCC_DeInit                                    build/stm32f4xx_hal_rcc_ex.o
                                                  build/stm32f4xx_hal_rcc.o
HAL_RCC_DisableCSS                                build/stm32f4xx_hal_rcc.o
HAL_RCC_EnableCSS                                 build/stm32f4xx_hal_rcc.o
                                                  build/main.o
HAL_RCC_GetClockConfig                            build/stm32f4xx_hal_rcc.o
HAL_RCC_GetHCLKFreq                               build/stm32f4xx_hal_rcc.o
                                                  build/stm32f4xx_hal_pcd.o
HAL_RCC_GetOscConfig                              build/stm32f4xx_hal_rcc.o
HAL_RCC_GetPCLK1Freq                              build/stm32f4xx_hal_rcc.o
HAL_RCC_GetPCLK2Freq                              build/stm32f4xx_hal_rcc.o
HAL_RCC_GetSysClockFreq                           build/stm32f4xx_hal_rcc.o
HAL_RCC_MCOConfig                                 build/stm32f4xx_hal_rcc.o
HAL_RCC_NMI_IRQHandler                            build/stm32f4xx_hal_rcc.o
                                                  build/stm32f4xx_it.o
HAL_RCC_OscConfig                                 build/stm32f4xx_hal_rcc.o
                                                  build/main.o
HAL_ResumeTick                                    build/stm32f4xx_hal.o
HAL_SYSTICK_CLKSourceConfig                       build/stm32f4xx_hal_cortex.o
HAL_SYSTICK_Callback                              build/stm32f4xx_hal_cortex.o
HAL_SYSTICK_Config                                build/stm32f4xx_hal_cortex.o
                                                  build/stm32f4xx_hal.o
HAL_SYSTICK_IRQHandler                            build/stm32f4xx_hal_cortex.o
HAL_SetTickFreq                                   build/stm32f4xx_hal.o
HAL_SuspendTick                                   build/stm32f4xx_hal.o
HASH_RNG_IRQHandler                               build/startup_stm32f407xx.o
HardFault_Handler                                 build/stm32f4xx_it.o
I2C1_ER_IRQHandler                                build/startup_stm32f407xx.o
I2C1_EV_IRQHandler                                build/startup_stm32f407xx.o
I2C2_ER_IRQHandler                                build/startup_stm32f407xx.o
I2C2_EV_IRQHandler                                build/startup_stm32f407xx.o
I2C3_ER_IRQHandler                                build/startup_stm32f407xx.o
I2C3_EV_IRQHandler                                build/startup_stm32f407xx.o
MX_GPIO_Init                                      build/gpio.o
                                                  build/main.o
MX_USB_DEVICE_Init                                build/usb_device.o
                                                  build/main.o
MemManage_Handler                                 build/stm32f4xx_it.o
NMI_Handler                                       build/stm32f4xx_it.o
OTG_FS_IRQHandler                                 build/stm32f4xx_it.o
OTG_FS_WKUP_IRQHandler                            build/startup_stm32f407xx.o
OTG_HS_EP1_IN_IRQHandler                          build/startup_stm32f407xx.o
OTG_HS_EP1_OUT_IRQHandler                         build/startup_stm32f407xx.o
OTG_HS_IRQHandler                                 build/startup_stm32f407xx.o
OTG_HS_WKUP_IRQHandler                            build/startup_stm32f407xx.o
PVD_IRQHandler                                    build/startup_stm32f407xx.o
PendSV_Handler                                    build/stm32f4xx_it.o
RCC_IRQHandler                                    build/startup_stm32f407xx.o
RTC_Alarm_IRQHandler                              build/startup_stm32f407xx.o
RTC_WKUP_IRQHandler                               build/startup_stm32f407xx.o
Reset_Handler                                     build/startup_stm32f407xx.o
SDIO_IRQHandler                                   build/startup_stm32f407xx.o
SPI1_IRQHandler                                   build/startup_stm32f407xx.o
SPI2_IRQHandler                                   build/startup_stm32f407xx.o
SPI3_IRQHandler                                   build/startup_stm32f407xx.o
SVC_Handler                                       build/stm32f4xx_it.o
SysTick_Handler                                   build/stm32f4xx_it.o
SystemClock_Config                                build/main.o
SystemCoreClock                                   build/system_stm32f4xx.o
                                                  build/stm32f4xx_hal.o
                                                  build/stm32f4xx_hal_dma.o
                                                  build/stm32f4xx_hal_rcc_ex.o
                                                  build/stm32f4xx_hal_rcc.o
SystemCoreClockUpdate                             build/system_stm32f4xx.o
SystemInit                                        build/system_stm32f4xx.o
                                                  build/startup_stm32f407xx.o
TAMP_STAMP_IRQHandler                             build/startup_stm32f407xx.o
TIM1_BRK_TIM9_IRQHandler                          build/startup_stm32f407xx.o
TIM1_CC_IRQHandler                                build/startup_stm32f407xx.o
TIM1_TRG_COM_TIM11_IRQHandler                     build/startup_stm32f407xx.o
TIM1_UP_TIM10_IRQHandler                          build/startup_stm32f407xx.o
TIM2_IRQHandler                                   build/startup_stm32f407xx.o
TIM3_IRQHandler                                   build/startup_stm32f407xx.o
TIM4_IRQHandler                                   build/startup_stm32f407xx.o
TIM5_IRQHandler                                   build/startup_stm32f407xx.o
TIM6_DAC_IRQHandler                               build/startup_stm32f407xx.o
TIM7_IRQHandler                                   build/startup_stm32f407xx.o
TIM8_BRK_TIM12_IRQHandler                         build/startup_stm32f407xx.o
TIM8_CC_IRQHandler                                build/startup_stm32f407xx.o
TIM8_TRG_COM_TIM14_IRQHandler                     build/startup_stm32f407xx.o
TIM8_UP_TIM13_IRQHandler                          build/startup_stm32f407xx.o
UART4_IRQHandler                                  build/startup_stm32f407xx.o
UART5_IRQHandler                                  build/startup_stm32f407xx.o
USART1_IRQHandler                                 build/startup_stm32f407xx.o
USART2_IRQHandler                                 build/startup_stm32f407xx.o
USART3_IRQHandler                                 build/startup_stm32f407xx.o
USART6_IRQHandler                                 build/startup_stm32f407xx.o
USBD_CDC                                          build/usbd_cdc.o
                                                  build/usb_device.o
USBD_CDC_GetDeviceQualifierDescriptor             build/usbd_cdc.o
USBD_CDC_ReceivePacket                            build/usbd_cdc.o
                                                  build/usbd_cdc_if.o
USBD_CDC_RegisterInterface                        build/usbd_cdc.o
                                                  build/usb_device.o
USBD_CDC_SetRxBuffer                              build/usbd_cdc.o
                                                  build/usbd_cdc_if.o
USBD_CDC_SetTxBuffer                              build/usbd_cdc.o
                                                  build/usbd_cdc_if.o
USBD_CDC_TransmitPacket                           build/usbd_cdc.o
                                                  build/usbd_cdc_if.o
USBD_ClrClassConfig                               build/usbd_core.o
                                                  build/usbd_ctlreq.o
USBD_CoreFindEP                                   build/usbd_core.o
                                                  build/usbd_ctlreq.o
USBD_CoreFindIF                                   build/usbd_core.o
                                                  build/usbd_ctlreq.o
USBD_CtlContinueRx                                build/usbd_ioreq.o
                                                  build/usbd_core.o
USBD_CtlContinueSendData                          build/usbd_ioreq.o
                                                  build/usbd_core.o
USBD_CtlError                                     build/usbd_ctlreq.o
                                                  build/usbd_cdc.o
USBD_CtlPrepareRx                                 build/usbd_ioreq.o
                                                  build/usbd_cdc.o
USBD_CtlReceiveStatus                             build/usbd_ioreq.o
                                                  build/usbd_core.o
USBD_CtlSendData                                  build/usbd_ioreq.o
                                                  build/usbd_cdc.o
                                                  build/usbd_ctlreq.o
USBD_CtlSendStatus                                build/usbd_ioreq.o
                                                  build/usbd_ctlreq.o
                                                  build/usbd_core.o
USBD_DeInit                                       build/usbd_core.o
USBD_FS_ConfigStrDescriptor                       build/usbd_desc.o
USBD_FS_DeviceDesc                                build/usbd_desc.o
USBD_FS_DeviceDescriptor                          build/usbd_desc.o
USBD_FS_InterfaceStrDescriptor                    build/usbd_desc.o
USBD_FS_LangIDStrDescriptor                       build/usbd_desc.o
USBD_FS_ManufacturerStrDescriptor                 build/usbd_desc.o
USBD_FS_ProductStrDescriptor                      build/usbd_desc.o
USBD_FS_SerialStrDescriptor                       build/usbd_desc.o
USBD_GetEpDesc                                    build/usbd_core.o
                                                  build/usbd_cdc.o
USBD_GetNextDesc                                  build/usbd_core.o
USBD_GetRxCount                                   build/usbd_ioreq.o
USBD_GetString                                    build/usbd_ctlreq.o
                                                  build/usbd_desc.o
USBD_Get_USB_Status                               build/usbd_conf.o
USBD_Init                                         build/usbd_core.o
                                                  build/usb_device.o
USBD_Interface_fops_FS                            build/usbd_cdc_if.o
                                                  build/usb_device.o
USBD_LL_ClearStallEP                              build/usbd_conf.o
                                                  build/usbd_ctlreq.o
USBD_LL_CloseEP                                   build/usbd_conf.o
                                                  build/usbd_cdc.o
USBD_LL_DataInStage                               build/usbd_core.o
                                                  build/usbd_conf.o
USBD_LL_DataOutStage                              build/usbd_core.o
                                                  build/usbd_conf.o
USBD_LL_DeInit                                    build/usbd_conf.o
                                                  build/usbd_core.o
USBD_LL_Delay                                     build/usbd_conf.o
USBD_LL_DevConnected                              build/usbd_core.o
                                                  build/usbd_conf.o
USBD_LL_DevDisconnected                           build/usbd_core.o
                                                  build/usbd_conf.o
USBD_LL_FlushEP                                   build/usbd_conf.o
USBD_LL_GetRxDataSize                             build/usbd_conf.o
                                                  build/usbd_cdc.o
                                                  build/usbd_ioreq.o