ARM GAS  /tmp/ccz4xJEp.s 			page 1


   1              		.cpu cortex-m3
   2              		.arch armv7-m
   3              		.fpu softvfp
   4              		.eabi_attribute 20, 1
   5              		.eabi_attribute 21, 1
   6              		.eabi_attribute 23, 3
   7              		.eabi_attribute 24, 1
   8              		.eabi_attribute 25, 1
   9              		.eabi_attribute 26, 1
  10              		.eabi_attribute 30, 1
  11              		.eabi_attribute 34, 1
  12              		.eabi_attribute 18, 4
  13              		.file	"freertos.c"
  14              		.text
  15              	.Ltext0:
  16              		.cfi_sections	.debug_frame
  17              		.file 1 "Core/Src/freertos.c"
  18              		.section	.text.StartkeyboardTask,"ax",%progbits
  19              		.align	1
  20              		.global	StartkeyboardTask
  21              		.syntax unified
  22              		.thumb
  23              		.thumb_func
  25              	StartkeyboardTask:
  26              	.LVL0:
  27              	.LFB73:
   1:Core/Src/freertos.c **** /* USER CODE BEGIN Header */
   2:Core/Src/freertos.c **** /**
   3:Core/Src/freertos.c ****   ******************************************************************************
   4:Core/Src/freertos.c ****   * File Name          : freertos.c
   5:Core/Src/freertos.c ****   * Description        : Code for freertos applications
   6:Core/Src/freertos.c ****   ******************************************************************************
   7:Core/Src/freertos.c ****   * @attention
   8:Core/Src/freertos.c ****   *
   9:Core/Src/freertos.c ****   * Copyright (c) 2025 STMicroelectronics.
  10:Core/Src/freertos.c ****   * All rights reserved.
  11:Core/Src/freertos.c ****   *
  12:Core/Src/freertos.c ****   * This software is licensed under terms that can be found in the LICENSE file
  13:Core/Src/freertos.c ****   * in the root directory of this software component.
  14:Core/Src/freertos.c ****   * If no LICENSE file comes with this software, it is provided AS-IS.
  15:Core/Src/freertos.c ****   *
  16:Core/Src/freertos.c ****   ******************************************************************************
  17:Core/Src/freertos.c ****   */
  18:Core/Src/freertos.c **** /* USER CODE END Header */
  19:Core/Src/freertos.c **** 
  20:Core/Src/freertos.c **** /* Includes ------------------------------------------------------------------*/
  21:Core/Src/freertos.c **** #include "FreeRTOS.h"
  22:Core/Src/freertos.c **** #include "task.h"
  23:Core/Src/freertos.c **** #include "main.h"
  24:Core/Src/freertos.c **** #include "cmsis_os.h"
  25:Core/Src/freertos.c **** 
  26:Core/Src/freertos.c **** /* Private includes ----------------------------------------------------------*/
  27:Core/Src/freertos.c **** /* USER CODE BEGIN Includes */
  28:Core/Src/freertos.c **** #include "usb_keyboard.h"
  29:Core/Src/freertos.c **** #include "matrix_keyboard.h"
  30:Core/Src/freertos.c **** #include "usbd_hid.h"
  31:Core/Src/freertos.c **** #include "OLED.h"
ARM GAS  /tmp/ccz4xJEp.s 			page 2


  32:Core/Src/freertos.c **** #include "tim.h"
  33:Core/Src/freertos.c **** #include "u8g2.h"
  34:Core/Src/freertos.c **** 
  35:Core/Src/freertos.c **** /* USER CODE END Includes */
  36:Core/Src/freertos.c **** 
  37:Core/Src/freertos.c **** /* Private typedef -----------------------------------------------------------*/
  38:Core/Src/freertos.c **** /* USER CODE BEGIN PTD */
  39:Core/Src/freertos.c **** /* u8g2 实体定义 */
  40:Core/Src/freertos.c **** static u8g2_t u8g2;
  41:Core/Src/freertos.c **** 
  42:Core/Src/freertos.c **** // 声明你的移植回调函数 (在 u8g2_port.c 中实现)
  43:Core/Src/freertos.c **** extern uint8_t u8x8_byte_stm32_hw_i2c(u8x8_t *u8x8, uint8_t msg, uint8_t arg_int, void *arg_ptr);
  44:Core/Src/freertos.c **** extern uint8_t u8x8_stm32_gpio_and_delay(u8x8_t *u8x8, uint8_t msg, uint8_t arg_int, void *arg_ptr)
  45:Core/Src/freertos.c **** /* USER CODE END PTD */
  46:Core/Src/freertos.c **** 
  47:Core/Src/freertos.c **** /* Private define ------------------------------------------------------------*/
  48:Core/Src/freertos.c **** /* USER CODE BEGIN PD */
  49:Core/Src/freertos.c **** 
  50:Core/Src/freertos.c **** /* USER CODE END PD */
  51:Core/Src/freertos.c **** 
  52:Core/Src/freertos.c **** /* Private macro -------------------------------------------------------------*/
  53:Core/Src/freertos.c **** /* USER CODE BEGIN PM */
  54:Core/Src/freertos.c **** 
  55:Core/Src/freertos.c **** /* USER CODE END PM */
  56:Core/Src/freertos.c **** 
  57:Core/Src/freertos.c **** /* Private variables ---------------------------------------------------------*/
  58:Core/Src/freertos.c **** /* USER CODE BEGIN Variables */
  59:Core/Src/freertos.c **** 
  60:Core/Src/freertos.c **** /* USER CODE END Variables */
  61:Core/Src/freertos.c **** /* Definitions for keyboardTask */
  62:Core/Src/freertos.c **** osThreadId_t keyboardTaskHandle;
  63:Core/Src/freertos.c **** const osThreadAttr_t keyboardTask_attributes = {
  64:Core/Src/freertos.c ****   .name = "keyboardTask",
  65:Core/Src/freertos.c ****   .stack_size = 128 * 4,
  66:Core/Src/freertos.c ****   .priority = (osPriority_t) osPriorityNormal,
  67:Core/Src/freertos.c **** };
  68:Core/Src/freertos.c **** /* Definitions for guiTask */
  69:Core/Src/freertos.c **** osThreadId_t guiTaskHandle;
  70:Core/Src/freertos.c **** const osThreadAttr_t guiTask_attributes = {
  71:Core/Src/freertos.c ****   .name = "guiTask",
  72:Core/Src/freertos.c ****   .stack_size = 128 * 4,
  73:Core/Src/freertos.c ****   .priority = (osPriority_t) osPriorityLow,
  74:Core/Src/freertos.c **** };
  75:Core/Src/freertos.c **** /* Definitions for encoderTask */
  76:Core/Src/freertos.c **** osThreadId_t encoderTaskHandle;
  77:Core/Src/freertos.c **** const osThreadAttr_t encoderTask_attributes = {
  78:Core/Src/freertos.c ****   .name = "encoderTask",
  79:Core/Src/freertos.c ****   .stack_size = 128 * 4,
  80:Core/Src/freertos.c ****   .priority = (osPriority_t) osPriorityLow,
  81:Core/Src/freertos.c **** };
  82:Core/Src/freertos.c **** /* Definitions for guiEventQueue */
  83:Core/Src/freertos.c **** osMessageQueueId_t guiEventQueueHandle;
  84:Core/Src/freertos.c **** const osMessageQueueAttr_t guiEventQueue_attributes = {
  85:Core/Src/freertos.c ****   .name = "guiEventQueue"
  86:Core/Src/freertos.c **** };
  87:Core/Src/freertos.c **** 
  88:Core/Src/freertos.c **** /* Private function prototypes -----------------------------------------------*/
ARM GAS  /tmp/ccz4xJEp.s 			page 3


  89:Core/Src/freertos.c **** /* USER CODE BEGIN FunctionPrototypes */
  90:Core/Src/freertos.c **** 
  91:Core/Src/freertos.c **** /* USER CODE END FunctionPrototypes */
  92:Core/Src/freertos.c **** 
  93:Core/Src/freertos.c **** void StartkeyboardTask(void *argument);
  94:Core/Src/freertos.c **** void StartguiTask(void *argument);
  95:Core/Src/freertos.c **** void StartencoderTask(void *argument);
  96:Core/Src/freertos.c **** 
  97:Core/Src/freertos.c **** extern void MX_USB_DEVICE_Init(void);
  98:Core/Src/freertos.c **** void MX_FREERTOS_Init(void); /* (MISRA C 2004 rule 8.1) */
  99:Core/Src/freertos.c **** 
 100:Core/Src/freertos.c **** /**
 101:Core/Src/freertos.c ****   * @brief  FreeRTOS initialization
 102:Core/Src/freertos.c ****   * @param  None
 103:Core/Src/freertos.c ****   * @retval None
 104:Core/Src/freertos.c ****   */
 105:Core/Src/freertos.c **** void MX_FREERTOS_Init(void) {
 106:Core/Src/freertos.c ****   /* USER CODE BEGIN Init */
 107:Core/Src/freertos.c **** 
 108:Core/Src/freertos.c ****   /* USER CODE END Init */
 109:Core/Src/freertos.c **** 
 110:Core/Src/freertos.c ****   /* USER CODE BEGIN RTOS_MUTEX */
 111:Core/Src/freertos.c ****   /* add mutexes, ... */
 112:Core/Src/freertos.c ****   /* USER CODE END RTOS_MUTEX */
 113:Core/Src/freertos.c **** 
 114:Core/Src/freertos.c ****   /* USER CODE BEGIN RTOS_SEMAPHORES */
 115:Core/Src/freertos.c ****   /* add semaphores, ... */
 116:Core/Src/freertos.c ****   /* USER CODE END RTOS_SEMAPHORES */
 117:Core/Src/freertos.c **** 
 118:Core/Src/freertos.c ****   /* USER CODE BEGIN RTOS_TIMERS */
 119:Core/Src/freertos.c ****   /* start timers, add new ones, ... */
 120:Core/Src/freertos.c ****   /* USER CODE END RTOS_TIMERS */
 121:Core/Src/freertos.c **** 
 122:Core/Src/freertos.c ****   /* Create the queue(s) */
 123:Core/Src/freertos.c ****   /* creation of guiEventQueue */
 124:Core/Src/freertos.c ****   guiEventQueueHandle = osMessageQueueNew (16, sizeof(InputEvent_t), &guiEventQueue_attributes);
 125:Core/Src/freertos.c **** 
 126:Core/Src/freertos.c ****   /* USER CODE BEGIN RTOS_QUEUES */
 127:Core/Src/freertos.c ****   /* add queues, ... */
 128:Core/Src/freertos.c ****   /* USER CODE END RTOS_QUEUES */
 129:Core/Src/freertos.c **** 
 130:Core/Src/freertos.c ****   /* Create the thread(s) */
 131:Core/Src/freertos.c ****   /* creation of keyboardTask */
 132:Core/Src/freertos.c ****   keyboardTaskHandle = osThreadNew(StartkeyboardTask, NULL, &keyboardTask_attributes);
 133:Core/Src/freertos.c **** 
 134:Core/Src/freertos.c ****   /* creation of guiTask */
 135:Core/Src/freertos.c ****   guiTaskHandle = osThreadNew(StartguiTask, NULL, &guiTask_attributes);
 136:Core/Src/freertos.c **** 
 137:Core/Src/freertos.c ****   /* creation of encoderTask */
 138:Core/Src/freertos.c ****   encoderTaskHandle = osThreadNew(StartencoderTask, NULL, &encoderTask_attributes);
 139:Core/Src/freertos.c **** 
 140:Core/Src/freertos.c ****   /* USER CODE BEGIN RTOS_THREADS */
 141:Core/Src/freertos.c ****   /* add threads, ... */
 142:Core/Src/freertos.c ****   /* USER CODE END RTOS_THREADS */
 143:Core/Src/freertos.c **** 
 144:Core/Src/freertos.c ****   /* USER CODE BEGIN RTOS_EVENTS */
 145:Core/Src/freertos.c ****   /* add events, ... */
ARM GAS  /tmp/ccz4xJEp.s 			page 4


 146:Core/Src/freertos.c ****   /* USER CODE END RTOS_EVENTS */
 147:Core/Src/freertos.c **** 
 148:Core/Src/freertos.c **** }
 149:Core/Src/freertos.c **** 
 150:Core/Src/freertos.c **** /* USER CODE BEGIN Header_StartkeyboardTask */
 151:Core/Src/freertos.c **** /**
 152:Core/Src/freertos.c ****   * @brief  Function implementing the keyboardTask thread.
 153:Core/Src/freertos.c ****   * @param  argument: Not used
 154:Core/Src/freertos.c ****   * @retval None
 155:Core/Src/freertos.c ****   */
 156:Core/Src/freertos.c **** /* USER CODE END Header_StartkeyboardTask */
 157:Core/Src/freertos.c **** void StartkeyboardTask(void *argument)
 158:Core/Src/freertos.c **** {
  28              		.loc 1 158 1 view -0
  29              		.cfi_startproc
  30              		@ args = 0, pretend = 0, frame = 0
  31              		@ frame_needed = 0, uses_anonymous_args = 0
  32              		.loc 1 158 1 is_stmt 0 view .LVU1
  33 0000 10B5     		push	{r4, lr}
  34              	.LCFI0:
  35              		.cfi_def_cfa_offset 8
  36              		.cfi_offset 4, -8
  37              		.cfi_offset 14, -4
 159:Core/Src/freertos.c ****   /* init code for USB_DEVICE */
 160:Core/Src/freertos.c ****   MX_USB_DEVICE_Init();
  38              		.loc 1 160 3 is_stmt 1 view .LVU2
  39 0002 FFF7FEFF 		bl	MX_USB_DEVICE_Init
  40              	.LVL1:
 161:Core/Src/freertos.c ****   /* USER CODE BEGIN StartkeyboardTask */
 162:Core/Src/freertos.c ****  
 163:Core/Src/freertos.c ****  
 164:Core/Src/freertos.c ****  Matrix_Keyboard_Init();
  41              		.loc 1 164 2 view .LVU3
  42 0006 FFF7FEFF 		bl	Matrix_Keyboard_Init
  43              	.LVL2:
 165:Core/Src/freertos.c ****   MX_USB_DEVICE_Init();
  44              		.loc 1 165 3 view .LVU4
  45 000a FFF7FEFF 		bl	MX_USB_DEVICE_Init
  46              	.LVL3:
 166:Core/Src/freertos.c ****  
 167:Core/Src/freertos.c ****   uint32_t tick = osKernelGetTickCount(); 
  47              		.loc 1 167 3 view .LVU5
  48              		.loc 1 167 19 is_stmt 0 view .LVU6
  49 000e FFF7FEFF 		bl	osKernelGetTickCount
  50              	.LVL4:
  51 0012 0446     		mov	r4, r0
  52              	.LVL5:
 168:Core/Src/freertos.c ****   // 定义周期为 10ms (假设你的配置是 1000Hz, 那么 10 ticks 就是 10ms)
 169:Core/Src/freertos.c ****   const uint32_t frequency = 10;
  53              		.loc 1 169 3 is_stmt 1 view .LVU7
  54              	.L2:
 170:Core/Src/freertos.c ****   /* Infinite loop */
 171:Core/Src/freertos.c ****   for(;;)
  55              		.loc 1 171 3 view .LVU8
 172:Core/Src/freertos.c ****   {
 173:Core/Src/freertos.c ****     // 1. 执行矩阵扫描
 174:Core/Src/freertos.c ****     Matrix_Keyboard_Scan();
ARM GAS  /tmp/ccz4xJEp.s 			page 5


  56              		.loc 1 174 5 view .LVU9
  57 0014 FFF7FEFF 		bl	Matrix_Keyboard_Scan
  58              	.LVL6:
 175:Core/Src/freertos.c **** 
 176:Core/Src/freertos.c ****     // 2. 绝对延时：确保从上一次唤醒到下一次唤醒精确间隔 10ms
 177:Core/Src/freertos.c ****     // 这会自动扣除 Matrix_Keyboard_Scan() 运行所占用的时间
 178:Core/Src/freertos.c ****     tick += frequency;
  59              		.loc 1 178 5 view .LVU10
  60              		.loc 1 178 10 is_stmt 0 view .LVU11
  61 0018 0A34     		adds	r4, r4, #10
  62              	.LVL7:
 179:Core/Src/freertos.c ****     osDelayUntil(tick);
  63              		.loc 1 179 5 is_stmt 1 discriminator 1 view .LVU12
  64 001a 2046     		mov	r0, r4
  65 001c FFF7FEFF 		bl	osDelayUntil
  66              	.LVL8:
 171:Core/Src/freertos.c ****   {
  67              		.loc 1 171 3 view .LVU13
  68 0020 F8E7     		b	.L2
  69              		.cfi_endproc
  70              	.LFE73:
  72              		.section	.text.StartguiTask,"ax",%progbits
  73              		.align	1
  74              		.global	StartguiTask
  75              		.syntax unified
  76              		.thumb
  77              		.thumb_func
  79              	StartguiTask:
  80              	.LVL9:
  81              	.LFB74:
 180:Core/Src/freertos.c ****   }
 181:Core/Src/freertos.c ****   /* USER CODE END StartkeyboardTask */
 182:Core/Src/freertos.c **** }
 183:Core/Src/freertos.c **** 
 184:Core/Src/freertos.c **** /* USER CODE BEGIN Header_StartguiTask */
 185:Core/Src/freertos.c **** /**
 186:Core/Src/freertos.c **** * @brief Function implementing the guiTakk thread.
 187:Core/Src/freertos.c **** * @param argument: Not used
 188:Core/Src/freertos.c **** * @retval None
 189:Core/Src/freertos.c **** */
 190:Core/Src/freertos.c **** /* USER CODE END Header_StartguiTask */
 191:Core/Src/freertos.c **** typedef enum {
 192:Core/Src/freertos.c ****     FACE_NORMAL,
 193:Core/Src/freertos.c ****     FACE_BLINK,
 194:Core/Src/freertos.c ****     FACE_DIZZY // 预留晕的状态
 195:Core/Src/freertos.c **** } FaceState_t;
 196:Core/Src/freertos.c **** 
 197:Core/Src/freertos.c **** void StartguiTask(void *argument)
 198:Core/Src/freertos.c **** {
  82              		.loc 1 198 1 view -0
  83              		.cfi_startproc
  84              		@ args = 0, pretend = 0, frame = 24
  85              		@ frame_needed = 0, uses_anonymous_args = 0
  86              		.loc 1 198 1 is_stmt 0 view .LVU15
  87 0000 2DE9F04F 		push	{r4, r5, r6, r7, r8, r9, r10, fp, lr}
  88              	.LCFI1:
  89              		.cfi_def_cfa_offset 36
ARM GAS  /tmp/ccz4xJEp.s 			page 6


  90              		.cfi_offset 4, -36
  91              		.cfi_offset 5, -32
  92              		.cfi_offset 6, -28
  93              		.cfi_offset 7, -24
  94              		.cfi_offset 8, -20
  95              		.cfi_offset 9, -16
  96              		.cfi_offset 10, -12
  97              		.cfi_offset 11, -8
  98              		.cfi_offset 14, -4
  99 0004 89B0     		sub	sp, sp, #36
 100              	.LCFI2:
 101              		.cfi_def_cfa_offset 72
 199:Core/Src/freertos.c ****   // 1. 初始化 (保持不变)
 200:Core/Src/freertos.c ****   u8g2_Setup_ssd1306_i2c_128x64_noname_f(&u8g2, U8G2_R0, u8x8_byte_stm32_hw_i2c, u8x8_stm32_gpio_an
 102              		.loc 1 200 3 is_stmt 1 view .LVU16
 103 0006 B24C     		ldr	r4, .L49
 104 0008 B24B     		ldr	r3, .L49+4
 105 000a B34A     		ldr	r2, .L49+8
 106 000c B349     		ldr	r1, .L49+12
 107 000e 2046     		mov	r0, r4
 108              	.LVL10:
 109              		.loc 1 200 3 is_stmt 0 view .LVU17
 110 0010 FFF7FEFF 		bl	u8g2_Setup_ssd1306_i2c_128x64_noname_f
 111              	.LVL11:
 201:Core/Src/freertos.c ****   u8x8_SetI2CAddress(&u8g2.u8x8, 0x78);
 112              		.loc 1 201 3 is_stmt 1 view .LVU18
 113 0014 7823     		movs	r3, #120
 114 0016 84F82430 		strb	r3, [r4, #36]
 202:Core/Src/freertos.c ****   u8g2_InitDisplay(&u8g2);
 115              		.loc 1 202 3 view .LVU19
 116 001a 2046     		mov	r0, r4
 117 001c FFF7FEFF 		bl	u8x8_InitDisplay
 118              	.LVL12:
 203:Core/Src/freertos.c ****   u8g2_SetPowerSave(&u8g2, 0);
 119              		.loc 1 203 3 view .LVU20
 120 0020 0021     		movs	r1, #0
 121 0022 2046     		mov	r0, r4
 122 0024 FFF7FEFF 		bl	u8x8_SetPowerSave
 123              	.LVL13:
 204:Core/Src/freertos.c **** 
 205:Core/Src/freertos.c ****   // 2. 变量定义
 206:Core/Src/freertos.c ****   InputEvent_t recv_evt;
 124              		.loc 1 206 3 view .LVU21
 207:Core/Src/freertos.c ****   UI_Page_t current_page = PAGE_HOME;
 125              		.loc 1 207 3 view .LVU22
 208:Core/Src/freertos.c ****   
 209:Core/Src/freertos.c ****   int8_t menu_index = 0;
 126              		.loc 1 209 3 view .LVU23
 210:Core/Src/freertos.c ****   const int8_t MENU_MAX = 3;
 127              		.loc 1 210 3 view .LVU24
 211:Core/Src/freertos.c ****   char *menu_items[] = {"Return", "Pomodoro", "Settings"};
 128              		.loc 1 211 3 view .LVU25
 129              		.loc 1 211 9 is_stmt 0 view .LVU26
 130 0028 AD4A     		ldr	r2, .L49+16
 131 002a 04AB     		add	r3, sp, #16
 132 002c 07CA     		ldm	r2, {r0, r1, r2}
 133 002e 83E80700 		stm	r3, {r0, r1, r2}
ARM GAS  /tmp/ccz4xJEp.s 			page 7


 212:Core/Src/freertos.c **** 
 213:Core/Src/freertos.c ****   // === 动画变量 ===
 214:Core/Src/freertos.c ****   uint32_t last_blink_time = 0;
 134              		.loc 1 214 3 is_stmt 1 view .LVU27
 135              	.LVL14:
 215:Core/Src/freertos.c ****   FaceState_t current_face = FACE_NORMAL;
 136              		.loc 1 215 3 view .LVU28
 216:Core/Src/freertos.c ****   
 217:Core/Src/freertos.c ****   // === 【关键修改】热度与时间戳 ===
 218:Core/Src/freertos.c ****   int16_t typing_heat = 0;      // 热度值
 137              		.loc 1 218 3 view .LVU29
 219:Core/Src/freertos.c ****   uint32_t last_key_time = 0;   // 最后一次按键的时间戳
 138              		.loc 1 219 3 view .LVU30
 139              		.loc 1 219 12 is_stmt 0 view .LVU31
 140 0032 4FF00009 		mov	r9, #0
 218:Core/Src/freertos.c ****   uint32_t last_key_time = 0;   // 最后一次按键的时间戳
 141              		.loc 1 218 11 view .LVU32
 142 0036 4D46     		mov	r5, r9
 209:Core/Src/freertos.c ****   const int8_t MENU_MAX = 3;
 143              		.loc 1 209 10 view .LVU33
 144 0038 C846     		mov	r8, r9
 207:Core/Src/freertos.c ****   
 145              		.loc 1 207 13 view .LVU34
 146 003a 4E46     		mov	r6, r9
 147 003c CDF80C90 		str	r9, [sp, #12]
 148 0040 4F46     		mov	r7, r9
 149 0042 22E1     		b	.L28
 150              	.LVL15:
 151              	.L48:
 152              	.LBB2:
 220:Core/Src/freertos.c **** 
 221:Core/Src/freertos.c ****   for(;;)
 222:Core/Src/freertos.c ****   {
 223:Core/Src/freertos.c ****     // 20ms 刷新率
 224:Core/Src/freertos.c ****     osStatus_t status = osMessageQueueGet(guiEventQueueHandle, &recv_evt, NULL, 20);
 225:Core/Src/freertos.c ****     if (status != osOK) recv_evt = EVENT_NONE;
 226:Core/Src/freertos.c **** 
 227:Core/Src/freertos.c ****     uint32_t now = osKernelGetTickCount(); // 获取当前系统时间
 228:Core/Src/freertos.c **** 
 229:Core/Src/freertos.c ****     // ================= 逻辑处理 =================
 230:Core/Src/freertos.c ****     
 231:Core/Src/freertos.c ****     // --- 1. 捕捉按键，更新时间戳 ---
 232:Core/Src/freertos.c ****     if (recv_evt == EVENT_KEY_HIT) {
 233:Core/Src/freertos.c ****         last_key_time = now; // 更新最后按键时间
 153              		.loc 1 233 9 is_stmt 1 view .LVU35
 234:Core/Src/freertos.c ****         typing_heat += 20;   // 升温：数值越大越容易晕
 154              		.loc 1 234 9 view .LVU36
 155              		.loc 1 234 21 is_stmt 0 view .LVU37
 156 0044 1435     		adds	r5, r5, #20
 157              	.LVL16:
 158              		.loc 1 234 21 view .LVU38
 159 0046 2DB2     		sxth	r5, r5
 160              	.LVL17:
 233:Core/Src/freertos.c ****         typing_heat += 20;   // 升温：数值越大越容易晕
 161              		.loc 1 233 23 view .LVU39
 162 0048 8146     		mov	r9, r0
 163 004a 32E1     		b	.L6
ARM GAS  /tmp/ccz4xJEp.s 			page 8


 164              	.LVL18:
 165              	.L29:
 235:Core/Src/freertos.c ****     }
 236:Core/Src/freertos.c **** 
 237:Core/Src/freertos.c ****     // --- 2. 热度自然衰减 (用于触发眩晕) ---
 238:Core/Src/freertos.c ****     // 只有在 3秒内 有输入时，才计算热度逻辑
 239:Core/Src/freertos.c ****     if (now - last_key_time < 3000) {
 240:Core/Src/freertos.c ****         typing_heat -= 1; // 缓慢降温
 241:Core/Src/freertos.c ****     } else {
 242:Core/Src/freertos.c ****         // --- 3. 【核心逻辑】超时 3秒 强制恢复 ---
 243:Core/Src/freertos.c ****         typing_heat = 0;            // 热度归零
 244:Core/Src/freertos.c ****         current_face = FACE_NORMAL; // 强制恢复正常脸
 166              		.loc 1 244 22 view .LVU40
 167 004c 0027     		movs	r7, #0
 168              	.LVL19:
 243:Core/Src/freertos.c ****         current_face = FACE_NORMAL; // 强制恢复正常脸
 169              		.loc 1 243 21 view .LVU41
 170 004e 3D46     		mov	r5, r7
 171              	.LVL20:
 172              	.L7:
 245:Core/Src/freertos.c ****     }
 246:Core/Src/freertos.c ****     
 247:Core/Src/freertos.c ****     // 限制热度范围
 248:Core/Src/freertos.c ****     if (typing_heat > 100) typing_heat = 100;
 249:Core/Src/freertos.c ****     if (typing_heat < 0) typing_heat = 0;
 173              		.loc 1 249 5 is_stmt 1 view .LVU42
 174              		.loc 1 249 8 is_stmt 0 view .LVU43
 175 0050 002D     		cmp	r5, #0
 176 0052 10DB     		blt	.L40
 177              	.LVL21:
 178              	.L8:
 250:Core/Src/freertos.c **** 
 251:Core/Src/freertos.c ****     // --- 4. 状态切换判定 ---
 252:Core/Src/freertos.c ****     // 只有没超时的时候，才允许变晕
 253:Core/Src/freertos.c ****     if (now - last_key_time < 3000) {
 179              		.loc 1 253 5 is_stmt 1 view .LVU44
 180              		.loc 1 253 8 is_stmt 0 view .LVU45
 181 0054 40F6B731 		movw	r1, #2999
 182 0058 8A42     		cmp	r2, r1
 183 005a 02D8     		bhi	.L9
 254:Core/Src/freertos.c ****         if (typing_heat > 80) {
 184              		.loc 1 254 9 is_stmt 1 view .LVU46
 185              		.loc 1 254 12 is_stmt 0 view .LVU47
 186 005c 502D     		cmp	r5, #80
 187 005e 00DD     		ble	.L9
 255:Core/Src/freertos.c ****             current_face = FACE_DIZZY; // 热度超过60变晕
 188              		.loc 1 255 26 view .LVU48
 189 0060 0227     		movs	r7, #2
 190              	.L9:
 191              	.LVL22:
 256:Core/Src/freertos.c ****         }
 257:Core/Src/freertos.c ****         // 注意：这里去掉了“降到40恢复”的逻辑，完全交给 3秒倒计时来恢
 258:Core/Src/freertos.c ****         // 这样只要你一旦晕了，就会晕满 3秒 (或者直到你停止输入3秒)
 259:Core/Src/freertos.c ****     }
 260:Core/Src/freertos.c **** 
 261:Core/Src/freertos.c ****     // --- 5. 页面跳转逻辑 (保持不变) ---
 262:Core/Src/freertos.c ****     switch (current_page) 
ARM GAS  /tmp/ccz4xJEp.s 			page 9


 192              		.loc 1 262 5 is_stmt 1 view .LVU49
 193 0062 56B9     		cbnz	r6, .L10
 194 0064 26BB     		cbnz	r6, .L13
 263:Core/Src/freertos.c ****     {
 264:Core/Src/freertos.c ****         case PAGE_HOME:
 265:Core/Src/freertos.c ****             if (recv_evt == EVENT_ENCODER_UP || 
 195              		.loc 1 265 13 view .LVU50
 266:Core/Src/freertos.c ****                 recv_evt == EVENT_ENCODER_DOWN || 
 196              		.loc 1 266 48 is_stmt 0 view .LVU51
 197 0066 013B     		subs	r3, r3, #1
 198 0068 DBB2     		uxtb	r3, r3
 265:Core/Src/freertos.c ****                 recv_evt == EVENT_ENCODER_DOWN || 
 199              		.loc 1 265 16 view .LVU52
 200 006a 022B     		cmp	r3, #2
 201 006c 20D8     		bhi	.L13
 267:Core/Src/freertos.c ****                 recv_evt == EVENT_ENCODER_CLICK) 
 268:Core/Src/freertos.c ****             {
 269:Core/Src/freertos.c ****                 current_page = PAGE_MENU;
 270:Core/Src/freertos.c ****                 menu_index = 0;
 202              		.loc 1 270 28 view .LVU53
 203 006e 4FF00008 		mov	r8, #0
 204              	.LVL23:
 269:Core/Src/freertos.c ****                 menu_index = 0;
 205              		.loc 1 269 30 view .LVU54
 206 0072 0126     		movs	r6, #1
 207              	.LVL24:
 269:Core/Src/freertos.c ****                 menu_index = 0;
 208              		.loc 1 269 30 view .LVU55
 209 0074 1CE0     		b	.L13
 210              	.LVL25:
 211              	.L40:
 249:Core/Src/freertos.c **** 
 212              		.loc 1 249 38 discriminator 1 view .LVU56
 213 0076 0025     		movs	r5, #0
 214              	.LVL26:
 249:Core/Src/freertos.c **** 
 215              		.loc 1 249 38 discriminator 1 view .LVU57
 216 0078 ECE7     		b	.L8
 217              	.LVL27:
 218              	.L10:
 271:Core/Src/freertos.c ****             }
 272:Core/Src/freertos.c ****             break;
 273:Core/Src/freertos.c ****         // ... (其他页面逻辑不变) ...
 274:Core/Src/freertos.c ****         case PAGE_MENU:
 275:Core/Src/freertos.c ****             if (recv_evt == EVENT_ENCODER_DOWN) menu_index++;
 219              		.loc 1 275 13 is_stmt 1 view .LVU58
 220              		.loc 1 275 16 is_stmt 0 view .LVU59
 221 007a 022B     		cmp	r3, #2
 222 007c 0AD0     		beq	.L41
 223              	.L15:
 276:Core/Src/freertos.c ****             if (recv_evt == EVENT_ENCODER_UP)   menu_index--;
 224              		.loc 1 276 13 is_stmt 1 view .LVU60
 225              		.loc 1 276 16 is_stmt 0 view .LVU61
 226 007e 012B     		cmp	r3, #1
 227 0080 0DD0     		beq	.L42
 228              	.L16:
 277:Core/Src/freertos.c ****             if (menu_index < 0) menu_index = MENU_MAX - 1;
ARM GAS  /tmp/ccz4xJEp.s 			page 10


 229              		.loc 1 277 13 is_stmt 1 view .LVU62
 230              		.loc 1 277 16 is_stmt 0 view .LVU63
 231 0082 B8F1000F 		cmp	r8, #0
 232 0086 0FDB     		blt	.L34
 278:Core/Src/freertos.c ****             if (menu_index >= MENU_MAX) menu_index = 0;
 233              		.loc 1 278 13 is_stmt 1 view .LVU64
 234              		.loc 1 278 16 is_stmt 0 view .LVU65
 235 0088 B8F1020F 		cmp	r8, #2
 236 008c 0EDD     		ble	.L17
 237              		.loc 1 278 52 discriminator 1 view .LVU66
 238 008e 4FF00008 		mov	r8, #0
 239              	.LVL28:
 240              		.loc 1 278 52 discriminator 1 view .LVU67
 241 0092 0BE0     		b	.L17
 242              	.LVL29:
 243              	.L41:
 275:Core/Src/freertos.c ****             if (recv_evt == EVENT_ENCODER_UP)   menu_index--;
 244              		.loc 1 275 49 is_stmt 1 discriminator 1 view .LVU68
 275:Core/Src/freertos.c ****             if (recv_evt == EVENT_ENCODER_UP)   menu_index--;
 245              		.loc 1 275 59 is_stmt 0 discriminator 1 view .LVU69
 246 0094 08F10108 		add	r8, r8, #1
 247              	.LVL30:
 275:Core/Src/freertos.c ****             if (recv_evt == EVENT_ENCODER_UP)   menu_index--;
 248              		.loc 1 275 59 discriminator 1 view .LVU70
 249 0098 4FFA88F8 		sxtb	r8, r8
 250              	.LVL31:
 275:Core/Src/freertos.c ****             if (recv_evt == EVENT_ENCODER_UP)   menu_index--;
 251              		.loc 1 275 59 discriminator 1 view .LVU71
 252 009c EFE7     		b	.L15
 253              	.L42:
 276:Core/Src/freertos.c ****             if (menu_index < 0) menu_index = MENU_MAX - 1;
 254              		.loc 1 276 49 is_stmt 1 discriminator 1 view .LVU72
 276:Core/Src/freertos.c ****             if (menu_index < 0) menu_index = MENU_MAX - 1;
 255              		.loc 1 276 59 is_stmt 0 discriminator 1 view .LVU73
 256 009e 08F1FF38 		add	r8, r8, #-1
 257              	.LVL32:
 276:Core/Src/freertos.c ****             if (menu_index < 0) menu_index = MENU_MAX - 1;
 258              		.loc 1 276 59 discriminator 1 view .LVU74
 259 00a2 4FFA88F8 		sxtb	r8, r8
 260              	.LVL33:
 276:Core/Src/freertos.c ****             if (menu_index < 0) menu_index = MENU_MAX - 1;
 261              		.loc 1 276 59 discriminator 1 view .LVU75
 262 00a6 ECE7     		b	.L16
 263              	.L34:
 277:Core/Src/freertos.c ****             if (menu_index >= MENU_MAX) menu_index = 0;
 264              		.loc 1 277 44 discriminator 1 view .LVU76
 265 00a8 4FF00208 		mov	r8, #2
 266              	.LVL34:
 267              	.L17:
 279:Core/Src/freertos.c ****             if (recv_evt == EVENT_ENCODER_CLICK) {
 268              		.loc 1 279 13 is_stmt 1 view .LVU77
 269              		.loc 1 279 16 is_stmt 0 view .LVU78
 270 00ac 032B     		cmp	r3, #3
 271 00ae 0ED0     		beq	.L43
 272              	.LVL35:
 273              	.L13:
 280:Core/Src/freertos.c ****                 if (menu_index == 0) current_page = PAGE_HOME;
ARM GAS  /tmp/ccz4xJEp.s 			page 11


 281:Core/Src/freertos.c ****             }
 282:Core/Src/freertos.c ****             break;
 283:Core/Src/freertos.c ****         case PAGE_POMODORO:
 284:Core/Src/freertos.c ****         case PAGE_GAME:
 285:Core/Src/freertos.c ****              if (recv_evt == EVENT_ENCODER_CLICK) current_page = PAGE_MENU;
 286:Core/Src/freertos.c ****              break;
 287:Core/Src/freertos.c ****     }
 288:Core/Src/freertos.c **** 
 289:Core/Src/freertos.c ****     // ================= 绘图处理 (保持不变) =================
 290:Core/Src/freertos.c ****     u8g2_ClearBuffer(&u8g2);
 274              		.loc 1 290 5 is_stmt 1 view .LVU79
 275 00b0 8748     		ldr	r0, .L49
 276              	.LVL36:
 277              		.loc 1 290 5 is_stmt 0 view .LVU80
 278 00b2 FFF7FEFF 		bl	u8g2_ClearBuffer
 279              	.LVL37:
 291:Core/Src/freertos.c **** 
 292:Core/Src/freertos.c ****     switch (current_page) 
 280              		.loc 1 292 5 is_stmt 1 view .LVU81
 281 00b6 7EB1     		cbz	r6, .L18
 282 00b8 002E     		cmp	r6, #0
 283 00ba 00F0E380 		beq	.L20
 293:Core/Src/freertos.c ****     {
 294:Core/Src/freertos.c ****         case PAGE_HOME:
 295:Core/Src/freertos.c ****             if (current_face == FACE_DIZZY) {
 296:Core/Src/freertos.c ****                 // 晕脸绘制 (X 眼睛)
 297:Core/Src/freertos.c ****                 u8g2_DrawLine(&u8g2, 22, 15, 42, 35);
 298:Core/Src/freertos.c ****                 u8g2_DrawLine(&u8g2, 42, 15, 22, 35);
 299:Core/Src/freertos.c ****                 u8g2_DrawLine(&u8g2, 86, 15, 106, 35);
 300:Core/Src/freertos.c ****                 u8g2_DrawLine(&u8g2, 106, 15, 86, 35);
 301:Core/Src/freertos.c ****                 u8g2_DrawCircle(&u8g2, 64, 52, 6, U8G2_DRAW_ALL);
 302:Core/Src/freertos.c ****                 // 蚊香圈
 303:Core/Src/freertos.c ****                 u8g2_DrawLine(&u8g2, 58, 5, 70, 5);
 304:Core/Src/freertos.c ****                 u8g2_DrawLine(&u8g2, 60, 2, 68, 2);
 305:Core/Src/freertos.c ****             }
 306:Core/Src/freertos.c ****             else { // FACE_NORMAL
 307:Core/Src/freertos.c ****                 // 正常脸绘制 (眨眼动画)
 308:Core/Src/freertos.c ****                 int is_blink = 0;
 309:Core/Src/freertos.c ****                 // 只有不是晕的时候才眨眼
 310:Core/Src/freertos.c ****                 if (now - last_blink_time > 3500) {
 311:Core/Src/freertos.c ****                     is_blink = 1;
 312:Core/Src/freertos.c ****                     if (now - last_blink_time > 3650) {
 313:Core/Src/freertos.c ****                         is_blink = 0;
 314:Core/Src/freertos.c ****                         last_blink_time = now;
 315:Core/Src/freertos.c ****                     }
 316:Core/Src/freertos.c ****                 }
 317:Core/Src/freertos.c ****                 if (is_blink) {
 318:Core/Src/freertos.c ****                     u8g2_DrawBox(&u8g2, 18, 23, 28, 4);
 319:Core/Src/freertos.c ****                     u8g2_DrawBox(&u8g2, 82, 23, 28, 4);
 320:Core/Src/freertos.c ****                 } else {
 321:Core/Src/freertos.c ****                     u8g2_DrawFilledEllipse(&u8g2, 32, 25, 12, 18, U8G2_DRAW_ALL);
 322:Core/Src/freertos.c ****                     u8g2_DrawFilledEllipse(&u8g2, 96, 25, 12, 18, U8G2_DRAW_ALL);
 323:Core/Src/freertos.c ****                     u8g2_SetDrawColor(&u8g2, 0); 
 324:Core/Src/freertos.c ****                     u8g2_DrawDisc(&u8g2, 36, 20, 3, U8G2_DRAW_ALL);
 325:Core/Src/freertos.c ****                     u8g2_DrawDisc(&u8g2, 100, 20, 3, U8G2_DRAW_ALL);
 326:Core/Src/freertos.c ****                     u8g2_SetDrawColor(&u8g2, 1);
 327:Core/Src/freertos.c ****                 }
ARM GAS  /tmp/ccz4xJEp.s 			page 12


 328:Core/Src/freertos.c ****                 u8g2_DrawRBox(&u8g2, 44, 50, 40, 8, 3);
 329:Core/Src/freertos.c ****             }
 330:Core/Src/freertos.c ****             break;
 331:Core/Src/freertos.c **** 
 332:Core/Src/freertos.c ****         case PAGE_MENU:
 333:Core/Src/freertos.c ****             // 菜单绘制保持不变...
 334:Core/Src/freertos.c ****             u8g2_SetFont(&u8g2, u8g2_font_ncenB10_tr);
 284              		.loc 1 334 13 view .LVU82
 285 00be 8949     		ldr	r1, .L49+20
 286 00c0 8348     		ldr	r0, .L49
 287 00c2 FFF7FEFF 		bl	u8g2_SetFont
 288              	.LVL38:
 335:Core/Src/freertos.c ****             for (int i = 0; i < MENU_MAX; i++) {
 289              		.loc 1 335 13 view .LVU83
 290              	.LBB3:
 291              		.loc 1 335 18 view .LVU84
 292              		.loc 1 335 22 is_stmt 0 view .LVU85
 293 00c6 0024     		movs	r4, #0
 294              	.LVL39:
 295              		.loc 1 335 22 view .LVU86
 296 00c8 0296     		str	r6, [sp, #8]
 297 00ca AB46     		mov	fp, r5
 298              		.loc 1 335 13 view .LVU87
 299 00cc C6E0     		b	.L24
 300              	.LVL40:
 301              	.L43:
 302              		.loc 1 335 13 view .LVU88
 303              	.LBE3:
 280:Core/Src/freertos.c ****             }
 304              		.loc 1 280 17 is_stmt 1 view .LVU89
 280:Core/Src/freertos.c ****             }
 305              		.loc 1 280 20 is_stmt 0 view .LVU90
 306 00ce B8F1000F 		cmp	r8, #0
 307 00d2 EDD1     		bne	.L13
 280:Core/Src/freertos.c ****             }
 308              		.loc 1 280 51 discriminator 1 view .LVU91
 309 00d4 0026     		movs	r6, #0
 310              	.LVL41:
 280:Core/Src/freertos.c ****             }
 311              		.loc 1 280 51 discriminator 1 view .LVU92
 312 00d6 EBE7     		b	.L13
 313              	.LVL42:
 314              	.L18:
 295:Core/Src/freertos.c ****                 // 晕脸绘制 (X 眼睛)
 315              		.loc 1 295 13 is_stmt 1 view .LVU93
 295:Core/Src/freertos.c ****                 // 晕脸绘制 (X 眼睛)
 316              		.loc 1 295 16 is_stmt 0 view .LVU94
 317 00d8 002F     		cmp	r7, #0
 318 00da 46D1     		bne	.L44
 319              	.LBB6:
 308:Core/Src/freertos.c ****                 // 只有不是晕的时候才眨眼
 320              		.loc 1 308 17 is_stmt 1 view .LVU95
 321              	.LVL43:
 310:Core/Src/freertos.c ****                     is_blink = 1;
 322              		.loc 1 310 17 view .LVU96
 310:Core/Src/freertos.c ****                     is_blink = 1;
 323              		.loc 1 310 25 is_stmt 0 view .LVU97
ARM GAS  /tmp/ccz4xJEp.s 			page 13


 324 00dc 039B     		ldr	r3, [sp, #12]
 325 00de E31A     		subs	r3, r4, r3
 310:Core/Src/freertos.c ****                     is_blink = 1;
 326              		.loc 1 310 20 view .LVU98
 327 00e0 40F6AC52 		movw	r2, #3500
 328 00e4 9342     		cmp	r3, r2
 329 00e6 40F28E80 		bls	.L38
 311:Core/Src/freertos.c ****                     if (now - last_blink_time > 3650) {
 330              		.loc 1 311 21 is_stmt 1 view .LVU99
 331              	.LVL44:
 312:Core/Src/freertos.c ****                         is_blink = 0;
 332              		.loc 1 312 21 view .LVU100
 312:Core/Src/freertos.c ****                         is_blink = 0;
 333              		.loc 1 312 24 is_stmt 0 view .LVU101
 334 00ea 40F64262 		movw	r2, #3650
 335 00ee 9342     		cmp	r3, r2
 336 00f0 75D9     		bls	.L45
 337              	.LVL45:
 338              	.L22:
 321:Core/Src/freertos.c ****                     u8g2_DrawFilledEllipse(&u8g2, 96, 25, 12, 18, U8G2_DRAW_ALL);
 339              		.loc 1 321 21 is_stmt 1 view .LVU102
 340 00f2 DFF8DCA1 		ldr	r10, .L49
 341 00f6 4FF00F0B 		mov	fp, #15
 342 00fa CDF804B0 		str	fp, [sp, #4]
 343 00fe 1223     		movs	r3, #18
 344 0100 0093     		str	r3, [sp]
 345 0102 0C23     		movs	r3, #12
 346 0104 1922     		movs	r2, #25
 347 0106 2021     		movs	r1, #32
 348 0108 5046     		mov	r0, r10
 349 010a FFF7FEFF 		bl	u8g2_DrawFilledEllipse
 350              	.LVL46:
 322:Core/Src/freertos.c ****                     u8g2_SetDrawColor(&u8g2, 0); 
 351              		.loc 1 322 21 view .LVU103
 352 010e CDF804B0 		str	fp, [sp, #4]
 353 0112 1223     		movs	r3, #18
 354 0114 0093     		str	r3, [sp]
 355 0116 0C23     		movs	r3, #12
 356 0118 1922     		movs	r2, #25
 357 011a 6021     		movs	r1, #96
 358 011c 5046     		mov	r0, r10
 359 011e FFF7FEFF 		bl	u8g2_DrawFilledEllipse
 360              	.LVL47:
 323:Core/Src/freertos.c ****                     u8g2_DrawDisc(&u8g2, 36, 20, 3, U8G2_DRAW_ALL);
 361              		.loc 1 323 21 view .LVU104
 362 0122 0021     		movs	r1, #0
 363 0124 5046     		mov	r0, r10
 364 0126 FFF7FEFF 		bl	u8g2_SetDrawColor
 365              	.LVL48:
 324:Core/Src/freertos.c ****                     u8g2_DrawDisc(&u8g2, 100, 20, 3, U8G2_DRAW_ALL);
 366              		.loc 1 324 21 view .LVU105
 367 012a CDF800B0 		str	fp, [sp]
 368 012e 0323     		movs	r3, #3
 369 0130 1422     		movs	r2, #20
 370 0132 2421     		movs	r1, #36
 371 0134 5046     		mov	r0, r10
 372 0136 FFF7FEFF 		bl	u8g2_DrawDisc
ARM GAS  /tmp/ccz4xJEp.s 			page 14


 373              	.LVL49:
 325:Core/Src/freertos.c ****                     u8g2_SetDrawColor(&u8g2, 1);
 374              		.loc 1 325 21 view .LVU106
 375 013a CDF800B0 		str	fp, [sp]
 376 013e 0323     		movs	r3, #3
 377 0140 1422     		movs	r2, #20
 378 0142 6421     		movs	r1, #100
 379 0144 5046     		mov	r0, r10
 380 0146 FFF7FEFF 		bl	u8g2_DrawDisc
 381              	.LVL50:
 326:Core/Src/freertos.c ****                 }
 382              		.loc 1 326 21 view .LVU107
 383 014a 0121     		movs	r1, #1
 384 014c 5046     		mov	r0, r10
 385 014e FFF7FEFF 		bl	u8g2_SetDrawColor
 386              	.LVL51:
 387 0152 0394     		str	r4, [sp, #12]
 388              	.L23:
 328:Core/Src/freertos.c ****             }
 389              		.loc 1 328 17 view .LVU108
 390 0154 0323     		movs	r3, #3
 391 0156 0193     		str	r3, [sp, #4]
 392 0158 0823     		movs	r3, #8
 393 015a 0093     		str	r3, [sp]
 394 015c 2823     		movs	r3, #40
 395 015e 3222     		movs	r2, #50
 396 0160 2C21     		movs	r1, #44
 397 0162 5B48     		ldr	r0, .L49
 398 0164 FFF7FEFF 		bl	u8g2_DrawRBox
 399              	.LVL52:
 400 0168 8CE0     		b	.L20
 401              	.LVL53:
 402              	.L44:
 328:Core/Src/freertos.c ****             }
 403              		.loc 1 328 17 is_stmt 0 view .LVU109
 404              	.LBE6:
 297:Core/Src/freertos.c ****                 u8g2_DrawLine(&u8g2, 42, 15, 22, 35);
 405              		.loc 1 297 17 is_stmt 1 view .LVU110
 406 016a 594C     		ldr	r4, .L49
 407              	.LVL54:
 297:Core/Src/freertos.c ****                 u8g2_DrawLine(&u8g2, 42, 15, 22, 35);
 408              		.loc 1 297 17 is_stmt 0 view .LVU111
 409 016c 4FF0230A 		mov	r10, #35
 410 0170 CDF800A0 		str	r10, [sp]
 411 0174 2A23     		movs	r3, #42
 412 0176 0F22     		movs	r2, #15
 413 0178 1621     		movs	r1, #22
 414 017a 2046     		mov	r0, r4
 415 017c FFF7FEFF 		bl	u8g2_DrawLine
 416              	.LVL55:
 298:Core/Src/freertos.c ****                 u8g2_DrawLine(&u8g2, 86, 15, 106, 35);
 417              		.loc 1 298 17 is_stmt 1 view .LVU112
 418 0180 CDF800A0 		str	r10, [sp]
 419 0184 1623     		movs	r3, #22
 420 0186 0F22     		movs	r2, #15
 421 0188 2A21     		movs	r1, #42
 422 018a 2046     		mov	r0, r4
ARM GAS  /tmp/ccz4xJEp.s 			page 15


 423 018c FFF7FEFF 		bl	u8g2_DrawLine
 424              	.LVL56:
 299:Core/Src/freertos.c ****                 u8g2_DrawLine(&u8g2, 106, 15, 86, 35);
 425              		.loc 1 299 17 view .LVU113
 426 0190 CDF800A0 		str	r10, [sp]
 427 0194 6A23     		movs	r3, #106
 428 0196 0F22     		movs	r2, #15
 429 0198 5621     		movs	r1, #86
 430 019a 2046     		mov	r0, r4
 431 019c FFF7FEFF 		bl	u8g2_DrawLine
 432              	.LVL57:
 300:Core/Src/freertos.c ****                 u8g2_DrawCircle(&u8g2, 64, 52, 6, U8G2_DRAW_ALL);
 433              		.loc 1 300 17 view .LVU114
 434 01a0 CDF800A0 		str	r10, [sp]
 435 01a4 5623     		movs	r3, #86
 436 01a6 0F22     		movs	r2, #15
 437 01a8 6A21     		movs	r1, #106
 438 01aa 2046     		mov	r0, r4
 439 01ac FFF7FEFF 		bl	u8g2_DrawLine
 440              	.LVL58:
 301:Core/Src/freertos.c ****                 // 蚊香圈
 441              		.loc 1 301 17 view .LVU115
 442 01b0 0F23     		movs	r3, #15
 443 01b2 0093     		str	r3, [sp]
 444 01b4 0623     		movs	r3, #6
 445 01b6 3422     		movs	r2, #52
 446 01b8 4021     		movs	r1, #64
 447 01ba 2046     		mov	r0, r4
 448 01bc FFF7FEFF 		bl	u8g2_DrawCircle
 449              	.LVL59:
 303:Core/Src/freertos.c ****                 u8g2_DrawLine(&u8g2, 60, 2, 68, 2);
 450              		.loc 1 303 17 view .LVU116
 451 01c0 0522     		movs	r2, #5
 452 01c2 0092     		str	r2, [sp]
 453 01c4 4623     		movs	r3, #70
 454 01c6 3A21     		movs	r1, #58
 455 01c8 2046     		mov	r0, r4
 456 01ca FFF7FEFF 		bl	u8g2_DrawLine
 457              	.LVL60:
 304:Core/Src/freertos.c ****             }
 458              		.loc 1 304 17 view .LVU117
 459 01ce 0222     		movs	r2, #2
 460 01d0 0092     		str	r2, [sp]
 461 01d2 4423     		movs	r3, #68
 462 01d4 3C21     		movs	r1, #60
 463 01d6 2046     		mov	r0, r4
 464 01d8 FFF7FEFF 		bl	u8g2_DrawLine
 465              	.LVL61:
 466 01dc 52E0     		b	.L20
 467              	.LVL62:
 468              	.L45:
 469              	.LBB7:
 317:Core/Src/freertos.c ****                     u8g2_DrawBox(&u8g2, 18, 23, 28, 4);
 470              		.loc 1 317 17 view .LVU118
 318:Core/Src/freertos.c ****                     u8g2_DrawBox(&u8g2, 82, 23, 28, 4);
 471              		.loc 1 318 21 view .LVU119
 472 01de 3C4C     		ldr	r4, .L49
ARM GAS  /tmp/ccz4xJEp.s 			page 16


 473              	.LVL63:
 318:Core/Src/freertos.c ****                     u8g2_DrawBox(&u8g2, 82, 23, 28, 4);
 474              		.loc 1 318 21 is_stmt 0 view .LVU120
 475 01e0 4FF0040A 		mov	r10, #4
 476 01e4 CDF800A0 		str	r10, [sp]
 477 01e8 1C23     		movs	r3, #28
 478 01ea 1722     		movs	r2, #23
 479 01ec 1221     		movs	r1, #18
 480 01ee 2046     		mov	r0, r4
 481 01f0 FFF7FEFF 		bl	u8g2_DrawBox
 482              	.LVL64:
 319:Core/Src/freertos.c ****                 } else {
 483              		.loc 1 319 21 is_stmt 1 view .LVU121
 484 01f4 CDF800A0 		str	r10, [sp]
 485 01f8 1C23     		movs	r3, #28
 486 01fa 1722     		movs	r2, #23
 487 01fc 5221     		movs	r1, #82
 488 01fe 2046     		mov	r0, r4
 489 0200 FFF7FEFF 		bl	u8g2_DrawBox
 490              	.LVL65:
 491 0204 A6E7     		b	.L23
 492              	.LVL66:
 493              	.L38:
 319:Core/Src/freertos.c ****                 } else {
 494              		.loc 1 319 21 is_stmt 0 view .LVU122
 495 0206 039C     		ldr	r4, [sp, #12]
 496              	.LVL67:
 319:Core/Src/freertos.c ****                 } else {
 497              		.loc 1 319 21 view .LVU123
 498 0208 73E7     		b	.L22
 499              	.LVL68:
 500              	.L47:
 319:Core/Src/freertos.c ****                 } else {
 501              		.loc 1 319 21 view .LVU124
 502              	.LBE7:
 503              	.LBB8:
 504              	.LBB4:
 336:Core/Src/freertos.c ****                 int y_pos = 20 + i * 20;
 337:Core/Src/freertos.c ****                 if (i == menu_index) {
 338:Core/Src/freertos.c ****                     u8g2_DrawRBox(&u8g2, 10, y_pos - 14, 108, 19, 4);
 505              		.loc 1 338 21 is_stmt 1 view .LVU125
 506 020a A6F10E02 		sub	r2, r6, #14
 507 020e 304D     		ldr	r5, .L49
 508 0210 0423     		movs	r3, #4
 509 0212 0193     		str	r3, [sp, #4]
 510 0214 1323     		movs	r3, #19
 511 0216 0093     		str	r3, [sp]
 512 0218 6C23     		movs	r3, #108
 513 021a 02F0FE02 		and	r2, r2, #254
 514 021e 0A21     		movs	r1, #10
 515 0220 2846     		mov	r0, r5
 516 0222 FFF7FEFF 		bl	u8g2_DrawRBox
 517              	.LVL69:
 339:Core/Src/freertos.c ****                     u8g2_SetDrawColor(&u8g2, 0);
 518              		.loc 1 339 21 view .LVU126
 519 0226 0021     		movs	r1, #0
 520 0228 2846     		mov	r0, r5
ARM GAS  /tmp/ccz4xJEp.s 			page 17


 521 022a FFF7FEFF 		bl	u8g2_SetDrawColor
 522              	.LVL70:
 523              	.L26:
 340:Core/Src/freertos.c ****                 } else {
 341:Core/Src/freertos.c ****                     u8g2_SetDrawColor(&u8g2, 1);
 342:Core/Src/freertos.c ****                 }
 343:Core/Src/freertos.c ****                 int str_w = u8g2_GetStrWidth(&u8g2, menu_items[i]);
 524              		.loc 1 343 17 view .LVU127
 525              		.loc 1 343 63 is_stmt 0 view .LVU128
 526 022e 08AB     		add	r3, sp, #32
 527 0230 03EB8404 		add	r4, r3, r4, lsl #2
 528              	.LVL71:
 529              		.loc 1 343 63 view .LVU129
 530 0234 54F8105C 		ldr	r5, [r4, #-16]
 531              		.loc 1 343 29 view .LVU130
 532 0238 254C     		ldr	r4, .L49
 533 023a 2946     		mov	r1, r5
 534 023c 2046     		mov	r0, r4
 535 023e FFF7FEFF 		bl	u8g2_GetStrWidth
 536              	.LVL72:
 344:Core/Src/freertos.c ****                 u8g2_DrawStr(&u8g2, (128 - str_w) / 2, y_pos, menu_items[i]);
 537              		.loc 1 344 17 is_stmt 1 view .LVU131
 538              		.loc 1 344 42 is_stmt 0 view .LVU132
 539 0242 C0F18001 		rsb	r1, r0, #128
 540              		.loc 1 344 51 view .LVU133
 541 0246 01EBD171 		add	r1, r1, r1, lsr #31
 542              		.loc 1 344 17 view .LVU134
 543 024a 2B46     		mov	r3, r5
 544 024c 06F0FC02 		and	r2, r6, #252
 545 0250 C1F34701 		ubfx	r1, r1, #1, #8
 546 0254 2046     		mov	r0, r4
 547              	.LVL73:
 548              		.loc 1 344 17 view .LVU135
 549 0256 FFF7FEFF 		bl	u8g2_DrawStr
 550              	.LVL74:
 551              	.LBE4:
 335:Core/Src/freertos.c ****                 int y_pos = 20 + i * 20;
 552              		.loc 1 335 44 is_stmt 1 discriminator 2 view .LVU136
 335:Core/Src/freertos.c ****                 int y_pos = 20 + i * 20;
 553              		.loc 1 335 44 is_stmt 0 discriminator 2 view .LVU137
 554 025a 5446     		mov	r4, r10
 555              	.LVL75:
 556              	.L24:
 335:Core/Src/freertos.c ****                 int y_pos = 20 + i * 20;
 557              		.loc 1 335 31 is_stmt 1 discriminator 1 view .LVU138
 558 025c 022C     		cmp	r4, #2
 559 025e 0BDC     		bgt	.L46
 560              	.LBB5:
 336:Core/Src/freertos.c ****                 if (i == menu_index) {
 561              		.loc 1 336 17 view .LVU139
 336:Core/Src/freertos.c ****                 if (i == menu_index) {
 562              		.loc 1 336 32 is_stmt 0 view .LVU140
 563 0260 04F1010A 		add	r10, r4, #1
 336:Core/Src/freertos.c ****                 if (i == menu_index) {
 564              		.loc 1 336 21 view .LVU141
 565 0264 0AEB8A06 		add	r6, r10, r10, lsl #2
 566 0268 B600     		lsls	r6, r6, #2
ARM GAS  /tmp/ccz4xJEp.s 			page 18


 567              	.LVL76:
 337:Core/Src/freertos.c ****                     u8g2_DrawRBox(&u8g2, 10, y_pos - 14, 108, 19, 4);
 568              		.loc 1 337 17 is_stmt 1 view .LVU142
 337:Core/Src/freertos.c ****                     u8g2_DrawRBox(&u8g2, 10, y_pos - 14, 108, 19, 4);
 569              		.loc 1 337 20 is_stmt 0 view .LVU143
 570 026a A045     		cmp	r8, r4
 571 026c CDD0     		beq	.L47
 341:Core/Src/freertos.c ****                 }
 572              		.loc 1 341 21 is_stmt 1 view .LVU144
 573 026e 0121     		movs	r1, #1
 574 0270 1748     		ldr	r0, .L49
 575 0272 FFF7FEFF 		bl	u8g2_SetDrawColor
 576              	.LVL77:
 577 0276 DAE7     		b	.L26
 578              	.LVL78:
 579              	.L46:
 341:Core/Src/freertos.c ****                 }
 580              		.loc 1 341 21 is_stmt 0 view .LVU145
 581              	.LBE5:
 582              	.LBE8:
 345:Core/Src/freertos.c ****             }
 346:Core/Src/freertos.c ****             u8g2_SetDrawColor(&u8g2, 1);
 583              		.loc 1 346 13 view .LVU146
 584 0278 029E     		ldr	r6, [sp, #8]
 585 027a 5D46     		mov	r5, fp
 586              		.loc 1 346 13 is_stmt 1 view .LVU147
 587 027c 0121     		movs	r1, #1
 588 027e 1448     		ldr	r0, .L49
 589 0280 FFF7FEFF 		bl	u8g2_SetDrawColor
 590              	.LVL79:
 347:Core/Src/freertos.c ****             break;
 591              		.loc 1 347 13 view .LVU148
 592              	.L20:
 348:Core/Src/freertos.c ****     }
 349:Core/Src/freertos.c **** 
 350:Core/Src/freertos.c ****     u8g2_SendBuffer(&u8g2);
 593              		.loc 1 350 5 view .LVU149
 594 0284 1248     		ldr	r0, .L49
 595 0286 FFF7FEFF 		bl	u8g2_SendBuffer
 596              	.LVL80:
 597              	.LBE2:
 221:Core/Src/freertos.c ****   {
 598              		.loc 1 221 3 view .LVU150
 599              	.L28:
 221:Core/Src/freertos.c ****   {
 600              		.loc 1 221 3 view .LVU151
 601              	.LBB9:
 224:Core/Src/freertos.c ****     if (status != osOK) recv_evt = EVENT_NONE;
 602              		.loc 1 224 5 view .LVU152
 224:Core/Src/freertos.c ****     if (status != osOK) recv_evt = EVENT_NONE;
 603              		.loc 1 224 25 is_stmt 0 view .LVU153
 604 028a 1423     		movs	r3, #20
 605 028c 0022     		movs	r2, #0
 606 028e 0DF11F01 		add	r1, sp, #31
 607 0292 1548     		ldr	r0, .L49+24
 608 0294 0068     		ldr	r0, [r0]
 609 0296 FFF7FEFF 		bl	osMessageQueueGet
ARM GAS  /tmp/ccz4xJEp.s 			page 19


 610              	.LVL81:
 225:Core/Src/freertos.c **** 
 611              		.loc 1 225 5 is_stmt 1 view .LVU154
 225:Core/Src/freertos.c **** 
 612              		.loc 1 225 8 is_stmt 0 view .LVU155
 613 029a 10B1     		cbz	r0, .L5
 225:Core/Src/freertos.c **** 
 614              		.loc 1 225 25 is_stmt 1 discriminator 1 view .LVU156
 225:Core/Src/freertos.c **** 
 615              		.loc 1 225 34 is_stmt 0 discriminator 1 view .LVU157
 616 029c 0023     		movs	r3, #0
 617 029e 8DF81F30 		strb	r3, [sp, #31]
 618              	.L5:
 227:Core/Src/freertos.c **** 
 619              		.loc 1 227 5 is_stmt 1 view .LVU158
 227:Core/Src/freertos.c **** 
 620              		.loc 1 227 20 is_stmt 0 view .LVU159
 621 02a2 FFF7FEFF 		bl	osKernelGetTickCount
 622              	.LVL82:
 227:Core/Src/freertos.c **** 
 623              		.loc 1 227 20 view .LVU160
 624 02a6 0446     		mov	r4, r0
 625              	.LVL83:
 232:Core/Src/freertos.c ****         last_key_time = now; // 更新最后按键时间
 626              		.loc 1 232 5 is_stmt 1 view .LVU161
 232:Core/Src/freertos.c ****         last_key_time = now; // 更新最后按键时间
 627              		.loc 1 232 18 is_stmt 0 view .LVU162
 628 02a8 9DF81F30 		ldrb	r3, [sp, #31]	@ zero_extendqisi2
 232:Core/Src/freertos.c ****         last_key_time = now; // 更新最后按键时间
 629              		.loc 1 232 8 view .LVU163
 630 02ac 042B     		cmp	r3, #4
 631 02ae 3FF4C9AE 		beq	.L48
 632              	.L6:
 239:Core/Src/freertos.c ****         typing_heat -= 1; // 缓慢降温
 633              		.loc 1 239 5 is_stmt 1 view .LVU164
 239:Core/Src/freertos.c ****         typing_heat -= 1; // 缓慢降温
 634              		.loc 1 239 13 is_stmt 0 view .LVU165
 635 02b2 A4EB0902 		sub	r2, r4, r9
 239:Core/Src/freertos.c ****         typing_heat -= 1; // 缓慢降温
 636              		.loc 1 239 8 view .LVU166
 637 02b6 40F6B731 		movw	r1, #2999
 638 02ba 8A42     		cmp	r2, r1
 639 02bc 3FF6C6AE 		bhi	.L29
 240:Core/Src/freertos.c ****     } else {
 640              		.loc 1 240 9 is_stmt 1 view .LVU167
 240:Core/Src/freertos.c ****     } else {
 641              		.loc 1 240 21 is_stmt 0 view .LVU168
 642 02c0 013D     		subs	r5, r5, #1
 643              	.LVL84:
 240:Core/Src/freertos.c ****     } else {
 644              		.loc 1 240 21 view .LVU169
 645 02c2 2DB2     		sxth	r5, r5
 646              	.LVL85:
 248:Core/Src/freertos.c ****     if (typing_heat < 0) typing_heat = 0;
 647              		.loc 1 248 5 is_stmt 1 view .LVU170
 248:Core/Src/freertos.c ****     if (typing_heat < 0) typing_heat = 0;
 648              		.loc 1 248 8 is_stmt 0 view .LVU171
ARM GAS  /tmp/ccz4xJEp.s 			page 20


 649 02c4 642D     		cmp	r5, #100
 650 02c6 7FF7C3AE 		ble	.L7
 248:Core/Src/freertos.c ****     if (typing_heat < 0) typing_heat = 0;
 651              		.loc 1 248 40 discriminator 1 view .LVU172
 652 02ca 6425     		movs	r5, #100
 653              	.LVL86:
 248:Core/Src/freertos.c ****     if (typing_heat < 0) typing_heat = 0;
 654              		.loc 1 248 40 discriminator 1 view .LVU173
 655 02cc C2E6     		b	.L8
 656              	.L50:
 657 02ce 00BF     		.align	2
 658              	.L49:
 659 02d0 00000000 		.word	u8g2
 660 02d4 00000000 		.word	u8x8_stm32_gpio_and_delay
 661 02d8 00000000 		.word	u8x8_byte_stm32_hw_i2c
 662 02dc 00000000 		.word	u8g2_cb_r0
 663 02e0 00000000 		.word	.LANCHOR0
 664 02e4 00000000 		.word	u8g2_font_ncenB10_tr
 665 02e8 00000000 		.word	guiEventQueueHandle
 666              	.LBE9:
 667              		.cfi_endproc
 668              	.LFE74:
 670              		.section	.text.StartencoderTask,"ax",%progbits
 671              		.align	1
 672              		.global	StartencoderTask
 673              		.syntax unified
 674              		.thumb
 675              		.thumb_func
 677              	StartencoderTask:
 678              	.LVL87:
 679              	.LFB75:
 351:Core/Src/freertos.c ****   }
 352:Core/Src/freertos.c **** }
 353:Core/Src/freertos.c **** 
 354:Core/Src/freertos.c **** 
 355:Core/Src/freertos.c **** /* USER CODE BEGIN Header_StartencoderTask */
 356:Core/Src/freertos.c **** /**
 357:Core/Src/freertos.c **** * @brief Function implementing the encoderTask thread.
 358:Core/Src/freertos.c **** * @param argument: Not used
 359:Core/Src/freertos.c **** * @retval None
 360:Core/Src/freertos.c **** */
 361:Core/Src/freertos.c **** /* USER CODE END Header_StartencoderTask */
 362:Core/Src/freertos.c **** void StartencoderTask(void *argument)
 363:Core/Src/freertos.c **** {
 680              		.loc 1 363 1 is_stmt 1 view -0
 681              		.cfi_startproc
 682              		@ args = 0, pretend = 0, frame = 8
 683              		@ frame_needed = 0, uses_anonymous_args = 0
 684              		.loc 1 363 1 is_stmt 0 view .LVU175
 685 0000 30B5     		push	{r4, r5, lr}
 686              	.LCFI3:
 687              		.cfi_def_cfa_offset 12
 688              		.cfi_offset 4, -12
 689              		.cfi_offset 5, -8
 690              		.cfi_offset 14, -4
 691 0002 83B0     		sub	sp, sp, #12
 692              	.LCFI4:
ARM GAS  /tmp/ccz4xJEp.s 			page 21


 693              		.cfi_def_cfa_offset 24
 364:Core/Src/freertos.c ****   /* USER CODE BEGIN StartencoderTask */
 365:Core/Src/freertos.c ****    HAL_TIM_Encoder_Start(&htim2, TIM_CHANNEL_ALL);
 694              		.loc 1 365 4 is_stmt 1 view .LVU176
 695 0004 3C21     		movs	r1, #60
 696 0006 2048     		ldr	r0, .L60
 697              	.LVL88:
 698              		.loc 1 365 4 is_stmt 0 view .LVU177
 699 0008 FFF7FEFF 		bl	HAL_TIM_Encoder_Start
 700              	.LVL89:
 366:Core/Src/freertos.c ****   int16_t last_counter = 0;
 701              		.loc 1 366 3 is_stmt 1 view .LVU178
 702              		.loc 1 366 11 is_stmt 0 view .LVU179
 703 000c 0024     		movs	r4, #0
 704 000e 0DE0     		b	.L57
 705              	.LVL90:
 706              	.L58:
 707              	.LBB10:
 708              	.LBB11:
 367:Core/Src/freertos.c **** 
 368:Core/Src/freertos.c **** 
 369:Core/Src/freertos.c ****   /* Infinite loop */
 370:Core/Src/freertos.c ****   for(;;)
 371:Core/Src/freertos.c ****   {
 372:Core/Src/freertos.c ****      // 1. 处理旋转
 373:Core/Src/freertos.c ****     int16_t current_counter = (int16_t)__HAL_TIM_GET_COUNTER(&htim2);
 374:Core/Src/freertos.c ****     int16_t diff = current_counter - last_counter;
 375:Core/Src/freertos.c ****     
 376:Core/Src/freertos.c ****     if (abs(diff) >= 4) { // 假设转一格计数变2
 377:Core/Src/freertos.c ****         InputEvent_t evt = (diff > 0) ? EVENT_ENCODER_DOWN : EVENT_ENCODER_UP;
 709              		.loc 1 377 60 discriminator 2 view .LVU180
 710 0010 0123     		movs	r3, #1
 711              	.LVL91:
 712              		.loc 1 377 60 discriminator 2 view .LVU181
 713 0012 1BE0     		b	.L53
 714              	.L56:
 715              		.loc 1 377 60 discriminator 2 view .LVU182
 716              	.LBE11:
 717              	.LBB12:
 378:Core/Src/freertos.c ****         osMessageQueuePut(guiEventQueueHandle, &evt, 0, 0); // 发送到队列
 379:Core/Src/freertos.c ****         last_counter = current_counter;
 380:Core/Src/freertos.c ****     }
 381:Core/Src/freertos.c ****     
 382:Core/Src/freertos.c ****     // 2. 处理按键 (此处省略消抖逻辑)
 383:Core/Src/freertos.c ****     if (HAL_GPIO_ReadPin(GPIOB, GPIO_PIN_5) == GPIO_PIN_RESET) {
 384:Core/Src/freertos.c ****         InputEvent_t evt = EVENT_ENCODER_CLICK;
 385:Core/Src/freertos.c ****         osMessageQueuePut(guiEventQueueHandle, &evt, 0, 0);
 386:Core/Src/freertos.c ****         // 等待松开，防止重复触发
 387:Core/Src/freertos.c ****         while(HAL_GPIO_ReadPin(GPIOB, GPIO_PIN_5) == GPIO_PIN_RESET) osDelay(20);
 718              		.loc 1 387 70 is_stmt 1 discriminator 2 view .LVU183
 719 0014 1420     		movs	r0, #20
 720 0016 FFF7FEFF 		bl	osDelay
 721              	.LVL92:
 722              	.L55:
 723              		.loc 1 387 51 discriminator 1 view .LVU184
 724              		.loc 1 387 15 is_stmt 0 discriminator 1 view .LVU185
 725 001a 2021     		movs	r1, #32
ARM GAS  /tmp/ccz4xJEp.s 			page 22


 726 001c 1B48     		ldr	r0, .L60+4
 727 001e FFF7FEFF 		bl	HAL_GPIO_ReadPin
 728              	.LVL93:
 729              		.loc 1 387 51 discriminator 1 view .LVU186
 730 0022 0028     		cmp	r0, #0
 731 0024 F6D0     		beq	.L56
 732              	.L54:
 733              	.LBE12:
 388:Core/Src/freertos.c ****     }
 389:Core/Src/freertos.c ****     
 390:Core/Src/freertos.c ****     osDelay(20);
 734              		.loc 1 390 5 is_stmt 1 view .LVU187
 735 0026 1420     		movs	r0, #20
 736 0028 FFF7FEFF 		bl	osDelay
 737              	.LVL94:
 738              	.LBE10:
 370:Core/Src/freertos.c ****   {
 739              		.loc 1 370 3 view .LVU188
 740              	.L57:
 370:Core/Src/freertos.c ****   {
 741              		.loc 1 370 3 view .LVU189
 742              	.LBB15:
 373:Core/Src/freertos.c ****     int16_t diff = current_counter - last_counter;
 743              		.loc 1 373 5 view .LVU190
 373:Core/Src/freertos.c ****     int16_t diff = current_counter - last_counter;
 744              		.loc 1 373 40 is_stmt 0 view .LVU191
 745 002c 164B     		ldr	r3, .L60
 746 002e 1B68     		ldr	r3, [r3]
 747 0030 5B6A     		ldr	r3, [r3, #36]
 373:Core/Src/freertos.c ****     int16_t diff = current_counter - last_counter;
 748              		.loc 1 373 13 view .LVU192
 749 0032 1DB2     		sxth	r5, r3
 750              	.LVL95:
 374:Core/Src/freertos.c ****     
 751              		.loc 1 374 5 is_stmt 1 view .LVU193
 374:Core/Src/freertos.c ****     
 752              		.loc 1 374 36 is_stmt 0 view .LVU194
 753 0034 1B1B     		subs	r3, r3, r4
 374:Core/Src/freertos.c ****     
 754              		.loc 1 374 13 view .LVU195
 755 0036 1BB2     		sxth	r3, r3
 756              	.LVL96:
 376:Core/Src/freertos.c ****         InputEvent_t evt = (diff > 0) ? EVENT_ENCODER_DOWN : EVENT_ENCODER_UP;
 757              		.loc 1 376 5 is_stmt 1 view .LVU196
 376:Core/Src/freertos.c ****         InputEvent_t evt = (diff > 0) ? EVENT_ENCODER_DOWN : EVENT_ENCODER_UP;
 758              		.loc 1 376 9 is_stmt 0 view .LVU197
 759 0038 83EAE372 		eor	r2, r3, r3, asr #31
 760 003c A2EBE372 		sub	r2, r2, r3, asr #31
 761 0040 92B2     		uxth	r2, r2
 376:Core/Src/freertos.c ****         InputEvent_t evt = (diff > 0) ? EVENT_ENCODER_DOWN : EVENT_ENCODER_UP;
 762              		.loc 1 376 8 view .LVU198
 763 0042 032A     		cmp	r2, #3
 764 0044 0DD9     		bls	.L52
 765              	.LBB13:
 377:Core/Src/freertos.c ****         osMessageQueuePut(guiEventQueueHandle, &evt, 0, 0); // 发送到队列
 766              		.loc 1 377 9 is_stmt 1 view .LVU199
 377:Core/Src/freertos.c ****         osMessageQueuePut(guiEventQueueHandle, &evt, 0, 0); // 发送到队列
ARM GAS  /tmp/ccz4xJEp.s 			page 23


 767              		.loc 1 377 60 is_stmt 0 view .LVU200
 768 0046 002B     		cmp	r3, #0
 769 0048 E2DD     		ble	.L58
 377:Core/Src/freertos.c ****         osMessageQueuePut(guiEventQueueHandle, &evt, 0, 0); // 发送到队列
 770              		.loc 1 377 60 discriminator 1 view .LVU201
 771 004a 0223     		movs	r3, #2
 772              	.LVL97:
 773              	.L53:
 377:Core/Src/freertos.c ****         osMessageQueuePut(guiEventQueueHandle, &evt, 0, 0); // 发送到队列
 774              		.loc 1 377 22 discriminator 4 view .LVU202
 775 004c 8DF80730 		strb	r3, [sp, #7]
 378:Core/Src/freertos.c ****         last_counter = current_counter;
 776              		.loc 1 378 9 is_stmt 1 view .LVU203
 777 0050 0023     		movs	r3, #0
 778 0052 1A46     		mov	r2, r3
 779 0054 0DF10701 		add	r1, sp, #7
 780 0058 0D48     		ldr	r0, .L60+8
 781 005a 0068     		ldr	r0, [r0]
 782 005c FFF7FEFF 		bl	osMessageQueuePut
 783              	.LVL98:
 379:Core/Src/freertos.c ****     }
 784              		.loc 1 379 9 view .LVU204
 379:Core/Src/freertos.c ****     }
 785              		.loc 1 379 22 is_stmt 0 view .LVU205
 786 0060 2C46     		mov	r4, r5
 787              	.LVL99:
 788              	.L52:
 379:Core/Src/freertos.c ****     }
 789              		.loc 1 379 22 view .LVU206
 790              	.LBE13:
 383:Core/Src/freertos.c ****         InputEvent_t evt = EVENT_ENCODER_CLICK;
 791              		.loc 1 383 5 is_stmt 1 view .LVU207
 383:Core/Src/freertos.c ****         InputEvent_t evt = EVENT_ENCODER_CLICK;
 792              		.loc 1 383 9 is_stmt 0 view .LVU208
 793 0062 2021     		movs	r1, #32
 794 0064 0948     		ldr	r0, .L60+4
 795 0066 FFF7FEFF 		bl	HAL_GPIO_ReadPin
 796              	.LVL100:
 383:Core/Src/freertos.c ****         InputEvent_t evt = EVENT_ENCODER_CLICK;
 797              		.loc 1 383 8 discriminator 1 view .LVU209
 798 006a 0028     		cmp	r0, #0
 799 006c DBD1     		bne	.L54
 800              	.LBB14:
 384:Core/Src/freertos.c ****         osMessageQueuePut(guiEventQueueHandle, &evt, 0, 0);
 801              		.loc 1 384 9 is_stmt 1 view .LVU210
 384:Core/Src/freertos.c ****         osMessageQueuePut(guiEventQueueHandle, &evt, 0, 0);
 802              		.loc 1 384 22 is_stmt 0 view .LVU211
 803 006e 0323     		movs	r3, #3
 804 0070 8DF80730 		strb	r3, [sp, #7]
 385:Core/Src/freertos.c ****         // 等待松开，防止重复触发
 805              		.loc 1 385 9 is_stmt 1 view .LVU212
 806 0074 0023     		movs	r3, #0
 807 0076 1A46     		mov	r2, r3
 808 0078 0DF10701 		add	r1, sp, #7
 809 007c 0448     		ldr	r0, .L60+8
 810 007e 0068     		ldr	r0, [r0]
 811 0080 FFF7FEFF 		bl	osMessageQueuePut
ARM GAS  /tmp/ccz4xJEp.s 			page 24


 812              	.LVL101:
 387:Core/Src/freertos.c ****     }
 813              		.loc 1 387 9 view .LVU213
 387:Core/Src/freertos.c ****     }
 814              		.loc 1 387 14 is_stmt 0 view .LVU214
 815 0084 C9E7     		b	.L55
 816              	.L61:
 817 0086 00BF     		.align	2
 818              	.L60:
 819 0088 00000000 		.word	htim2
 820 008c 000C0140 		.word	1073810432
 821 0090 00000000 		.word	guiEventQueueHandle
 822              	.LBE14:
 823              	.LBE15:
 824              		.cfi_endproc
 825              	.LFE75:
 827              		.section	.text.MX_FREERTOS_Init,"ax",%progbits
 828              		.align	1
 829              		.global	MX_FREERTOS_Init
 830              		.syntax unified
 831              		.thumb
 832              		.thumb_func
 834              	MX_FREERTOS_Init:
 835              	.LFB72:
 105:Core/Src/freertos.c ****   /* USER CODE BEGIN Init */
 836              		.loc 1 105 29 is_stmt 1 view -0
 837              		.cfi_startproc
 838              		@ args = 0, pretend = 0, frame = 0
 839              		@ frame_needed = 0, uses_anonymous_args = 0
 840 0000 08B5     		push	{r3, lr}
 841              	.LCFI5:
 842              		.cfi_def_cfa_offset 8
 843              		.cfi_offset 3, -8
 844              		.cfi_offset 14, -4
 124:Core/Src/freertos.c **** 
 845              		.loc 1 124 3 view .LVU216
 124:Core/Src/freertos.c **** 
 846              		.loc 1 124 25 is_stmt 0 view .LVU217
 847 0002 0E4A     		ldr	r2, .L64
 848 0004 0121     		movs	r1, #1
 849 0006 1020     		movs	r0, #16
 850 0008 FFF7FEFF 		bl	osMessageQueueNew
 851              	.LVL102:
 124:Core/Src/freertos.c **** 
 852              		.loc 1 124 23 discriminator 1 view .LVU218
 853 000c 0C4B     		ldr	r3, .L64+4
 854 000e 1860     		str	r0, [r3]
 132:Core/Src/freertos.c **** 
 855              		.loc 1 132 3 is_stmt 1 view .LVU219
 132:Core/Src/freertos.c **** 
 856              		.loc 1 132 24 is_stmt 0 view .LVU220
 857 0010 0C4A     		ldr	r2, .L64+8
 858 0012 0021     		movs	r1, #0
 859 0014 0C48     		ldr	r0, .L64+12
 860 0016 FFF7FEFF 		bl	osThreadNew
 861              	.LVL103:
 132:Core/Src/freertos.c **** 
ARM GAS  /tmp/ccz4xJEp.s 			page 25


 862              		.loc 1 132 22 discriminator 1 view .LVU221
 863 001a 0C4B     		ldr	r3, .L64+16
 864 001c 1860     		str	r0, [r3]
 135:Core/Src/freertos.c **** 
 865              		.loc 1 135 3 is_stmt 1 view .LVU222
 135:Core/Src/freertos.c **** 
 866              		.loc 1 135 19 is_stmt 0 view .LVU223
 867 001e 0C4A     		ldr	r2, .L64+20
 868 0020 0021     		movs	r1, #0
 869 0022 0C48     		ldr	r0, .L64+24
 870 0024 FFF7FEFF 		bl	osThreadNew
 871              	.LVL104:
 135:Core/Src/freertos.c **** 
 872              		.loc 1 135 17 discriminator 1 view .LVU224
 873 0028 0B4B     		ldr	r3, .L64+28
 874 002a 1860     		str	r0, [r3]
 138:Core/Src/freertos.c **** 
 875              		.loc 1 138 3 is_stmt 1 view .LVU225
 138:Core/Src/freertos.c **** 
 876              		.loc 1 138 23 is_stmt 0 view .LVU226
 877 002c 0B4A     		ldr	r2, .L64+32
 878 002e 0021     		movs	r1, #0
 879 0030 0B48     		ldr	r0, .L64+36
 880 0032 FFF7FEFF 		bl	osThreadNew
 881              	.LVL105:
 138:Core/Src/freertos.c **** 
 882              		.loc 1 138 21 discriminator 1 view .LVU227
 883 0036 0B4B     		ldr	r3, .L64+40
 884 0038 1860     		str	r0, [r3]
 148:Core/Src/freertos.c **** 
 885              		.loc 1 148 1 view .LVU228
 886 003a 08BD     		pop	{r3, pc}
 887              	.L65:
 888              		.align	2
 889              	.L64:
 890 003c 00000000 		.word	guiEventQueue_attributes
 891 0040 00000000 		.word	guiEventQueueHandle
 892 0044 00000000 		.word	keyboardTask_attributes
 893 0048 00000000 		.word	StartkeyboardTask
 894 004c 00000000 		.word	keyboardTaskHandle
 895 0050 00000000 		.word	guiTask_attributes
 896 0054 00000000 		.word	StartguiTask
 897 0058 00000000 		.word	guiTaskHandle
 898 005c 00000000 		.word	encoderTask_attributes
 899 0060 00000000 		.word	StartencoderTask
 900 0064 00000000 		.word	encoderTaskHandle
 901              		.cfi_endproc
 902              	.LFE72:
 904              		.section	.text.Matrix_Key_Callback,"ax",%progbits
 905              		.align	1
 906              		.global	Matrix_Key_Callback
 907              		.syntax unified
 908              		.thumb
 909              		.thumb_func
 911              	Matrix_Key_Callback:
 912              	.LVL106:
 913              	.LFB76:
ARM GAS  /tmp/ccz4xJEp.s 			page 26


 391:Core/Src/freertos.c **** 
 392:Core/Src/freertos.c ****   }
 393:Core/Src/freertos.c ****   /* USER CODE END StartencoderTask */
 394:Core/Src/freertos.c **** }
 395:Core/Src/freertos.c **** 
 396:Core/Src/freertos.c **** /* Private application code --------------------------------------------------*/
 397:Core/Src/freertos.c **** /* USER CODE BEGIN Application */
 398:Core/Src/freertos.c **** 
 399:Core/Src/freertos.c **** void Matrix_Key_Callback(uint8_t key_code, uint8_t pressed) {
 914              		.loc 1 399 61 is_stmt 1 view -0
 915              		.cfi_startproc
 916              		@ args = 0, pretend = 0, frame = 8
 917              		@ frame_needed = 0, uses_anonymous_args = 0
 918              		.loc 1 399 61 is_stmt 0 view .LVU230
 919 0000 10B5     		push	{r4, lr}
 920              	.LCFI6:
 921              		.cfi_def_cfa_offset 8
 922              		.cfi_offset 4, -8
 923              		.cfi_offset 14, -4
 924 0002 82B0     		sub	sp, sp, #8
 925              	.LCFI7:
 926              		.cfi_def_cfa_offset 16
 927 0004 0C46     		mov	r4, r1
 400:Core/Src/freertos.c ****   // 1. 原有的 USB 发送
 401:Core/Src/freertos.c ****   USB_Keyboard_HandleMatrixKey(key_code, pressed);
 928              		.loc 1 401 3 is_stmt 1 view .LVU231
 929 0006 FFF7FEFF 		bl	USB_Keyboard_HandleMatrixKey
 930              	.LVL107:
 402:Core/Src/freertos.c ****   
 403:Core/Src/freertos.c ****   // 2. 新增：如果是按下动作，通知 GUI 增加热度
 404:Core/Src/freertos.c ****   if (pressed) {
 931              		.loc 1 404 3 view .LVU232
 932              		.loc 1 404 6 is_stmt 0 view .LVU233
 933 000a 0CB9     		cbnz	r4, .L69
 934              	.L66:
 405:Core/Src/freertos.c ****       InputEvent_t evt = EVENT_KEY_HIT;
 406:Core/Src/freertos.c ****       // timeout=0 表示如果不阻塞，队列满了就丢弃，不影响打字
 407:Core/Src/freertos.c ****       osMessageQueuePut(guiEventQueueHandle, &evt, 0, 0); 
 408:Core/Src/freertos.c ****   }
 409:Core/Src/freertos.c **** }
 935              		.loc 1 409 1 view .LVU234
 936 000c 02B0     		add	sp, sp, #8
 937              	.LCFI8:
 938              		.cfi_remember_state
 939              		.cfi_def_cfa_offset 8
 940              		@ sp needed
 941 000e 10BD     		pop	{r4, pc}
 942              	.LVL108:
 943              	.L69:
 944              	.LCFI9:
 945              		.cfi_restore_state
 946              	.LBB16:
 405:Core/Src/freertos.c ****       InputEvent_t evt = EVENT_KEY_HIT;
 947              		.loc 1 405 7 is_stmt 1 view .LVU235
 405:Core/Src/freertos.c ****       InputEvent_t evt = EVENT_KEY_HIT;
 948              		.loc 1 405 20 is_stmt 0 view .LVU236
 949 0010 0423     		movs	r3, #4
ARM GAS  /tmp/ccz4xJEp.s 			page 27


 950 0012 8DF80730 		strb	r3, [sp, #7]
 407:Core/Src/freertos.c ****   }
 951              		.loc 1 407 7 is_stmt 1 view .LVU237
 952 0016 0023     		movs	r3, #0
 953 0018 1A46     		mov	r2, r3
 954 001a 0DF10701 		add	r1, sp, #7
 955 001e 0248     		ldr	r0, .L70
 956 0020 0068     		ldr	r0, [r0]
 957 0022 FFF7FEFF 		bl	osMessageQueuePut
 958              	.LVL109:
 959              	.LBE16:
 960              		.loc 1 409 1 is_stmt 0 view .LVU238
 961 0026 F1E7     		b	.L66
 962              	.L71:
 963              		.align	2
 964              	.L70:
 965 0028 00000000 		.word	guiEventQueueHandle
 966              		.cfi_endproc
 967              	.LFE76:
 969              		.section	.rodata.str1.4,"aMS",%progbits,1
 970              		.align	2
 971              	.LC0:
 972 0000 52657475 		.ascii	"Return\000"
 972      726E00
 973 0007 00       		.align	2
 974              	.LC1:
 975 0008 506F6D6F 		.ascii	"Pomodoro\000"
 975      646F726F 
 975      00
 976 0011 000000   		.align	2
 977              	.LC2:
 978 0014 53657474 		.ascii	"Settings\000"
 978      696E6773 
 978      00
 979              		.global	guiEventQueue_attributes
 980 001d 000000   		.align	2
 981              	.LC5:
 982 0020 67756945 		.ascii	"guiEventQueue\000"
 982      76656E74 
 982      51756575 
 982      6500
 983              		.section	.rodata.guiEventQueue_attributes,"a"
 984              		.align	2
 987              	guiEventQueue_attributes:
 988 0000 20000000 		.word	.LC5
 989 0004 00000000 		.space	20
 989      00000000 
 989      00000000 
 989      00000000 
 989      00000000 
 990              		.global	guiEventQueueHandle
 991              		.section	.bss.guiEventQueueHandle,"aw",%nobits
 992              		.align	2
 995              	guiEventQueueHandle:
 996 0000 00000000 		.space	4
 997              		.global	encoderTask_attributes
 998              		.section	.rodata.str1.4
ARM GAS  /tmp/ccz4xJEp.s 			page 28


 999 002e 0000     		.align	2
 1000              	.LC6:
 1001 0030 656E636F 		.ascii	"encoderTask\000"
 1001      64657254 
 1001      61736B00 
 1002              		.section	.rodata.encoderTask_attributes,"a"
 1003              		.align	2
 1006              	encoderTask_attributes:
 1007 0000 30000000 		.word	.LC6
 1008 0004 00000000 		.space	16
 1008      00000000 
 1008      00000000 
 1008      00000000 
 1009 0014 00020000 		.word	512
 1010 0018 08000000 		.word	8
 1011 001c 00000000 		.space	8
 1011      00000000 
 1012              		.global	encoderTaskHandle
 1013              		.section	.bss.encoderTaskHandle,"aw",%nobits
 1014              		.align	2
 1017              	encoderTaskHandle:
 1018 0000 00000000 		.space	4
 1019              		.global	guiTask_attributes
 1020              		.section	.rodata.str1.4
 1021              		.align	2
 1022              	.LC7:
 1023 003c 67756954 		.ascii	"guiTask\000"
 1023      61736B00 
 1024              		.section	.rodata.guiTask_attributes,"a"
 1025              		.align	2
 1028              	guiTask_attributes:
 1029 0000 3C000000 		.word	.LC7
 1030 0004 00000000 		.space	16
 1030      00000000 
 1030      00000000 
 1030      00000000 
 1031 0014 00020000 		.word	512
 1032 0018 08000000 		.word	8
 1033 001c 00000000 		.space	8
 1033      00000000 
 1034              		.global	guiTaskHandle
 1035              		.section	.bss.guiTaskHandle,"aw",%nobits
 1036              		.align	2
 1039              	guiTaskHandle:
 1040 0000 00000000 		.space	4
 1041              		.global	keyboardTask_attributes
 1042              		.section	.rodata.str1.4
 1043              		.align	2
 1044              	.LC8:
 1045 0044 6B657962 		.ascii	"keyboardTask\000"
 1045      6F617264 
 1045      5461736B 
 1045      00
 1046              		.section	.rodata.keyboardTask_attributes,"a"
 1047              		.align	2
 1050              	keyboardTask_attributes:
 1051 0000 44000000 		.word	.LC8
ARM GAS  /tmp/ccz4xJEp.s 			page 29


 1052 0004 00000000 		.space	16
 1052      00000000 
 1052      00000000 
 1052      00000000 
 1053 0014 00020000 		.word	512
 1054 0018 18000000 		.word	24
 1055 001c 00000000 		.space	8
 1055      00000000 
 1056              		.global	keyboardTaskHandle
 1057              		.section	.bss.keyboardTaskHandle,"aw",%nobits
 1058              		.align	2
 1061              	keyboardTaskHandle:
 1062 0000 00000000 		.space	4
 1063              		.section	.bss.u8g2,"aw",%nobits
 1064              		.align	2
 1067              	u8g2:
 1068 0000 00000000 		.space	136
 1068      00000000 
 1068      00000000 
 1068      00000000 
 1068      00000000 
 1069              		.section	.rodata
 1070              		.align	2
 1071              		.set	.LANCHOR0,. + 0
 1072              	.LC4:
 1073 0000 00000000 		.word	.LC0
 1074 0004 08000000 		.word	.LC1
 1075 0008 14000000 		.word	.LC2
 1076              		.text
 1077              	.Letext0:
 1078              		.file 2 "/usr/lib/gcc/arm-none-eabi/13.2.1/include/stdint.h"
 1079              		.file 3 "Drivers/CMSIS/Device/ST/STM32F1xx/Include/stm32f103xb.h"
 1080              		.file 4 "Drivers/STM32F1xx_HAL_Driver/Inc/stm32f1xx_hal_def.h"
 1081              		.file 5 "Drivers/STM32F1xx_HAL_Driver/Inc/stm32f1xx_hal_gpio.h"
 1082              		.file 6 "Drivers/STM32F1xx_HAL_Driver/Inc/stm32f1xx_hal_dma.h"
 1083              		.file 7 "Drivers/STM32F1xx_HAL_Driver/Inc/stm32f1xx_hal_tim.h"
 1084              		.file 8 "Core/Inc/main.h"
 1085              		.file 9 "Middlewares/Third_Party/FreeRTOS/Source/CMSIS_RTOS_V2/cmsis_os2.h"
 1086              		.file 10 "BSP/u8g2/u8x8.h"
 1087              		.file 11 "BSP/u8g2/u8g2.h"
 1088              		.file 12 "Core/Inc/tim.h"
 1089              		.file 13 "BSP/KEYBOARD/usb_keyboard.h"
 1090              		.file 14 "BSP/KEYBOARD/matrix_keyboard.h"
ARM GAS  /tmp/ccz4xJEp.s 			page 30


DEFINED SYMBOLS
                            *ABS*:00000000 freertos.c
     /tmp/ccz4xJEp.s:19     .text.StartkeyboardTask:00000000 $t
     /tmp/ccz4xJEp.s:25     .text.StartkeyboardTask:00000000 StartkeyboardTask
     /tmp/ccz4xJEp.s:73     .text.StartguiTask:00000000 $t
     /tmp/ccz4xJEp.s:79     .text.StartguiTask:00000000 StartguiTask
     /tmp/ccz4xJEp.s:659    .text.StartguiTask:000002d0 $d
     /tmp/ccz4xJEp.s:1067   .bss.u8g2:00000000 u8g2
     /tmp/ccz4xJEp.s:995    .bss.guiEventQueueHandle:00000000 guiEventQueueHandle
     /tmp/ccz4xJEp.s:671    .text.StartencoderTask:00000000 $t
     /tmp/ccz4xJEp.s:677    .text.StartencoderTask:00000000 StartencoderTask
     /tmp/ccz4xJEp.s:819    .text.StartencoderTask:00000088 $d
     /tmp/ccz4xJEp.s:828    .text.MX_FREERTOS_Init:00000000 $t
     /tmp/ccz4xJEp.s:834    .text.MX_FREERTOS_Init:00000000 MX_FREERTOS_Init
     /tmp/ccz4xJEp.s:890    .text.MX_FREERTOS_Init:0000003c $d
     /tmp/ccz4xJEp.s:987    .rodata.guiEventQueue_attributes:00000000 guiEventQueue_attributes
     /tmp/ccz4xJEp.s:1050   .rodata.keyboardTask_attributes:00000000 keyboardTask_attributes
     /tmp/ccz4xJEp.s:1061   .bss.keyboardTaskHandle:00000000 keyboardTaskHandle
     /tmp/ccz4xJEp.s:1028   .rodata.guiTask_attributes:00000000 guiTask_attributes
     /tmp/ccz4xJEp.s:1039   .bss.guiTaskHandle:00000000 guiTaskHandle
     /tmp/ccz4xJEp.s:1006   .rodata.encoderTask_attributes:00000000 encoderTask_attributes
     /tmp/ccz4xJEp.s:1017   .bss.encoderTaskHandle:00000000 encoderTaskHandle
     /tmp/ccz4xJEp.s:905    .text.Matrix_Key_Callback:00000000 $t
     /tmp/ccz4xJEp.s:911    .text.Matrix_Key_Callback:00000000 Matrix_Key_Callback
     /tmp/ccz4xJEp.s:965    .text.Matrix_Key_Callback:00000028 $d
     /tmp/ccz4xJEp.s:970    .rodata.str1.4:00000000 $d
     /tmp/ccz4xJEp.s:984    .rodata.guiEventQueue_attributes:00000000 $d
     /tmp/ccz4xJEp.s:992    .bss.guiEventQueueHandle:00000000 $d
     /tmp/ccz4xJEp.s:1003   .rodata.encoderTask_attributes:00000000 $d
     /tmp/ccz4xJEp.s:1014   .bss.encoderTaskHandle:00000000 $d
     /tmp/ccz4xJEp.s:1025   .rodata.guiTask_attributes:00000000 $d
     /tmp/ccz4xJEp.s:1036   .bss.guiTaskHandle:00000000 $d
     /tmp/ccz4xJEp.s:1047   .rodata.keyboardTask_attributes:00000000 $d
     /tmp/ccz4xJEp.s:1058   .bss.keyboardTaskHandle:00000000 $d
     /tmp/ccz4xJEp.s:1064   .bss.u8g2:00000000 $d
     /tmp/ccz4xJEp.s:1070   .rodata:00000000 $d

UNDEFINED SYMBOLS
MX_USB_DEVICE_Init
Matrix_Keyboard_Init
osKernelGetTickCount
Matrix_Keyboard_Scan
osDelayUntil
u8g2_Setup_ssd1306_i2c_128x64_noname_f
u8x8_InitDisplay
u8x8_SetPowerSave
u8g2_ClearBuffer
u8g2_SetFont
u8g2_DrawFilledEllipse
u8g2_SetDrawColor
u8g2_DrawDisc
u8g2_DrawRBox
u8g2_DrawLine
u8g2_DrawCircle
u8g2_DrawBox
u8g2_GetStrWidth
u8g2_DrawStr
ARM GAS  /tmp/ccz4xJEp.s 			page 31


u8g2_SendBuffer
osMessageQueueGet
u8x8_stm32_gpio_and_delay
u8x8_byte_stm32_hw_i2c
u8g2_cb_r0
u8g2_font_ncenB10_tr
HAL_TIM_Encoder_Start
osDelay
HAL_GPIO_ReadPin
osMessageQueuePut
htim2
osMessageQueueNew
osThreadNew
USB_Keyboard_HandleMatrixKey
