ARM GAS  /tmp/cc31nS5Y.s 			page 1


   1              		.cpu cortex-m3
   2              		.arch armv7-m
   3              		.fpu softvfp
   4              		.eabi_attribute 20, 1
   5              		.eabi_attribute 21, 1
   6              		.eabi_attribute 23, 3
   7              		.eabi_attribute 24, 1
   8              		.eabi_attribute 25, 1
   9              		.eabi_attribute 26, 1
  10              		.eabi_attribute 30, 1
  11              		.eabi_attribute 34, 1
  12              		.eabi_attribute 18, 4
  13              		.file	"oled_hw.c"
  14              		.text
  15              	.Ltext0:
  16              		.cfi_sections	.debug_frame
  17              		.file 1 "BSP/OLED/oled_hw.c"
  18              		.section	.text.OLED_Write_Cmd,"ax",%progbits
  19              		.align	1
  20              		.global	OLED_Write_Cmd
  21              		.syntax unified
  22              		.thumb
  23              		.thumb_func
  25              	OLED_Write_Cmd:
  26              	.LVL0:
  27              	.LFB65:
   1:BSP/OLED/oled_hw.c **** #include "oled_hw.h"
   2:BSP/OLED/oled_hw.c **** 
   3:BSP/OLED/oled_hw.c **** // 发送单条命令
   4:BSP/OLED/oled_hw.c **** void OLED_Write_Cmd(uint8_t cmd) {
  28              		.loc 1 4 34 view -0
  29              		.cfi_startproc
  30              		@ args = 0, pretend = 0, frame = 8
  31              		@ frame_needed = 0, uses_anonymous_args = 0
  32              		.loc 1 4 34 is_stmt 0 view .LVU1
  33 0000 00B5     		push	{lr}
  34              	.LCFI0:
  35              		.cfi_def_cfa_offset 4
  36              		.cfi_offset 14, -4
  37 0002 87B0     		sub	sp, sp, #28
  38              	.LCFI1:
  39              		.cfi_def_cfa_offset 32
  40 0004 8DF81700 		strb	r0, [sp, #23]
   5:BSP/OLED/oled_hw.c ****     HAL_I2C_Mem_Write(&hi2c1, OLED_ADDR, 0x00, I2C_MEMADD_SIZE_8BIT, &cmd, 1, HAL_MAX_DELAY);
  41              		.loc 1 5 5 is_stmt 1 view .LVU2
  42 0008 4FF0FF33 		mov	r3, #-1
  43 000c 0293     		str	r3, [sp, #8]
  44 000e 0123     		movs	r3, #1
  45 0010 0193     		str	r3, [sp, #4]
  46 0012 0DF11702 		add	r2, sp, #23
  47 0016 0092     		str	r2, [sp]
  48 0018 0022     		movs	r2, #0
  49 001a 7821     		movs	r1, #120
  50 001c 0248     		ldr	r0, .L3
  51              	.LVL1:
  52              		.loc 1 5 5 is_stmt 0 view .LVU3
  53 001e FFF7FEFF 		bl	HAL_I2C_Mem_Write
ARM GAS  /tmp/cc31nS5Y.s 			page 2


  54              	.LVL2:
   6:BSP/OLED/oled_hw.c **** }
  55              		.loc 1 6 1 view .LVU4
  56 0022 07B0     		add	sp, sp, #28
  57              	.LCFI2:
  58              		.cfi_def_cfa_offset 4
  59              		@ sp needed
  60 0024 5DF804FB 		ldr	pc, [sp], #4
  61              	.L4:
  62              		.align	2
  63              	.L3:
  64 0028 00000000 		.word	hi2c1
  65              		.cfi_endproc
  66              	.LFE65:
  68              		.section	.text.OLED_Init,"ax",%progbits
  69              		.align	1
  70              		.global	OLED_Init
  71              		.syntax unified
  72              		.thumb
  73              		.thumb_func
  75              	OLED_Init:
  76              	.LFB66:
   7:BSP/OLED/oled_hw.c **** 
   8:BSP/OLED/oled_hw.c **** // 初始化序列
   9:BSP/OLED/oled_hw.c **** void OLED_Init(void) {
  77              		.loc 1 9 22 is_stmt 1 view -0
  78              		.cfi_startproc
  79              		@ args = 0, pretend = 0, frame = 0
  80              		@ frame_needed = 0, uses_anonymous_args = 0
  81 0000 08B5     		push	{r3, lr}
  82              	.LCFI3:
  83              		.cfi_def_cfa_offset 8
  84              		.cfi_offset 3, -8
  85              		.cfi_offset 14, -4
  10:BSP/OLED/oled_hw.c ****     HAL_Delay(100);
  86              		.loc 1 10 5 view .LVU6
  87 0002 6420     		movs	r0, #100
  88 0004 FFF7FEFF 		bl	HAL_Delay
  89              	.LVL3:
  11:BSP/OLED/oled_hw.c ****     OLED_Write_Cmd(0xAE); // 关闭显示
  90              		.loc 1 11 5 view .LVU7
  91 0008 AE20     		movs	r0, #174
  92 000a FFF7FEFF 		bl	OLED_Write_Cmd
  93              	.LVL4:
  12:BSP/OLED/oled_hw.c ****     OLED_Write_Cmd(0x20); // 内存地址模式
  94              		.loc 1 12 5 view .LVU8
  95 000e 2020     		movs	r0, #32
  96 0010 FFF7FEFF 		bl	OLED_Write_Cmd
  97              	.LVL5:
  13:BSP/OLED/oled_hw.c ****     OLED_Write_Cmd(0x10); // 页面地址模式
  98              		.loc 1 13 5 view .LVU9
  99 0014 1020     		movs	r0, #16
 100 0016 FFF7FEFF 		bl	OLED_Write_Cmd
 101              	.LVL6:
  14:BSP/OLED/oled_hw.c ****     OLED_Write_Cmd(0x81); // 对比度
 102              		.loc 1 14 5 view .LVU10
 103 001a 8120     		movs	r0, #129
ARM GAS  /tmp/cc31nS5Y.s 			page 3


 104 001c FFF7FEFF 		bl	OLED_Write_Cmd
 105              	.LVL7:
  15:BSP/OLED/oled_hw.c ****     OLED_Write_Cmd(0xCF);
 106              		.loc 1 15 5 view .LVU11
 107 0020 CF20     		movs	r0, #207
 108 0022 FFF7FEFF 		bl	OLED_Write_Cmd
 109              	.LVL8:
  16:BSP/OLED/oled_hw.c ****     OLED_Write_Cmd(0xA1); // 段重映射
 110              		.loc 1 16 5 view .LVU12
 111 0026 A120     		movs	r0, #161
 112 0028 FFF7FEFF 		bl	OLED_Write_Cmd
 113              	.LVL9:
  17:BSP/OLED/oled_hw.c ****     OLED_Write_Cmd(0xC8); // 扫描方向
 114              		.loc 1 17 5 view .LVU13
 115 002c C820     		movs	r0, #200
 116 002e FFF7FEFF 		bl	OLED_Write_Cmd
 117              	.LVL10:
  18:BSP/OLED/oled_hw.c ****     OLED_Write_Cmd(0xA6); // 正常显示
 118              		.loc 1 18 5 view .LVU14
 119 0032 A620     		movs	r0, #166
 120 0034 FFF7FEFF 		bl	OLED_Write_Cmd
 121              	.LVL11:
  19:BSP/OLED/oled_hw.c ****     OLED_Write_Cmd(0x8D); // 电荷泵
 122              		.loc 1 19 5 view .LVU15
 123 0038 8D20     		movs	r0, #141
 124 003a FFF7FEFF 		bl	OLED_Write_Cmd
 125              	.LVL12:
  20:BSP/OLED/oled_hw.c ****     OLED_Write_Cmd(0x14);
 126              		.loc 1 20 5 view .LVU16
 127 003e 1420     		movs	r0, #20
 128 0040 FFF7FEFF 		bl	OLED_Write_Cmd
 129              	.LVL13:
  21:BSP/OLED/oled_hw.c ****     OLED_Write_Cmd(0xAF); // 开启显示
 130              		.loc 1 21 5 view .LVU17
 131 0044 AF20     		movs	r0, #175
 132 0046 FFF7FEFF 		bl	OLED_Write_Cmd
 133              	.LVL14:
  22:BSP/OLED/oled_hw.c **** }
 134              		.loc 1 22 1 is_stmt 0 view .LVU18
 135 004a 08BD     		pop	{r3, pc}
 136              		.cfi_endproc
 137              	.LFE66:
 139              		.section	.text.OLED_Update_Screen,"ax",%progbits
 140              		.align	1
 141              		.global	OLED_Update_Screen
 142              		.syntax unified
 143              		.thumb
 144              		.thumb_func
 146              	OLED_Update_Screen:
 147              	.LVL15:
 148              	.LFB67:
  23:BSP/OLED/oled_hw.c **** 
  24:BSP/OLED/oled_hw.c **** /**
  25:BSP/OLED/oled_hw.c ****  * @brief 使用 DMA 刷新整个屏幕缓冲区 (1024 字节)
  26:BSP/OLED/oled_hw.c ****  * @param buffer: 128*64/8 长度的数组
  27:BSP/OLED/oled_hw.c ****  */
  28:BSP/OLED/oled_hw.c **** void OLED_Update_Screen(uint8_t *buffer) {
ARM GAS  /tmp/cc31nS5Y.s 			page 4


 149              		.loc 1 28 42 is_stmt 1 view -0
 150              		.cfi_startproc
 151              		@ args = 0, pretend = 0, frame = 0
 152              		@ frame_needed = 0, uses_anonymous_args = 0
 153              		.loc 1 28 42 is_stmt 0 view .LVU20
 154 0000 00B5     		push	{lr}
 155              	.LCFI4:
 156              		.cfi_def_cfa_offset 4
 157              		.cfi_offset 14, -4
 158 0002 83B0     		sub	sp, sp, #12
 159              	.LCFI5:
 160              		.cfi_def_cfa_offset 16
  29:BSP/OLED/oled_hw.c ****     // 0x40 表示后续数据存入显存 (GDDRAM)
  30:BSP/OLED/oled_hw.c ****     HAL_I2C_Mem_Write_DMA(&hi2c1, OLED_ADDR, 0x40, I2C_MEMADD_SIZE_8BIT, buffer, 1024);
 161              		.loc 1 30 5 is_stmt 1 view .LVU21
 162 0004 4FF48063 		mov	r3, #1024
 163 0008 0193     		str	r3, [sp, #4]
 164 000a 0090     		str	r0, [sp]
 165 000c 0123     		movs	r3, #1
 166 000e 4022     		movs	r2, #64
 167 0010 7821     		movs	r1, #120
 168 0012 0348     		ldr	r0, .L9
 169              	.LVL16:
 170              		.loc 1 30 5 is_stmt 0 view .LVU22
 171 0014 FFF7FEFF 		bl	HAL_I2C_Mem_Write_DMA
 172              	.LVL17:
  31:BSP/OLED/oled_hw.c **** }...
 173              		.loc 1 31 1 view .LVU23
 174 0018 03B0     		add	sp, sp, #12
 175              	.LCFI6:
 176              		.cfi_def_cfa_offset 4
 177              		@ sp needed
 178 001a 5DF804FB 		ldr	pc, [sp], #4
 179              	.L10:
 180 001e 00BF     		.align	2
 181              	.L9:
 182 0020 00000000 		.word	hi2c1
 183              		.cfi_endproc
 184              	.LFE67:
 186              		.text
 187              	.Letext0:
 188              		.file 2 "/usr/lib/gcc/arm-none-eabi/13.2.1/include/stdint.h"
 189              		.file 3 "Drivers/CMSIS/Device/ST/STM32F1xx/Include/stm32f103xb.h"
 190              		.file 4 "Drivers/STM32F1xx_HAL_Driver/Inc/stm32f1xx_hal_def.h"
 191              		.file 5 "Drivers/STM32F1xx_HAL_Driver/Inc/stm32f1xx_hal_dma.h"
 192              		.file 6 "Drivers/STM32F1xx_HAL_Driver/Inc/stm32f1xx_hal_i2c.h"
 193              		.file 7 "BSP/OLED/oled_hw.h"
 194              		.file 8 "Drivers/STM32F1xx_HAL_Driver/Inc/stm32f1xx_hal.h"
ARM GAS  /tmp/cc31nS5Y.s 			page 5


DEFINED SYMBOLS
                            *ABS*:00000000 oled_hw.c
     /tmp/cc31nS5Y.s:19     .text.OLED_Write_Cmd:00000000 $t
     /tmp/cc31nS5Y.s:25     .text.OLED_Write_Cmd:00000000 OLED_Write_Cmd
     /tmp/cc31nS5Y.s:64     .text.OLED_Write_Cmd:00000028 $d
     /tmp/cc31nS5Y.s:69     .text.OLED_Init:00000000 $t
     /tmp/cc31nS5Y.s:75     .text.OLED_Init:00000000 OLED_Init
     /tmp/cc31nS5Y.s:140    .text.OLED_Update_Screen:00000000 $t
     /tmp/cc31nS5Y.s:146    .text.OLED_Update_Screen:00000000 OLED_Update_Screen
     /tmp/cc31nS5Y.s:182    .text.OLED_Update_Screen:00000020 $d

UNDEFINED SYMBOLS
HAL_I2C_Mem_Write
hi2c1
HAL_Delay
HAL_I2C_Mem_Write_DMA
