ARM GAS  /tmp/cc3XiOSt.s 			page 1


   1              		.cpu cortex-m3
   2              		.arch armv7-m
   3              		.fpu softvfp
   4              		.eabi_attribute 20, 1
   5              		.eabi_attribute 21, 1
   6              		.eabi_attribute 23, 3
   7              		.eabi_attribute 24, 1
   8              		.eabi_attribute 25, 1
   9              		.eabi_attribute 26, 1
  10              		.eabi_attribute 30, 1
  11              		.eabi_attribute 34, 1
  12              		.eabi_attribute 18, 4
  13              		.file	"OLED_Data.c"
  14              		.text
  15              	.Ltext0:
  16              		.cfi_sections	.debug_frame
  17              		.file 1 "BSP/OLED/OLED_Data.c"
  18              		.global	Diode
  19              		.section	.rodata.Diode,"a"
  20              		.align	2
  23              	Diode:
  24 0000 FF018181 		.ascii	"\377\001\201\201\201\375\211\221\241\301\375\201\201"
  24      81FD8991 
  24      A1C1FD81 
  24      81
  25 000d 8101FFFF 		.ascii	"\201\001\377\377\200\200\200\200\237\210\204\202\201"
  25      80808080 
  25      9F888482 
  25      81
  26 001a 9F808080 		.ascii	"\237\200\200\200\200\377"
  26      80FF
  27              		.global	OLED_CF16x16
  28              		.section	.rodata.OLED_CF16x16,"a"
  29              		.align	2
  32              	OLED_CF16x16:
  33 0000 EFBC8C00 		.ascii	"\357\274\214\000"
  34 0004 00000000 		.ascii	"\000\000\000\000\000\000\000\000\000\000\000\000\000"
  34      00000000 
  34      00000000 
  34      00
  35 0011 00000000 		.ascii	"\000\000\000\000\000X8\000\000\000\000\000\000\000\000"
  35      00583800 
  35      00000000 
  35      000000
  36 0020 00000000 		.ascii	"\000\000\000\000"
  37 0024 E3808200 		.ascii	"\343\200\202\000"
  38 0028 00000000 		.ascii	"\000\000\000\000\000\000\000\000\000\000\000\000\000"
  38      00000000 
  38      00000000 
  38      00
  39 0035 00000000 		.ascii	"\000\000\000\000\000\030$$\030\000\000\000\000\000\000"
  39      00182424 
  39      18000000 
  39      000000
  40 0044 00000000 		.ascii	"\000\000\000\000"
  41 0048 E4BDA000 		.ascii	"\344\275\240\000"
  42 004c 008060F8 		.ascii	"\000\200`\370\007@ \030\017\010\310\010\010(\030\000"
ARM GAS  /tmp/cc3XiOSt.s 			page 2


  42      07402018 
  42      0F08C808 
  42      08281800 
  43 005c 010000FF 		.ascii	"\001\000\000\377\000\020\014\003@\200\177\000\001\006"
  43      00100C03 
  43      40807F00 
  43      0106
  44 006a 1800     		.ascii	"\030\000"
  45 006c E5A5BD00 		.ascii	"\345\245\275\000"
  46 0070 1010F01F 		.ascii	"\020\020\360\037\020\360\000\200\202\202\342\222\212"
  46      10F00080 
  46      8282E292 
  46      8A
  47 007d 86800040 		.ascii	"\206\200\000@\"\025\010\026a\000\000@\200\177\000\000"
  47      22150816 
  47      61000040 
  47      807F0000 
  48 008d 000000   		.ascii	"\000\000\000"
  49 0090 E4B89600 		.ascii	"\344\270\226\000"
  50 0094 202020FE 		.ascii	"   \376  \377   \377    \000\000\000\000\177@@GDDDG"
  50      2020FF20 
  50      2020FF20 
  50      20202000 
  50      0000007F 
  51 00af 40404000 		.ascii	"@@@\000\000"
  51      00
  52 00b4 E7958C00 		.ascii	"\347\225\214\000"
  53 00b8 000000FE 		.ascii	"\000\000\000\376\222\222\222\376\222\222\222\376\000"
  53      929292FE 
  53      929292FE 
  53      00
  54 00c5 00000008 		.ascii	"\000\000\000\010\010\004\204b\036\001\000\001\376\002"
  54      08048462 
  54      1E010001 
  54      FE02
  55 00d3 04040808 		.ascii	"\004\004\010\010\000"
  55      00
  56 00d8 00       		.ascii	"\000"
  57 00d9 000000   		.space	3
  58 00dc FF010101 		.ascii	"\377\001\001\0011\011\011\011\011\211q\001\001\001\001"
  58      31090909 
  58      09897101 
  58      010101
  59 00eb FFFF8080 		.ascii	"\377\377\200\200\200\200\200\200\226\201\200\200\200"
  59      80808080 
  59      96818080 
  59      80
  60 00f8 808080FF 		.ascii	"\200\200\200\377"
  61              		.global	OLED_F6x8
  62              		.section	.rodata.OLED_F6x8,"a"
  63              		.align	2
  66              	OLED_F6x8:
  67 0000 00000000 		.ascii	"\000\000\000\000\000\000"
  67      0000
  68 0006 0000002F 		.ascii	"\000\000\000/\000\000"
  68      0000
  69 000c 00000700 		.ascii	"\000\000\007\000\007\000"
ARM GAS  /tmp/cc3XiOSt.s 			page 3


  69      0700
  70 0012 00147F14 		.ascii	"\000\024\177\024\177\024"
  70      7F14
  71 0018 00242A7F 		.ascii	"\000$*\177*\022"
  71      2A12
  72 001e 00231308 		.ascii	"\000#\023\010db"
  72      6462
  73 0024 00364955 		.ascii	"\0006IU\"P"
  73      2250
  74 002a 00000007 		.ascii	"\000\000\000\007\000\000"
  74      0000
  75 0030 00001C22 		.ascii	"\000\000\034\"A\000"
  75      4100
  76 0036 00004122 		.ascii	"\000\000A\"\034\000"
  76      1C00
  77 003c 0014083E 		.ascii	"\000\024\010>\010\024"
  77      0814
  78 0042 0008083E 		.ascii	"\000\010\010>\010\010"
  78      0808
  79 0048 000000A0 		.ascii	"\000\000\000\240`\000"
  79      6000
  80 004e 00080808 		.ascii	"\000\010\010\010\010\010"
  80      0808
  81 0054 00006060 		.ascii	"\000\000``\000\000"
  81      0000
  82 005a 00201008 		.ascii	"\000 \020\010\004\002"
  82      0402
  83 0060 003E5149 		.ascii	"\000>QIE>"
  83      453E
  84 0066 0000427F 		.ascii	"\000\000B\177@\000"
  84      4000
  85 006c 00426151 		.ascii	"\000BaQIF"
  85      4946
  86 0072 00214145 		.ascii	"\000!AEK1"
  86      4B31
  87 0078 00181412 		.ascii	"\000\030\024\022\177\020"
  87      7F10
  88 007e 00274545 		.ascii	"\000'EEE9"
  88      4539
  89 0084 003C4A49 		.ascii	"\000<JII0"
  89      4930
  90 008a 00017109 		.ascii	"\000\001q\011\005\003"
  90      0503
  91 0090 00364949 		.ascii	"\0006III6"
  91      4936
  92 0096 00064949 		.ascii	"\000\006II)\036"
  92      291E
  93 009c 00003636 		.ascii	"\000\00066\000\000"
  93      0000
  94 00a2 00005636 		.ascii	"\000\000V6\000\000"
  94      0000
  95 00a8 00081422 		.ascii	"\000\010\024\"A\000"
  95      4100
  96 00ae 00141414 		.ascii	"\000\024\024\024\024\024"
  96      1414
  97 00b4 00004122 		.ascii	"\000\000A\"\024\010"
  97      1408
ARM GAS  /tmp/cc3XiOSt.s 			page 4


  98 00ba 00020151 		.ascii	"\000\002\001Q\011\006"
  98      0906
  99 00c0 003E4955 		.ascii	"\000>IUY."
  99      592E
 100 00c6 007C1211 		.ascii	"\000|\022\021\022|"
 100      127C
 101 00cc 007F4949 		.ascii	"\000\177III6"
 101      4936
 102 00d2 003E4141 		.ascii	"\000>AAA\""
 102      4122
 103 00d8 007F4141 		.ascii	"\000\177AA\"\034"
 103      221C
 104 00de 007F4949 		.ascii	"\000\177IIIA"
 104      4941
 105 00e4 007F0909 		.ascii	"\000\177\011\011\011\001"
 105      0901
 106 00ea 003E4149 		.ascii	"\000>AIIz"
 106      497A
 107 00f0 007F0808 		.ascii	"\000\177\010\010\010\177"
 107      087F
 108 00f6 0000417F 		.ascii	"\000\000A\177A\000"
 108      4100
 109 00fc 00204041 		.ascii	"\000 @A?\001"
 109      3F01
 110 0102 007F0814 		.ascii	"\000\177\010\024\"A"
 110      2241
 111 0108 007F4040 		.ascii	"\000\177@@@@"
 111      4040
 112 010e 007F020C 		.ascii	"\000\177\002\014\002\177"
 112      027F
 113 0114 007F0408 		.ascii	"\000\177\004\010\020\177"
 113      107F
 114 011a 003E4141 		.ascii	"\000>AAA>"
 114      413E
 115 0120 007F0909 		.ascii	"\000\177\011\011\011\006"
 115      0906
 116 0126 003E4151 		.ascii	"\000>AQ!^"
 116      215E
 117 012c 007F0919 		.ascii	"\000\177\011\031)F"
 117      2946
 118 0132 00464949 		.ascii	"\000FIII1"
 118      4931
 119 0138 0001017F 		.ascii	"\000\001\001\177\001\001"
 119      0101
 120 013e 003F4040 		.ascii	"\000?@@@?"
 120      403F
 121 0144 001F2040 		.ascii	"\000\037 @ \037"
 121      201F
 122 014a 003F4038 		.ascii	"\000?@8@?"
 122      403F
 123 0150 00631408 		.ascii	"\000c\024\010\024c"
 123      1463
 124 0156 00070870 		.ascii	"\000\007\010p\010\007"
 124      0807
 125 015c 00615149 		.ascii	"\000aQIEC"
 125      4543
 126 0162 00007F41 		.ascii	"\000\000\177AA\000"
ARM GAS  /tmp/cc3XiOSt.s 			page 5


 126      4100
 127 0168 00020408 		.ascii	"\000\002\004\010\020 "
 127      1020
 128 016e 00004141 		.ascii	"\000\000AA\177\000"
 128      7F00
 129 0174 00040201 		.ascii	"\000\004\002\001\002\004"
 129      0204
 130 017a 00404040 		.ascii	"\000@@@@@"
 130      4040
 131 0180 00000102 		.ascii	"\000\000\001\002\004\000"
 131      0400
 132 0186 00205454 		.ascii	"\000 TTTx"
 132      5478
 133 018c 007F4844 		.ascii	"\000\177HDD8"
 133      4438
 134 0192 00384444 		.ascii	"\0008DDD "
 134      4420
 135 0198 00384444 		.ascii	"\0008DDH\177"
 135      487F
 136 019e 00385454 		.ascii	"\0008TTT\030"
 136      5418
 137 01a4 00087E09 		.ascii	"\000\010~\011\001\002"
 137      0102
 138 01aa 0018A4A4 		.ascii	"\000\030\244\244\244|"
 138      A47C
 139 01b0 007F0804 		.ascii	"\000\177\010\004\004x"
 139      0478
 140 01b6 0000447D 		.ascii	"\000\000D}@\000"
 140      4000
 141 01bc 00408084 		.ascii	"\000@\200\204}\000"
 141      7D00
 142 01c2 007F1028 		.ascii	"\000\177\020(D\000"
 142      4400
 143 01c8 0000417F 		.ascii	"\000\000A\177@\000"
 143      4000
 144 01ce 007C0418 		.ascii	"\000|\004\030\004x"
 144      0478
 145 01d4 007C0804 		.ascii	"\000|\010\004\004x"
 145      0478
 146 01da 00384444 		.ascii	"\0008DDD8"
 146      4438
 147 01e0 00FC2424 		.ascii	"\000\374$$$\030"
 147      2418
 148 01e6 00182424 		.ascii	"\000\030$$\030\374"
 148      18FC
 149 01ec 007C0804 		.ascii	"\000|\010\004\004\010"
 149      0408
 150 01f2 00485454 		.ascii	"\000HTTT "
 150      5420
 151 01f8 00043F44 		.ascii	"\000\004?D@ "
 151      4020
 152 01fe 003C4040 		.ascii	"\000<@@ |"
 152      207C
 153 0204 001C2040 		.ascii	"\000\034 @ \034"
 153      201C
 154 020a 003C4030 		.ascii	"\000<@0@<"
 154      403C
ARM GAS  /tmp/cc3XiOSt.s 			page 6


 155 0210 00442810 		.ascii	"\000D(\020(D"
 155      2844
 156 0216 001CA0A0 		.ascii	"\000\034\240\240\240|"
 156      A07C
 157 021c 00446454 		.ascii	"\000DdTLD"
 157      4C44
 158 0222 0000087F 		.ascii	"\000\000\010\177A\000"
 158      4100
 159 0228 0000007F 		.ascii	"\000\000\000\177\000\000"
 159      0000
 160 022e 0000417F 		.ascii	"\000\000A\177\010\000"
 160      0800
 161 0234 00080408 		.ascii	"\000\010\004\010\020\010"
 161      1008
 162              		.global	OLED_F8x16
 163              		.section	.rodata.OLED_F8x16,"a"
 164              		.align	2
 167              	OLED_F8x16:
 168 0000 00000000 		.ascii	"\000\000\000\000\000\000\000\000\000\000\000\000\000"
 168      00000000 
 168      00000000 
 168      00
 169 000d 000000   		.ascii	"\000\000\000"
 170 0010 000000F8 		.ascii	"\000\000\000\370\000\000\000\000\000\000\00030\000\000"
 170      00000000 
 170      00000033 
 170      300000
 171 001f 00       		.ascii	"\000"
 172 0020 00160E00 		.ascii	"\000\026\016\000\026\016\000\000\000\000\000\000\000"
 172      160E0000 
 172      00000000 
 172      00
 173 002d 000000   		.ascii	"\000\000\000"
 174 0030 40C07840 		.ascii	"@\300x@\300x@\000\004?\004\004?\004\004\000"
 174      C0784000 
 174      043F0404 
 174      3F040400 
 175 0040 007088FC 		.ascii	"\000p\210\374\0100\000\000\000\030 \377!\036\000\000"
 175      08300000 
 175      001820FF 
 175      211E0000 
 176 0050 F008F000 		.ascii	"\360\010\360\000\340\030\000\000\000!\034\003\036!\036"
 176      E0180000 
 176      00211C03 
 176      1E211E
 177 005f 00       		.ascii	"\000"
 178 0060 00F00888 		.ascii	"\000\360\010\210p\000\000\000\036!#$\031'!\020"
 178      70000000 
 178      1E212324 
 178      19272110 
 179 0070 00000016 		.ascii	"\000\000\000\026\016\000\000\000\000\000\000\000\000"
 179      0E000000 
 179      00000000 
 179      00
 180 007d 000000   		.ascii	"\000\000\000"
 181 0080 000000E0 		.ascii	"\000\000\000\340\030\004\002\000\000\000\000\007\030"
 181      18040200 
ARM GAS  /tmp/cc3XiOSt.s 			page 7


 181      00000007 
 181      18
 182 008d 204000   		.ascii	" @\000"
 183 0090 00020418 		.ascii	"\000\002\004\030\340\000\000\000\000@ \030\007\000\000"
 183      E0000000 
 183      00402018 
 183      070000
 184 009f 00       		.ascii	"\000"
 185 00a0 404080F0 		.ascii	"@@\200\360\200@@\000\002\002\001\017\001\002\002\000"
 185      80404000 
 185      0202010F 
 185      01020200 
 186 00b0 000000F0 		.ascii	"\000\000\000\360\000\000\000\000\001\001\001\037\001"
 186      00000000 
 186      0101011F 
 186      01
 187 00bd 010100   		.ascii	"\001\001\000"
 188 00c0 00000000 		.ascii	"\000\000\000\000\000\000\000\000\000\260p\000\000\000"
 188      00000000 
 188      00B07000 
 188      0000
 189 00ce 0000     		.ascii	"\000\000"
 190 00d0 00000000 		.ascii	"\000\000\000\000\000\000\000\000\000\001\001\001\001"
 190      00000000 
 190      00010101 
 190      01
 191 00dd 010101   		.ascii	"\001\001\001"
 192 00e0 00000000 		.ascii	"\000\000\000\000\000\000\000\000\00000\000\000\000\000"
 192      00000000 
 192      00303000 
 192      000000
 193 00ef 00       		.ascii	"\000"
 194 00f0 00000000 		.ascii	"\000\000\000\000\200`\030\004\000`\030\006\001\000\000"
 194      80601804 
 194      00601806 
 194      010000
 195 00ff 00       		.ascii	"\000"
 196 0100 00E01008 		.ascii	"\000\340\020\010\010\020\340\000\000\017\020  \020\017"
 196      0810E000 
 196      000F1020 
 196      20100F
 197 010f 00       		.ascii	"\000"
 198 0110 001010F8 		.ascii	"\000\020\020\370\000\000\000\000\000  ?  \000\000"
 198      00000000 
 198      0020203F 
 198      20200000 
 199 0120 00700808 		.ascii	"\000p\010\010\010\210p\000\0000($\"!0\000"
 199      08887000 
 199      00302824 
 199      22213000 
 200 0130 00300888 		.ascii	"\0000\010\210\210H0\000\000\030   \021\016\000"
 200      88483000 
 200      00182020 
 200      20110E00 
 201 0140 0000C020 		.ascii	"\000\000\300 \020\370\000\000\000\007\004$$?$\000"
 201      10F80000 
 201      00070424 
ARM GAS  /tmp/cc3XiOSt.s 			page 8


 201      243F2400 
 202 0150 00F80888 		.ascii	"\000\370\010\210\210\010\010\000\000\031!  \021\016"
 202      88080800 
 202      00192120 
 202      20110E
 203 015f 00       		.ascii	"\000"
 204 0160 00E01088 		.ascii	"\000\340\020\210\210\030\000\000\000\017\021  \021\016"
 204      88180000 
 204      000F1120 
 204      20110E
 205 016f 00       		.ascii	"\000"
 206 0170 00380808 		.ascii	"\0008\010\010\3108\010\000\000\000\000?\000\000\000"
 206      C8380800 
 206      0000003F 
 206      000000
 207 017f 00       		.ascii	"\000"
 208 0180 00708808 		.ascii	"\000p\210\010\010\210p\000\000\034\"!!\"\034\000"
 208      08887000 
 208      001C2221 
 208      21221C00 
 209 0190 00E01008 		.ascii	"\000\340\020\010\010\020\340\000\000\0001\"\"\021\017"
 209      0810E000 
 209      00003122 
 209      22110F
 210 019f 00       		.ascii	"\000"
 211 01a0 000000C0 		.ascii	"\000\000\000\300\300\000\000\000\000\000\00000\000\000"
 211      C0000000 
 211      00000030 
 211      300000
 212 01af 00       		.ascii	"\000"
 213 01b0 000000C0 		.ascii	"\000\000\000\300\300\000\000\000\000\000\200\260p\000"
 213      C0000000 
 213      000080B0 
 213      7000
 214 01be 0000     		.ascii	"\000\000"
 215 01c0 00008040 		.ascii	"\000\000\200@ \020\010\000\000\001\002\004\010\020 "
 215      20100800 
 215      00010204 
 215      081020
 216 01cf 00       		.ascii	"\000"
 217 01d0 40404040 		.ascii	"@@@@@@@\000\004\004\004\004\004\004\004\000"
 217      40404000 
 217      04040404 
 217      04040400 
 218 01e0 00081020 		.ascii	"\000\010\020 @\200\000\000\000 \020\010\004\002\001"
 218      40800000 
 218      00201008 
 218      040201
 219 01ef 00       		.ascii	"\000"
 220 01f0 00704808 		.ascii	"\000pH\010\010\010\360\000\000\000\00006\001\000\000"
 220      0808F000 
 220      00000030 
 220      36010000 
 221 0200 C030C828 		.ascii	"\3000\310(\350\020\340\000\007\030'$#\024\013\000"
 221      E810E000 
 221      07182724 
 221      23140B00 
ARM GAS  /tmp/cc3XiOSt.s 			page 9


 222 0210 0000C038 		.ascii	"\000\000\3008\340\000\000\000 <#\002\002'8 "
 222      E0000000 
 222      203C2302 
 222      02273820 
 223 0220 08F88888 		.ascii	"\010\370\210\210\210p\000\000 ?   \021\016\000"
 223      88700000 
 223      203F2020 
 223      20110E00 
 224 0230 C0300808 		.ascii	"\3000\010\010\010\0108\000\007\030   \020\010\000"
 224      08083800 
 224      07182020 
 224      20100800 
 225 0240 08F80808 		.ascii	"\010\370\010\010\010\020\340\000 ?   \020\017\000"
 225      0810E000 
 225      203F2020 
 225      20100F00 
 226 0250 08F88888 		.ascii	"\010\370\210\210\350\010\020\000 ?  # \030\000"
 226      E8081000 
 226      203F2020 
 226      23201800 
 227 0260 08F88888 		.ascii	"\010\370\210\210\350\010\020\000 ? \000\003\000\000"
 227      E8081000 
 227      203F2000 
 227      030000
 228 026f 00       		.ascii	"\000"
 229 0270 C0300808 		.ascii	"\3000\010\010\0108\000\000\007\030  \"\036\002\000"
 229      08380000 
 229      07182020 
 229      221E0200 
 230 0280 08F80800 		.ascii	"\010\370\010\000\000\010\370\010 ?!\001\001!? "
 230      0008F808 
 230      203F2101 
 230      01213F20 
 231 0290 000808F8 		.ascii	"\000\010\010\370\010\010\000\000\000  ?  \000\000"
 231      08080000 
 231      0020203F 
 231      20200000 
 232 02a0 00000808 		.ascii	"\000\000\010\010\370\010\010\000\300\200\200\200\177"
 232      F8080800 
 232      C0808080 
 232      7F
 233 02ad 000000   		.ascii	"\000\000\000"
 234 02b0 08F888C0 		.ascii	"\010\370\210\300(\030\010\000 ? \001&8 \000"
 234      28180800 
 234      203F2001 
 234      26382000 
 235 02c0 08F80800 		.ascii	"\010\370\010\000\000\000\000\000 ?    0\000"
 235      00000000 
 235      203F2020 
 235      20203000 
 236 02d0 08F8F800 		.ascii	"\010\370\370\000\370\370\010\000 ?\000?\000? \000"
 236      F8F80800 
 236      203F003F 
 236      003F2000 
 237 02e0 08F830C0 		.ascii	"\010\3700\300\000\010\370\010 ? \000\007\030?\000"
 237      0008F808 
 237      203F2000 
ARM GAS  /tmp/cc3XiOSt.s 			page 10


 237      07183F00 
 238 02f0 E0100808 		.ascii	"\340\020\010\010\010\020\340\000\017\020   \020\017"
 238      0810E000 
 238      0F102020 
 238      20100F
 239 02ff 00       		.ascii	"\000"
 240 0300 08F80808 		.ascii	"\010\370\010\010\010\010\360\000 ?!\001\001\001\000"
 240      0808F000 
 240      203F2101 
 240      010100
 241 030f 00       		.ascii	"\000"
 242 0310 E0100808 		.ascii	"\340\020\010\010\010\020\340\000\017\030$$8PO\000"
 242      0810E000 
 242      0F182424 
 242      38504F00 
 243 0320 08F88888 		.ascii	"\010\370\210\210\210\210p\000 ? \000\003\0140 "
 243      88887000 
 243      203F2000 
 243      030C3020 
 244 0330 00708808 		.ascii	"\000p\210\010\010\0108\000\0008 !!\"\034\000"
 244      08083800 
 244      00382021 
 244      21221C00 
 245 0340 180808F8 		.ascii	"\030\010\010\370\010\010\030\000\000\000 ? \000\000"
 245      08081800 
 245      0000203F 
 245      200000
 246 034f 00       		.ascii	"\000"
 247 0350 08F80800 		.ascii	"\010\370\010\000\000\010\370\010\000\037    \037\000"
 247      0008F808 
 247      001F2020 
 247      20201F00 
 248 0360 08788800 		.ascii	"\010x\210\000\000\3108\010\000\000\0078\016\001\000"
 248      00C83808 
 248      00000738 
 248      0E0100
 249 036f 00       		.ascii	"\000"
 250 0370 F80800F8 		.ascii	"\370\010\000\370\000\010\370\000\003<\007\000\007<\003"
 250      0008F800 
 250      033C0700 
 250      073C03
 251 037f 00       		.ascii	"\000"
 252 0380 08186880 		.ascii	"\010\030h\200\200h\030\010 0,\003\003,0 "
 252      80681808 
 252      20302C03 
 252      032C3020 
 253 0390 0838C800 		.ascii	"\0108\310\000\3108\010\000\000\000 ? \000\000\000"
 253      C8380800 
 253      0000203F 
 253      20000000 
 254 03a0 10080808 		.ascii	"\020\010\010\010\3108\010\000 8&!  \030\000"
 254      C8380800 
 254      20382621 
 254      20201800 
 255 03b0 000000FE 		.ascii	"\000\000\000\376\002\002\002\000\000\000\000\177@@@"
 255      02020200 
 255      0000007F 
ARM GAS  /tmp/cc3XiOSt.s 			page 11


 255      404040
 256 03bf 00       		.ascii	"\000"
 257 03c0 000C30C0 		.ascii	"\000\0140\300\000\000\000\000\000\000\000\001\0068\300"
 257      00000000 
 257      00000001 
 257      0638C0
 258 03cf 00       		.ascii	"\000"
 259 03d0 00020202 		.ascii	"\000\002\002\002\376\000\000\000\000@@@\177\000\000"
 259      FE000000 
 259      00404040 
 259      7F0000
 260 03df 00       		.ascii	"\000"
 261 03e0 00201008 		.ascii	"\000 \020\010\004\010\020 \000\000\000\000\000\000\000"
 261      04081020 
 261      00000000 
 261      000000
 262 03ef 00       		.ascii	"\000"
 263 03f0 00000000 		.ascii	"\000\000\000\000\000\000\000\000\200\200\200\200\200"
 263      00000000 
 263      80808080 
 263      80
 264 03fd 808080   		.ascii	"\200\200\200"
 265 0400 00020408 		.ascii	"\000\002\004\010\000\000\000\000\000\000\000\000\000"
 265      00000000 
 265      00000000 
 265      00
 266 040d 000000   		.ascii	"\000\000\000"
 267 0410 00008080 		.ascii	"\000\000\200\200\200\200\000\000\000\031$\"\"\"? "
 267      80800000 
 267      00192422 
 267      22223F20 
 268 0420 08F80080 		.ascii	"\010\370\000\200\200\000\000\000\000?\021  \021\016"
 268      80000000 
 268      003F1120 
 268      20110E
 269 042f 00       		.ascii	"\000"
 270 0430 00000080 		.ascii	"\000\000\000\200\200\200\000\000\000\016\021   \021"
 270      80800000 
 270      000E1120 
 270      202011
 271 043f 00       		.ascii	"\000"
 272 0440 00000080 		.ascii	"\000\000\000\200\200\210\370\000\000\016\021  \020?"
 272      8088F800 
 272      000E1120 
 272      20103F
 273 044f 20       		.ascii	" "
 274 0450 00008080 		.ascii	"\000\000\200\200\200\200\000\000\000\037\"\"\"\"\023"
 274      80800000 
 274      001F2222 
 274      222213
 275 045f 00       		.ascii	"\000"
 276 0460 008080F0 		.ascii	"\000\200\200\360\210\210\210\030\000  ?  \000\000"
 276      88888818 
 276      0020203F 
 276      20200000 
 277 0470 00008080 		.ascii	"\000\000\200\200\200\200\200\000\000k\224\224\224\223"
 277      80808000 
ARM GAS  /tmp/cc3XiOSt.s 			page 12


 277      006B9494 
 277      9493
 278 047e 6000     		.ascii	"`\000"
 279 0480 08F80080 		.ascii	"\010\370\000\200\200\200\000\000 ?!\000\000 ? "
 279      80800000 
 279      203F2100 
 279      00203F20 
 280 0490 00809898 		.ascii	"\000\200\230\230\000\000\000\000\000  ?  \000\000"
 280      00000000 
 280      0020203F 
 280      20200000 
 281 04a0 00000080 		.ascii	"\000\000\000\200\230\230\000\000\000\300\200\200\200"
 281      98980000 
 281      00C08080 
 281      80
 282 04ad 7F0000   		.ascii	"\177\000\000"
 283 04b0 08F80000 		.ascii	"\010\370\000\000\200\200\200\000 ?$\002-0 \000"
 283      80808000 
 283      203F2402 
 283      2D302000 
 284 04c0 000808F8 		.ascii	"\000\010\010\370\000\000\000\000\000  ?  \000\000"
 284      00000000 
 284      0020203F 
 284      20200000 
 285 04d0 80808080 		.ascii	"\200\200\200\200\200\200\200\000 ? \000? \000?"
 285      80808000 
 285      203F2000 
 285      3F20003F 
 286 04e0 00808000 		.ascii	"\000\200\200\000\200\200\000\000\000 ?!\000 ? "
 286      80800000 
 286      00203F21 
 286      00203F20 
 287 04f0 00008080 		.ascii	"\000\000\200\200\200\200\000\000\000\037    \037\000"
 287      80800000 
 287      001F2020 
 287      20201F00 
 288 0500 80800080 		.ascii	"\200\200\000\200\200\000\000\000\200\377\241  \021\016"
 288      80000000 
 288      80FFA120 
 288      20110E
 289 050f 00       		.ascii	"\000"
 290 0510 00000080 		.ascii	"\000\000\000\200\200\200\200\000\000\016\021  \240\377"
 290      80808000 
 290      000E1120 
 290      20A0FF
 291 051f 80       		.ascii	"\200"
 292 0520 80808000 		.ascii	"\200\200\200\000\200\200\200\000  ?! \000\001\000"
 292      80808000 
 292      20203F21 
 292      20000100 
 293 0530 00008080 		.ascii	"\000\000\200\200\200\200\200\000\0003$$$$\031\000"
 293      80808000 
 293      00332424 
 293      24241900 
 294 0540 008080E0 		.ascii	"\000\200\200\340\200\200\000\000\000\000\000\037  \000"
 294      80800000 
 294      0000001F 
ARM GAS  /tmp/cc3XiOSt.s 			page 13


 294      202000
 295 054f 00       		.ascii	"\000"
 296 0550 80800000 		.ascii	"\200\200\000\000\000\200\200\000\000\037   \020? "
 296      00808000 
 296      001F2020 
 296      20103F20 
 297 0560 80808000 		.ascii	"\200\200\200\000\000\200\200\200\000\001\0160\010\006"
 297      00808080 
 297      00010E30 
 297      0806
 298 056e 0100     		.ascii	"\001\000"
 299 0570 80800080 		.ascii	"\200\200\000\200\000\200\200\200\0170\014\003\0140\017"
 299      00808080 
 299      0F300C03 
 299      0C300F
 300 057f 00       		.ascii	"\000"
 301 0580 00808000 		.ascii	"\000\200\200\000\200\200\200\000\000 1.\0161 \000"
 301      80808000 
 301      0020312E 
 301      0E312000 
 302 0590 80808000 		.ascii	"\200\200\200\000\000\200\200\200\200\201\216p\030\006"
 302      00808080 
 302      80818E70 
 302      1806
 303 059e 0100     		.ascii	"\001\000"
 304 05a0 00808080 		.ascii	"\000\200\200\200\200\200\200\000\000!0,\"!0\000"
 304      80808000 
 304      0021302C 
 304      22213000 
 305 05b0 00000000 		.ascii	"\000\000\000\000\200|\002\002\000\000\000\000\000?@"
 305      807C0202 
 305      00000000 
 305      003F40
 306 05bf 40       		.ascii	"@"
 307 05c0 00000000 		.ascii	"\000\000\000\000\377\000\000\000\000\000\000\000\377"
 307      FF000000 
 307      00000000 
 307      FF
 308 05cd 000000   		.ascii	"\000\000\000"
 309 05d0 0002027C 		.ascii	"\000\002\002|\200\000\000\000\000@@?\000\000\000\000"
 309      80000000 
 309      0040403F 
 309      00000000 
 310 05e0 00804040 		.ascii	"\000\200@@\200\000\000\200\000\000\000\000\000\001\001"
 310      80000080 
 310      00000000 
 310      000101
 311 05ef 00       		.ascii	"\000"
 312              		.text
 313              	.Letext0:
 314              		.file 2 "BSP/OLED/OLED_Data.h"
 315              		.file 3 "/usr/lib/gcc/arm-none-eabi/13.2.1/include/stdint.h"
ARM GAS  /tmp/cc3XiOSt.s 			page 14


DEFINED SYMBOLS
                            *ABS*:00000000 OLED_Data.c
     /tmp/cc3XiOSt.s:23     .rodata.Diode:00000000 Diode
     /tmp/cc3XiOSt.s:20     .rodata.Diode:00000000 $d
     /tmp/cc3XiOSt.s:32     .rodata.OLED_CF16x16:00000000 OLED_CF16x16
     /tmp/cc3XiOSt.s:29     .rodata.OLED_CF16x16:00000000 $d
     /tmp/cc3XiOSt.s:66     .rodata.OLED_F6x8:00000000 OLED_F6x8
     /tmp/cc3XiOSt.s:63     .rodata.OLED_F6x8:00000000 $d
     /tmp/cc3XiOSt.s:167    .rodata.OLED_F8x16:00000000 OLED_F8x16
     /tmp/cc3XiOSt.s:164    .rodata.OLED_F8x16:00000000 $d

NO UNDEFINED SYMBOLS
