Archive member included to satisfy reference by file (symbol)

/usr/lib/gcc/arm-none-eabi/13.2.1/../../../arm-none-eabi/lib/thumb/v7-m/nofp/libc_nano.a(libc_a-init.o)
                              /usr/lib/gcc/arm-none-eabi/13.2.1/../../../arm-none-eabi/lib/thumb/v7-m/nofp/crt0.o (__libc_init_array)
/usr/lib/gcc/arm-none-eabi/13.2.1/../../../arm-none-eabi/lib/thumb/v7-m/nofp/libc_nano.a(libc_a-vsprintf.o)
                              build/OLED.o (vsprintf)
/usr/lib/gcc/arm-none-eabi/13.2.1/../../../arm-none-eabi/lib/thumb/v7-m/nofp/libc_nano.a(libc_a-memset.o)
                              /usr/lib/gcc/arm-none-eabi/13.2.1/../../../arm-none-eabi/lib/thumb/v7-m/nofp/crt0.o (memset)
/usr/lib/gcc/arm-none-eabi/13.2.1/../../../arm-none-eabi/lib/thumb/v7-m/nofp/libc_nano.a(libc_a-errno.o)
                              build/sysmem.o (__errno)
/usr/lib/gcc/arm-none-eabi/13.2.1/../../../arm-none-eabi/lib/thumb/v7-m/nofp/libc_nano.a(libc_a-memcpy.o)
                              build/queue.o (memcpy)
/usr/lib/gcc/arm-none-eabi/13.2.1/../../../arm-none-eabi/lib/thumb/v7-m/nofp/libc_nano.a(libc_a-strcmp.o)
                              build/OLED.o (strcmp)
/usr/lib/gcc/arm-none-eabi/13.2.1/../../../arm-none-eabi/lib/thumb/v7-m/nofp/libc_nano.a(libc_a-exit.o)
                              /usr/lib/gcc/arm-none-eabi/13.2.1/../../../arm-none-eabi/lib/thumb/v7-m/nofp/crt0.o (exit)
/usr/lib/gcc/arm-none-eabi/13.2.1/../../../arm-none-eabi/lib/thumb/v7-m/nofp/libc_nano.a(libc_a-atexit.o)
                              /usr/lib/gcc/arm-none-eabi/13.2.1/../../../arm-none-eabi/lib/thumb/v7-m/nofp/crt0.o (atexit)
/usr/lib/gcc/arm-none-eabi/13.2.1/../../../arm-none-eabi/lib/thumb/v7-m/nofp/libc_nano.a(libc_a-memcmp.o)
                              build/usb_keyboard.o (memcmp)
/usr/lib/gcc/arm-none-eabi/13.2.1/../../../arm-none-eabi/lib/thumb/v7-m/nofp/libc_nano.a(libc_a-fini.o)
                              /usr/lib/gcc/arm-none-eabi/13.2.1/../../../arm-none-eabi/lib/thumb/v7-m/nofp/crt0.o (__libc_fini_array)
/usr/lib/gcc/arm-none-eabi/13.2.1/../../../arm-none-eabi/lib/thumb/v7-m/nofp/libc_nano.a(libc_a-impure.o)
                              /usr/lib/gcc/arm-none-eabi/13.2.1/../../../arm-none-eabi/lib/thumb/v7-m/nofp/libc_nano.a(libc_a-vsprintf.o) (_impure_ptr)
/usr/lib/gcc/arm-none-eabi/13.2.1/../../../arm-none-eabi/lib/thumb/v7-m/nofp/libc_nano.a(libc_a-nano-svfprintf.o)
                              /usr/lib/gcc/arm-none-eabi/13.2.1/../../../arm-none-eabi/lib/thumb/v7-m/nofp/libc_nano.a(libc_a-vsprintf.o) (_svfprintf_r)
/usr/lib/gcc/arm-none-eabi/13.2.1/../../../arm-none-eabi/lib/thumb/v7-m/nofp/libc_nano.a(libc_a-findfp.o)
                              /usr/lib/gcc/arm-none-eabi/13.2.1/../../../arm-none-eabi/lib/thumb/v7-m/nofp/libc_nano.a(libc_a-exit.o) (__stdio_exit_handler)
/usr/lib/gcc/arm-none-eabi/13.2.1/../../../arm-none-eabi/lib/thumb/v7-m/nofp/libc_nano.a(libc_a-fflush.o)
                              /usr/lib/gcc/arm-none-eabi/13.2.1/../../../arm-none-eabi/lib/thumb/v7-m/nofp/libc_nano.a(libc_a-findfp.o) (_fflush_r)
/usr/lib/gcc/arm-none-eabi/13.2.1/../../../arm-none-eabi/lib/thumb/v7-m/nofp/libc_nano.a(libc_a-mallocr.o)
                              /usr/lib/gcc/arm-none-eabi/13.2.1/../../../arm-none-eabi/lib/thumb/v7-m/nofp/libc_nano.a(libc_a-nano-svfprintf.o) (_malloc_r)
/usr/lib/gcc/arm-none-eabi/13.2.1/../../../arm-none-eabi/lib/thumb/v7-m/nofp/libc_nano.a(libc_a-freer.o)
                              /usr/lib/gcc/arm-none-eabi/13.2.1/../../../arm-none-eabi/lib/thumb/v7-m/nofp/libc_nano.a(libc_a-nano-svfprintf.o) (_free_r)
/usr/lib/gcc/arm-none-eabi/13.2.1/../../../arm-none-eabi/lib/thumb/v7-m/nofp/libc_nano.a(libc_a-memmove.o)
                              /usr/lib/gcc/arm-none-eabi/13.2.1/../../../arm-none-eabi/lib/thumb/v7-m/nofp/libc_nano.a(libc_a-nano-svfprintf.o) (memmove)
/usr/lib/gcc/arm-none-eabi/13.2.1/../../../arm-none-eabi/lib/thumb/v7-m/nofp/libc_nano.a(libc_a-fwalk.o)
                              /usr/lib/gcc/arm-none-eabi/13.2.1/../../../arm-none-eabi/lib/thumb/v7-m/nofp/libc_nano.a(libc_a-findfp.o) (_fwalk_sglue)
/usr/lib/gcc/arm-none-eabi/13.2.1/../../../arm-none-eabi/lib/thumb/v7-m/nofp/libc_nano.a(libc_a-__atexit.o)
                              /usr/lib/gcc/arm-none-eabi/13.2.1/../../../arm-none-eabi/lib/thumb/v7-m/nofp/libc_nano.a(libc_a-atexit.o) (__register_exitproc)
/usr/lib/gcc/arm-none-eabi/13.2.1/../../../arm-none-eabi/lib/thumb/v7-m/nofp/libc_nano.a(libc_a-reallocr.o)
                              /usr/lib/gcc/arm-none-eabi/13.2.1/../../../arm-none-eabi/lib/thumb/v7-m/nofp/libc_nano.a(libc_a-nano-svfprintf.o) (_realloc_r)
/usr/lib/gcc/arm-none-eabi/13.2.1/../../../arm-none-eabi/lib/thumb/v7-m/nofp/libc_nano.a(libc_a-nano-vfprintf_i.o)
                              /usr/lib/gcc/arm-none-eabi/13.2.1/../../../arm-none-eabi/lib/thumb/v7-m/nofp/libc_nano.a(libc_a-nano-svfprintf.o) (_printf_i)
[...]
Memory Configuration

Name             Origin             Length             Attributes
RAM              0x20000000         0x00005000         xrw
FLASH            0x08000000         0x00010000         xr
*default*        0x00000000         0xffffffff

Linker script and memory map

LOAD /usr/lib/gcc/arm-none-eabi/13.2.1/thumb/v7-m/nofp/crti.o
LOAD /usr/lib/gcc/arm-none-eabi/13.2.1/thumb/v7-m/nofp/crtbegin.o
LOAD /usr/lib/gcc/arm-none-eabi/13.2.1/../../../arm-none-eabi/lib/thumb/v7-m/nofp/crt0.o
LOAD build/main.o
LOAD build/gpio.o
LOAD build/freertos.o
LOAD build/i2c.o
LOAD build/stm32f1xx_it.o
LOAD build/stm32f1xx_hal_msp.o
LOAD build/stm32f1xx_hal_timebase_tim.o
LOAD build/usb_device.o
LOAD build/usbd_desc.o
LOAD build/usbd_conf.o
LOAD build/stm32f1xx_hal_gpio_ex.o
LOAD build/stm32f1xx_hal_tim.o
LOAD build/stm32f1xx_hal_tim_ex.o
LOAD build/stm32f1xx_hal_pcd.o
LOAD build/stm32f1xx_hal_pcd_ex.o
LOAD build/stm32f1xx_ll_usb.o
LOAD build/stm32f1xx_hal.o
LOAD build/stm32f1xx_hal_rcc.o
LOAD build/stm32f1xx_hal_rcc_ex.o
LOAD build/stm32f1xx_hal_gpio.o
LOAD build/stm32f1xx_hal_dma.o
LOAD build/stm32f1xx_hal_cortex.o
LOAD build/stm32f1xx_hal_pwr.o
LOAD build/stm32f1xx_hal_flash.o
LOAD build/stm32f1xx_hal_flash_ex.o
LOAD build/stm32f1xx_hal_exti.o
LOAD build/stm32f1xx_hal_i2c.o
LOAD build/system_stm32f1xx.o
LOAD build/croutine.o
LOAD build/event_groups.o
LOAD build/list.o
LOAD build/queue.o
LOAD build/stream_buffer.o
LOAD build/tasks.o
LOAD build/timers.o
LOAD build/cmsis_os2.o
LOAD build/heap_4.o
LOAD build/port.o
LOAD build/usbd_core.o
LOAD build/usbd_ctlreq.o
LOAD build/usbd_ioreq.o
LOAD build/usbd_hid.o
LOAD build/sysmem.o
LOAD build/syscalls.o
LOAD build/matrix_keyboard.o
LOAD build/usb_keyboard.o
LOAD build/OLED.o
LOAD build/OLED_Data.o
LOAD build/startup_stm32f103xb.o
LOAD /usr/lib/gcc/arm-none-eabi/13.2.1/../../../arm-none-eabi/lib/thumb/v7-m/nofp/libc_nano.a
LOAD /usr/lib/gcc/arm-none-eabi/13.2.1/../../../arm-none-eabi/lib/thumb/v7-m/nofp/libm.a
LOAD /usr/lib/gcc/arm-none-eabi/13.2.1/../../../arm-none-eabi/lib/thumb/v7-m/nofp/libnosys.a
START GROUP
LOAD /usr/lib/gcc/arm-none-eabi/13.2.1/thumb/v7-m/nofp/libgcc.a
LOAD /usr/lib/gcc/arm-none-eabi/13.2.1/../../../arm-none-eabi/lib/thumb/v7-m/nofp/libc_nano.a
END GROUP
START GROUP
LOAD /usr/lib/gcc/arm-none-eabi/13.2.1/thumb/v7-m/nofp/libgcc.a
LOAD /usr/lib/gcc/arm-none-eabi/13.2.1/../../../arm-none-eabi/lib/thumb/v7-m/nofp/libc_nano.a
END GROUP
LOAD /usr/lib/gcc/arm-none-eabi/13.2.1/thumb/v7-m/nofp/crtend.o
LOAD /usr/lib/gcc/arm-none-eabi/13.2.1/thumb/v7-m/nofp/crtn.o
                0x20005000                        _estack = (ORIGIN (RAM) + LENGTH (RAM))
                0x00000200                        _Min_Heap_Size = 0x200
                0x00000400                        _Min_Stack_Size = 0x400

.isr_vector     0x08000000      0x10c
                0x08000000                        . = ALIGN (0x4)
 *(.isr_vector)
 .isr_vector    0x08000000      0x10c build/startup_stm32f103xb.o
                0x08000000                g_pfnVectors
                0x0800010c                        . = ALIGN (0x4)

.text           0x08000110     0x7560
                0x08000110                        . = ALIGN (0x4)
 *(.text)
 .text          0x08000110       0x88 /usr/lib/gcc/arm-none-eabi/13.2.1/thumb/v7-m/nofp/crtbegin.o
 .text          0x08000198       0x50 /usr/lib/gcc/arm-none-eabi/13.2.1/../../../arm-none-eabi/lib/thumb/v7-m/nofp/libc_nano.a(libc_a-init.o)
                0x08000198                __libc_init_array
 .text          0x080001e8       0xa0 /usr/lib/gcc/arm-none-eabi/13.2.1/../../../arm-none-eabi/lib/thumb/v7-m/nofp/libc_nano.a(libc_a-memset.o)
                0x080001e8                memset
 .text          0x08000288       0xec /usr/lib/gcc/arm-none-eabi/13.2.1/../../../arm-none-eabi/lib/thumb/v7-m/nofp/libc_nano.a(libc_a-memcpy.o)
                0x08000288                memcpy
 .text          0x08000374       0x5c /usr/lib/gcc/arm-none-eabi/13.2.1/../../../arm-none-eabi/lib/thumb/v7-m/nofp/libc_nano.a(libc_a-memcmp.o)
                0x08000374                memcmp
 .text          0x080003d0      0x378 /usr/lib/gcc/arm-none-eabi/13.2.1/thumb/v7-m/nofp/libgcc.a(_arm_addsubdf3.o)
                0x080003d0                __aeabi_drsub
                0x080003d8                __aeabi_dsub
                0x080003d8                __subdf3
                0x080003dc                __adddf3
                0x080003dc                __aeabi_dadd
                0x08000654                __aeabi_ui2d
                0x08000654                __floatunsidf
                0x08000674                __floatsidf
                0x08000674                __aeabi_i2d
                0x08000698                __extendsfdf2
                0x08000698                __aeabi_f2d
                0x080006dc                __aeabi_ul2d
                0x080006dc                __floatundidf
                0x080006ec                __floatdidf
                0x080006ec                __aeabi_l2d
 .text          0x08000748      0x424 /usr/lib/gcc/arm-none-eabi/13.2.1/thumb/v7-m/nofp/libgcc.a(_arm_muldivdf3.o)
                0x08000748                __aeabi_dmul
                0x08000748                __muldf3
                0x0800099c                __aeabi_ddiv
                0x0800099c                __divdf3
 .text          0x08000b6c       0x40 /usr/lib/gcc/arm-none-eabi/13.2.1/thumb/v7-m/nofp/libgcc.a(_arm_fixunsdfsi.o)
                0x08000b6c                __fixunsdfsi
                0x08000b6c                __aeabi_d2uiz
 *(.text*)
 .text.HAL_TIM_PeriodElapsedCallback
                0x08000bac       0x18 build/main.o
                0x08000bac                HAL_TIM_PeriodElapsedCallback
 .text.Error_Handler
                0x08000bc4        0x4 build/main.o
                0x08000bc4                Error_Handler
 .text.SystemClock_Config
                0x08000bc8       0x86 build/main.o
                0x08000bc8                SystemClock_Config
 .text.main     0x08000c4e       0x20 build/main.o
                0x08000c4e                main
 *fill*         0x08000c6e        0x2 
 .text.MX_GPIO_Init
                0x08000c70       0x84 build/gpio.o
                0x08000c70                MX_GPIO_Init
 .text.StartkeyboardTask
                0x08000cf4       0x22 build/freertos.o
                0x08000cf4                StartkeyboardTask
 *fill*         0x08000d16        0x2 
 .text.StartguiTask
                0x08000d18       0x90 build/freertos.o
                0x08000d18                StartguiTask
 .text.StartencoderTask
                0x08000da8        0xa build/freertos.o
                0x08000da8                StartencoderTask
 *fill*         0x08000db2        0x2 
 .text.MX_FREERTOS_Init
                0x08000db4       0x54 build/freertos.o
                0x08000db4                MX_FREERTOS_Init
 .text.Matrix_Key_Callback
                0x08000e08       0x30 build/freertos.o
                0x08000e08                Matrix_Key_Callback
 .text.MX_I2C1_Init
                0x08000e38       0x3c build/i2c.o
                0x08000e38                MX_I2C1_Init
 .text.HAL_I2C_MspInit
                0x08000e74       0x64 build/i2c.o
                0x08000e74                HAL_I2C_MspInit
 .text.NMI_Handler
                0x08000ed8        0x2 build/stm32f1xx_it.o
                0x08000ed8                NMI_Handler
 .text.HardFault_Handler
                0x08000eda        0x2 build/stm32f1xx_it.o
                0x08000eda                HardFault_Handler
 .text.MemManage_Handler
                0x08000edc        0x2 build/stm32f1xx_it.o
                0x08000edc                MemManage_Handler
 .text.BusFault_Handler
                0x08000ede        0x2 build/stm32f1xx_it.o
                0x08000ede                BusFault_Handler
 .text.UsageFault_Handler
                0x08000ee0        0x2 build/stm32f1xx_it.o
                0x08000ee0                UsageFault_Handler
 .text.DebugMon_Handler
                0x08000ee2        0x2 build/stm32f1xx_it.o
                0x08000ee2                DebugMon_Handler
 .text.USB_LP_CAN1_RX0_IRQHandler
                0x08000ee4       0x10 build/stm32f1xx_it.o
                0x08000ee4                USB_LP_CAN1_RX0_IRQHandler
 .text.TIM4_IRQHandler
                0x08000ef4       0x10 build/stm32f1xx_it.o
                0x08000ef4                TIM4_IRQHandler
 .text.HAL_MspInit
                0x08000f04       0x54 build/stm32f1xx_hal_msp.o
                0x08000f04                HAL_MspInit
 .text.HAL_InitTick
                0x08000f58       0xa0 build/stm32f1xx_hal_timebase_tim.o
                0x08000f58                HAL_InitTick
 .text.MX_USB_DEVICE_Init
                0x08000ff8       0x40 build/usb_device.o
                0x08000ff8                MX_USB_DEVICE_Init
 .text.USBD_FS_DeviceDescriptor
                0x08001038        0xc build/usbd_desc.o
                0x08001038                USBD_FS_DeviceDescriptor
 .text.USBD_FS_LangIDStrDescriptor
                0x08001044        0xc build/usbd_desc.o
                0x08001044                USBD_FS_LangIDStrDescriptor
 .text.IntToUnicode
                0x08001050       0x46 build/usbd_desc.o
 *fill*         0x08001096        0x2 
 .text.Get_SerialNum
                0x08001098       0x38 build/usbd_desc.o
 .text.USBD_FS_SerialStrDescriptor
                0x080010d0       0x14 build/usbd_desc.o
                0x080010d0                USBD_FS_SerialStrDescriptor
 .text.USBD_FS_ProductStrDescriptor
                0x080010e4       0x24 build/usbd_desc.o
                0x080010e4                USBD_FS_ProductStrDescriptor
 .text.USBD_FS_ManufacturerStrDescriptor
                0x08001108       0x1c build/usbd_desc.o
                0x08001108                USBD_FS_ManufacturerStrDescriptor
 .text.USBD_FS_ConfigStrDescriptor
                0x08001124       0x24 build/usbd_desc.o
                0x08001124                USBD_FS_ConfigStrDescriptor
 .text.USBD_FS_InterfaceStrDescriptor
                0x08001148       0x24 build/usbd_desc.o
                0x08001148                USBD_FS_InterfaceStrDescriptor
 .text.USBD_Get_USB_Status
                0x0800116c       0x14 build/usbd_conf.o
 .text.HAL_PCD_MspInit
                0x08001180       0x40 build/usbd_conf.o
                0x08001180                HAL_PCD_MspInit
 .text.HAL_PCD_SetupStageCallback
                0x080011c0       0x10 build/usbd_conf.o
                0x080011c0                HAL_PCD_SetupStageCallback
 .text.HAL_PCD_DataOutStageCallback
                0x080011d0       0x18 build/usbd_conf.o
                0x080011d0                HAL_PCD_DataOutStageCallback
 .text.HAL_PCD_DataInStageCallback
                0x080011e8       0x16 build/usbd_conf.o
                0x080011e8                HAL_PCD_DataInStageCallback
 .text.HAL_PCD_SOFCallback
                0x080011fe        0xc build/usbd_conf.o
                0x080011fe                HAL_PCD_SOFCallback
 .text.HAL_PCD_ResetCallback
                0x0800120a       0x24 build/usbd_conf.o
                0x0800120a                HAL_PCD_ResetCallback
 *fill*         0x0800122e        0x2 
 .text.HAL_PCD_SuspendCallback
                0x08001230       0x20 build/usbd_conf.o
                0x08001230                HAL_PCD_SuspendCallback
 .text.HAL_PCD_ResumeCallback
                0x08001250        0xc build/usbd_conf.o
                0x08001250                HAL_PCD_ResumeCallback
 .text.USBD_LL_Init
                0x0800125c       0x68 build/usbd_conf.o
                0x0800125c                USBD_LL_Init
 .text.USBD_LL_Start
                0x080012c4       0x10 build/usbd_conf.o
                0x080012c4                USBD_LL_Start
 .text.USBD_LL_OpenEP
                0x080012d4       0x16 build/usbd_conf.o
                0x080012d4                USBD_LL_OpenEP
 .text.USBD_LL_CloseEP
                0x080012ea       0x10 build/usbd_conf.o
                0x080012ea                USBD_LL_CloseEP
 .text.USBD_LL_StallEP
                0x080012fa       0x10 build/usbd_conf.o
                0x080012fa                USBD_LL_StallEP
 .text.USBD_LL_ClearStallEP
                0x0800130a       0x10 build/usbd_conf.o
                0x0800130a                USBD_LL_ClearStallEP
 .text.USBD_LL_IsStallEP
                0x0800131a       0x2c build/usbd_conf.o
                0x0800131a                USBD_LL_IsStallEP
 .text.USBD_LL_SetUSBAddress
                0x08001346       0x10 build/usbd_conf.o
                0x08001346                USBD_LL_SetUSBAddress
 .text.USBD_LL_Transmit
                0x08001356       0x10 build/usbd_conf.o
                0x08001356                USBD_LL_Transmit
 .text.USBD_LL_PrepareReceive
                0x08001366       0x10 build/usbd_conf.o
                0x08001366                USBD_LL_PrepareReceive
 *fill*         0x08001376        0x2 
 .text.USBD_static_malloc
                0x08001378        0x8 build/usbd_conf.o
                0x08001378                USBD_static_malloc
 .text.USBD_static_free
                0x08001380        0x2 build/usbd_conf.o
                0x08001380                USBD_static_free
 .text.HAL_PCDEx_SetConnectionState
                0x08001382        0x2 build/usbd_conf.o
                0x08001382                HAL_PCDEx_SetConnectionState
 .text.HAL_TIM_Base_MspInit
                0x08001384        0x2 build/stm32f1xx_hal_tim.o
                0x08001384                HAL_TIM_Base_MspInit
 *fill*         0x08001386        0x2 
 .text.HAL_TIM_Base_Start_IT
                0x08001388       0x68 build/stm32f1xx_hal_tim.o
                0x08001388                HAL_TIM_Base_Start_IT
 .text.HAL_TIM_OC_DelayElapsedCallback
                0x080013f0        0x2 build/stm32f1xx_hal_tim.o
                0x080013f0                HAL_TIM_OC_DelayElapsedCallback
 .text.HAL_TIM_IC_CaptureCallback
                0x080013f2        0x2 build/stm32f1xx_hal_tim.o
                0x080013f2                HAL_TIM_IC_CaptureCallback
 .text.HAL_TIM_PWM_PulseFinishedCallback
                0x080013f4        0x2 build/stm32f1xx_hal_tim.o
                0x080013f4                HAL_TIM_PWM_PulseFinishedCallback
 .text.HAL_TIM_TriggerCallback
                0x080013f6        0x2 build/stm32f1xx_hal_tim.o
                0x080013f6                HAL_TIM_TriggerCallback
 .text.HAL_TIM_IRQHandler
                0x080013f8      0x15e build/stm32f1xx_hal_tim.o
                0x080013f8                HAL_TIM_IRQHandler
 *fill*         0x08001556        0x2 
 .text.TIM_Base_SetConfig
                0x08001558       0x84 build/stm32f1xx_hal_tim.o
                0x08001558                TIM_Base_SetConfig
 .text.HAL_TIM_Base_Init
                0x080015dc       0x58 build/stm32f1xx_hal_tim.o
                0x080015dc                HAL_TIM_Base_Init
 .text.HAL_TIMEx_CommutCallback
                0x08001634        0x2 build/stm32f1xx_hal_tim_ex.o
                0x08001634                HAL_TIMEx_CommutCallback
 .text.HAL_TIMEx_BreakCallback
                0x08001636        0x2 build/stm32f1xx_hal_tim_ex.o
                0x08001636                HAL_TIMEx_BreakCallback
 .text.HAL_PCD_EP_DB_Receive
                0x08001638      0x11c build/stm32f1xx_hal_pcd.o
 .text.HAL_PCD_Init
                0x08001754       0xe8 build/stm32f1xx_hal_pcd.o
                0x08001754                HAL_PCD_Init
 .text.HAL_PCD_Start
                0x0800183c       0x32 build/stm32f1xx_hal_pcd.o
                0x0800183c                HAL_PCD_Start
 .text.HAL_PCD_EP_DB_Transmit
                0x0800186e      0x424 build/stm32f1xx_hal_pcd.o
 .text.PCD_EP_ISR_Handler
                0x08001c92      0x554 build/stm32f1xx_hal_pcd.o
 .text.HAL_PCD_SetAddress
                0x080021e6       0x26 build/stm32f1xx_hal_pcd.o
                0x080021e6                HAL_PCD_SetAddress
 .text.HAL_PCD_IRQHandler
                0x0800220c      0x1b0 build/stm32f1xx_hal_pcd.o
                0x0800220c                HAL_PCD_IRQHandler
 .text.HAL_PCD_EP_Open
                0x080023bc       0x84 build/stm32f1xx_hal_pcd.o
                0x080023bc                HAL_PCD_EP_Open
 .text.HAL_PCD_EP_Close
                0x08002440       0x6c build/stm32f1xx_hal_pcd.o
                0x08002440                HAL_PCD_EP_Close
 .text.HAL_PCD_EP_Receive
                0x080024ac       0x3a build/stm32f1xx_hal_pcd.o
                0x080024ac                HAL_PCD_EP_Receive
 .text.HAL_PCD_EP_Transmit
                0x080024e6       0x4c build/stm32f1xx_hal_pcd.o
                0x080024e6                HAL_PCD_EP_Transmit
 .text.HAL_PCD_EP_SetStall
                0x08002532       0x80 build/stm32f1xx_hal_pcd.o
                0x08002532                HAL_PCD_EP_SetStall
 .text.HAL_PCD_EP_ClrStall
                0x080025b2       0x7e build/stm32f1xx_hal_pcd.o
                0x080025b2                HAL_PCD_EP_ClrStall
 .text.HAL_PCDEx_PMAConfig
                0x08002630       0x38 build/stm32f1xx_hal_pcd_ex.o
                0x08002630                HAL_PCDEx_PMAConfig
 .text.USB_CoreInit
                0x08002668        0xe build/stm32f1xx_ll_usb.o
                0x08002668                USB_CoreInit
 .text.USB_EnableGlobalInt
                0x08002676       0x12 build/stm32f1xx_ll_usb.o
                0x08002676                USB_EnableGlobalInt
 .text.USB_DisableGlobalInt
                0x08002688       0x14 build/stm32f1xx_ll_usb.o
                0x08002688                USB_DisableGlobalInt
 .text.USB_SetCurrentMode
                0x0800269c        0x4 build/stm32f1xx_ll_usb.o
                0x0800269c                USB_SetCurrentMode
 .text.USB_DevInit
                0x080026a0       0x22 build/stm32f1xx_ll_usb.o
                0x080026a0                USB_DevInit
 .text.USB_ActivateEndpoint
                0x080026c2      0x3ca build/stm32f1xx_ll_usb.o
                0x080026c2                USB_ActivateEndpoint
 .text.USB_DeactivateEndpoint
                0x08002a8c      0x1d6 build/stm32f1xx_ll_usb.o
                0x08002a8c                USB_DeactivateEndpoint
 .text.USB_EPSetStall
                0x08002c62       0x4a build/stm32f1xx_ll_usb.o
                0x08002c62                USB_EPSetStall
 .text.USB_EPClearStall
                0x08002cac       0xa2 build/stm32f1xx_ll_usb.o
                0x08002cac                USB_EPClearStall
 .text.USB_SetDevAddress
                0x08002d4e        0xc build/stm32f1xx_ll_usb.o
                0x08002d4e                USB_SetDevAddress
 .text.USB_DevConnect
                0x08002d5a        0x4 build/stm32f1xx_ll_usb.o
                0x08002d5a                USB_DevConnect
 .text.USB_DevDisconnect
                0x08002d5e        0x4 build/stm32f1xx_ll_usb.o
                0x08002d5e                USB_DevDisconnect
 .text.USB_ReadInterrupts
                0x08002d62        0x8 build/stm32f1xx_ll_usb.o
                0x08002d62                USB_ReadInterrupts
 .text.USB_EP0_OutStart
                0x08002d6a        0x4 build/stm32f1xx_ll_usb.o
                0x08002d6a                USB_EP0_OutStart
 .text.USB_WritePMA
                0x08002d6e       0x26 build/stm32f1xx_ll_usb.o
                0x08002d6e                USB_WritePMA
 .text.USB_EPStartXfer
                0x08002d94      0x7ce build/stm32f1xx_ll_usb.o
                0x08002d94                USB_EPStartXfer
 .text.USB_ReadPMA
                0x08003562       0x30 build/stm32f1xx_ll_usb.o
                0x08003562                USB_ReadPMA
 *fill*         0x08003592        0x2 
 .text.HAL_Init
                0x08003594       0x24 build/stm32f1xx_hal.o
                0x08003594                HAL_Init
 .text.HAL_IncTick
                0x080035b8       0x18 build/stm32f1xx_hal.o
                0x080035b8                HAL_IncTick
 .text.HAL_GetTick
                0x080035d0        0xc build/stm32f1xx_hal.o
                0x080035d0                HAL_GetTick
 .text.RCC_Delay
                0x080035dc       0x2c build/stm32f1xx_hal_rcc.o
 .text.HAL_RCC_OscConfig
                0x08003608      0x410 build/stm32f1xx_hal_rcc.o
                0x08003608                HAL_RCC_OscConfig
 .text.HAL_RCC_GetSysClockFreq
                0x08003a18       0x54 build/stm32f1xx_hal_rcc.o
                0x08003a18                HAL_RCC_GetSysClockFreq
 .text.HAL_RCC_ClockConfig
                0x08003a6c      0x16c build/stm32f1xx_hal_rcc.o
                0x08003a6c                HAL_RCC_ClockConfig
 .text.HAL_RCC_GetHCLKFreq
                0x08003bd8        0xc build/stm32f1xx_hal_rcc.o
                0x08003bd8                HAL_RCC_GetHCLKFreq
 .text.HAL_RCC_GetPCLK1Freq
                0x08003be4       0x20 build/stm32f1xx_hal_rcc.o
                0x08003be4                HAL_RCC_GetPCLK1Freq
 .text.HAL_RCC_GetClockConfig
                0x08003c04       0x3c build/stm32f1xx_hal_rcc.o
                0x08003c04                HAL_RCC_GetClockConfig
 .text.HAL_RCCEx_PeriphCLKConfig
                0x08003c40      0x118 build/stm32f1xx_hal_rcc_ex.o
                0x08003c40                HAL_RCCEx_PeriphCLKConfig
 .text.HAL_GPIO_Init
                0x08003d58      0x21c build/stm32f1xx_hal_gpio.o
                0x08003d58                HAL_GPIO_Init
 .text.HAL_GPIO_ReadPin
                0x08003f74        0xe build/stm32f1xx_hal_gpio.o
                0x08003f74                HAL_GPIO_ReadPin
 .text.HAL_GPIO_WritePin
                0x08003f82        0xc build/stm32f1xx_hal_gpio.o
                0x08003f82                HAL_GPIO_WritePin
 *fill*         0x08003f8e        0x2 
 .text.__NVIC_SetPriority
                0x08003f90       0x28 build/stm32f1xx_hal_cortex.o
 .text.NVIC_EncodePriority
                0x08003fb8       0x3e build/stm32f1xx_hal_cortex.o
 *fill*         0x08003ff6        0x2 
 .text.HAL_NVIC_SetPriorityGrouping
                0x08003ff8       0x24 build/stm32f1xx_hal_cortex.o
                0x08003ff8                HAL_NVIC_SetPriorityGrouping
 .text.HAL_NVIC_SetPriority
                0x0800401c       0x20 build/stm32f1xx_hal_cortex.o
                0x0800401c                HAL_NVIC_SetPriority
 .text.HAL_NVIC_EnableIRQ
                0x0800403c       0x1c build/stm32f1xx_hal_cortex.o
                0x0800403c                HAL_NVIC_EnableIRQ
 .text.I2C_IsAcknowledgeFailed
                0x08004058       0x32 build/stm32f1xx_hal_i2c.o
 .text.I2C_WaitOnFlagUntilTimeout
                0x0800408a       0xaa build/stm32f1xx_hal_i2c.o
 .text.I2C_WaitOnMasterAddressFlagUntilTimeout
                0x08004134       0xd6 build/stm32f1xx_hal_i2c.o
 *fill*         0x0800420a        0x2 
 .text.I2C_MasterRequestWrite
                0x0800420c       0xb4 build/stm32f1xx_hal_i2c.o
 .text.I2C_WaitOnTXEFlagUntilTimeout
                0x080042c0       0x5e build/stm32f1xx_hal_i2c.o
 .text.I2C_WaitOnBTFFlagUntilTimeout
                0x0800431e       0x5e build/stm32f1xx_hal_i2c.o
 .text.HAL_I2C_Init
                0x0800437c      0x1bc build/stm32f1xx_hal_i2c.o
                0x0800437c                HAL_I2C_Init
 .text.HAL_I2C_Master_Transmit
                0x08004538      0x178 build/stm32f1xx_hal_i2c.o
                0x08004538                HAL_I2C_Master_Transmit
 .text.SystemInit
                0x080046b0        0x2 build/system_stm32f1xx.o
                0x080046b0                SystemInit
 .text.vListInitialise
                0x080046b2       0x16 build/list.o
                0x080046b2                vListInitialise
 .text.vListInitialiseItem
                0x080046c8        0x6 build/list.o
                0x080046c8                vListInitialiseItem
 .text.vListInsertEnd
                0x080046ce       0x16 build/list.o
                0x080046ce                vListInsertEnd
 .text.vListInsert
                0x080046e4       0x32 build/list.o
                0x080046e4                vListInsert
 .text.uxListRemove
                0x08004716       0x26 build/list.o
                0x08004716                uxListRemove
 .text.prvIsQueueFull
                0x0800473c       0x1e build/queue.o
 .text.prvIsQueueEmpty
                0x0800475a       0x1a build/queue.o
 .text.prvCopyDataToQueue
                0x08004774       0x76 build/queue.o
 .text.prvCopyDataFromQueue
                0x080047ea       0x24 build/queue.o
 .text.prvUnlockQueue
                0x0800480e       0x6e build/queue.o
 .text.xQueueGenericReset
                0x0800487c       0x84 build/queue.o
                0x0800487c                xQueueGenericReset
 .text.prvInitialiseNewQueue
                0x08004900       0x22 build/queue.o
 .text.xQueueGenericCreateStatic
                0x08004922       0x94 build/queue.o
                0x08004922                xQueueGenericCreateStatic
 .text.xQueueGenericSend
                0x080049b6      0x188 build/queue.o
                0x080049b6                xQueueGenericSend
 .text.xQueueGenericSendFromISR
                0x08004b3e       0xce build/queue.o
                0x08004b3e                xQueueGenericSendFromISR
 .text.xQueueReceive
                0x08004c0c      0x15e build/queue.o
                0x08004c0c                xQueueReceive
 *fill*         0x08004d6a        0x2 
 .text.vQueueAddToRegistry
                0x08004d6c       0x28 build/queue.o
                0x08004d6c                vQueueAddToRegistry
 .text.vQueueWaitForMessageRestricted
                0x08004d94       0x52 build/queue.o
                0x08004d94                vQueueWaitForMessageRestricted
 *fill*         0x08004de6        0x2 
 .text.prvResetNextTaskUnblockTime
                0x08004de8       0x2c build/tasks.o
 .text.prvInitialiseNewTask
                0x08004e14       0xa2 build/tasks.o
 *fill*         0x08004eb6        0x2 
 .text.prvInitialiseTaskLists
                0x08004eb8       0x68 build/tasks.o
 .text.prvAddNewTaskToReadyList
                0x08004f20       0xac build/tasks.o
 .text.prvDeleteTCB
                0x08004fcc       0x38 build/tasks.o
 .text.prvCheckTasksWaitingTermination
                0x08005004       0x4c build/tasks.o
 .text.prvIdleTask
                0x08005050       0x28 build/tasks.o
 .text.prvAddCurrentTaskToDelayedList
                0x08005078       0x7c build/tasks.o
 .text.xTaskCreateStatic
                0x080050f4       0x76 build/tasks.o
                0x080050f4                xTaskCreateStatic
 .text.xTaskCreate
                0x0800516a       0x64 build/tasks.o
                0x0800516a                xTaskCreate
 *fill*         0x080051ce        0x2 
 .text.vTaskStartScheduler
                0x080051d0       0x98 build/tasks.o
                0x080051d0                vTaskStartScheduler
 .text.vTaskSuspendAll
                0x08005268       0x10 build/tasks.o
                0x08005268                vTaskSuspendAll
 .text.xTaskGetTickCount
                0x08005278        0xc build/tasks.o
                0x08005278                xTaskGetTickCount
 .text.xTaskGetTickCountFromISR
                0x08005284       0x10 build/tasks.o
                0x08005284                xTaskGetTickCountFromISR
 .text.xTaskIncrementTick
                0x08005294      0x118 build/tasks.o
                0x08005294                xTaskIncrementTick
 .text.xTaskResumeAll
                0x080053ac       0xf8 build/tasks.o
                0x080053ac                xTaskResumeAll
 .text.vTaskDelayUntil
                0x080054a4       0xa4 build/tasks.o
                0x080054a4                vTaskDelayUntil
 .text.vTaskDelay
                0x08005548       0x4c build/tasks.o
                0x08005548                vTaskDelay
 .text.vTaskSwitchContext
                0x08005594       0x98 build/tasks.o
                0x08005594                vTaskSwitchContext
 .text.vTaskPlaceOnEventList
                0x0800562c       0x30 build/tasks.o
                0x0800562c                vTaskPlaceOnEventList
 .text.vTaskPlaceOnEventListRestricted
                0x0800565c       0x38 build/tasks.o
                0x0800565c                vTaskPlaceOnEventListRestricted
 .text.xTaskRemoveFromEventList
                0x08005694       0x8c build/tasks.o
                0x08005694                xTaskRemoveFromEventList
 .text.vTaskInternalSetTimeOutState
                0x08005720       0x18 build/tasks.o
                0x08005720                vTaskInternalSetTimeOutState
 .text.xTaskCheckForTimeOut
                0x08005738       0x84 build/tasks.o
                0x08005738                xTaskCheckForTimeOut
 .text.vTaskMissedYield
                0x080057bc        0xc build/tasks.o
                0x080057bc                vTaskMissedYield
 .text.xTaskGetSchedulerState
                0x080057c8       0x20 build/tasks.o
                0x080057c8                xTaskGetSchedulerState
 .text.xTaskPriorityDisinherit
                0x080057e8       0x90 build/tasks.o
                0x080057e8                xTaskPriorityDisinherit
 .text.prvGetNextExpireTime
                0x08005878       0x20 build/timers.o
 .text.prvInsertTimerInActiveList
                0x08005898       0x48 build/timers.o
 .text.prvCheckForValidListAndQueue
                0x080058e0       0x70 build/timers.o
 .text.xTimerCreateTimerTask
                0x08005950       0x64 build/timers.o
                0x08005950                xTimerCreateTimerTask
 .text.xTimerGenericCommand
                0x080059b4       0x6c build/timers.o
                0x080059b4                xTimerGenericCommand
 .text.prvSwitchTimerLists
                0x08005a20       0x7c build/timers.o
 .text.prvSampleTimeNow
                0x08005a9c       0x2c build/timers.o
 .text.prvProcessExpiredTimer
                0x08005ac8       0x6c build/timers.o
 .text.prvProcessTimerOrBlockTask
                0x08005b34       0x74 build/timers.o
 .text.prvProcessReceivedCommands
                0x08005ba8      0x10c build/timers.o
 .text.prvTimerTask
                0x08005cb4       0x16 build/timers.o
 .text.SysTick_Handler
                0x08005cca       0x18 build/cmsis_os2.o
                0x08005cca                SysTick_Handler
 *fill*         0x08005ce2        0x2 
 .text.osKernelInitialize
                0x08005ce4       0x24 build/cmsis_os2.o
                0x08005ce4                osKernelInitialize
 .text.osKernelStart
                0x08005d08       0x38 build/cmsis_os2.o
                0x08005d08                osKernelStart
 .text.osKernelGetTickCount
                0x08005d40       0x14 build/cmsis_os2.o
                0x08005d40                osKernelGetTickCount
 .text.osThreadNew
                0x08005d54       0xbc build/cmsis_os2.o
                0x08005d54                osThreadNew
 .text.osDelay  0x08005e10       0x1c build/cmsis_os2.o
                0x08005e10                osDelay
 .text.osDelayUntil
                0x08005e2c       0x30 build/cmsis_os2.o
                0x08005e2c                osDelayUntil
 .text.vApplicationGetIdleTaskMemory
                0x08005e5c       0x18 build/cmsis_os2.o
                0x08005e5c                vApplicationGetIdleTaskMemory
 .text.vApplicationGetTimerTaskMemory
                0x08005e74       0x18 build/cmsis_os2.o
                0x08005e74                vApplicationGetTimerTaskMemory
 .text.prvHeapInit
                0x08005e8c       0x64 build/heap_4.o
 .text.prvInsertBlockIntoFreeList
                0x08005ef0       0x60 build/heap_4.o
 .text.pvPortMalloc
                0x08005f50      0x104 build/heap_4.o
                0x08005f50                pvPortMalloc
 .text.vPortFree
                0x08006054       0x7c build/heap_4.o
                0x08006054                vPortFree
 .text.prvTaskExitError
                0x080060d0       0x40 build/port.o
 .text.prvPortStartFirstTask
                0x08006110       0x20 build/port.o
 .text.pxPortInitialiseStack
                0x08006130       0x24 build/port.o
                0x08006130                pxPortInitialiseStack
 *fill*         0x08006154        0xc 
 .text.SVC_Handler
                0x08006160       0x24 build/port.o
                0x08006160                SVC_Handler
 .text.vPortEnterCritical
                0x08006184       0x44 build/port.o
                0x08006184                vPortEnterCritical
 .text.vPortExitCritical
                0x080061c8       0x2c build/port.o
                0x080061c8                vPortExitCritical
 *fill*         0x080061f4        0xc 
 .text.PendSV_Handler
                0x08006200       0x44 build/port.o
                0x08006200                PendSV_Handler
 .text.xPortSysTickHandler
                0x08006244       0x2c build/port.o
                0x08006244                xPortSysTickHandler
 .text.vPortSetupTimerInterrupt
                0x08006270       0x28 build/port.o
                0x08006270                vPortSetupTimerInterrupt
 .text.xPortStartScheduler
                0x08006298       0xc0 build/port.o
                0x08006298                xPortStartScheduler
 .text.vPortValidateInterruptPriority
                0x08006358       0x5c build/port.o
                0x08006358                vPortValidateInterruptPriority
 .text.USBD_Init
                0x080063b4       0x2e build/usbd_core.o
                0x080063b4                USBD_Init
 .text.USBD_RegisterClass
                0x080063e2        0xe build/usbd_core.o
                0x080063e2                USBD_RegisterClass
 .text.USBD_Start
                0x080063f0        0xa build/usbd_core.o
                0x080063f0                USBD_Start
 .text.USBD_SetClassConfig
                0x080063fa       0x18 build/usbd_core.o
                0x080063fa                USBD_SetClassConfig
 .text.USBD_ClrClassConfig
                0x08006412        0xe build/usbd_core.o
                0x08006412                USBD_ClrClassConfig
 .text.USBD_LL_SetupStage
                0x08006420       0x5a build/usbd_core.o
                0x08006420                USBD_LL_SetupStage
 .text.USBD_LL_DataOutStage
                0x0800647a       0x8c build/usbd_core.o
                0x0800647a                USBD_LL_DataOutStage
 .text.USBD_LL_DataInStage
                0x08006506       0xd0 build/usbd_core.o
                0x08006506                USBD_LL_DataInStage
 .text.USBD_LL_Reset
                0x080065d6       0x50 build/usbd_core.o
                0x080065d6                USBD_LL_Reset
 .text.USBD_LL_SetSpeed
                0x08006626        0x6 build/usbd_core.o
                0x08006626                USBD_LL_SetSpeed
 .text.USBD_LL_Suspend
                0x0800662c       0x12 build/usbd_core.o
                0x0800662c                USBD_LL_Suspend
 .text.USBD_LL_Resume
                0x0800663e       0x16 build/usbd_core.o
                0x0800663e                USBD_LL_Resume
 .text.USBD_LL_SOF
                0x08006654       0x1c build/usbd_core.o
                0x08006654                USBD_LL_SOF
 .text.USBD_GetLen
                0x08006670       0x14 build/usbd_ctlreq.o
 .text.USBD_SetFeature
                0x08006684       0x14 build/usbd_ctlreq.o
 .text.USBD_ParseSetupRequest
                0x08006698       0x28 build/usbd_ctlreq.o
                0x08006698                USBD_ParseSetupRequest
 .text.USBD_CtlError
                0x080066c0       0x14 build/usbd_ctlreq.o
                0x080066c0                USBD_CtlError
 .text.USBD_GetDescriptor
                0x080066d4      0x186 build/usbd_ctlreq.o
 .text.USBD_SetAddress
                0x0800685a       0x4e build/usbd_ctlreq.o
 .text.USBD_SetConfig
                0x080068a8       0xb0 build/usbd_ctlreq.o
 .text.USBD_GetConfig
                0x08006958       0x3e build/usbd_ctlreq.o
 .text.USBD_GetStatus
                0x08006996       0x38 build/usbd_ctlreq.o
 .text.USBD_ClrFeature
                0x080069ce       0x26 build/usbd_ctlreq.o
 .text.USBD_StdDevReq
                0x080069f4       0x68 build/usbd_ctlreq.o
                0x080069f4                USBD_StdDevReq
 .text.USBD_StdItfReq
                0x08006a5c       0x60 build/usbd_ctlreq.o
                0x08006a5c                USBD_StdItfReq
 .text.USBD_StdEPReq
                0x08006abc      0x1e2 build/usbd_ctlreq.o
                0x08006abc                USBD_StdEPReq
 .text.USBD_GetString
                0x08006c9e       0x3a build/usbd_ctlreq.o
                0x08006c9e                USBD_GetString
 .text.USBD_CtlSendData
                0x08006cd8       0x1a build/usbd_ioreq.o
                0x08006cd8                USBD_CtlSendData
 .text.USBD_CtlContinueSendData
                0x08006cf2       0x10 build/usbd_ioreq.o
                0x08006cf2                USBD_CtlContinueSendData
 .text.USBD_CtlContinueRx
                0x08006d02       0x10 build/usbd_ioreq.o
                0x08006d02                USBD_CtlContinueRx
 .text.USBD_CtlSendStatus
                0x08006d12       0x16 build/usbd_ioreq.o
                0x08006d12                USBD_CtlSendStatus
 .text.USBD_CtlReceiveStatus
                0x08006d28       0x16 build/usbd_ioreq.o
                0x08006d28                USBD_CtlReceiveStatus
 *fill*         0x08006d3e        0x2 
 .text.USBD_HID_GetFSCfgDesc
                0x08006d40        0xc build/usbd_hid.o
 .text.USBD_HID_GetHSCfgDesc
                0x08006d4c        0xc build/usbd_hid.o
 .text.USBD_HID_GetOtherSpeedCfgDesc
                0x08006d58        0xc build/usbd_hid.o
 .text.USBD_HID_DataIn
                0x08006d64        0xa build/usbd_hid.o
 *fill*         0x08006d6e        0x2 
 .text.USBD_HID_GetDeviceQualifierDesc
                0x08006d70        0xc build/usbd_hid.o
 .text.USBD_HID_Setup
                0x08006d7c      0x114 build/usbd_hid.o
 .text.USBD_HID_DeInit
                0x08006e90       0x22 build/usbd_hid.o
 .text.USBD_HID_Init
                0x08006eb2       0x2a build/usbd_hid.o
 .text.USBD_HID_SendReport
                0x08006edc       0x28 build/usbd_hid.o
                0x08006edc                USBD_HID_SendReport
 .text.Matrix_Keyboard_Init
                0x08006f04       0x98 build/matrix_keyboard.o
                0x08006f04                Matrix_Keyboard_Init
 .text.Matrix_Keyboard_Scan
                0x08006f9c      0x12c build/matrix_keyboard.o
                0x08006f9c                Matrix_Keyboard_Scan
 .text.USB_Keyboard_PressKey
                0x080070c8       0x40 build/usb_keyboard.o
                0x080070c8                USB_Keyboard_PressKey
 .text.USB_Keyboard_ReleaseKey
                0x08007108       0x5c build/usb_keyboard.o
                0x08007108                USB_Keyboard_ReleaseKey
 .text.USB_Keyboard_SendReport
                0x08007164       0x34 build/usb_keyboard.o
                0x08007164                USB_Keyboard_SendReport
 .text.USB_Keyboard_HandleMatrixKey
                0x08007198       0x24 build/usb_keyboard.o
                0x08007198                USB_Keyboard_HandleMatrixKey
 .text.OLED_WriteCommand
                0x080071bc       0x28 build/OLED.o
                0x080071bc                OLED_WriteCommand
 .text.OLED_WriteData
                0x080071e4       0x4c build/OLED.o
                0x080071e4                OLED_WriteData
 .text.OLED_SetCursor
                0x08007230       0x20 build/OLED.o
                0x08007230                OLED_SetCursor
 .text.OLED_Pow
                0x08007250       0x14 build/OLED.o
                0x08007250                OLED_Pow
 .text.OLED_Update
                0x08007264       0x28 build/OLED.o
                0x08007264                OLED_Update
 .text.OLED_Clear
                0x0800728c       0x2c build/OLED.o
                0x0800728c                OLED_Clear
 .text.OLED_Init
                0x080072b8       0xa2 build/OLED.o
                0x080072b8                OLED_Init
 *fill*         0x0800735a        0x2 
 .text.OLED_ClearArea
                0x0800735c       0x78 build/OLED.o
                0x0800735c                OLED_ClearArea
 .text.OLED_ShowImage
                0x080073d4       0xac build/OLED.o
                0x080073d4                OLED_ShowImage
 .text.OLED_ShowChar
                0x08007480       0x48 build/OLED.o
                0x08007480                OLED_ShowChar
 .text.OLED_ShowString
                0x080074c8       0x30 build/OLED.o
                0x080074c8                OLED_ShowString
 .text.OLED_ShowNum
                0x080074f8       0x5c build/OLED.o
                0x080074f8                OLED_ShowNum
 .text.OLED_DrawPoint
                0x08007554       0x2c build/OLED.o
                0x08007554                OLED_DrawPoint
 .text.OLED_DrawRectangle
                0x08007580       0x8a build/OLED.o
                0x08007580                OLED_DrawRectangle
 *fill*         0x0800760a        0x2 
 .text.Reset_Handler
                0x0800760c       0x48 build/startup_stm32f103xb.o
                0x0800760c                Reset_Handler
 .text.Default_Handler
                0x08007654        0x2 build/startup_stm32f103xb.o
                0x08007654                RTC_Alarm_IRQHandler
                0x08007654                EXTI2_IRQHandler
                0x08007654                TIM1_CC_IRQHandler
                0x08007654                PVD_IRQHandler
                0x08007654                EXTI3_IRQHandler
                0x08007654                EXTI0_IRQHandler
                0x08007654                I2C2_EV_IRQHandler
                0x08007654                ADC1_2_IRQHandler
                0x08007654                SPI1_IRQHandler
                0x08007654                TAMPER_IRQHandler
                0x08007654                DMA1_Channel4_IRQHandler
                0x08007654                USART3_IRQHandler
                0x08007654                RTC_IRQHandler
                0x08007654                DMA1_Channel7_IRQHandler
                0x08007654                CAN1_RX1_IRQHandler
                0x08007654                I2C1_EV_IRQHandler
                0x08007654                DMA1_Channel6_IRQHandler
                0x08007654                TIM3_IRQHandler
                0x08007654                RCC_IRQHandler
                0x08007654                TIM1_TRG_COM_IRQHandler
                0x08007654                DMA1_Channel1_IRQHandler
                0x08007654                Default_Handler
                0x08007654                EXTI15_10_IRQHandler
                0x08007654                EXTI9_5_IRQHandler
                0x08007654                SPI2_IRQHandler
                0x08007654                DMA1_Channel5_IRQHandler
                0x08007654                EXTI4_IRQHandler
                0x08007654                USB_HP_CAN1_TX_IRQHandler
                0x08007654                DMA1_Channel3_IRQHandler
                0x08007654                TIM1_UP_IRQHandler
                0x08007654                WWDG_IRQHandler
                0x08007654                TIM2_IRQHandler
                0x08007654                TIM1_BRK_IRQHandler
                0x08007654                EXTI1_IRQHandler
                0x08007654                USART2_IRQHandler
                0x08007654                I2C2_ER_IRQHandler
                0x08007654                DMA1_Channel2_IRQHandler
                0x08007654                CAN1_SCE_IRQHandler
                0x08007654                FLASH_IRQHandler
                0x08007654                USART1_IRQHandler
                0x08007654                I2C1_ER_IRQHandler
                0x08007654                USBWakeUp_IRQHandler
 *(.glue_7)
 .glue_7        0x08007656        0x0 linker stubs
 *(.glue_7t)
 .glue_7t       0x08007656        0x0 linker stubs
 *(.eh_frame)
 *fill*         0x08007656        0x2 
 .eh_frame      0x08007658        0x0 /usr/lib/gcc/arm-none-eabi/13.2.1/thumb/v7-m/nofp/crtbegin.o
 *(.init)
 .init          0x08007658        0x4 /usr/lib/gcc/arm-none-eabi/13.2.1/thumb/v7-m/nofp/crti.o
                0x08007658                _init
 .init          0x0800765c        0x8 /usr/lib/gcc/arm-none-eabi/13.2.1/thumb/v7-m/nofp/crtn.o
 *(.fini)
 .fini          0x08007664        0x4 /usr/lib/gcc/arm-none-eabi/13.2.1/thumb/v7-m/nofp/crti.o
                0x08007664                _fini
 .fini          0x08007668        0x8 /usr/lib/gcc/arm-none-eabi/13.2.1/thumb/v7-m/nofp/crtn.o
                0x08007670                        . = ALIGN (0x4)
                0x08007670                        _etext = .

.vfp11_veneer   0x08007670        0x0
 .vfp11_veneer  0x08007670        0x0 linker stubs

.v4_bx          0x08007670        0x0
 .v4_bx         0x08007670        0x0 linker stubs

.iplt           0x08007670        0x0
 .iplt          0x08007670        0x0 /usr/lib/gcc/arm-none-eabi/13.2.1/thumb/v7-m/nofp/crtbegin.o

.rodata         0x08007670      0x9d0
                0x08007670                        . = ALIGN (0x4)
 *(.rodata)
 .rodata        0x08007670       0x24 build/freertos.o
 *(.rodata*)
 .rodata.StartguiTask.str1.4
                0x08007694       0xc0 build/freertos.o
                                 0x17 (size before relaxing)
 .rodata.str1.4
                0x08007754       0x45 build/freertos.o
 .rodata.encoderTask_attributes
                0x08007754       0x24 build/freertos.o
                0x08007754                encoderTask_attributes
 .rodata.guiTask_attributes
                0x08007778       0x24 build/freertos.o
                0x08007778                guiTask_attributes
 .rodata.keyboardTask_attributes
                0x0800779c       0x24 build/freertos.o
                0x0800779c                keyboardTask_attributes
 .rodata.USBD_FS_ProductStrDescriptor.str1.4
                0x080077c0       0x16 build/usbd_desc.o
 .rodata.USBD_FS_ManufacturerStrDescriptor.str1.4
                0x080077c0       0x13 build/usbd_desc.o
 .rodata.USBD_FS_ConfigStrDescriptor.str1.4
                0x080077c0        0xb build/usbd_desc.o
 .rodata.USBD_FS_InterfaceStrDescriptor.str1.4
                0x080077c0        0xe build/usbd_desc.o
 .rodata.aPredivFactorTable.0
                0x080077c0        0x2 build/stm32f1xx_hal_rcc.o
 *fill*         0x080077c2        0x2 
 .rodata.aPLLMULFactorTable.1
                0x080077c4       0x10 build/stm32f1xx_hal_rcc.o
 .rodata.APBPrescTable
                0x080077d4        0x8 build/system_stm32f1xx.o
                0x080077d4                APBPrescTable
 .rodata.AHBPrescTable
                0x080077dc       0x10 build/system_stm32f1xx.o
                0x080077dc                AHBPrescTable
 .rodata.vTaskStartScheduler.str1.4
                0x080077ec        0x5 build/tasks.o
 .rodata.prvCheckForValidListAndQueue.str1.4
                0x080077ec        0x5 build/timers.o
 .rodata.xTimerCreateTimerTask.str1.4
                0x080077ec        0x8 build/timers.o
 .rodata.key_map
                0x080077ec        0x9 build/matrix_keyboard.o
 *fill*         0x080077f5        0x3 
 .rodata.col_pins
                0x080077f8        0x6 build/matrix_keyboard.o
 *fill*         0x080077fe        0x2 
 .rodata.row_pins
                0x08007800        0x6 build/matrix_keyboard.o
 *fill*         0x08007806        0x2 
 .rodata.matrix_to_usb_hid
                0x08007808        0x9 build/usb_keyboard.o
 *fill*         0x08007811        0x3 
 .rodata.OLED_F6x8
                0x08007814      0x23a build/OLED_Data.o
                0x08007814                OLED_F6x8
 *fill*         0x08007a4e        0x2 
 .rodata.OLED_F8x16
                0x08007a50      0x5f0 build/OLED_Data.o
                0x08007a50                OLED_F8x16
                0x08008040                        . = ALIGN (0x4)

.ARM.extab      0x08008040        0x0
                0x08008040                        . = ALIGN (0x4)
 *(.ARM.extab* .gnu.linkonce.armextab.*)
                0x08008040                        . = ALIGN (0x4)

.ARM            0x08008040        0x8
                0x08008040                        . = ALIGN (0x4)
                0x08008040                        __exidx_start = .
 *(.ARM.exidx*)
 .ARM.exidx     0x08008040        0x8 /usr/lib/gcc/arm-none-eabi/13.2.1/../../../arm-none-eabi/lib/thumb/v7-m/nofp/libc_nano.a(libc_a-memcpy.o)
                0x08008048                        __exidx_end = .
                0x08008048                        . = ALIGN (0x4)

.preinit_array  0x08008048        0x0
                0x08008048                        . = ALIGN (0x4)
                0x08008048                        PROVIDE (__preinit_array_start = .)
 *(.preinit_array*)
                0x08008048                        PROVIDE (__preinit_array_end = .)
                0x08008048                        . = ALIGN (0x4)

.init_array     0x08008048        0x4
                0x08008048                        . = ALIGN (0x4)
                0x08008048                        PROVIDE (__init_array_start = .)
 *(SORT_BY_NAME(.init_array.*))
 *(.init_array*)
 .init_array    0x08008048        0x4 /usr/lib/gcc/arm-none-eabi/13.2.1/thumb/v7-m/nofp/crtbegin.o
                0x0800804c                        PROVIDE (__init_array_end = .)
                0x0800804c                        . = ALIGN (0x4)

.fini_array     0x0800804c        0x4
                0x0800804c                        . = ALIGN (0x4)
                0x0800804c                        PROVIDE (__fini_array_start = .)
 *(SORT_BY_NAME(.fini_array.*))
 *(.fini_array*)
 .fini_array    0x0800804c        0x4 /usr/lib/gcc/arm-none-eabi/13.2.1/thumb/v7-m/nofp/crtbegin.o
                0x08008050                        PROVIDE (__fini_array_end = .)
                0x08008050                        . = ALIGN (0x4)
                0x08008050                        _sidata = LOADADDR (.data)

.rel.dyn        0x08008050        0x0
 .rel.iplt      0x08008050        0x0 /usr/lib/gcc/arm-none-eabi/13.2.1/thumb/v7-m/nofp/crtbegin.o

.data           0x20000000      0x15c load address 0x08008050
                0x20000000                        . = ALIGN (0x4)
                0x20000000                        _sdata = .
 *(.data)
 *(.data*)
 .data.USBD_StringSerial
                0x20000000       0x1a build/usbd_desc.o
                0x20000000                USBD_StringSerial
 *fill*         0x2000001a        0x2 
 .data.USBD_LangIDDesc
                0x2000001c        0x4 build/usbd_desc.o
                0x2000001c                USBD_LangIDDesc
 .data.USBD_FS_DeviceDesc
                0x20000020       0x12 build/usbd_desc.o
                0x20000020                USBD_FS_DeviceDesc
 *fill*         0x20000032        0x2 
 .data.FS_Desc  0x20000034       0x1c build/usbd_desc.o
                0x20000034                FS_Desc
 .data.uwTickFreq
                0x20000050        0x1 build/stm32f1xx_hal.o
                0x20000050                uwTickFreq
 *fill*         0x20000051        0x3 
 .data.uwTickPrio
                0x20000054        0x4 build/stm32f1xx_hal.o
                0x20000054                uwTickPrio
 .data.SystemCoreClock
                0x20000058        0x4 build/system_stm32f1xx.o
                0x20000058                SystemCoreClock
 .data.uxCriticalNesting
                0x2000005c        0x4 build/port.o
 .data.HID_MOUSE_ReportDesc
                0x20000060       0x3f build/usbd_hid.o
 *fill*         0x2000009f        0x1 
 .data.USBD_HID_DeviceQualifierDesc
                0x200000a0        0xa build/usbd_hid.o
 *fill*         0x200000aa        0x2 
 .data.USBD_HID_Desc
                0x200000ac        0x9 build/usbd_hid.o
 *fill*         0x200000b5        0x3 
 .data.USBD_HID_OtherSpeedCfgDesc
                0x200000b8       0x22 build/usbd_hid.o
 *fill*         0x200000da        0x2 
 .data.USBD_HID_CfgHSDesc
                0x200000dc       0x22 build/usbd_hid.o
 *fill*         0x200000fe        0x2 
 .data.USBD_HID_CfgFSDesc
                0x20000100       0x22 build/usbd_hid.o
 *fill*         0x20000122        0x2 
 .data.USBD_HID
                0x20000124       0x38 build/usbd_hid.o
                0x20000124                USBD_HID
 *(.RamFunc)
 *(.RamFunc*)
                0x2000015c                        . = ALIGN (0x4)
                0x2000015c                        _edata = .

.tm_clone_table
                0x2000015c        0x0 load address 0x080081ac
 .tm_clone_table
                0x2000015c        0x0 /usr/lib/gcc/arm-none-eabi/13.2.1/thumb/v7-m/nofp/crtbegin.o
 .tm_clone_table
                0x2000015c        0x0 /usr/lib/gcc/arm-none-eabi/13.2.1/thumb/v7-m/nofp/crtend.o

.igot.plt       0x2000015c        0x0 load address 0x080081ac
 .igot.plt      0x2000015c        0x0 /usr/lib/gcc/arm-none-eabi/13.2.1/thumb/v7-m/nofp/crtbegin.o
                0x2000015c                        . = ALIGN (0x4)

.bss            0x2000015c     0x261c load address 0x080081ac
                0x2000015c                        _sbss = .
                0x2000015c                        __bss_start__ = _sbss
 *(.bss)
 .bss           0x2000015c       0x1c /usr/lib/gcc/arm-none-eabi/13.2.1/thumb/v7-m/nofp/crtbegin.o
 *(.bss*)
 .bss.encoderTaskHandle
                0x20000178        0x4 build/freertos.o
                0x20000178                encoderTaskHandle
 .bss.guiTaskHandle
                0x2000017c        0x4 build/freertos.o
                0x2000017c                guiTaskHandle
 .bss.keyboardTaskHandle
                0x20000180        0x4 build/freertos.o
                0x20000180                keyboardTaskHandle
 .bss.hi2c1     0x20000184       0x54 build/i2c.o
                0x20000184                hi2c1
 .bss.htim4     0x200001d8       0x48 build/stm32f1xx_hal_timebase_tim.o
                0x200001d8                htim4
 .bss.hUsbDeviceFS
                0x20000220      0x2c4 build/usb_device.o
                0x20000220                hUsbDeviceFS
 .bss.USBD_StrDesc
                0x200004e4      0x200 build/usbd_desc.o
                0x200004e4                USBD_StrDesc
 .bss.mem.0     0x200006e4       0x14 build/usbd_conf.o
 .bss.hpcd_USB_FS
                0x200006f8      0x2d8 build/usbd_conf.o
                0x200006f8                hpcd_USB_FS
 .bss.uwTick    0x200009d0        0x4 build/stm32f1xx_hal.o
                0x200009d0                uwTick
 .bss.xQueueRegistry
                0x200009d4       0x40 build/queue.o
                0x200009d4                xQueueRegistry
 .bss.uxSchedulerSuspended
                0x20000a14        0x4 build/tasks.o
 .bss.xIdleTaskHandle
                0x20000a18        0x4 build/tasks.o
 .bss.xNextTaskUnblockTime
                0x20000a1c        0x4 build/tasks.o
 .bss.uxTaskNumber
                0x20000a20        0x4 build/tasks.o
 .bss.xNumOfOverflows
                0x20000a24        0x4 build/tasks.o
 .bss.xYieldPending
                0x20000a28        0x4 build/tasks.o
 .bss.xPendedTicks
                0x20000a2c        0x4 build/tasks.o
 .bss.xSchedulerRunning
                0x20000a30        0x4 build/tasks.o
 .bss.uxTopReadyPriority
                0x20000a34        0x4 build/tasks.o
 .bss.xTickCount
                0x20000a38        0x4 build/tasks.o
 .bss.uxCurrentNumberOfTasks
                0x20000a3c        0x4 build/tasks.o
 .bss.xSuspendedTaskList
                0x20000a40       0x14 build/tasks.o
 .bss.uxDeletedTasksWaitingCleanUp
                0x20000a54        0x4 build/tasks.o
 .bss.xTasksWaitingTermination
                0x20000a58       0x14 build/tasks.o
 .bss.xPendingReadyList
                0x20000a6c       0x14 build/tasks.o
 .bss.pxOverflowDelayedTaskList
                0x20000a80        0x4 build/tasks.o
 .bss.pxDelayedTaskList
                0x20000a84        0x4 build/tasks.o
 .bss.xDelayedTaskList2
                0x20000a88       0x14 build/tasks.o
 .bss.xDelayedTaskList1
                0x20000a9c       0x14 build/tasks.o
 .bss.pxReadyTasksLists
                0x20000ab0      0x460 build/tasks.o
 .bss.pxCurrentTCB
                0x20000f10        0x4 build/tasks.o
                0x20000f10                pxCurrentTCB
 .bss.xStaticTimerQueue.0
                0x20000f14       0x50 build/timers.o
 .bss.ucStaticTimerQueueStorage.1
                0x20000f64       0xa0 build/timers.o
 .bss.xLastTime.2
                0x20001004        0x4 build/timers.o
 .bss.xTimerTaskHandle
                0x20001008        0x4 build/timers.o
 .bss.xTimerQueue
                0x2000100c        0x4 build/timers.o
 .bss.pxOverflowTimerList
                0x20001010        0x4 build/timers.o
 .bss.pxCurrentTimerList
                0x20001014        0x4 build/timers.o
 .bss.xActiveTimerList2
                0x20001018       0x14 build/timers.o
 .bss.xActiveTimerList1
                0x2000102c       0x14 build/timers.o
 .bss.Timer_Stack.0
                0x20001040      0x400 build/cmsis_os2.o
 .bss.Timer_TCB.1
                0x20001440       0x5c build/cmsis_os2.o
 .bss.Idle_Stack.2
                0x2000149c      0x200 build/cmsis_os2.o
 .bss.Idle_TCB.3
                0x2000169c       0x5c build/cmsis_os2.o
 .bss.KernelState
                0x200016f8        0x4 build/cmsis_os2.o
 .bss.xBlockAllocatedBit
                0x200016fc        0x4 build/heap_4.o
 .bss.xNumberOfSuccessfulFrees
                0x20001700        0x4 build/heap_4.o
 .bss.xNumberOfSuccessfulAllocations
                0x20001704        0x4 build/heap_4.o
 .bss.xMinimumEverFreeBytesRemaining
                0x20001708        0x4 build/heap_4.o
 .bss.xFreeBytesRemaining
                0x2000170c        0x4 build/heap_4.o
 .bss.pxEnd     0x20001710        0x4 build/heap_4.o
 .bss.xStart    0x20001714        0x8 build/heap_4.o
 .bss.ucHeap    0x2000171c      0xc00 build/heap_4.o
 .bss.ulMaxPRIGROUPValue
                0x2000231c        0x4 build/port.o
 .bss.ucMaxSysCallPriority
                0x20002320        0x1 build/port.o
 .bss.cfgidx.0  0x20002321        0x1 build/usbd_ctlreq.o
 *fill*         0x20002322        0x2 
 .bss.debounce_timer
                0x20002324       0x24 build/matrix_keyboard.o
 .bss.key_state_last
                0x20002348        0x9 build/matrix_keyboard.o
 *fill*         0x20002351        0x3 
 .bss.key_state
                0x20002354        0x9 build/matrix_keyboard.o
 .bss.key_count
                0x2000235d        0x1 build/usb_keyboard.o
 *fill*         0x2000235e        0x2 
 .bss.pressed_keys
                0x20002360        0x6 build/usb_keyboard.o
 *fill*         0x20002366        0x2 
 .bss.keyboard_report_last
                0x20002368        0x8 build/usb_keyboard.o
 .bss.keyboard_report
                0x20002370        0x8 build/usb_keyboard.o
 .bss.OLED_DisplayBuf
                0x20002378      0x400 build/OLED.o
                0x20002378                OLED_DisplayBuf
 *(COMMON)
                0x20002778                        . = ALIGN (0x4)
                0x20002778                        _ebss = .
                0x20002778                        __bss_end__ = _ebss

._user_heap_stack
                0x20002778      0x600 load address 0x080081ac
                0x20002778                        . = ALIGN (0x8)
                [!provide]                        PROVIDE (end = .)
                0x20002778                        PROVIDE (_end = .)
                0x20002978                        . = (. + _Min_Heap_Size)
 *fill*         0x20002778      0x200 
                0x20002d78                        . = (. + _Min_Stack_Size)
 *fill*         0x20002978      0x400 
                0x20002d78                        . = ALIGN (0x8)

/DISCARD/
 libc.a(*)
 libm.a(*)
 libgcc.a(*)
OUTPUT(build/smilekeyboard.elf elf32-littlearm)
LOAD linker stubs
LOAD /usr/lib/gcc/arm-none-eabi/13.2.1/../../../arm-none-eabi/lib/thumb/v7-m/nofp/libc.a
LOAD /usr/lib/gcc/arm-none-eabi/13.2.1/../../../arm-none-eabi/lib/thumb/v7-m/nofp/libm.a
LOAD /usr/lib/gcc/arm-none-eabi/13.2.1/thumb/v7-m/nofp/libgcc.a

.ARM.attributes
                0x00000000       0x29
 .ARM.attributes
                0x00000000       0x1d /usr/lib/gcc/arm-none-eabi/13.2.1/thumb/v7-m/nofp/crti.o
 .ARM.attributes
                0x0000001d       0x2d /usr/lib/gcc/arm-none-eabi/13.2.1/thumb/v7-m/nofp/crtbegin.o
 .ARM.attributes
                0x0000004a       0x2d build/main.o
 .ARM.attributes
                0x00000077       0x2d build/gpio.o
 .ARM.attributes
                0x000000a4       0x2d build/freertos.o
 .ARM.attributes
                0x000000d1       0x2d build/i2c.o
 .ARM.attributes
                0x000000fe       0x2d build/stm32f1xx_it.o
 .ARM.attributes
                0x0000012b       0x2d build/stm32f1xx_hal_msp.o
 .ARM.attributes
                0x00000158       0x2d build/stm32f1xx_hal_timebase_tim.o
 .ARM.attributes
                0x00000185       0x2d build/usb_device.o
 .ARM.attributes
                0x000001b2       0x2d build/usbd_desc.o
 .ARM.attributes
                0x000001df       0x2d build/usbd_conf.o
 .ARM.attributes
                0x0000020c       0x2d build/stm32f1xx_hal_tim.o
 .ARM.attributes
                0x00000239       0x2d build/stm32f1xx_hal_tim_ex.o
 .ARM.attributes
                0x00000266       0x2d build/stm32f1xx_hal_pcd.o
 .ARM.attributes
                0x00000293       0x2d build/stm32f1xx_hal_pcd_ex.o
 .ARM.attributes
                0x000002c0       0x2d build/stm32f1xx_ll_usb.o
 .ARM.attributes
                0x000002ed       0x2d build/stm32f1xx_hal.o
 .ARM.attributes
                0x0000031a       0x2d build/stm32f1xx_hal_rcc.o
 .ARM.attributes
                0x00000347       0x2d build/stm32f1xx_hal_rcc_ex.o
 .ARM.attributes
                0x00000374       0x2d build/stm32f1xx_hal_gpio.o
 .ARM.attributes
                0x000003a1       0x2d build/stm32f1xx_hal_cortex.o
 .ARM.attributes
                0x000003ce       0x2d build/stm32f1xx_hal_i2c.o
 .ARM.attributes
                0x000003fb       0x2d build/system_stm32f1xx.o
 .ARM.attributes
                0x00000428       0x2d build/list.o
 .ARM.attributes
                0x00000455       0x2d build/queue.o
 .ARM.attributes
                0x00000482       0x2d build/tasks.o
 .ARM.attributes
                0x000004af       0x2d build/timers.o
 .ARM.attributes
                0x000004dc       0x2d build/cmsis_os2.o
 .ARM.attributes
                0x00000509       0x2d build/heap_4.o
 .ARM.attributes
                0x00000536       0x2d build/port.o
 .ARM.attributes
                0x00000563       0x2d build/usbd_core.o
 .ARM.attributes
                0x00000590       0x2d build/usbd_ctlreq.o
 .ARM.attributes
                0x000005bd       0x2d build/usbd_ioreq.o
 .ARM.attributes
                0x000005ea       0x2d build/usbd_hid.o
 .ARM.attributes
                0x00000617       0x2d build/matrix_keyboard.o
 .ARM.attributes
                0x00000644       0x2d build/usb_keyboard.o
 .ARM.attributes
                0x00000671       0x2d build/OLED.o
 .ARM.attributes
                0x0000069e       0x2d build/OLED_Data.o
 .ARM.attributes
                0x000006cb       0x21 build/startup_stm32f103xb.o
 .ARM.attributes
                0x000006ec       0x2d /usr/lib/gcc/arm-none-eabi/13.2.1/../../../arm-none-eabi/lib/thumb/v7-m/nofp/libc_nano.a(libc_a-init.o)
 .ARM.attributes
                0x00000719       0x2d /usr/lib/gcc/arm-none-eabi/13.2.1/../../../arm-none-eabi/lib/thumb/v7-m/nofp/libc_nano.a(libc_a-memset.o)
 .ARM.attributes
                0x00000746       0x1b /usr/lib/gcc/arm-none-eabi/13.2.1/../../../arm-none-eabi/lib/thumb/v7-m/nofp/libc_nano.a(libc_a-memcpy.o)
 .ARM.attributes
                0x00000761       0x2d /usr/lib/gcc/arm-none-eabi/13.2.1/../../../arm-none-eabi/lib/thumb/v7-m/nofp/libc_nano.a(libc_a-memcmp.o)
 .ARM.attributes
                0x0000078e       0x1d /usr/lib/gcc/arm-none-eabi/13.2.1/thumb/v7-m/nofp/libgcc.a(_arm_addsubdf3.o)
 .ARM.attributes
                0x000007ab       0x1d /usr/lib/gcc/arm-none-eabi/13.2.1/thumb/v7-m/nofp/libgcc.a(_arm_muldivdf3.o)
 .ARM.attributes
                0x000007c8       0x1d /usr/lib/gcc/arm-none-eabi/13.2.1/thumb/v7-m/nofp/libgcc.a(_arm_fixunsdfsi.o)
 .ARM.attributes
                0x000007e5       0x2d /usr/lib/gcc/arm-none-eabi/13.2.1/thumb/v7-m/nofp/crtend.o
 .ARM.attributes
                0x00000812       0x1d /usr/lib/gcc/arm-none-eabi/13.2.1/thumb/v7-m/nofp/crtn.o

.comment        0x00000000       0x26
 .comment       0x00000000       0x26 /usr/lib/gcc/arm-none-eabi/13.2.1/thumb/v7-m/nofp/crtbegin.o
                                 0x27 (size before relaxing)
 .comment       0x00000026       0x27 build/main.o
 .comment       0x00000026       0x27 build/gpio.o
 .comment       0x00000026       0x27 build/freertos.o
 .comment       0x00000026       0x27 build/i2c.o
 .comment       0x00000026       0x27 build/stm32f1xx_it.o
 .comment       0x00000026       0x27 build/stm32f1xx_hal_msp.o
 .comment       0x00000026       0x27 build/stm32f1xx_hal_timebase_tim.o
 .comment       0x00000026       0x27 build/usb_device.o
 .comment       0x00000026       0x27 build/usbd_desc.o
 .comment       0x00000026       0x27 build/usbd_conf.o
 .comment       0x00000026       0x27 build/stm32f1xx_hal_tim.o
 .comment       0x00000026       0x27 build/stm32f1xx_hal_tim_ex.o
 .comment       0x00000026       0x27 build/stm32f1xx_hal_pcd.o
 .comment       0x00000026       0x27 build/stm32f1xx_hal_pcd_ex.o
 .comment       0x00000026       0x27 build/stm32f1xx_ll_usb.o
 .comment       0x00000026       0x27 build/stm32f1xx_hal.o
 .comment       0x00000026       0x27 build/stm32f1xx_hal_rcc.o
 .comment       0x00000026       0x27 build/stm32f1xx_hal_rcc_ex.o
 .comment       0x00000026       0x27 build/stm32f1xx_hal_gpio.o
 .comment       0x00000026       0x27 build/stm32f1xx_hal_cortex.o
 .comment       0x00000026       0x27 build/stm32f1xx_hal_i2c.o
 .comment       0x00000026       0x27 build/system_stm32f1xx.o
 .comment       0x00000026       0x27 build/list.o
 .comment       0x00000026       0x27 build/queue.o
 .comment       0x00000026       0x27 build/tasks.o
 .comment       0x00000026       0x27 build/timers.o
 .comment       0x00000026       0x27 build/cmsis_os2.o
 .comment       0x00000026       0x27 build/heap_4.o
 .comment       0x00000026       0x27 build/port.o
 .comment       0x00000026       0x27 build/usbd_core.o
 .comment       0x00000026       0x27 build/usbd_ctlreq.o
 .comment       0x00000026       0x27 build/usbd_ioreq.o
 .comment       0x00000026       0x27 build/usbd_hid.o
 .comment       0x00000026       0x27 build/matrix_keyboard.o
 .comment       0x00000026       0x27 build/usb_keyboard.o
 .comment       0x00000026       0x27 build/OLED.o
 .comment       0x00000026       0x27 build/OLED_Data.o
 .comment       0x00000026       0x27 /usr/lib/gcc/arm-none-eabi/13.2.1/../../../arm-none-eabi/lib/thumb/v7-m/nofp/libc_nano.a(libc_a-init.o)
 .comment       0x00000026       0x27 /usr/lib/gcc/arm-none-eabi/13.2.1/../../../arm-none-eabi/lib/thumb/v7-m/nofp/libc_nano.a(libc_a-memset.o)
 .comment       0x00000026       0x27 /usr/lib/gcc/arm-none-eabi/13.2.1/../../../arm-none-eabi/lib/thumb/v7-m/nofp/libc_nano.a(libc_a-memcmp.o)
 .comment       0x00000026       0x27 /usr/lib/gcc/arm-none-eabi/13.2.1/thumb/v7-m/nofp/crtend.o

.debug_info     0x00000000    0x2cc3d
 .debug_info    0x00000000      0xafe build/main.o
 .debug_info    0x00000afe      0x35e build/gpio.o
 .debug_info    0x00000e5c      0x847 build/freertos.o
 .debug_info    0x000016a3      0x972 build/i2c.o
 .debug_info    0x00002015      0xcc5 build/stm32f1xx_it.o
 .debug_info    0x00002cda      0x3bd build/stm32f1xx_hal_msp.o
 .debug_info    0x00003097      0xb50 build/stm32f1xx_hal_timebase_tim.o
 .debug_info    0x00003be7      0x661 build/usb_device.o
 .debug_info    0x00004248      0x630 build/usbd_desc.o
 .debug_info    0x00004878     0x1fef build/usbd_conf.o
 .debug_info    0x00006867     0x412e build/stm32f1xx_hal_tim.o
 .debug_info    0x0000a995     0x1d37 build/stm32f1xx_hal_tim_ex.o
 .debug_info    0x0000c6cc     0x1f63 build/stm32f1xx_hal_pcd.o
 .debug_info    0x0000e62f      0x7a4 build/stm32f1xx_hal_pcd_ex.o
 .debug_info    0x0000edd3     0x1d12 build/stm32f1xx_ll_usb.o
 .debug_info    0x00010ae5      0x874 build/stm32f1xx_hal.o
 .debug_info    0x00011359      0xaec build/stm32f1xx_hal_rcc.o
 .debug_info    0x00011e45      0x465 build/stm32f1xx_hal_rcc_ex.o
 .debug_info    0x000122aa      0x6bf build/stm32f1xx_hal_gpio.o
 .debug_info    0x00012969      0xe1b build/stm32f1xx_hal_cortex.o
 .debug_info    0x00013784     0x3d03 build/stm32f1xx_hal_i2c.o
 .debug_info    0x00017487      0x256 build/system_stm32f1xx.o
 .debug_info    0x000176dd      0x303 build/list.o
 .debug_info    0x000179e0     0x2a24 build/queue.o
 .debug_info    0x0001a404     0x338a build/tasks.o
 .debug_info    0x0001d78e     0x1d13 build/timers.o
 .debug_info    0x0001f4a1     0x5299 build/cmsis_os2.o
 .debug_info    0x0002473a      0x5f4 build/heap_4.o
 .debug_info    0x00024d2e      0x54b build/port.o
 .debug_info    0x00025279      0xf73 build/usbd_core.o
 .debug_info    0x000261ec     0x11df build/usbd_ctlreq.o
 .debug_info    0x000273cb      0x922 build/usbd_ioreq.o
 .debug_info    0x00027ced      0xbcc build/usbd_hid.o
 .debug_info    0x000288b9      0x620 build/matrix_keyboard.o
 .debug_info    0x00028ed9      0x8a0 build/usb_keyboard.o
 .debug_info    0x00029779     0x2d8d build/OLED.o
 .debug_info    0x0002c506      0x203 build/OLED_Data.o
 .debug_info    0x0002c709       0x30 build/startup_stm32f103xb.o
 .debug_info    0x0002c739      0x10b /usr/lib/gcc/arm-none-eabi/13.2.1/../../../arm-none-eabi/lib/thumb/v7-m/nofp/libc_nano.a(libc_a-init.o)
 .debug_info    0x0002c844      0x135 /usr/lib/gcc/arm-none-eabi/13.2.1/../../../arm-none-eabi/lib/thumb/v7-m/nofp/libc_nano.a(libc_a-memset.o)
 .debug_info    0x0002c979       0x33 /usr/lib/gcc/arm-none-eabi/13.2.1/../../../arm-none-eabi/lib/thumb/v7-m/nofp/libc_nano.a(libc_a-memcpy.o)
 .debug_info    0x0002c9ac      0x12b /usr/lib/gcc/arm-none-eabi/13.2.1/../../../arm-none-eabi/lib/thumb/v7-m/nofp/libc_nano.a(libc_a-memcmp.o)
 .debug_info    0x0002cad7       0xd3 /usr/lib/gcc/arm-none-eabi/13.2.1/thumb/v7-m/nofp/libgcc.a(_arm_addsubdf3.o)
 .debug_info    0x0002cbaa       0x57 /usr/lib/gcc/arm-none-eabi/13.2.1/thumb/v7-m/nofp/libgcc.a(_arm_muldivdf3.o)
 .debug_info    0x0002cc01       0x3c /usr/lib/gcc/arm-none-eabi/13.2.1/thumb/v7-m/nofp/libgcc.a(_arm_fixunsdfsi.o)

.debug_abbrev   0x00000000     0x5e94
 .debug_abbrev  0x00000000      0x261 build/main.o
 .debug_abbrev  0x00000261      0x14e build/gpio.o
 .debug_abbrev  0x000003af      0x1d7 build/freertos.o
 .debug_abbrev  0x00000586      0x1f6 build/i2c.o
 .debug_abbrev  0x0000077c      0x19d build/stm32f1xx_it.o
 .debug_abbrev  0x00000919      0x136 build/stm32f1xx_hal_msp.o
 .debug_abbrev  0x00000a4f      0x22d build/stm32f1xx_hal_timebase_tim.o
 .debug_abbrev  0x00000c7c      0x18c build/usb_device.o
 .debug_abbrev  0x00000e08      0x23c build/usbd_desc.o
 .debug_abbrev  0x00001044      0x33e build/usbd_conf.o
 .debug_abbrev  0x00001382      0x2bd build/stm32f1xx_hal_tim.o
 .debug_abbrev  0x0000163f      0x2b7 build/stm32f1xx_hal_tim_ex.o
 .debug_abbrev  0x000018f6      0x32d build/stm32f1xx_hal_pcd.o
 .debug_abbrev  0x00001c23      0x184 build/stm32f1xx_hal_pcd_ex.o
 .debug_abbrev  0x00001da7      0x262 build/stm32f1xx_ll_usb.o
 .debug_abbrev  0x00002009      0x232 build/stm32f1xx_hal.o
 .debug_abbrev  0x0000223b      0x2d6 build/stm32f1xx_hal_rcc.o
 .debug_abbrev  0x00002511      0x1d4 build/stm32f1xx_hal_rcc_ex.o
 .debug_abbrev  0x000026e5      0x222 build/stm32f1xx_hal_gpio.o
 .debug_abbrev  0x00002907      0x3aa build/stm32f1xx_hal_cortex.o
 .debug_abbrev  0x00002cb1      0x31e build/stm32f1xx_hal_i2c.o
 .debug_abbrev  0x00002fcf      0x140 build/system_stm32f1xx.o
 .debug_abbrev  0x0000310f      0x124 build/list.o
 .debug_abbrev  0x00003233      0x431 build/queue.o
 .debug_abbrev  0x00003664      0x400 build/tasks.o
 .debug_abbrev  0x00003a64      0x3d4 build/timers.o
 .debug_abbrev  0x00003e38      0x5ca build/cmsis_os2.o
 .debug_abbrev  0x00004402      0x27a build/heap_4.o
 .debug_abbrev  0x0000467c      0x2c2 build/port.o
 .debug_abbrev  0x0000493e      0x2ae build/usbd_core.o
 .debug_abbrev  0x00004bec      0x2ec build/usbd_ctlreq.o
 .debug_abbrev  0x00004ed8      0x18e build/usbd_ioreq.o
 .debug_abbrev  0x00005066      0x2a3 build/usbd_hid.o
 .debug_abbrev  0x00005309      0x273 build/matrix_keyboard.o
 .debug_abbrev  0x0000557c      0x22b build/usb_keyboard.o
 .debug_abbrev  0x000057a7      0x378 build/OLED.o
 .debug_abbrev  0x00005b1f       0xa8 build/OLED_Data.o
 .debug_abbrev  0x00005bc7       0x1d build/startup_stm32f103xb.o
 .debug_abbrev  0x00005be4       0xc9 /usr/lib/gcc/arm-none-eabi/13.2.1/../../../arm-none-eabi/lib/thumb/v7-m/nofp/libc_nano.a(libc_a-init.o)
 .debug_abbrev  0x00005cad       0xb7 /usr/lib/gcc/arm-none-eabi/13.2.1/../../../arm-none-eabi/lib/thumb/v7-m/nofp/libc_nano.a(libc_a-memset.o)
 .debug_abbrev  0x00005d64       0x28 /usr/lib/gcc/arm-none-eabi/13.2.1/../../../arm-none-eabi/lib/thumb/v7-m/nofp/libc_nano.a(libc_a-memcpy.o)
 .debug_abbrev  0x00005d8c       0x90 /usr/lib/gcc/arm-none-eabi/13.2.1/../../../arm-none-eabi/lib/thumb/v7-m/nofp/libc_nano.a(libc_a-memcmp.o)
 .debug_abbrev  0x00005e1c       0x28 /usr/lib/gcc/arm-none-eabi/13.2.1/thumb/v7-m/nofp/libgcc.a(_arm_addsubdf3.o)
 .debug_abbrev  0x00005e44       0x28 /usr/lib/gcc/arm-none-eabi/13.2.1/thumb/v7-m/nofp/libgcc.a(_arm_muldivdf3.o)
 .debug_abbrev  0x00005e6c       0x28 /usr/lib/gcc/arm-none-eabi/13.2.1/thumb/v7-m/nofp/libgcc.a(_arm_fixunsdfsi.o)

.debug_loc      0x00000000    0x27fcb
 .debug_loc     0x00000000       0xd4 build/main.o
 .debug_loc     0x000000d4       0x38 build/gpio.o
 .debug_loc     0x0000010c      0x21c build/freertos.o
 .debug_loc     0x00000328       0xfd build/i2c.o
 .debug_loc     0x00000425       0x40 build/stm32f1xx_it.o
 .debug_loc     0x00000465       0x4d build/stm32f1xx_hal_msp.o
 .debug_loc     0x000004b2      0x179 build/stm32f1xx_hal_timebase_tim.o
 .debug_loc     0x0000062b       0x20 build/usb_device.o
 .debug_loc     0x0000064b      0x4e7 build/usbd_desc.o
 .debug_loc     0x00000b32     0x105a build/usbd_conf.o
 .debug_loc     0x00001b8c     0x6168 build/stm32f1xx_hal_tim.o
 .debug_loc     0x00007cf4     0x227b build/stm32f1xx_hal_tim_ex.o
 .debug_loc     0x00009f6f     0x1aa9 build/stm32f1xx_hal_pcd.o
 .debug_loc     0x0000ba18      0x15a build/stm32f1xx_hal_pcd_ex.o
 .debug_loc     0x0000bb72     0x1b49 build/stm32f1xx_ll_usb.o
 .debug_loc     0x0000d6bb      0x1f9 build/stm32f1xx_hal.o
 .debug_loc     0x0000d8b4      0x7c6 build/stm32f1xx_hal_rcc.o
 .debug_loc     0x0000e07a      0x4a9 build/stm32f1xx_hal_rcc_ex.o
 .debug_loc     0x0000e523      0x56c build/stm32f1xx_hal_gpio.o
 .debug_loc     0x0000ea8f      0x8b4 build/stm32f1xx_hal_cortex.o
 .debug_loc     0x0000f343     0x54d3 build/stm32f1xx_hal_i2c.o
 .debug_loc     0x00014816      0x11b build/system_stm32f1xx.o
 .debug_loc     0x00014931       0xeb build/list.o
 .debug_loc     0x00014a1c     0x20b3 build/queue.o
 .debug_loc     0x00016acf     0x2c0d build/tasks.o
 .debug_loc     0x000196dc     0x16fe build/timers.o
 .debug_loc     0x0001adda     0x6694 build/cmsis_os2.o
 .debug_loc     0x0002146e      0x51c build/heap_4.o
 .debug_loc     0x0002198a      0x172 build/port.o
 .debug_loc     0x00021afc      0xbaa build/usbd_core.o
 .debug_loc     0x000226a6     0x17db build/usbd_ctlreq.o
 .debug_loc     0x00023e81      0x3f8 build/usbd_ioreq.o
 .debug_loc     0x00024279      0x8ac build/usbd_hid.o
 .debug_loc     0x00024b25      0x2bc build/matrix_keyboard.o
 .debug_loc     0x00024de1      0x224 build/usb_keyboard.o
 .debug_loc     0x00025005     0x2fc6 build/OLED.o

.debug_aranges  0x00000000     0x1d18
 .debug_aranges
                0x00000000       0x38 build/main.o
 .debug_aranges
                0x00000038       0x20 build/gpio.o
 .debug_aranges
                0x00000058       0x40 build/freertos.o
 .debug_aranges
                0x00000098       0x30 build/i2c.o
 .debug_aranges
                0x000000c8       0x58 build/stm32f1xx_it.o
 .debug_aranges
                0x00000120       0x20 build/stm32f1xx_hal_msp.o
 .debug_aranges
                0x00000140       0x30 build/stm32f1xx_hal_timebase_tim.o
 .debug_aranges
                0x00000170       0x20 build/usb_device.o
 .debug_aranges
                0x00000190       0x60 build/usbd_desc.o
 .debug_aranges
                0x000001f0      0x118 build/usbd_conf.o
 .debug_aranges
                0x00000308      0x3d0 build/stm32f1xx_hal_tim.o
 .debug_aranges
                0x000006d8      0x168 build/stm32f1xx_hal_tim_ex.o
 .debug_aranges
                0x00000840      0x140 build/stm32f1xx_hal_pcd.o
 .debug_aranges
                0x00000980       0x38 build/stm32f1xx_hal_pcd_ex.o
 .debug_aranges
                0x000009b8       0xf8 build/stm32f1xx_ll_usb.o
 .debug_aranges
                0x00000ab0       0xe0 build/stm32f1xx_hal.o
 .debug_aranges
                0x00000b90       0x90 build/stm32f1xx_hal_rcc.o
 .debug_aranges
                0x00000c20       0x30 build/stm32f1xx_hal_rcc_ex.o
 .debug_aranges
                0x00000c50       0x58 build/stm32f1xx_hal_gpio.o
 .debug_aranges
                0x00000ca8       0xc0 build/stm32f1xx_hal_cortex.o
 .debug_aranges
                0x00000d68      0x2a8 build/stm32f1xx_hal_i2c.o
 .debug_aranges
                0x00001010       0x28 build/system_stm32f1xx.o
 .debug_aranges
                0x00001038       0x40 build/list.o
 .debug_aranges
                0x00001078      0x158 build/queue.o
 .debug_aranges
                0x000011d0      0x208 build/tasks.o
 .debug_aranges
                0x000013d8       0xf0 build/timers.o
 .debug_aranges
                0x000014c8      0x2a0 build/cmsis_os2.o
 .debug_aranges
                0x00001768       0x58 build/heap_4.o
 .debug_aranges
                0x000017c0       0x78 build/port.o
 .debug_aranges
                0x00001838       0xb8 build/usbd_core.o
 .debug_aranges
                0x000018f0       0x88 build/usbd_ctlreq.o
 .debug_aranges
                0x00001978       0x50 build/usbd_ioreq.o
 .debug_aranges
                0x000019c8       0x68 build/usbd_hid.o
 .debug_aranges
                0x00001a30       0x38 build/matrix_keyboard.o
 .debug_aranges
                0x00001a68       0x60 build/usb_keyboard.o
 .debug_aranges
                0x00001ac8      0x130 build/OLED.o
 .debug_aranges
                0x00001bf8       0x18 build/OLED_Data.o
 .debug_aranges
                0x00001c10       0x28 build/startup_stm32f103xb.o
 .debug_aranges
                0x00001c38       0x20 /usr/lib/gcc/arm-none-eabi/13.2.1/../../../arm-none-eabi/lib/thumb/v7-m/nofp/libc_nano.a(libc_a-init.o)
 .debug_aranges
                0x00001c58       0x20 /usr/lib/gcc/arm-none-eabi/13.2.1/../../../arm-none-eabi/lib/thumb/v7-m/nofp/libc_nano.a(libc_a-memset.o)
 .debug_aranges
                0x00001c78       0x20 /usr/lib/gcc/arm-none-eabi/13.2.1/../../../arm-none-eabi/lib/thumb/v7-m/nofp/libc_nano.a(libc_a-memcpy.o)
 .debug_aranges
                0x00001c98       0x20 /usr/lib/gcc/arm-none-eabi/13.2.1/../../../arm-none-eabi/lib/thumb/v7-m/nofp/libc_nano.a(libc_a-memcmp.o)
 .debug_aranges
                0x00001cb8       0x20 /usr/lib/gcc/arm-none-eabi/13.2.1/thumb/v7-m/nofp/libgcc.a(_arm_addsubdf3.o)
 .debug_aranges
                0x00001cd8       0x20 /usr/lib/gcc/arm-none-eabi/13.2.1/thumb/v7-m/nofp/libgcc.a(_arm_muldivdf3.o)
 .debug_aranges
                0x00001cf8       0x20 /usr/lib/gcc/arm-none-eabi/13.2.1/thumb/v7-m/nofp/libgcc.a(_arm_fixunsdfsi.o)

.debug_ranges   0x00000000     0x1fc8
 .debug_ranges  0x00000000       0x28 build/main.o
 .debug_ranges  0x00000028       0x10 build/gpio.o
 .debug_ranges  0x00000038       0x30 build/freertos.o
 .debug_ranges  0x00000068       0x20 build/i2c.o
 .debug_ranges  0x00000088       0x48 build/stm32f1xx_it.o
 .debug_ranges  0x000000d0       0x10 build/stm32f1xx_hal_msp.o
 .debug_ranges  0x000000e0       0x20 build/stm32f1xx_hal_timebase_tim.o
 .debug_ranges  0x00000100       0x10 build/usb_device.o
 .debug_ranges  0x00000110       0x50 build/usbd_desc.o
 .debug_ranges  0x00000160      0x108 build/usbd_conf.o
 .debug_ranges  0x00000268      0x3c0 build/stm32f1xx_hal_tim.o
 .debug_ranges  0x00000628      0x158 build/stm32f1xx_hal_tim_ex.o
 .debug_ranges  0x00000780      0x240 build/stm32f1xx_hal_pcd.o
 .debug_ranges  0x000009c0       0x28 build/stm32f1xx_hal_pcd_ex.o
 .debug_ranges  0x000009e8      0x320 build/stm32f1xx_ll_usb.o
 .debug_ranges  0x00000d08       0xd0 build/stm32f1xx_hal.o
 .debug_ranges  0x00000dd8       0xa0 build/stm32f1xx_hal_rcc.o
 .debug_ranges  0x00000e78       0x38 build/stm32f1xx_hal_rcc_ex.o
 .debug_ranges  0x00000eb0       0x48 build/stm32f1xx_hal_gpio.o
 .debug_ranges  0x00000ef8       0xb0 build/stm32f1xx_hal_cortex.o
 .debug_ranges  0x00000fa8      0x2b0 build/stm32f1xx_hal_i2c.o
 .debug_ranges  0x00001258       0x18 build/system_stm32f1xx.o
 .debug_ranges  0x00001270       0x30 build/list.o
 .debug_ranges  0x000012a0      0x218 build/queue.o
 .debug_ranges  0x000014b8      0x338 build/tasks.o
 .debug_ranges  0x000017f0       0xe0 build/timers.o
 .debug_ranges  0x000018d0      0x290 build/cmsis_os2.o
 .debug_ranges  0x00001b60       0x48 build/heap_4.o
 .debug_ranges  0x00001ba8       0x68 build/port.o
 .debug_ranges  0x00001c10       0xa8 build/usbd_core.o
 .debug_ranges  0x00001cb8       0x78 build/usbd_ctlreq.o
 .debug_ranges  0x00001d30       0x40 build/usbd_ioreq.o
 .debug_ranges  0x00001d70       0x58 build/usbd_hid.o
 .debug_ranges  0x00001dc8       0x70 build/matrix_keyboard.o
 .debug_ranges  0x00001e38       0x50 build/usb_keyboard.o
 .debug_ranges  0x00001e88      0x120 build/OLED.o
 .debug_ranges  0x00001fa8       0x20 build/startup_stm32f103xb.o

.debug_line     0x00000000    0x1e35b
 .debug_line    0x00000000      0x31f build/main.o
 .debug_line    0x0000031f      0x146 build/gpio.o
 .debug_line    0x00000465      0x20f build/freertos.o
 .debug_line    0x00000674      0x23c build/i2c.o
 .debug_line    0x000008b0      0x200 build/stm32f1xx_it.o
 .debug_line    0x00000ab0      0x113 build/stm32f1xx_hal_msp.o
 .debug_line    0x00000bc3      0x269 build/stm32f1xx_hal_timebase_tim.o
 .debug_line    0x00000e2c      0x172 build/usb_device.o
 .debug_line    0x00000f9e      0x2af build/usbd_desc.o
 .debug_line    0x0000124d      0x716 build/usbd_conf.o
 .debug_line    0x00001963     0x454a build/stm32f1xx_hal_tim.o
 .debug_line    0x00005ead     0x1947 build/stm32f1xx_hal_tim_ex.o
 .debug_line    0x000077f4     0x178f build/stm32f1xx_hal_pcd.o
 .debug_line    0x00008f83      0x1ee build/stm32f1xx_hal_pcd_ex.o
 .debug_line    0x00009171     0x16d1 build/stm32f1xx_ll_usb.o
 .debug_line    0x0000a842      0x489 build/stm32f1xx_hal.o
 .debug_line    0x0000accb      0xc05 build/stm32f1xx_hal_rcc.o
 .debug_line    0x0000b8d0      0x405 build/stm32f1xx_hal_rcc_ex.o
 .debug_line    0x0000bcd5      0x52b build/stm32f1xx_hal_gpio.o
 .debug_line    0x0000c200      0x602 build/stm32f1xx_hal_cortex.o
 .debug_line    0x0000c802     0x55a3 build/stm32f1xx_hal_i2c.o
 .debug_line    0x00011da5      0x1a0 build/system_stm32f1xx.o
 .debug_line    0x00011f45      0x2cf build/list.o
 .debug_line    0x00012214     0x1bdc build/queue.o
 .debug_line    0x00013df0     0x26ab build/tasks.o
 .debug_line    0x0001649b      0xd12 build/timers.o
 .debug_line    0x000171ad     0x2add build/cmsis_os2.o
 .debug_line    0x00019c8a      0x627 build/heap_4.o
 .debug_line    0x0001a2b1      0x503 build/port.o
 .debug_line    0x0001a7b4      0x674 build/usbd_core.o
 .debug_line    0x0001ae28      0xa2d build/usbd_ctlreq.o
 .debug_line    0x0001b855      0x1ff build/usbd_ioreq.o
 .debug_line    0x0001ba54      0x488 build/usbd_hid.o
 .debug_line    0x0001bedc      0x322 build/matrix_keyboard.o
 .debug_line    0x0001c1fe      0x341 build/usb_keyboard.o
 .debug_line    0x0001c53f     0x14da build/OLED.o
 .debug_line    0x0001da19       0x7a build/OLED_Data.o
 .debug_line    0x0001da93       0x71 build/startup_stm32f103xb.o
 .debug_line    0x0001db04      0x11e /usr/lib/gcc/arm-none-eabi/13.2.1/../../../arm-none-eabi/lib/thumb/v7-m/nofp/libc_nano.a(libc_a-init.o)
 .debug_line    0x0001dc22      0x1b1 /usr/lib/gcc/arm-none-eabi/13.2.1/../../../arm-none-eabi/lib/thumb/v7-m/nofp/libc_nano.a(libc_a-memset.o)
 .debug_line    0x0001ddd3       0xbd /usr/lib/gcc/arm-none-eabi/13.2.1/../../../arm-none-eabi/lib/thumb/v7-m/nofp/libc_nano.a(libc_a-memcpy.o)
 .debug_line    0x0001de90      0x17a /usr/lib/gcc/arm-none-eabi/13.2.1/../../../arm-none-eabi/lib/thumb/v7-m/nofp/libc_nano.a(libc_a-memcmp.o)
 .debug_line    0x0001e00a      0x16f /usr/lib/gcc/arm-none-eabi/13.2.1/thumb/v7-m/nofp/libgcc.a(_arm_addsubdf3.o)
 .debug_line    0x0001e179      0x184 /usr/lib/gcc/arm-none-eabi/13.2.1/thumb/v7-m/nofp/libgcc.a(_arm_muldivdf3.o)
 .debug_line    0x0001e2fd       0x5e /usr/lib/gcc/arm-none-eabi/13.2.1/thumb/v7-m/nofp/libgcc.a(_arm_fixunsdfsi.o)

.debug_str      0x00000000     0x8d4b
 .debug_str     0x00000000     0x8d4b build/main.o
                                0x950 (size before relaxing)
 .debug_str     0x00008d4b      0x247 build/gpio.o
 .debug_str     0x00008d4b      0x866 build/freertos.o
 .debug_str     0x00008d4b      0x6f8 build/i2c.o
 .debug_str     0x00008d4b      0x9f9 build/stm32f1xx_it.o
 .debug_str     0x00008d4b      0x4da build/stm32f1xx_hal_msp.o
 .debug_str     0x00008d4b      0xae3 build/stm32f1xx_hal_timebase_tim.o
 .debug_str     0x00008d4b      0x597 build/usb_device.o
 .debug_str     0x00008d4b      0x403 build/usbd_desc.o
 .debug_str     0x00008d4b     0x1163 build/usbd_conf.o
 .debug_str     0x00008d4b     0x1641 build/stm32f1xx_hal_tim.o
 .debug_str     0x00008d4b      0xe4d build/stm32f1xx_hal_tim_ex.o
 .debug_str     0x00008d4b      0xad5 build/stm32f1xx_hal_pcd.o
 .debug_str     0x00008d4b      0x685 build/stm32f1xx_hal_pcd_ex.o
 .debug_str     0x00008d4b      0x6d7 build/stm32f1xx_ll_usb.o
 .debug_str     0x00008d4b      0x7f5 build/stm32f1xx_hal.o
 .debug_str     0x00008d4b      0x5dd build/stm32f1xx_hal_rcc.o
 .debug_str     0x00008d4b      0x390 build/stm32f1xx_hal_rcc_ex.o
 .debug_str     0x00008d4b      0x3bc build/stm32f1xx_hal_gpio.o
 .debug_str     0x00008d4b      0x886 build/stm32f1xx_hal_cortex.o
 .debug_str     0x00008d4b      0xf77 build/stm32f1xx_hal_i2c.o
 .debug_str     0x00008d4b      0x211 build/system_stm32f1xx.o
 .debug_str     0x00008d4b      0x2bc build/list.o
 .debug_str     0x00008d4b      0xcbf build/queue.o
 .debug_str     0x00008d4b     0x128c build/tasks.o
 .debug_str     0x00008d4b      0xbf8 build/timers.o
 .debug_str     0x00008d4b     0x1f44 build/cmsis_os2.o
 .debug_str     0x00008d4b      0x4cb build/heap_4.o
 .debug_str     0x00008d4b      0x422 build/port.o
 .debug_str     0x00008d4b      0x7e3 build/usbd_core.o
 .debug_str     0x00008d4b      0x6fd build/usbd_ctlreq.o
 .debug_str     0x00008d4b      0x62a build/usbd_ioreq.o
 .debug_str     0x00008d4b      0x7ce build/usbd_hid.o
 .debug_str     0x00008d4b      0x2f4 build/matrix_keyboard.o
 .debug_str     0x00008d4b      0x6b7 build/usb_keyboard.o
 .debug_str     0x00008d4b      0xad0 build/OLED.o
 .debug_str     0x00008d4b      0x197 build/OLED_Data.o
 .debug_str     0x00008d4b       0x5b build/startup_stm32f103xb.o
 .debug_str     0x00008d4b      0x1f2 /usr/lib/gcc/arm-none-eabi/13.2.1/../../../arm-none-eabi/lib/thumb/v7-m/nofp/libc_nano.a(libc_a-init.o)
 .debug_str     0x00008d4b      0x1a5 /usr/lib/gcc/arm-none-eabi/13.2.1/../../../arm-none-eabi/lib/thumb/v7-m/nofp/libc_nano.a(libc_a-memset.o)
 .debug_str     0x00008d4b       0xa8 /usr/lib/gcc/arm-none-eabi/13.2.1/../../../arm-none-eabi/lib/thumb/v7-m/nofp/libc_nano.a(libc_a-memcpy.o)
 .debug_str     0x00008d4b      0x191 /usr/lib/gcc/arm-none-eabi/13.2.1/../../../arm-none-eabi/lib/thumb/v7-m/nofp/libc_nano.a(libc_a-memcmp.o)
 .debug_str     0x00008d4b      0x150 /usr/lib/gcc/arm-none-eabi/13.2.1/thumb/v7-m/nofp/libgcc.a(_arm_addsubdf3.o)
 .debug_str     0x00008d4b       0xd0 /usr/lib/gcc/arm-none-eabi/13.2.1/thumb/v7-m/nofp/libgcc.a(_arm_muldivdf3.o)
 .debug_str     0x00008d4b       0xbf /usr/lib/gcc/arm-none-eabi/13.2.1/thumb/v7-m/nofp/libgcc.a(_arm_fixunsdfsi.o)

.debug_frame    0x00000000     0x50b0
 .debug_frame   0x00000000       0x70 build/main.o
 .debug_frame   0x00000070       0x30 build/gpio.o
 .debug_frame   0x000000a0       0x94 build/freertos.o
 .debug_frame   0x00000134       0x60 build/i2c.o
 .debug_frame   0x00000194       0xa0 build/stm32f1xx_it.o
 .debug_frame   0x00000234       0x2c build/stm32f1xx_hal_msp.o
 .debug_frame   0x00000260       0x54 build/stm32f1xx_hal_timebase_tim.o
 .debug_frame   0x000002b4       0x28 build/usb_device.o
 .debug_frame   0x000002dc       0xe0 build/usbd_desc.o
 .debug_frame   0x000003bc      0x2ec build/usbd_conf.o
 .debug_frame   0x000006a8      0xb18 build/stm32f1xx_hal_tim.o
 .debug_frame   0x000011c0      0x418 build/stm32f1xx_hal_tim_ex.o
 .debug_frame   0x000015d8      0x358 build/stm32f1xx_hal_pcd.o
 .debug_frame   0x00001930       0x50 build/stm32f1xx_hal_pcd_ex.o
 .debug_frame   0x00001980      0x200 build/stm32f1xx_ll_usb.o
 .debug_frame   0x00001b80      0x1cc build/stm32f1xx_hal.o
 .debug_frame   0x00001d4c      0x184 build/stm32f1xx_hal_rcc.o
 .debug_frame   0x00001ed0       0x5c build/stm32f1xx_hal_rcc_ex.o
 .debug_frame   0x00001f2c       0xe4 build/stm32f1xx_hal_gpio.o
 .debug_frame   0x00002010      0x19c build/stm32f1xx_hal_cortex.o
 .debug_frame   0x000021ac      0x988 build/stm32f1xx_hal_i2c.o
 .debug_frame   0x00002b34       0x30 build/system_stm32f1xx.o
 .debug_frame   0x00002b64       0x70 build/list.o
 .debug_frame   0x00002bd4      0x454 build/queue.o
 .debug_frame   0x00003028      0x694 build/tasks.o
 .debug_frame   0x000036bc      0x30c build/timers.o
 .debug_frame   0x000039c8      0x908 build/cmsis_os2.o
 .debug_frame   0x000042d0       0xd0 build/heap_4.o
 .debug_frame   0x000043a0       0xf0 build/port.o
 .debug_frame   0x00004490      0x1c4 build/usbd_core.o
 .debug_frame   0x00004654      0x178 build/usbd_ctlreq.o
 .debug_frame   0x000047cc       0xb8 build/usbd_ioreq.o
 .debug_frame   0x00004884       0xdc build/usbd_hid.o
 .debug_frame   0x00004960       0x78 build/matrix_keyboard.o
 .debug_frame   0x000049d8       0xb4 build/usb_keyboard.o
 .debug_frame   0x00004a8c      0x478 build/OLED.o
 .debug_frame   0x00004f04       0x2c /usr/lib/gcc/arm-none-eabi/13.2.1/../../../arm-none-eabi/lib/thumb/v7-m/nofp/libc_nano.a(libc_a-init.o)
 .debug_frame   0x00004f30       0x2c /usr/lib/gcc/arm-none-eabi/13.2.1/../../../arm-none-eabi/lib/thumb/v7-m/nofp/libc_nano.a(libc_a-memset.o)
 .debug_frame   0x00004f5c       0x34 /usr/lib/gcc/arm-none-eabi/13.2.1/../../../arm-none-eabi/lib/thumb/v7-m/nofp/libc_nano.a(libc_a-memcmp.o)
 .debug_frame   0x00004f90       0xac /usr/lib/gcc/arm-none-eabi/13.2.1/thumb/v7-m/nofp/libgcc.a(_arm_addsubdf3.o)
 .debug_frame   0x0000503c       0x50 /usr/lib/gcc/arm-none-eabi/13.2.1/thumb/v7-m/nofp/libgcc.a(_arm_muldivdf3.o)
 .debug_frame   0x0000508c       0x24 /usr/lib/gcc/arm-none-eabi/13.2.1/thumb/v7-m/nofp/libgcc.a(_arm_fixunsdfsi.o)

.debug_loclists
                0x00000000      0x312
 .debug_loclists
                0x00000000       0x65 /usr/lib/gcc/arm-none-eabi/13.2.1/../../../arm-none-eabi/lib/thumb/v7-m/nofp/libc_nano.a(libc_a-init.o)
 .debug_loclists
                0x00000065      0x1d7 /usr/lib/gcc/arm-none-eabi/13.2.1/../../../arm-none-eabi/lib/thumb/v7-m/nofp/libc_nano.a(libc_a-memset.o)
 .debug_loclists
                0x0000023c       0xd6 /usr/lib/gcc/arm-none-eabi/13.2.1/../../../arm-none-eabi/lib/thumb/v7-m/nofp/libc_nano.a(libc_a-memcmp.o)

.debug_line_str
                0x00000000      0x12d
 .debug_line_str
                0x00000000      0x12d /usr/lib/gcc/arm-none-eabi/13.2.1/../../../arm-none-eabi/lib/thumb/v7-m/nofp/libc_nano.a(libc_a-memcpy.o)
                                 0x95 (size before relaxing)
 .debug_line_str
                0x0000012d       0x98 /usr/lib/gcc/arm-none-eabi/13.2.1/thumb/v7-m/nofp/libgcc.a(_arm_addsubdf3.o)
 .debug_line_str
                0x0000012d       0x98 /usr/lib/gcc/arm-none-eabi/13.2.1/thumb/v7-m/nofp/libgcc.a(_arm_muldivdf3.o)
 .debug_line_str
                0x0000012d       0x98 /usr/lib/gcc/arm-none-eabi/13.2.1/thumb/v7-m/nofp/libgcc.a(_arm_fixunsdfsi.o)

Cross Reference Table

Symbol                                            File
ADC1_2_IRQHandler                                 build/startup_stm32f103xb.o
AHBPrescTable                                     build/system_stm32f1xx.o
                                                  build/stm32f1xx_hal_rcc.o
APBPrescTable                                     build/system_stm32f1xx.o
                                                  build/stm32f1xx_hal_rcc.o
BusFault_Handler                                  build/stm32f1xx_it.o
CAN1_RX1_IRQHandler                               build/startup_stm32f103xb.o
CAN1_SCE_IRQHandler                               build/startup_stm32f103xb.o
DMA1_Channel1_IRQHandler                          build/startup_stm32f103xb.o
DMA1_Channel2_IRQHandler                          build/startup_stm32f103xb.o
DMA1_Channel3_IRQHandler                          build/startup_stm32f103xb.o
DMA1_Channel4_IRQHandler                          build/startup_stm32f103xb.o
DMA1_Channel5_IRQHandler                          build/startup_stm32f103xb.o
DMA1_Channel6_IRQHandler                          build/startup_stm32f103xb.o
DMA1_Channel7_IRQHandler                          build/startup_stm32f103xb.o
DebugMon_Handler                                  build/stm32f1xx_it.o
Default_Handler                                   build/startup_stm32f103xb.o
Diode                                             build/OLED_Data.o
EXTI0_IRQHandler                                  build/startup_stm32f103xb.o
EXTI15_10_IRQHandler                              build/startup_stm32f103xb.o
EXTI1_IRQHandler                                  build/startup_stm32f103xb.o
EXTI2_IRQHandler                                  build/startup_stm32f103xb.o
EXTI3_IRQHandler                                  build/startup_stm32f103xb.o
EXTI4_IRQHandler                                  build/startup_stm32f103xb.o
EXTI9_5_IRQHandler                                build/startup_stm32f103xb.o
Error_Handler                                     build/main.o