ARM GAS  /tmp/ccGIFGcY.s 			page 1


   1              		.cpu cortex-m3
   2              		.arch armv7-m
   3              		.fpu softvfp
   4              		.eabi_attribute 20, 1
   5              		.eabi_attribute 21, 1
   6              		.eabi_attribute 23, 3
   7              		.eabi_attribute 24, 1
   8              		.eabi_attribute 25, 1
   9              		.eabi_attribute 26, 1
  10              		.eabi_attribute 30, 1
  11              		.eabi_attribute 34, 1
  12              		.eabi_attribute 18, 4
  13              		.file	"tim.c"
  14              		.text
  15              	.Ltext0:
  16              		.cfi_sections	.debug_frame
  17              		.file 1 "Core/Src/tim.c"
  18              		.section	.text.MX_TIM2_Init,"ax",%progbits
  19              		.align	1
  20              		.global	MX_TIM2_Init
  21              		.syntax unified
  22              		.thumb
  23              		.thumb_func
  25              	MX_TIM2_Init:
  26              	.LFB65:
   1:Core/Src/tim.c **** /* USER CODE BEGIN Header */
   2:Core/Src/tim.c **** /**
   3:Core/Src/tim.c ****   ******************************************************************************
   4:Core/Src/tim.c ****   * @file    tim.c
   5:Core/Src/tim.c ****   * @brief   This file provides code for the configuration
   6:Core/Src/tim.c ****   *          of the TIM instances.
   7:Core/Src/tim.c ****   ******************************************************************************
   8:Core/Src/tim.c ****   * @attention
   9:Core/Src/tim.c ****   *
  10:Core/Src/tim.c ****   * Copyright (c) 2025 STMicroelectronics.
  11:Core/Src/tim.c ****   * All rights reserved.
  12:Core/Src/tim.c ****   *
  13:Core/Src/tim.c ****   * This software is licensed under terms that can be found in the LICENSE file
  14:Core/Src/tim.c ****   * in the root directory of this software component.
  15:Core/Src/tim.c ****   * If no LICENSE file comes with this software, it is provided AS-IS.
  16:Core/Src/tim.c ****   *
  17:Core/Src/tim.c ****   ******************************************************************************
  18:Core/Src/tim.c ****   */
  19:Core/Src/tim.c **** /* USER CODE END Header */
  20:Core/Src/tim.c **** /* Includes ------------------------------------------------------------------*/
  21:Core/Src/tim.c **** #include "tim.h"
  22:Core/Src/tim.c **** 
  23:Core/Src/tim.c **** /* USER CODE BEGIN 0 */
  24:Core/Src/tim.c **** 
  25:Core/Src/tim.c **** /* USER CODE END 0 */
  26:Core/Src/tim.c **** 
  27:Core/Src/tim.c **** TIM_HandleTypeDef htim2;
  28:Core/Src/tim.c **** 
  29:Core/Src/tim.c **** /* TIM2 init function */
  30:Core/Src/tim.c **** void MX_TIM2_Init(void)
  31:Core/Src/tim.c **** {
  27              		.loc 1 31 1 view -0
ARM GAS  /tmp/ccGIFGcY.s 			page 2


  28              		.cfi_startproc
  29              		@ args = 0, pretend = 0, frame = 48
  30              		@ frame_needed = 0, uses_anonymous_args = 0
  31 0000 00B5     		push	{lr}
  32              	.LCFI0:
  33              		.cfi_def_cfa_offset 4
  34              		.cfi_offset 14, -4
  35 0002 8DB0     		sub	sp, sp, #52
  36              	.LCFI1:
  37              		.cfi_def_cfa_offset 56
  32:Core/Src/tim.c **** 
  33:Core/Src/tim.c ****   /* USER CODE BEGIN TIM2_Init 0 */
  34:Core/Src/tim.c **** 
  35:Core/Src/tim.c ****   /* USER CODE END TIM2_Init 0 */
  36:Core/Src/tim.c **** 
  37:Core/Src/tim.c ****   TIM_Encoder_InitTypeDef sConfig = {0};
  38              		.loc 1 37 3 view .LVU1
  39              		.loc 1 37 27 is_stmt 0 view .LVU2
  40 0004 2422     		movs	r2, #36
  41 0006 0021     		movs	r1, #0
  42 0008 03A8     		add	r0, sp, #12
  43 000a FFF7FEFF 		bl	memset
  44              	.LVL0:
  38:Core/Src/tim.c ****   TIM_MasterConfigTypeDef sMasterConfig = {0};
  45              		.loc 1 38 3 is_stmt 1 view .LVU3
  46              		.loc 1 38 27 is_stmt 0 view .LVU4
  47 000e 0023     		movs	r3, #0
  48 0010 0193     		str	r3, [sp, #4]
  49 0012 0293     		str	r3, [sp, #8]
  39:Core/Src/tim.c **** 
  40:Core/Src/tim.c ****   /* USER CODE BEGIN TIM2_Init 1 */
  41:Core/Src/tim.c **** 
  42:Core/Src/tim.c ****   /* USER CODE END TIM2_Init 1 */
  43:Core/Src/tim.c ****   htim2.Instance = TIM2;
  50              		.loc 1 43 3 is_stmt 1 view .LVU5
  51              		.loc 1 43 18 is_stmt 0 view .LVU6
  52 0014 1348     		ldr	r0, .L7
  53 0016 4FF08042 		mov	r2, #1073741824
  54 001a 0260     		str	r2, [r0]
  44:Core/Src/tim.c ****   htim2.Init.Prescaler = 0;
  55              		.loc 1 44 3 is_stmt 1 view .LVU7
  56              		.loc 1 44 24 is_stmt 0 view .LVU8
  57 001c 4360     		str	r3, [r0, #4]
  45:Core/Src/tim.c ****   htim2.Init.CounterMode = TIM_COUNTERMODE_UP;
  58              		.loc 1 45 3 is_stmt 1 view .LVU9
  59              		.loc 1 45 26 is_stmt 0 view .LVU10
  60 001e 8360     		str	r3, [r0, #8]
  46:Core/Src/tim.c ****   htim2.Init.Period = 65535;
  61              		.loc 1 46 3 is_stmt 1 view .LVU11
  62              		.loc 1 46 21 is_stmt 0 view .LVU12
  63 0020 4FF6FF72 		movw	r2, #65535
  64 0024 C260     		str	r2, [r0, #12]
  47:Core/Src/tim.c ****   htim2.Init.ClockDivision = TIM_CLOCKDIVISION_DIV1;
  65              		.loc 1 47 3 is_stmt 1 view .LVU13
  66              		.loc 1 47 28 is_stmt 0 view .LVU14
  67 0026 0361     		str	r3, [r0, #16]
  48:Core/Src/tim.c ****   htim2.Init.AutoReloadPreload = TIM_AUTORELOAD_PRELOAD_DISABLE;
ARM GAS  /tmp/ccGIFGcY.s 			page 3


  68              		.loc 1 48 3 is_stmt 1 view .LVU15
  69              		.loc 1 48 32 is_stmt 0 view .LVU16
  70 0028 8361     		str	r3, [r0, #24]
  49:Core/Src/tim.c ****   sConfig.EncoderMode = TIM_ENCODERMODE_TI12;
  71              		.loc 1 49 3 is_stmt 1 view .LVU17
  72              		.loc 1 49 23 is_stmt 0 view .LVU18
  73 002a 0323     		movs	r3, #3
  74 002c 0393     		str	r3, [sp, #12]
  50:Core/Src/tim.c ****   sConfig.IC1Polarity = TIM_ICPOLARITY_RISING;
  75              		.loc 1 50 3 is_stmt 1 view .LVU19
  51:Core/Src/tim.c ****   sConfig.IC1Selection = TIM_ICSELECTION_DIRECTTI;
  76              		.loc 1 51 3 view .LVU20
  77              		.loc 1 51 24 is_stmt 0 view .LVU21
  78 002e 0123     		movs	r3, #1
  79 0030 0593     		str	r3, [sp, #20]
  52:Core/Src/tim.c ****   sConfig.IC1Prescaler = TIM_ICPSC_DIV1;
  80              		.loc 1 52 3 is_stmt 1 view .LVU22
  53:Core/Src/tim.c ****   sConfig.IC1Filter = 0;
  81              		.loc 1 53 3 view .LVU23
  54:Core/Src/tim.c ****   sConfig.IC2Polarity = TIM_ICPOLARITY_RISING;
  82              		.loc 1 54 3 view .LVU24
  55:Core/Src/tim.c ****   sConfig.IC2Selection = TIM_ICSELECTION_DIRECTTI;
  83              		.loc 1 55 3 view .LVU25
  84              		.loc 1 55 24 is_stmt 0 view .LVU26
  85 0032 0993     		str	r3, [sp, #36]
  56:Core/Src/tim.c ****   sConfig.IC2Prescaler = TIM_ICPSC_DIV1;
  86              		.loc 1 56 3 is_stmt 1 view .LVU27
  57:Core/Src/tim.c ****   sConfig.IC2Filter = 10;
  87              		.loc 1 57 3 view .LVU28
  88              		.loc 1 57 21 is_stmt 0 view .LVU29
  89 0034 0A23     		movs	r3, #10
  90 0036 0B93     		str	r3, [sp, #44]
  58:Core/Src/tim.c ****   if (HAL_TIM_Encoder_Init(&htim2, &sConfig) != HAL_OK)
  91              		.loc 1 58 3 is_stmt 1 view .LVU30
  92              		.loc 1 58 7 is_stmt 0 view .LVU31
  93 0038 03A9     		add	r1, sp, #12
  94 003a FFF7FEFF 		bl	HAL_TIM_Encoder_Init
  95              	.LVL1:
  96              		.loc 1 58 6 discriminator 1 view .LVU32
  97 003e 50B9     		cbnz	r0, .L5
  98              	.L2:
  59:Core/Src/tim.c ****   {
  60:Core/Src/tim.c ****     Error_Handler();
  61:Core/Src/tim.c ****   }
  62:Core/Src/tim.c ****   sMasterConfig.MasterOutputTrigger = TIM_TRGO_RESET;
  99              		.loc 1 62 3 is_stmt 1 view .LVU33
 100              		.loc 1 62 37 is_stmt 0 view .LVU34
 101 0040 0023     		movs	r3, #0
 102 0042 0193     		str	r3, [sp, #4]
  63:Core/Src/tim.c ****   sMasterConfig.MasterSlaveMode = TIM_MASTERSLAVEMODE_DISABLE;
 103              		.loc 1 63 3 is_stmt 1 view .LVU35
 104              		.loc 1 63 33 is_stmt 0 view .LVU36
 105 0044 0293     		str	r3, [sp, #8]
  64:Core/Src/tim.c ****   if (HAL_TIMEx_MasterConfigSynchronization(&htim2, &sMasterConfig) != HAL_OK)
 106              		.loc 1 64 3 is_stmt 1 view .LVU37
 107              		.loc 1 64 7 is_stmt 0 view .LVU38
 108 0046 01A9     		add	r1, sp, #4
ARM GAS  /tmp/ccGIFGcY.s 			page 4


 109 0048 0648     		ldr	r0, .L7
 110 004a FFF7FEFF 		bl	HAL_TIMEx_MasterConfigSynchronization
 111              	.LVL2:
 112              		.loc 1 64 6 discriminator 1 view .LVU39
 113 004e 28B9     		cbnz	r0, .L6
 114              	.L1:
  65:Core/Src/tim.c ****   {
  66:Core/Src/tim.c ****     Error_Handler();
  67:Core/Src/tim.c ****   }
  68:Core/Src/tim.c ****   /* USER CODE BEGIN TIM2_Init 2 */
  69:Core/Src/tim.c **** 
  70:Core/Src/tim.c ****   /* USER CODE END TIM2_Init 2 */
  71:Core/Src/tim.c **** 
  72:Core/Src/tim.c **** }
 115              		.loc 1 72 1 view .LVU40
 116 0050 0DB0     		add	sp, sp, #52
 117              	.LCFI2:
 118              		.cfi_remember_state
 119              		.cfi_def_cfa_offset 4
 120              		@ sp needed
 121 0052 5DF804FB 		ldr	pc, [sp], #4
 122              	.L5:
 123              	.LCFI3:
 124              		.cfi_restore_state
  60:Core/Src/tim.c ****   }
 125              		.loc 1 60 5 is_stmt 1 view .LVU41
 126 0056 FFF7FEFF 		bl	Error_Handler
 127              	.LVL3:
 128 005a F1E7     		b	.L2
 129              	.L6:
  66:Core/Src/tim.c ****   }
 130              		.loc 1 66 5 view .LVU42
 131 005c FFF7FEFF 		bl	Error_Handler
 132              	.LVL4:
 133              		.loc 1 72 1 is_stmt 0 view .LVU43
 134 0060 F6E7     		b	.L1
 135              	.L8:
 136 0062 00BF     		.align	2
 137              	.L7:
 138 0064 00000000 		.word	htim2
 139              		.cfi_endproc
 140              	.LFE65:
 142              		.section	.text.HAL_TIM_Encoder_MspInit,"ax",%progbits
 143              		.align	1
 144              		.global	HAL_TIM_Encoder_MspInit
 145              		.syntax unified
 146              		.thumb
 147              		.thumb_func
 149              	HAL_TIM_Encoder_MspInit:
 150              	.LVL5:
 151              	.LFB66:
  73:Core/Src/tim.c **** 
  74:Core/Src/tim.c **** void HAL_TIM_Encoder_MspInit(TIM_HandleTypeDef* tim_encoderHandle)
  75:Core/Src/tim.c **** {
 152              		.loc 1 75 1 is_stmt 1 view -0
 153              		.cfi_startproc
 154              		@ args = 0, pretend = 0, frame = 32
ARM GAS  /tmp/ccGIFGcY.s 			page 5


 155              		@ frame_needed = 0, uses_anonymous_args = 0
 156              		.loc 1 75 1 is_stmt 0 view .LVU45
 157 0000 00B5     		push	{lr}
 158              	.LCFI4:
 159              		.cfi_def_cfa_offset 4
 160              		.cfi_offset 14, -4
 161 0002 89B0     		sub	sp, sp, #36
 162              	.LCFI5:
 163              		.cfi_def_cfa_offset 40
  76:Core/Src/tim.c **** 
  77:Core/Src/tim.c ****   GPIO_InitTypeDef GPIO_InitStruct = {0};
 164              		.loc 1 77 3 is_stmt 1 view .LVU46
 165              		.loc 1 77 20 is_stmt 0 view .LVU47
 166 0004 0023     		movs	r3, #0
 167 0006 0493     		str	r3, [sp, #16]
 168 0008 0593     		str	r3, [sp, #20]
 169 000a 0693     		str	r3, [sp, #24]
 170 000c 0793     		str	r3, [sp, #28]
  78:Core/Src/tim.c ****   if(tim_encoderHandle->Instance==TIM2)
 171              		.loc 1 78 3 is_stmt 1 view .LVU48
 172              		.loc 1 78 23 is_stmt 0 view .LVU49
 173 000e 0368     		ldr	r3, [r0]
 174              		.loc 1 78 5 view .LVU50
 175 0010 B3F1804F 		cmp	r3, #1073741824
 176 0014 02D0     		beq	.L12
 177              	.LVL6:
 178              	.L9:
  79:Core/Src/tim.c ****   {
  80:Core/Src/tim.c ****   /* USER CODE BEGIN TIM2_MspInit 0 */
  81:Core/Src/tim.c **** 
  82:Core/Src/tim.c ****   /* USER CODE END TIM2_MspInit 0 */
  83:Core/Src/tim.c ****     /* TIM2 clock enable */
  84:Core/Src/tim.c ****     __HAL_RCC_TIM2_CLK_ENABLE();
  85:Core/Src/tim.c **** 
  86:Core/Src/tim.c ****     __HAL_RCC_GPIOA_CLK_ENABLE();
  87:Core/Src/tim.c ****     __HAL_RCC_GPIOB_CLK_ENABLE();
  88:Core/Src/tim.c ****     /**TIM2 GPIO Configuration
  89:Core/Src/tim.c ****     PA15     ------> TIM2_CH1
  90:Core/Src/tim.c ****     PB3     ------> TIM2_CH2
  91:Core/Src/tim.c ****     */
  92:Core/Src/tim.c ****     GPIO_InitStruct.Pin = GPIO_PIN_15;
  93:Core/Src/tim.c ****     GPIO_InitStruct.Mode = GPIO_MODE_INPUT;
  94:Core/Src/tim.c ****     GPIO_InitStruct.Pull = GPIO_NOPULL;
  95:Core/Src/tim.c ****     HAL_GPIO_Init(GPIOA, &GPIO_InitStruct);
  96:Core/Src/tim.c **** 
  97:Core/Src/tim.c ****     GPIO_InitStruct.Pin = GPIO_PIN_3;
  98:Core/Src/tim.c ****     GPIO_InitStruct.Mode = GPIO_MODE_INPUT;
  99:Core/Src/tim.c ****     GPIO_InitStruct.Pull = GPIO_NOPULL;
 100:Core/Src/tim.c ****     HAL_GPIO_Init(GPIOB, &GPIO_InitStruct);
 101:Core/Src/tim.c **** 
 102:Core/Src/tim.c ****     __HAL_AFIO_REMAP_TIM2_PARTIAL_1();
 103:Core/Src/tim.c **** 
 104:Core/Src/tim.c ****   /* USER CODE BEGIN TIM2_MspInit 1 */
 105:Core/Src/tim.c **** 
 106:Core/Src/tim.c ****   /* USER CODE END TIM2_MspInit 1 */
 107:Core/Src/tim.c ****   }
 108:Core/Src/tim.c **** }
ARM GAS  /tmp/ccGIFGcY.s 			page 6


 179              		.loc 1 108 1 view .LVU51
 180 0016 09B0     		add	sp, sp, #36
 181              	.LCFI6:
 182              		.cfi_remember_state
 183              		.cfi_def_cfa_offset 4
 184              		@ sp needed
 185 0018 5DF804FB 		ldr	pc, [sp], #4
 186              	.LVL7:
 187              	.L12:
 188              	.LCFI7:
 189              		.cfi_restore_state
  84:Core/Src/tim.c **** 
 190              		.loc 1 84 5 is_stmt 1 view .LVU52
 191              	.LBB2:
  84:Core/Src/tim.c **** 
 192              		.loc 1 84 5 view .LVU53
  84:Core/Src/tim.c **** 
 193              		.loc 1 84 5 view .LVU54
 194 001c 03F50433 		add	r3, r3, #135168
 195 0020 DA69     		ldr	r2, [r3, #28]
 196 0022 42F00102 		orr	r2, r2, #1
 197 0026 DA61     		str	r2, [r3, #28]
  84:Core/Src/tim.c **** 
 198              		.loc 1 84 5 view .LVU55
 199 0028 DA69     		ldr	r2, [r3, #28]
 200 002a 02F00102 		and	r2, r2, #1
 201 002e 0192     		str	r2, [sp, #4]
  84:Core/Src/tim.c **** 
 202              		.loc 1 84 5 view .LVU56
 203 0030 019A     		ldr	r2, [sp, #4]
 204              	.LBE2:
  84:Core/Src/tim.c **** 
 205              		.loc 1 84 5 view .LVU57
  86:Core/Src/tim.c ****     __HAL_RCC_GPIOB_CLK_ENABLE();
 206              		.loc 1 86 5 view .LVU58
 207              	.LBB3:
  86:Core/Src/tim.c ****     __HAL_RCC_GPIOB_CLK_ENABLE();
 208              		.loc 1 86 5 view .LVU59
  86:Core/Src/tim.c ****     __HAL_RCC_GPIOB_CLK_ENABLE();
 209              		.loc 1 86 5 view .LVU60
 210 0032 9A69     		ldr	r2, [r3, #24]
 211 0034 42F00402 		orr	r2, r2, #4
 212 0038 9A61     		str	r2, [r3, #24]
  86:Core/Src/tim.c ****     __HAL_RCC_GPIOB_CLK_ENABLE();
 213              		.loc 1 86 5 view .LVU61
 214 003a 9A69     		ldr	r2, [r3, #24]
 215 003c 02F00402 		and	r2, r2, #4
 216 0040 0292     		str	r2, [sp, #8]
  86:Core/Src/tim.c ****     __HAL_RCC_GPIOB_CLK_ENABLE();
 217              		.loc 1 86 5 view .LVU62
 218 0042 029A     		ldr	r2, [sp, #8]
 219              	.LBE3:
  86:Core/Src/tim.c ****     __HAL_RCC_GPIOB_CLK_ENABLE();
 220              		.loc 1 86 5 view .LVU63
  87:Core/Src/tim.c ****     /**TIM2 GPIO Configuration
 221              		.loc 1 87 5 view .LVU64
 222              	.LBB4:
ARM GAS  /tmp/ccGIFGcY.s 			page 7


  87:Core/Src/tim.c ****     /**TIM2 GPIO Configuration
 223              		.loc 1 87 5 view .LVU65
  87:Core/Src/tim.c ****     /**TIM2 GPIO Configuration
 224              		.loc 1 87 5 view .LVU66
 225 0044 9A69     		ldr	r2, [r3, #24]
 226 0046 42F00802 		orr	r2, r2, #8
 227 004a 9A61     		str	r2, [r3, #24]
  87:Core/Src/tim.c ****     /**TIM2 GPIO Configuration
 228              		.loc 1 87 5 view .LVU67
 229 004c 9B69     		ldr	r3, [r3, #24]
 230 004e 03F00803 		and	r3, r3, #8
 231 0052 0393     		str	r3, [sp, #12]
  87:Core/Src/tim.c ****     /**TIM2 GPIO Configuration
 232              		.loc 1 87 5 view .LVU68
 233 0054 039B     		ldr	r3, [sp, #12]
 234              	.LBE4:
  87:Core/Src/tim.c ****     /**TIM2 GPIO Configuration
 235              		.loc 1 87 5 view .LVU69
  92:Core/Src/tim.c ****     GPIO_InitStruct.Mode = GPIO_MODE_INPUT;
 236              		.loc 1 92 5 view .LVU70
  92:Core/Src/tim.c ****     GPIO_InitStruct.Mode = GPIO_MODE_INPUT;
 237              		.loc 1 92 25 is_stmt 0 view .LVU71
 238 0056 4FF40043 		mov	r3, #32768
 239 005a 0493     		str	r3, [sp, #16]
  93:Core/Src/tim.c ****     GPIO_InitStruct.Pull = GPIO_NOPULL;
 240              		.loc 1 93 5 is_stmt 1 view .LVU72
  94:Core/Src/tim.c ****     HAL_GPIO_Init(GPIOA, &GPIO_InitStruct);
 241              		.loc 1 94 5 view .LVU73
  95:Core/Src/tim.c **** 
 242              		.loc 1 95 5 view .LVU74
 243 005c 04A9     		add	r1, sp, #16
 244 005e 0B48     		ldr	r0, .L13
 245              	.LVL8:
  95:Core/Src/tim.c **** 
 246              		.loc 1 95 5 is_stmt 0 view .LVU75
 247 0060 FFF7FEFF 		bl	HAL_GPIO_Init
 248              	.LVL9:
  97:Core/Src/tim.c ****     GPIO_InitStruct.Mode = GPIO_MODE_INPUT;
 249              		.loc 1 97 5 is_stmt 1 view .LVU76
  97:Core/Src/tim.c ****     GPIO_InitStruct.Mode = GPIO_MODE_INPUT;
 250              		.loc 1 97 25 is_stmt 0 view .LVU77
 251 0064 0823     		movs	r3, #8
 252 0066 0493     		str	r3, [sp, #16]
  98:Core/Src/tim.c ****     GPIO_InitStruct.Pull = GPIO_NOPULL;
 253              		.loc 1 98 5 is_stmt 1 view .LVU78
  98:Core/Src/tim.c ****     GPIO_InitStruct.Pull = GPIO_NOPULL;
 254              		.loc 1 98 26 is_stmt 0 view .LVU79
 255 0068 0023     		movs	r3, #0
 256 006a 0593     		str	r3, [sp, #20]
  99:Core/Src/tim.c ****     HAL_GPIO_Init(GPIOB, &GPIO_InitStruct);
 257              		.loc 1 99 5 is_stmt 1 view .LVU80
  99:Core/Src/tim.c ****     HAL_GPIO_Init(GPIOB, &GPIO_InitStruct);
 258              		.loc 1 99 26 is_stmt 0 view .LVU81
 259 006c 0693     		str	r3, [sp, #24]
 100:Core/Src/tim.c **** 
 260              		.loc 1 100 5 is_stmt 1 view .LVU82
 261 006e 04A9     		add	r1, sp, #16
ARM GAS  /tmp/ccGIFGcY.s 			page 8


 262 0070 0748     		ldr	r0, .L13+4
 263 0072 FFF7FEFF 		bl	HAL_GPIO_Init
 264              	.LVL10:
 102:Core/Src/tim.c **** 
 265              		.loc 1 102 5 view .LVU83
 266              	.LBB5:
 102:Core/Src/tim.c **** 
 267              		.loc 1 102 5 view .LVU84
 268 0076 074A     		ldr	r2, .L13+8
 269 0078 5368     		ldr	r3, [r2, #4]
 270              	.LVL11:
 102:Core/Src/tim.c **** 
 271              		.loc 1 102 5 view .LVU85
 272 007a 23F44073 		bic	r3, r3, #768
 273              	.LVL12:
 102:Core/Src/tim.c **** 
 274              		.loc 1 102 5 view .LVU86
 102:Core/Src/tim.c **** 
 275              		.loc 1 102 5 view .LVU87
 276 007e 43F0E063 		orr	r3, r3, #117440512
 277              	.LVL13:
 102:Core/Src/tim.c **** 
 278              		.loc 1 102 5 is_stmt 0 view .LVU88
 279 0082 43F48073 		orr	r3, r3, #256
 280              	.LVL14:
 102:Core/Src/tim.c **** 
 281              		.loc 1 102 5 is_stmt 1 view .LVU89
 282 0086 5360     		str	r3, [r2, #4]
 283              	.LBE5:
 102:Core/Src/tim.c **** 
 284              		.loc 1 102 5 discriminator 1 view .LVU90
 285              		.loc 1 108 1 is_stmt 0 view .LVU91
 286 0088 C5E7     		b	.L9
 287              	.L14:
 288 008a 00BF     		.align	2
 289              	.L13:
 290 008c 00080140 		.word	1073809408
 291 0090 000C0140 		.word	1073810432
 292 0094 00000140 		.word	1073807360
 293              		.cfi_endproc
 294              	.LFE66:
 296              		.section	.text.HAL_TIM_Encoder_MspDeInit,"ax",%progbits
 297              		.align	1
 298              		.global	HAL_TIM_Encoder_MspDeInit
 299              		.syntax unified
 300              		.thumb
 301              		.thumb_func
 303              	HAL_TIM_Encoder_MspDeInit:
 304              	.LVL15:
 305              	.LFB67:
 109:Core/Src/tim.c **** 
 110:Core/Src/tim.c **** void HAL_TIM_Encoder_MspDeInit(TIM_HandleTypeDef* tim_encoderHandle)
 111:Core/Src/tim.c **** {
 306              		.loc 1 111 1 is_stmt 1 view -0
 307              		.cfi_startproc
 308              		@ args = 0, pretend = 0, frame = 0
 309              		@ frame_needed = 0, uses_anonymous_args = 0
ARM GAS  /tmp/ccGIFGcY.s 			page 9


 310              		.loc 1 111 1 is_stmt 0 view .LVU93
 311 0000 08B5     		push	{r3, lr}
 312              	.LCFI8:
 313              		.cfi_def_cfa_offset 8
 314              		.cfi_offset 3, -8
 315              		.cfi_offset 14, -4
 112:Core/Src/tim.c **** 
 113:Core/Src/tim.c ****   if(tim_encoderHandle->Instance==TIM2)
 316              		.loc 1 113 3 is_stmt 1 view .LVU94
 317              		.loc 1 113 23 is_stmt 0 view .LVU95
 318 0002 0368     		ldr	r3, [r0]
 319              		.loc 1 113 5 view .LVU96
 320 0004 B3F1804F 		cmp	r3, #1073741824
 321 0008 00D0     		beq	.L18
 322              	.LVL16:
 323              	.L15:
 114:Core/Src/tim.c ****   {
 115:Core/Src/tim.c ****   /* USER CODE BEGIN TIM2_MspDeInit 0 */
 116:Core/Src/tim.c **** 
 117:Core/Src/tim.c ****   /* USER CODE END TIM2_MspDeInit 0 */
 118:Core/Src/tim.c ****     /* Peripheral clock disable */
 119:Core/Src/tim.c ****     __HAL_RCC_TIM2_CLK_DISABLE();
 120:Core/Src/tim.c **** 
 121:Core/Src/tim.c ****     /**TIM2 GPIO Configuration
 122:Core/Src/tim.c ****     PA15     ------> TIM2_CH1
 123:Core/Src/tim.c ****     PB3     ------> TIM2_CH2
 124:Core/Src/tim.c ****     */
 125:Core/Src/tim.c ****     HAL_GPIO_DeInit(GPIOA, GPIO_PIN_15);
 126:Core/Src/tim.c **** 
 127:Core/Src/tim.c ****     HAL_GPIO_DeInit(GPIOB, GPIO_PIN_3);
 128:Core/Src/tim.c **** 
 129:Core/Src/tim.c ****   /* USER CODE BEGIN TIM2_MspDeInit 1 */
 130:Core/Src/tim.c **** 
 131:Core/Src/tim.c ****   /* USER CODE END TIM2_MspDeInit 1 */
 132:Core/Src/tim.c ****   }
 133:Core/Src/tim.c **** }
 324              		.loc 1 133 1 view .LVU97
 325 000a 08BD     		pop	{r3, pc}
 326              	.LVL17:
 327              	.L18:
 119:Core/Src/tim.c **** 
 328              		.loc 1 119 5 is_stmt 1 view .LVU98
 329 000c 074A     		ldr	r2, .L19
 330 000e D369     		ldr	r3, [r2, #28]
 331 0010 23F00103 		bic	r3, r3, #1
 332 0014 D361     		str	r3, [r2, #28]
 125:Core/Src/tim.c **** 
 333              		.loc 1 125 5 view .LVU99
 334 0016 4FF40041 		mov	r1, #32768
 335 001a 0548     		ldr	r0, .L19+4
 336              	.LVL18:
 125:Core/Src/tim.c **** 
 337              		.loc 1 125 5 is_stmt 0 view .LVU100
 338 001c FFF7FEFF 		bl	HAL_GPIO_DeInit
 339              	.LVL19:
 127:Core/Src/tim.c **** 
 340              		.loc 1 127 5 is_stmt 1 view .LVU101
ARM GAS  /tmp/ccGIFGcY.s 			page 10


 341 0020 0821     		movs	r1, #8
 342 0022 0448     		ldr	r0, .L19+8
 343 0024 FFF7FEFF 		bl	HAL_GPIO_DeInit
 344              	.LVL20:
 345              		.loc 1 133 1 is_stmt 0 view .LVU102
 346 0028 EFE7     		b	.L15
 347              	.L20:
 348 002a 00BF     		.align	2
 349              	.L19:
 350 002c 00100240 		.word	1073876992
 351 0030 00080140 		.word	1073809408
 352 0034 000C0140 		.word	1073810432
 353              		.cfi_endproc
 354              	.LFE67:
 356              		.global	htim2
 357              		.section	.bss.htim2,"aw",%nobits
 358              		.align	2
 361              	htim2:
 362 0000 00000000 		.space	72
 362      00000000 
 362      00000000 
 362      00000000 
 362      00000000 
 363              		.text
 364              	.Letext0:
 365              		.file 2 "/usr/lib/gcc/arm-none-eabi/13.2.1/include/stdint.h"
 366              		.file 3 "Drivers/CMSIS/Device/ST/STM32F1xx/Include/stm32f103xb.h"
 367              		.file 4 "Drivers/STM32F1xx_HAL_Driver/Inc/stm32f1xx_hal_def.h"
 368              		.file 5 "Drivers/STM32F1xx_HAL_Driver/Inc/stm32f1xx_hal_gpio.h"
 369              		.file 6 "Drivers/STM32F1xx_HAL_Driver/Inc/stm32f1xx_hal_dma.h"
 370              		.file 7 "Drivers/STM32F1xx_HAL_Driver/Inc/stm32f1xx_hal_tim.h"
 371              		.file 8 "Drivers/STM32F1xx_HAL_Driver/Inc/stm32f1xx_hal_tim_ex.h"
 372              		.file 9 "Core/Inc/tim.h"
 373              		.file 10 "Core/Inc/main.h"
 374              		.file 11 "<built-in>"
ARM GAS  /tmp/ccGIFGcY.s 			page 11


DEFINED SYMBOLS
                            *ABS*:00000000 tim.c
     /tmp/ccGIFGcY.s:19     .text.MX_TIM2_Init:00000000 $t
     /tmp/ccGIFGcY.s:25     .text.MX_TIM2_Init:00000000 MX_TIM2_Init
     /tmp/ccGIFGcY.s:138    .text.MX_TIM2_Init:00000064 $d
     /tmp/ccGIFGcY.s:361    .bss.htim2:00000000 htim2
     /tmp/ccGIFGcY.s:143    .text.HAL_TIM_Encoder_MspInit:00000000 $t
     /tmp/ccGIFGcY.s:149    .text.HAL_TIM_Encoder_MspInit:00000000 HAL_TIM_Encoder_MspInit
     /tmp/ccGIFGcY.s:290    .text.HAL_TIM_Encoder_MspInit:0000008c $d
     /tmp/ccGIFGcY.s:297    .text.HAL_TIM_Encoder_MspDeInit:00000000 $t
     /tmp/ccGIFGcY.s:303    .text.HAL_TIM_Encoder_MspDeInit:00000000 HAL_TIM_Encoder_MspDeInit
     /tmp/ccGIFGcY.s:350    .text.HAL_TIM_Encoder_MspDeInit:0000002c $d
     /tmp/ccGIFGcY.s:358    .bss.htim2:00000000 $d

UNDEFINED SYMBOLS
memset
HAL_TIM_Encoder_Init
HAL_TIMEx_MasterConfigSynchronization
Error_Handler
HAL_GPIO_Init
HAL_GPIO_DeInit
