ARM GAS  /tmp/cc56ZISu.s 			page 1


   1              		.cpu cortex-m3
   2              		.arch armv7-m
   3              		.fpu softvfp
   4              		.eabi_attribute 20, 1
   5              		.eabi_attribute 21, 1
   6              		.eabi_attribute 23, 3
   7              		.eabi_attribute 24, 1
   8              		.eabi_attribute 25, 1
   9              		.eabi_attribute 26, 1
  10              		.eabi_attribute 30, 1
  11              		.eabi_attribute 34, 1
  12              		.eabi_attribute 18, 4
  13              		.file	"u8g2_setup.c"
  14              		.text
  15              	.Ltext0:
  16              		.cfi_sections	.debug_frame
  17              		.file 1 "BSP/u8g2/u8g2_setup.c"
  18              		.section	.text.u8g2_update_dimension_common,"ax",%progbits
  19              		.align	1
  20              		.syntax unified
  21              		.thumb
  22              		.thumb_func
  24              	u8g2_update_dimension_common:
  25              	.LVL0:
  26              	.LFB4:
   1:BSP/u8g2/u8g2_setup.c **** /*
   2:BSP/u8g2/u8g2_setup.c **** 
   3:BSP/u8g2/u8g2_setup.c ****   u8g2_setup.c
   4:BSP/u8g2/u8g2_setup.c **** 
   5:BSP/u8g2/u8g2_setup.c ****   Universal 8bit Graphics Library (https://github.com/olikraus/u8g2/)
   6:BSP/u8g2/u8g2_setup.c **** 
   7:BSP/u8g2/u8g2_setup.c ****   Copyright (c) 2016, olikraus@gmail.com
   8:BSP/u8g2/u8g2_setup.c ****   All rights reserved.
   9:BSP/u8g2/u8g2_setup.c **** 
  10:BSP/u8g2/u8g2_setup.c ****   Redistribution and use in source and binary forms, with or without modification, 
  11:BSP/u8g2/u8g2_setup.c ****   are permitted provided that the following conditions are met:
  12:BSP/u8g2/u8g2_setup.c **** 
  13:BSP/u8g2/u8g2_setup.c ****   * Redistributions of source code must retain the above copyright notice, this list 
  14:BSP/u8g2/u8g2_setup.c ****     of conditions and the following disclaimer.
  15:BSP/u8g2/u8g2_setup.c ****     
  16:BSP/u8g2/u8g2_setup.c ****   * Redistributions in binary form must reproduce the above copyright notice, this 
  17:BSP/u8g2/u8g2_setup.c ****     list of conditions and the following disclaimer in the documentation and/or other 
  18:BSP/u8g2/u8g2_setup.c ****     materials provided with the distribution.
  19:BSP/u8g2/u8g2_setup.c **** 
  20:BSP/u8g2/u8g2_setup.c ****   THIS SOFTWARE IS PROVIDED BY THE COPYRIGHT HOLDERS AND 
  21:BSP/u8g2/u8g2_setup.c ****   CONTRIBUTORS "AS IS" AND ANY EXPRESS OR IMPLIED WARRANTIES, 
  22:BSP/u8g2/u8g2_setup.c ****   INCLUDING, BUT NOT LIMITED TO, THE IMPLIED WARRANTIES OF 
  23:BSP/u8g2/u8g2_setup.c ****   MERCHANTABILITY AND FITNESS FOR A PARTICULAR PURPOSE ARE 
  24:BSP/u8g2/u8g2_setup.c ****   DISCLAIMED. IN NO EVENT SHALL THE COPYRIGHT HOLDER OR 
  25:BSP/u8g2/u8g2_setup.c ****   CONTRIBUTORS BE LIABLE FOR ANY DIRECT, INDIRECT, INCIDENTAL, 
  26:BSP/u8g2/u8g2_setup.c ****   SPECIAL, EXEMPLARY, OR CONSEQUENTIAL DAMAGES (INCLUDING, BUT 
  27:BSP/u8g2/u8g2_setup.c ****   NOT LIMITED TO, PROCUREMENT OF SUBSTITUTE GOODS OR SERVICES; 
  28:BSP/u8g2/u8g2_setup.c ****   LOSS OF USE, DATA, OR PROFITS; OR BUSINESS INTERRUPTION) HOWEVER 
  29:BSP/u8g2/u8g2_setup.c ****   CAUSED AND ON ANY THEORY OF LIABILITY, WHETHER IN CONTRACT, 
  30:BSP/u8g2/u8g2_setup.c ****   STRICT LIABILITY, OR TORT (INCLUDING NEGLIGENCE OR OTHERWISE) 
  31:BSP/u8g2/u8g2_setup.c ****   ARISING IN ANY WAY OUT OF THE USE OF THIS SOFTWARE, EVEN IF 
  32:BSP/u8g2/u8g2_setup.c ****   ADVISED OF THE POSSIBILITY OF SUCH DAMAGE.  
ARM GAS  /tmp/cc56ZISu.s 			page 2


  33:BSP/u8g2/u8g2_setup.c **** 
  34:BSP/u8g2/u8g2_setup.c **** */
  35:BSP/u8g2/u8g2_setup.c **** 
  36:BSP/u8g2/u8g2_setup.c **** #include "u8g2.h"
  37:BSP/u8g2/u8g2_setup.c **** #include <string.h>
  38:BSP/u8g2/u8g2_setup.c **** #include <assert.h>
  39:BSP/u8g2/u8g2_setup.c **** 
  40:BSP/u8g2/u8g2_setup.c **** 
  41:BSP/u8g2/u8g2_setup.c **** /*============================================*/
  42:BSP/u8g2/u8g2_setup.c **** 
  43:BSP/u8g2/u8g2_setup.c **** 
  44:BSP/u8g2/u8g2_setup.c **** #ifdef U8G2_WITH_CLIP_WINDOW_SUPPORT
  45:BSP/u8g2/u8g2_setup.c **** 
  46:BSP/u8g2/u8g2_setup.c **** void u8g2_SetMaxClipWindow(u8g2_t *u8g2)
  47:BSP/u8g2/u8g2_setup.c **** {
  48:BSP/u8g2/u8g2_setup.c ****   u8g2->clip_x0 = 0;
  49:BSP/u8g2/u8g2_setup.c ****   u8g2->clip_y0 = 0;
  50:BSP/u8g2/u8g2_setup.c ****   u8g2->clip_x1 = (u8g2_uint_t)~(u8g2_uint_t)0;
  51:BSP/u8g2/u8g2_setup.c ****   u8g2->clip_y1 = (u8g2_uint_t)~(u8g2_uint_t)0;
  52:BSP/u8g2/u8g2_setup.c ****   
  53:BSP/u8g2/u8g2_setup.c ****   u8g2->cb->update_page_win(u8g2);
  54:BSP/u8g2/u8g2_setup.c **** }
  55:BSP/u8g2/u8g2_setup.c **** 
  56:BSP/u8g2/u8g2_setup.c **** void u8g2_SetClipWindow(u8g2_t *u8g2, u8g2_uint_t clip_x0, u8g2_uint_t clip_y0, u8g2_uint_t clip_x1
  57:BSP/u8g2/u8g2_setup.c **** {
  58:BSP/u8g2/u8g2_setup.c ****   u8g2->clip_x0 = clip_x0;
  59:BSP/u8g2/u8g2_setup.c ****   u8g2->clip_y0 = clip_y0;
  60:BSP/u8g2/u8g2_setup.c ****   u8g2->clip_x1 = clip_x1;
  61:BSP/u8g2/u8g2_setup.c ****   u8g2->clip_y1 = clip_y1;
  62:BSP/u8g2/u8g2_setup.c ****   u8g2->cb->update_page_win(u8g2);
  63:BSP/u8g2/u8g2_setup.c **** }
  64:BSP/u8g2/u8g2_setup.c **** #endif
  65:BSP/u8g2/u8g2_setup.c **** 
  66:BSP/u8g2/u8g2_setup.c **** /*============================================*/
  67:BSP/u8g2/u8g2_setup.c **** /*
  68:BSP/u8g2/u8g2_setup.c ****   This procedure is called after setting up the display (u8x8 structure).
  69:BSP/u8g2/u8g2_setup.c ****   --> This is the central init procedure for u8g2 object
  70:BSP/u8g2/u8g2_setup.c **** */
  71:BSP/u8g2/u8g2_setup.c **** void u8g2_SetupBuffer(u8g2_t *u8g2, uint8_t *buf, uint8_t tile_buf_height, u8g2_draw_ll_hvline_cb l
  72:BSP/u8g2/u8g2_setup.c **** {
  73:BSP/u8g2/u8g2_setup.c ****   u8g2->font = NULL;
  74:BSP/u8g2/u8g2_setup.c ****   //u8g2->kerning = NULL;
  75:BSP/u8g2/u8g2_setup.c ****   //u8g2->get_kerning_cb = u8g2_GetNullKerning;
  76:BSP/u8g2/u8g2_setup.c ****   
  77:BSP/u8g2/u8g2_setup.c ****   //u8g2->ll_hvline = u8g2_ll_hvline_vertical_top_lsb;
  78:BSP/u8g2/u8g2_setup.c ****   u8g2->ll_hvline = ll_hvline_cb;
  79:BSP/u8g2/u8g2_setup.c ****   
  80:BSP/u8g2/u8g2_setup.c ****   u8g2->tile_buf_ptr = buf;
  81:BSP/u8g2/u8g2_setup.c ****   u8g2->tile_buf_height = tile_buf_height;
  82:BSP/u8g2/u8g2_setup.c ****   
  83:BSP/u8g2/u8g2_setup.c ****   u8g2->tile_curr_row = 0;
  84:BSP/u8g2/u8g2_setup.c ****   
  85:BSP/u8g2/u8g2_setup.c ****   u8g2->font_decode.is_transparent = 0; /* issue 443 */
  86:BSP/u8g2/u8g2_setup.c ****   u8g2->bitmap_transparency = 0;
  87:BSP/u8g2/u8g2_setup.c ****   
  88:BSP/u8g2/u8g2_setup.c ****   u8g2->draw_color = 1;
  89:BSP/u8g2/u8g2_setup.c ****   u8g2->is_auto_page_clear = 1;
ARM GAS  /tmp/cc56ZISu.s 			page 3


  90:BSP/u8g2/u8g2_setup.c ****   
  91:BSP/u8g2/u8g2_setup.c ****   u8g2->cb = u8g2_cb;
  92:BSP/u8g2/u8g2_setup.c ****   u8g2->cb->update_dimension(u8g2);
  93:BSP/u8g2/u8g2_setup.c **** #ifdef U8G2_WITH_CLIP_WINDOW_SUPPORT
  94:BSP/u8g2/u8g2_setup.c ****   u8g2_SetMaxClipWindow(u8g2);		/* assign a clip window and call the update() procedure */
  95:BSP/u8g2/u8g2_setup.c **** #else
  96:BSP/u8g2/u8g2_setup.c ****   u8g2->cb->update_page_win(u8g2);
  97:BSP/u8g2/u8g2_setup.c **** #endif
  98:BSP/u8g2/u8g2_setup.c **** 
  99:BSP/u8g2/u8g2_setup.c ****   u8g2_SetFontPosBaseline(u8g2);  /* issue 195 */
 100:BSP/u8g2/u8g2_setup.c ****   
 101:BSP/u8g2/u8g2_setup.c **** #ifdef U8G2_WITH_FONT_ROTATION  
 102:BSP/u8g2/u8g2_setup.c ****   u8g2->font_decode.dir = 0;
 103:BSP/u8g2/u8g2_setup.c **** #endif
 104:BSP/u8g2/u8g2_setup.c **** }
 105:BSP/u8g2/u8g2_setup.c **** 
 106:BSP/u8g2/u8g2_setup.c **** /*
 107:BSP/u8g2/u8g2_setup.c ****   Usually the display rotation is set initially, but it could be done later also
 108:BSP/u8g2/u8g2_setup.c ****   u8g2_cb can be U8G2_R0..U8G2_R3
 109:BSP/u8g2/u8g2_setup.c **** */
 110:BSP/u8g2/u8g2_setup.c **** void u8g2_SetDisplayRotation(u8g2_t *u8g2, const u8g2_cb_t *u8g2_cb)
 111:BSP/u8g2/u8g2_setup.c **** {
 112:BSP/u8g2/u8g2_setup.c ****   u8g2->cb = u8g2_cb;
 113:BSP/u8g2/u8g2_setup.c ****   u8g2->cb->update_dimension(u8g2);
 114:BSP/u8g2/u8g2_setup.c ****   u8g2->cb->update_page_win(u8g2);
 115:BSP/u8g2/u8g2_setup.c **** }
 116:BSP/u8g2/u8g2_setup.c **** 
 117:BSP/u8g2/u8g2_setup.c **** 
 118:BSP/u8g2/u8g2_setup.c **** /*============================================*/
 119:BSP/u8g2/u8g2_setup.c **** /* 
 120:BSP/u8g2/u8g2_setup.c ****   update dimension: 
 121:BSP/u8g2/u8g2_setup.c ****   calculate the following variables:
 122:BSP/u8g2/u8g2_setup.c ****     u8g2_uint_t buf_x0;	left corner of the buffer
 123:BSP/u8g2/u8g2_setup.c ****     u8g2_uint_t buf_x1;	right corner of the buffer (excluded)
 124:BSP/u8g2/u8g2_setup.c ****     u8g2_uint_t buf_y0;
 125:BSP/u8g2/u8g2_setup.c ****     u8g2_uint_t buf_y1; 	
 126:BSP/u8g2/u8g2_setup.c **** */
 127:BSP/u8g2/u8g2_setup.c **** 
 128:BSP/u8g2/u8g2_setup.c **** static void u8g2_update_dimension_common(u8g2_t *u8g2)
 129:BSP/u8g2/u8g2_setup.c **** {
  27              		.loc 1 129 1 view -0
  28              		.cfi_startproc
  29              		@ args = 0, pretend = 0, frame = 0
  30              		@ frame_needed = 0, uses_anonymous_args = 0
  31              		.loc 1 129 1 is_stmt 0 view .LVU1
  32 0000 10B5     		push	{r4, lr}
  33              	.LCFI0:
  34              		.cfi_def_cfa_offset 8
  35              		.cfi_offset 4, -8
  36              		.cfi_offset 14, -4
 130:BSP/u8g2/u8g2_setup.c ****   const u8x8_display_info_t *display_info = u8g2_GetU8x8(u8g2)->display_info;
  37              		.loc 1 130 3 is_stmt 1 view .LVU2
  38              		.loc 1 130 30 is_stmt 0 view .LVU3
  39 0002 0168     		ldr	r1, [r0]
  40              	.LVL1:
 131:BSP/u8g2/u8g2_setup.c ****   u8g2_uint_t t;
  41              		.loc 1 131 3 is_stmt 1 view .LVU4
ARM GAS  /tmp/cc56ZISu.s 			page 4


 132:BSP/u8g2/u8g2_setup.c ****   
 133:BSP/u8g2/u8g2_setup.c ****   t = u8g2->tile_buf_height;
  42              		.loc 1 133 3 view .LVU5
  43              		.loc 1 133 5 is_stmt 0 view .LVU6
  44 0004 90F83C20 		ldrb	r2, [r0, #60]	@ zero_extendqisi2
  45              	.LVL2:
 134:BSP/u8g2/u8g2_setup.c ****   t *= 8;
  46              		.loc 1 134 3 is_stmt 1 view .LVU7
  47              		.loc 1 134 5 is_stmt 0 view .LVU8
  48 0008 D300     		lsls	r3, r2, #3
  49              	.LVL3:
 135:BSP/u8g2/u8g2_setup.c ****   u8g2->pixel_buf_height = t;
  50              		.loc 1 135 3 is_stmt 1 view .LVU9
  51              		.loc 1 135 26 is_stmt 0 view .LVU10
  52 000a 80F83F30 		strb	r3, [r0, #63]
 136:BSP/u8g2/u8g2_setup.c ****   
 137:BSP/u8g2/u8g2_setup.c ****   t = display_info->tile_width;
  53              		.loc 1 137 3 is_stmt 1 view .LVU11
  54              		.loc 1 137 5 is_stmt 0 view .LVU12
  55 000e 0B7C     		ldrb	r3, [r1, #16]	@ zero_extendqisi2
  56              	.LVL4:
 138:BSP/u8g2/u8g2_setup.c **** #ifndef U8G2_16BIT
 139:BSP/u8g2/u8g2_setup.c ****   if ( t >= 32 )
  57              		.loc 1 139 3 is_stmt 1 view .LVU13
  58              		.loc 1 139 6 is_stmt 0 view .LVU14
  59 0010 1F2B     		cmp	r3, #31
  60 0012 00D9     		bls	.L2
 140:BSP/u8g2/u8g2_setup.c ****     t = 31;
  61              		.loc 1 140 7 view .LVU15
  62 0014 1F23     		movs	r3, #31
  63              	.LVL5:
  64              	.L2:
 141:BSP/u8g2/u8g2_setup.c **** #endif
 142:BSP/u8g2/u8g2_setup.c ****   t *= 8;
  65              		.loc 1 142 3 is_stmt 1 view .LVU16
  66              		.loc 1 142 5 is_stmt 0 view .LVU17
  67 0016 DB00     		lsls	r3, r3, #3
  68              	.LVL6:
 143:BSP/u8g2/u8g2_setup.c ****   u8g2->pixel_buf_width = t;
  69              		.loc 1 143 3 is_stmt 1 view .LVU18
  70              		.loc 1 143 25 is_stmt 0 view .LVU19
  71 0018 80F83E30 		strb	r3, [r0, #62]
 144:BSP/u8g2/u8g2_setup.c ****   
 145:BSP/u8g2/u8g2_setup.c ****   t = u8g2->tile_curr_row;
  72              		.loc 1 145 3 is_stmt 1 view .LVU20
  73              		.loc 1 145 5 is_stmt 0 view .LVU21
  74 001c 90F83DE0 		ldrb	lr, [r0, #61]	@ zero_extendqisi2
  75              	.LVL7:
 146:BSP/u8g2/u8g2_setup.c ****   t *= 8;
  76              		.loc 1 146 3 is_stmt 1 view .LVU22
  77              		.loc 1 146 5 is_stmt 0 view .LVU23
  78 0020 4FEACE03 		lsl	r3, lr, #3
  79 0024 DBB2     		uxtb	r3, r3
  80              	.LVL8:
 147:BSP/u8g2/u8g2_setup.c ****   u8g2->pixel_curr_row = t;
  81              		.loc 1 147 3 is_stmt 1 view .LVU24
  82              		.loc 1 147 24 is_stmt 0 view .LVU25
ARM GAS  /tmp/cc56ZISu.s 			page 5


  83 0026 80F84030 		strb	r3, [r0, #64]
 148:BSP/u8g2/u8g2_setup.c ****   
 149:BSP/u8g2/u8g2_setup.c ****   t = u8g2->tile_buf_height;
  84              		.loc 1 149 3 is_stmt 1 view .LVU26
  85              	.LVL9:
 150:BSP/u8g2/u8g2_setup.c ****   /* handle the case, where the buffer is larger than the (remaining) part of the display */
 151:BSP/u8g2/u8g2_setup.c ****   if ( t + u8g2->tile_curr_row > display_info->tile_height )
  86              		.loc 1 151 3 view .LVU27
  87              		.loc 1 151 10 is_stmt 0 view .LVU28
  88 002a 02EB0E04 		add	r4, r2, lr
  89              		.loc 1 151 46 view .LVU29
  90 002e 91F811C0 		ldrb	ip, [r1, #17]	@ zero_extendqisi2
  91              		.loc 1 151 6 view .LVU30
  92 0032 6445     		cmp	r4, ip
  93 0034 03DD     		ble	.L3
 152:BSP/u8g2/u8g2_setup.c ****     t = display_info->tile_height - u8g2->tile_curr_row;
  94              		.loc 1 152 5 is_stmt 1 view .LVU31
  95              		.loc 1 152 7 is_stmt 0 view .LVU32
  96 0036 ACEB0E0C 		sub	ip, ip, lr
  97 003a 5FFA8CF2 		uxtb	r2, ip
  98              	.LVL10:
  99              	.L3:
 153:BSP/u8g2/u8g2_setup.c ****   t *= 8;
 100              		.loc 1 153 3 is_stmt 1 view .LVU33
 101              		.loc 1 153 5 is_stmt 0 view .LVU34
 102 003e D200     		lsls	r2, r2, #3
 103              	.LVL11:
 104              		.loc 1 153 5 view .LVU35
 105 0040 D2B2     		uxtb	r2, r2
 106              	.LVL12:
 154:BSP/u8g2/u8g2_setup.c ****   
 155:BSP/u8g2/u8g2_setup.c ****   u8g2->buf_y0 = u8g2->pixel_curr_row;   
 107              		.loc 1 155 3 is_stmt 1 view .LVU36
 108              		.loc 1 155 16 is_stmt 0 view .LVU37
 109 0042 80F84130 		strb	r3, [r0, #65]
 156:BSP/u8g2/u8g2_setup.c ****   u8g2->buf_y1 = u8g2->buf_y0;
 110              		.loc 1 156 3 is_stmt 1 view .LVU38
 111              		.loc 1 156 16 is_stmt 0 view .LVU39
 112 0046 80F84230 		strb	r3, [r0, #66]
 157:BSP/u8g2/u8g2_setup.c ****   u8g2->buf_y1 += t;
 113              		.loc 1 157 3 is_stmt 1 view .LVU40
 114              		.loc 1 157 16 is_stmt 0 view .LVU41
 115 004a 1344     		add	r3, r3, r2
 116 004c 80F84230 		strb	r3, [r0, #66]
 158:BSP/u8g2/u8g2_setup.c **** 
 159:BSP/u8g2/u8g2_setup.c ****   
 160:BSP/u8g2/u8g2_setup.c **** #ifdef U8G2_16BIT
 161:BSP/u8g2/u8g2_setup.c ****   u8g2->width = display_info->pixel_width;
 162:BSP/u8g2/u8g2_setup.c ****   u8g2->height = display_info->pixel_height;
 163:BSP/u8g2/u8g2_setup.c **** #else
 164:BSP/u8g2/u8g2_setup.c ****   u8g2->width = 240;
 117              		.loc 1 164 3 is_stmt 1 view .LVU42
 118              		.loc 1 164 15 is_stmt 0 view .LVU43
 119 0050 F023     		movs	r3, #240
 120 0052 80F84330 		strb	r3, [r0, #67]
 165:BSP/u8g2/u8g2_setup.c ****   if ( display_info->pixel_width <= 240 )
 121              		.loc 1 165 3 is_stmt 1 view .LVU44
ARM GAS  /tmp/cc56ZISu.s 			page 6


 122              		.loc 1 165 20 is_stmt 0 view .LVU45
 123 0056 8B8A     		ldrh	r3, [r1, #20]
 124              		.loc 1 165 6 view .LVU46
 125 0058 F02B     		cmp	r3, #240
 126 005a 01D8     		bhi	.L4
 166:BSP/u8g2/u8g2_setup.c ****     u8g2->width = display_info->pixel_width;
 127              		.loc 1 166 5 is_stmt 1 view .LVU47
 128              		.loc 1 166 17 is_stmt 0 view .LVU48
 129 005c 80F84330 		strb	r3, [r0, #67]
 130              	.L4:
 167:BSP/u8g2/u8g2_setup.c ****   u8g2->height = display_info->pixel_height;
 131              		.loc 1 167 3 is_stmt 1 view .LVU49
 132              		.loc 1 167 30 is_stmt 0 view .LVU50
 133 0060 CB8A     		ldrh	r3, [r1, #22]
 134              		.loc 1 167 16 view .LVU51
 135 0062 80F84430 		strb	r3, [r0, #68]
 168:BSP/u8g2/u8g2_setup.c **** #endif
 169:BSP/u8g2/u8g2_setup.c **** 
 170:BSP/u8g2/u8g2_setup.c **** }
 136              		.loc 1 170 1 view .LVU52
 137 0066 10BD     		pop	{r4, pc}
 138              		.cfi_endproc
 139              	.LFE4:
 141              		.section	.text.u8g2_update_dimension_r0,"ax",%progbits
 142              		.align	1
 143              		.global	u8g2_update_dimension_r0
 144              		.syntax unified
 145              		.thumb
 146              		.thumb_func
 148              	u8g2_update_dimension_r0:
 149              	.LVL13:
 150              	.LFB6:
 171:BSP/u8g2/u8g2_setup.c **** 
 172:BSP/u8g2/u8g2_setup.c **** /*==========================================================*/
 173:BSP/u8g2/u8g2_setup.c **** /* apply clip window */
 174:BSP/u8g2/u8g2_setup.c **** 
 175:BSP/u8g2/u8g2_setup.c **** #ifdef U8G2_WITH_CLIP_WINDOW_SUPPORT
 176:BSP/u8g2/u8g2_setup.c **** static void u8g2_apply_clip_window(u8g2_t *u8g2)
 177:BSP/u8g2/u8g2_setup.c **** {
 178:BSP/u8g2/u8g2_setup.c ****   /* check aganst the current user_??? window */
 179:BSP/u8g2/u8g2_setup.c ****   if ( u8g2_IsIntersection(u8g2, u8g2->clip_x0, u8g2->clip_y0, u8g2->clip_x1, u8g2->clip_y1) == 0 )
 180:BSP/u8g2/u8g2_setup.c ****   {
 181:BSP/u8g2/u8g2_setup.c ****     u8g2->is_page_clip_window_intersection = 0;
 182:BSP/u8g2/u8g2_setup.c ****   }
 183:BSP/u8g2/u8g2_setup.c ****   else
 184:BSP/u8g2/u8g2_setup.c ****   {
 185:BSP/u8g2/u8g2_setup.c ****     u8g2->is_page_clip_window_intersection = 1;
 186:BSP/u8g2/u8g2_setup.c **** 
 187:BSP/u8g2/u8g2_setup.c ****     if ( u8g2->user_x0 < u8g2->clip_x0 )
 188:BSP/u8g2/u8g2_setup.c ****       u8g2->user_x0 = u8g2->clip_x0;
 189:BSP/u8g2/u8g2_setup.c ****     if ( u8g2->user_x1 > u8g2->clip_x1 )
 190:BSP/u8g2/u8g2_setup.c ****       u8g2->user_x1 = u8g2->clip_x1;
 191:BSP/u8g2/u8g2_setup.c ****     if ( u8g2->user_y0 < u8g2->clip_y0 )
 192:BSP/u8g2/u8g2_setup.c ****       u8g2->user_y0 = u8g2->clip_y0;
 193:BSP/u8g2/u8g2_setup.c ****     if ( u8g2->user_y1 > u8g2->clip_y1 )
 194:BSP/u8g2/u8g2_setup.c ****       u8g2->user_y1 = u8g2->clip_y1;
 195:BSP/u8g2/u8g2_setup.c ****   }
ARM GAS  /tmp/cc56ZISu.s 			page 7


 196:BSP/u8g2/u8g2_setup.c **** }
 197:BSP/u8g2/u8g2_setup.c **** #endif /* U8G2_WITH_CLIP_WINDOW_SUPPORT */
 198:BSP/u8g2/u8g2_setup.c **** 
 199:BSP/u8g2/u8g2_setup.c **** /*==========================================================*/
 200:BSP/u8g2/u8g2_setup.c **** 
 201:BSP/u8g2/u8g2_setup.c **** 
 202:BSP/u8g2/u8g2_setup.c **** void u8g2_update_dimension_r0(u8g2_t *u8g2)
 203:BSP/u8g2/u8g2_setup.c **** {
 151              		.loc 1 203 1 is_stmt 1 view -0
 152              		.cfi_startproc
 153              		@ args = 0, pretend = 0, frame = 0
 154              		@ frame_needed = 0, uses_anonymous_args = 0
 155              		.loc 1 203 1 is_stmt 0 view .LVU54
 156 0000 08B5     		push	{r3, lr}
 157              	.LCFI1:
 158              		.cfi_def_cfa_offset 8
 159              		.cfi_offset 3, -8
 160              		.cfi_offset 14, -4
 204:BSP/u8g2/u8g2_setup.c ****   u8g2_update_dimension_common(u8g2);  
 161              		.loc 1 204 3 is_stmt 1 view .LVU55
 162 0002 FFF7FEFF 		bl	u8g2_update_dimension_common
 163              	.LVL14:
 205:BSP/u8g2/u8g2_setup.c **** }
 164              		.loc 1 205 1 is_stmt 0 view .LVU56
 165 0006 08BD     		pop	{r3, pc}
 166              		.cfi_endproc
 167              	.LFE6:
 169              		.section	.text.u8g2_update_dimension_r1,"ax",%progbits
 170              		.align	1
 171              		.global	u8g2_update_dimension_r1
 172              		.syntax unified
 173              		.thumb
 174              		.thumb_func
 176              	u8g2_update_dimension_r1:
 177              	.LVL15:
 178              	.LFB8:
 206:BSP/u8g2/u8g2_setup.c **** 
 207:BSP/u8g2/u8g2_setup.c **** void u8g2_update_page_win_r0(u8g2_t *u8g2)
 208:BSP/u8g2/u8g2_setup.c **** {
 209:BSP/u8g2/u8g2_setup.c ****   u8g2->user_x0 = 0;
 210:BSP/u8g2/u8g2_setup.c ****   u8g2->user_x1 = u8g2->width;			/* pixel_buf_width replaced with width */
 211:BSP/u8g2/u8g2_setup.c ****   
 212:BSP/u8g2/u8g2_setup.c ****   u8g2->user_y0 = u8g2->buf_y0;
 213:BSP/u8g2/u8g2_setup.c ****   u8g2->user_y1 = u8g2->buf_y1;
 214:BSP/u8g2/u8g2_setup.c ****   
 215:BSP/u8g2/u8g2_setup.c **** #ifdef U8G2_WITH_CLIP_WINDOW_SUPPORT
 216:BSP/u8g2/u8g2_setup.c ****   u8g2_apply_clip_window(u8g2);
 217:BSP/u8g2/u8g2_setup.c **** #endif /* U8G2_WITH_CLIP_WINDOW_SUPPORT */
 218:BSP/u8g2/u8g2_setup.c **** }
 219:BSP/u8g2/u8g2_setup.c **** 
 220:BSP/u8g2/u8g2_setup.c **** 
 221:BSP/u8g2/u8g2_setup.c **** void u8g2_update_dimension_r1(u8g2_t *u8g2)
 222:BSP/u8g2/u8g2_setup.c **** {
 179              		.loc 1 222 1 is_stmt 1 view -0
 180              		.cfi_startproc
 181              		@ args = 0, pretend = 0, frame = 0
 182              		@ frame_needed = 0, uses_anonymous_args = 0
ARM GAS  /tmp/cc56ZISu.s 			page 8


 183              		.loc 1 222 1 is_stmt 0 view .LVU58
 184 0000 10B5     		push	{r4, lr}
 185              	.LCFI2:
 186              		.cfi_def_cfa_offset 8
 187              		.cfi_offset 4, -8
 188              		.cfi_offset 14, -4
 189 0002 0446     		mov	r4, r0
 223:BSP/u8g2/u8g2_setup.c ****   u8g2_update_dimension_common(u8g2);
 190              		.loc 1 223 3 is_stmt 1 view .LVU59
 191 0004 FFF7FEFF 		bl	u8g2_update_dimension_common
 192              	.LVL16:
 224:BSP/u8g2/u8g2_setup.c ****   
 225:BSP/u8g2/u8g2_setup.c ****   u8g2->height = u8g2_GetU8x8(u8g2)->display_info->pixel_width;
 193              		.loc 1 225 3 view .LVU60
 194              		.loc 1 225 36 is_stmt 0 view .LVU61
 195 0008 2368     		ldr	r3, [r4]
 196              		.loc 1 225 50 view .LVU62
 197 000a 9A8A     		ldrh	r2, [r3, #20]
 198              		.loc 1 225 16 view .LVU63
 199 000c 84F84420 		strb	r2, [r4, #68]
 226:BSP/u8g2/u8g2_setup.c ****   u8g2->width = u8g2_GetU8x8(u8g2)->display_info->pixel_height;
 200              		.loc 1 226 3 is_stmt 1 view .LVU64
 201              		.loc 1 226 49 is_stmt 0 view .LVU65
 202 0010 DB8A     		ldrh	r3, [r3, #22]
 203              		.loc 1 226 15 view .LVU66
 204 0012 84F84330 		strb	r3, [r4, #67]
 227:BSP/u8g2/u8g2_setup.c ****   
 228:BSP/u8g2/u8g2_setup.c **** }
 205              		.loc 1 228 1 view .LVU67
 206 0016 10BD     		pop	{r4, pc}
 207              		.loc 1 228 1 view .LVU68
 208              		.cfi_endproc
 209              	.LFE8:
 211              		.section	.text.u8g2_update_dimension_r2,"ax",%progbits
 212              		.align	1
 213              		.global	u8g2_update_dimension_r2
 214              		.syntax unified
 215              		.thumb
 216              		.thumb_func
 218              	u8g2_update_dimension_r2:
 219              	.LVL17:
 220              	.LFB10:
 229:BSP/u8g2/u8g2_setup.c **** 
 230:BSP/u8g2/u8g2_setup.c **** void u8g2_update_page_win_r1(u8g2_t *u8g2)
 231:BSP/u8g2/u8g2_setup.c **** {
 232:BSP/u8g2/u8g2_setup.c ****   u8g2->user_x0 = u8g2->buf_y0;
 233:BSP/u8g2/u8g2_setup.c ****   u8g2->user_x1 = u8g2->buf_y1;
 234:BSP/u8g2/u8g2_setup.c ****   
 235:BSP/u8g2/u8g2_setup.c ****   u8g2->user_y0 = 0;
 236:BSP/u8g2/u8g2_setup.c ****   u8g2->user_y1 = u8g2->height;	/* pixel_buf_width replaced with height (which is the real pixel wi
 237:BSP/u8g2/u8g2_setup.c ****   
 238:BSP/u8g2/u8g2_setup.c **** #ifdef U8G2_WITH_CLIP_WINDOW_SUPPORT
 239:BSP/u8g2/u8g2_setup.c ****   u8g2_apply_clip_window(u8g2);
 240:BSP/u8g2/u8g2_setup.c **** #endif /* U8G2_WITH_CLIP_WINDOW_SUPPORT */
 241:BSP/u8g2/u8g2_setup.c **** }
 242:BSP/u8g2/u8g2_setup.c **** 
 243:BSP/u8g2/u8g2_setup.c **** void u8g2_update_dimension_r2(u8g2_t *u8g2)
ARM GAS  /tmp/cc56ZISu.s 			page 9


 244:BSP/u8g2/u8g2_setup.c **** {
 221              		.loc 1 244 1 is_stmt 1 view -0
 222              		.cfi_startproc
 223              		@ args = 0, pretend = 0, frame = 0
 224              		@ frame_needed = 0, uses_anonymous_args = 0
 225              		.loc 1 244 1 is_stmt 0 view .LVU70
 226 0000 08B5     		push	{r3, lr}
 227              	.LCFI3:
 228              		.cfi_def_cfa_offset 8
 229              		.cfi_offset 3, -8
 230              		.cfi_offset 14, -4
 245:BSP/u8g2/u8g2_setup.c ****   u8g2_update_dimension_common(u8g2);
 231              		.loc 1 245 3 is_stmt 1 view .LVU71
 232 0002 FFF7FEFF 		bl	u8g2_update_dimension_common
 233              	.LVL18:
 246:BSP/u8g2/u8g2_setup.c **** }
 234              		.loc 1 246 1 is_stmt 0 view .LVU72
 235 0006 08BD     		pop	{r3, pc}
 236              		.cfi_endproc
 237              	.LFE10:
 239              		.section	.text.u8g2_update_dimension_r3,"ax",%progbits
 240              		.align	1
 241              		.global	u8g2_update_dimension_r3
 242              		.syntax unified
 243              		.thumb
 244              		.thumb_func
 246              	u8g2_update_dimension_r3:
 247              	.LVL19:
 248              	.LFB12:
 247:BSP/u8g2/u8g2_setup.c **** 
 248:BSP/u8g2/u8g2_setup.c **** void u8g2_update_page_win_r2(u8g2_t *u8g2)
 249:BSP/u8g2/u8g2_setup.c **** {
 250:BSP/u8g2/u8g2_setup.c ****   u8g2->user_x0 = 0;
 251:BSP/u8g2/u8g2_setup.c ****   u8g2->user_x1 = u8g2->width;	/* pixel_buf_width replaced with width */
 252:BSP/u8g2/u8g2_setup.c ****   
 253:BSP/u8g2/u8g2_setup.c ****   /* there are ases where the height is not a multiple of 8. */
 254:BSP/u8g2/u8g2_setup.c ****   /* in such a case u8g2->buf_y1 might be heigher than u8g2->height */
 255:BSP/u8g2/u8g2_setup.c ****   u8g2->user_y0 = 0;
 256:BSP/u8g2/u8g2_setup.c ****   if ( u8g2->height >= u8g2->buf_y1 )
 257:BSP/u8g2/u8g2_setup.c ****     u8g2->user_y0 = u8g2->height - u8g2->buf_y1;
 258:BSP/u8g2/u8g2_setup.c ****   u8g2->user_y1 = u8g2->height - u8g2->buf_y0;
 259:BSP/u8g2/u8g2_setup.c **** 
 260:BSP/u8g2/u8g2_setup.c **** #ifdef U8G2_WITH_CLIP_WINDOW_SUPPORT
 261:BSP/u8g2/u8g2_setup.c ****   u8g2_apply_clip_window(u8g2);
 262:BSP/u8g2/u8g2_setup.c **** #endif /* U8G2_WITH_CLIP_WINDOW_SUPPORT */
 263:BSP/u8g2/u8g2_setup.c **** }
 264:BSP/u8g2/u8g2_setup.c **** 
 265:BSP/u8g2/u8g2_setup.c **** 
 266:BSP/u8g2/u8g2_setup.c **** void u8g2_update_dimension_r3(u8g2_t *u8g2)
 267:BSP/u8g2/u8g2_setup.c **** {
 249              		.loc 1 267 1 is_stmt 1 view -0
 250              		.cfi_startproc
 251              		@ args = 0, pretend = 0, frame = 0
 252              		@ frame_needed = 0, uses_anonymous_args = 0
 253              		.loc 1 267 1 is_stmt 0 view .LVU74
 254 0000 10B5     		push	{r4, lr}
 255              	.LCFI4:
ARM GAS  /tmp/cc56ZISu.s 			page 10


 256              		.cfi_def_cfa_offset 8
 257              		.cfi_offset 4, -8
 258              		.cfi_offset 14, -4
 259 0002 0446     		mov	r4, r0
 268:BSP/u8g2/u8g2_setup.c ****   u8g2_update_dimension_common(u8g2);
 260              		.loc 1 268 3 is_stmt 1 view .LVU75
 261 0004 FFF7FEFF 		bl	u8g2_update_dimension_common
 262              	.LVL20:
 269:BSP/u8g2/u8g2_setup.c ****   
 270:BSP/u8g2/u8g2_setup.c ****   u8g2->height = u8g2_GetU8x8(u8g2)->display_info->pixel_width;
 263              		.loc 1 270 3 view .LVU76
 264              		.loc 1 270 36 is_stmt 0 view .LVU77
 265 0008 2368     		ldr	r3, [r4]
 266              		.loc 1 270 50 view .LVU78
 267 000a 9A8A     		ldrh	r2, [r3, #20]
 268              		.loc 1 270 16 view .LVU79
 269 000c 84F84420 		strb	r2, [r4, #68]
 271:BSP/u8g2/u8g2_setup.c ****   u8g2->width = u8g2_GetU8x8(u8g2)->display_info->pixel_height;
 270              		.loc 1 271 3 is_stmt 1 view .LVU80
 271              		.loc 1 271 49 is_stmt 0 view .LVU81
 272 0010 DB8A     		ldrh	r3, [r3, #22]
 273              		.loc 1 271 15 view .LVU82
 274 0012 84F84330 		strb	r3, [r4, #67]
 272:BSP/u8g2/u8g2_setup.c **** 
 273:BSP/u8g2/u8g2_setup.c **** }
 275              		.loc 1 273 1 view .LVU83
 276 0016 10BD     		pop	{r4, pc}
 277              		.loc 1 273 1 view .LVU84
 278              		.cfi_endproc
 279              	.LFE12:
 281              		.section	.text.u8g2_apply_clip_window,"ax",%progbits
 282              		.align	1
 283              		.syntax unified
 284              		.thumb
 285              		.thumb_func
 287              	u8g2_apply_clip_window:
 288              	.LVL21:
 289              	.LFB5:
 177:BSP/u8g2/u8g2_setup.c ****   /* check aganst the current user_??? window */
 290              		.loc 1 177 1 is_stmt 1 view -0
 291              		.cfi_startproc
 292              		@ args = 0, pretend = 0, frame = 0
 293              		@ frame_needed = 0, uses_anonymous_args = 0
 177:BSP/u8g2/u8g2_setup.c ****   /* check aganst the current user_??? window */
 294              		.loc 1 177 1 is_stmt 0 view .LVU86
 295 0000 10B5     		push	{r4, lr}
 296              	.LCFI5:
 297              		.cfi_def_cfa_offset 8
 298              		.cfi_offset 4, -8
 299              		.cfi_offset 14, -4
 300 0002 82B0     		sub	sp, sp, #8
 301              	.LCFI6:
 302              		.cfi_def_cfa_offset 16
 303 0004 0446     		mov	r4, r0
 179:BSP/u8g2/u8g2_setup.c ****   {
 304              		.loc 1 179 3 is_stmt 1 view .LVU87
 179:BSP/u8g2/u8g2_setup.c ****   {
ARM GAS  /tmp/cc56ZISu.s 			page 11


 305              		.loc 1 179 8 is_stmt 0 view .LVU88
 306 0006 90F84C30 		ldrb	r3, [r0, #76]	@ zero_extendqisi2
 307 000a 0093     		str	r3, [sp]
 308 000c 90F84A30 		ldrb	r3, [r0, #74]	@ zero_extendqisi2
 309 0010 90F84B20 		ldrb	r2, [r0, #75]	@ zero_extendqisi2
 310 0014 90F84910 		ldrb	r1, [r0, #73]	@ zero_extendqisi2
 311 0018 FFF7FEFF 		bl	u8g2_IsIntersection
 312              	.LVL22:
 179:BSP/u8g2/u8g2_setup.c ****   {
 313              		.loc 1 179 6 discriminator 1 view .LVU89
 314 001c 20B9     		cbnz	r0, .L16
 181:BSP/u8g2/u8g2_setup.c ****   }
 315              		.loc 1 181 5 is_stmt 1 view .LVU90
 181:BSP/u8g2/u8g2_setup.c ****   }
 316              		.loc 1 181 44 is_stmt 0 view .LVU91
 317 001e 0023     		movs	r3, #0
 318 0020 84F88030 		strb	r3, [r4, #128]
 319              	.L15:
 196:BSP/u8g2/u8g2_setup.c **** #endif /* U8G2_WITH_CLIP_WINDOW_SUPPORT */
 320              		.loc 1 196 1 view .LVU92
 321 0024 02B0     		add	sp, sp, #8
 322              	.LCFI7:
 323              		.cfi_remember_state
 324              		.cfi_def_cfa_offset 8
 325              		@ sp needed
 326 0026 10BD     		pop	{r4, pc}
 327              	.LVL23:
 328              	.L16:
 329              	.LCFI8:
 330              		.cfi_restore_state
 185:BSP/u8g2/u8g2_setup.c **** 
 331              		.loc 1 185 5 is_stmt 1 view .LVU93
 185:BSP/u8g2/u8g2_setup.c **** 
 332              		.loc 1 185 44 is_stmt 0 view .LVU94
 333 0028 0123     		movs	r3, #1
 334 002a 84F88030 		strb	r3, [r4, #128]
 187:BSP/u8g2/u8g2_setup.c ****       u8g2->user_x0 = u8g2->clip_x0;
 335              		.loc 1 187 5 is_stmt 1 view .LVU95
 187:BSP/u8g2/u8g2_setup.c ****       u8g2->user_x0 = u8g2->clip_x0;
 336              		.loc 1 187 14 is_stmt 0 view .LVU96
 337 002e 94F84520 		ldrb	r2, [r4, #69]	@ zero_extendqisi2
 187:BSP/u8g2/u8g2_setup.c ****       u8g2->user_x0 = u8g2->clip_x0;
 338              		.loc 1 187 30 view .LVU97
 339 0032 94F84930 		ldrb	r3, [r4, #73]	@ zero_extendqisi2
 187:BSP/u8g2/u8g2_setup.c ****       u8g2->user_x0 = u8g2->clip_x0;
 340              		.loc 1 187 8 view .LVU98
 341 0036 9A42     		cmp	r2, r3
 342 0038 01D2     		bcs	.L18
 188:BSP/u8g2/u8g2_setup.c ****     if ( u8g2->user_x1 > u8g2->clip_x1 )
 343              		.loc 1 188 7 is_stmt 1 view .LVU99
 188:BSP/u8g2/u8g2_setup.c ****     if ( u8g2->user_x1 > u8g2->clip_x1 )
 344              		.loc 1 188 21 is_stmt 0 view .LVU100
 345 003a 84F84530 		strb	r3, [r4, #69]
 346              	.L18:
 189:BSP/u8g2/u8g2_setup.c ****       u8g2->user_x1 = u8g2->clip_x1;
 347              		.loc 1 189 5 is_stmt 1 view .LVU101
 189:BSP/u8g2/u8g2_setup.c ****       u8g2->user_x1 = u8g2->clip_x1;
ARM GAS  /tmp/cc56ZISu.s 			page 12


 348              		.loc 1 189 14 is_stmt 0 view .LVU102
 349 003e 94F84620 		ldrb	r2, [r4, #70]	@ zero_extendqisi2
 189:BSP/u8g2/u8g2_setup.c ****       u8g2->user_x1 = u8g2->clip_x1;
 350              		.loc 1 189 30 view .LVU103
 351 0042 94F84A30 		ldrb	r3, [r4, #74]	@ zero_extendqisi2
 189:BSP/u8g2/u8g2_setup.c ****       u8g2->user_x1 = u8g2->clip_x1;
 352              		.loc 1 189 8 view .LVU104
 353 0046 9A42     		cmp	r2, r3
 354 0048 01D9     		bls	.L19
 190:BSP/u8g2/u8g2_setup.c ****     if ( u8g2->user_y0 < u8g2->clip_y0 )
 355              		.loc 1 190 7 is_stmt 1 view .LVU105
 190:BSP/u8g2/u8g2_setup.c ****     if ( u8g2->user_y0 < u8g2->clip_y0 )
 356              		.loc 1 190 21 is_stmt 0 view .LVU106
 357 004a 84F84630 		strb	r3, [r4, #70]
 358              	.L19:
 191:BSP/u8g2/u8g2_setup.c ****       u8g2->user_y0 = u8g2->clip_y0;
 359              		.loc 1 191 5 is_stmt 1 view .LVU107
 191:BSP/u8g2/u8g2_setup.c ****       u8g2->user_y0 = u8g2->clip_y0;
 360              		.loc 1 191 14 is_stmt 0 view .LVU108
 361 004e 94F84720 		ldrb	r2, [r4, #71]	@ zero_extendqisi2
 191:BSP/u8g2/u8g2_setup.c ****       u8g2->user_y0 = u8g2->clip_y0;
 362              		.loc 1 191 30 view .LVU109
 363 0052 94F84B30 		ldrb	r3, [r4, #75]	@ zero_extendqisi2
 191:BSP/u8g2/u8g2_setup.c ****       u8g2->user_y0 = u8g2->clip_y0;
 364              		.loc 1 191 8 view .LVU110
 365 0056 9A42     		cmp	r2, r3
 366 0058 01D2     		bcs	.L20
 192:BSP/u8g2/u8g2_setup.c ****     if ( u8g2->user_y1 > u8g2->clip_y1 )
 367              		.loc 1 192 7 is_stmt 1 view .LVU111
 192:BSP/u8g2/u8g2_setup.c ****     if ( u8g2->user_y1 > u8g2->clip_y1 )
 368              		.loc 1 192 21 is_stmt 0 view .LVU112
 369 005a 84F84730 		strb	r3, [r4, #71]
 370              	.L20:
 193:BSP/u8g2/u8g2_setup.c ****       u8g2->user_y1 = u8g2->clip_y1;
 371              		.loc 1 193 5 is_stmt 1 view .LVU113
 193:BSP/u8g2/u8g2_setup.c ****       u8g2->user_y1 = u8g2->clip_y1;
 372              		.loc 1 193 14 is_stmt 0 view .LVU114
 373 005e 94F84820 		ldrb	r2, [r4, #72]	@ zero_extendqisi2
 193:BSP/u8g2/u8g2_setup.c ****       u8g2->user_y1 = u8g2->clip_y1;
 374              		.loc 1 193 30 view .LVU115
 375 0062 94F84C30 		ldrb	r3, [r4, #76]	@ zero_extendqisi2
 193:BSP/u8g2/u8g2_setup.c ****       u8g2->user_y1 = u8g2->clip_y1;
 376              		.loc 1 193 8 view .LVU116
 377 0066 9A42     		cmp	r2, r3
 378 0068 DCD9     		bls	.L15
 194:BSP/u8g2/u8g2_setup.c ****   }
 379              		.loc 1 194 7 is_stmt 1 view .LVU117
 194:BSP/u8g2/u8g2_setup.c ****   }
 380              		.loc 1 194 21 is_stmt 0 view .LVU118
 381 006a 84F84830 		strb	r3, [r4, #72]
 196:BSP/u8g2/u8g2_setup.c **** #endif /* U8G2_WITH_CLIP_WINDOW_SUPPORT */
 382              		.loc 1 196 1 view .LVU119
 383 006e D9E7     		b	.L15
 384              		.cfi_endproc
 385              	.LFE5:
 387              		.section	.text.u8g2_update_page_win_r0,"ax",%progbits
 388              		.align	1
ARM GAS  /tmp/cc56ZISu.s 			page 13


 389              		.global	u8g2_update_page_win_r0
 390              		.syntax unified
 391              		.thumb
 392              		.thumb_func
 394              	u8g2_update_page_win_r0:
 395              	.LVL24:
 396              	.LFB7:
 208:BSP/u8g2/u8g2_setup.c ****   u8g2->user_x0 = 0;
 397              		.loc 1 208 1 is_stmt 1 view -0
 398              		.cfi_startproc
 399              		@ args = 0, pretend = 0, frame = 0
 400              		@ frame_needed = 0, uses_anonymous_args = 0
 208:BSP/u8g2/u8g2_setup.c ****   u8g2->user_x0 = 0;
 401              		.loc 1 208 1 is_stmt 0 view .LVU121
 402 0000 08B5     		push	{r3, lr}
 403              	.LCFI9:
 404              		.cfi_def_cfa_offset 8
 405              		.cfi_offset 3, -8
 406              		.cfi_offset 14, -4
 209:BSP/u8g2/u8g2_setup.c ****   u8g2->user_x1 = u8g2->width;			/* pixel_buf_width replaced with width */
 407              		.loc 1 209 3 is_stmt 1 view .LVU122
 209:BSP/u8g2/u8g2_setup.c ****   u8g2->user_x1 = u8g2->width;			/* pixel_buf_width replaced with width */
 408              		.loc 1 209 17 is_stmt 0 view .LVU123
 409 0002 0022     		movs	r2, #0
 410 0004 80F84520 		strb	r2, [r0, #69]
 210:BSP/u8g2/u8g2_setup.c ****   
 411              		.loc 1 210 3 is_stmt 1 view .LVU124
 210:BSP/u8g2/u8g2_setup.c ****   
 412              		.loc 1 210 23 is_stmt 0 view .LVU125
 413 0008 90F84320 		ldrb	r2, [r0, #67]	@ zero_extendqisi2
 210:BSP/u8g2/u8g2_setup.c ****   
 414              		.loc 1 210 17 view .LVU126
 415 000c 80F84620 		strb	r2, [r0, #70]
 212:BSP/u8g2/u8g2_setup.c ****   u8g2->user_y1 = u8g2->buf_y1;
 416              		.loc 1 212 3 is_stmt 1 view .LVU127
 212:BSP/u8g2/u8g2_setup.c ****   u8g2->user_y1 = u8g2->buf_y1;
 417              		.loc 1 212 23 is_stmt 0 view .LVU128
 418 0010 90F84120 		ldrb	r2, [r0, #65]	@ zero_extendqisi2
 212:BSP/u8g2/u8g2_setup.c ****   u8g2->user_y1 = u8g2->buf_y1;
 419              		.loc 1 212 17 view .LVU129
 420 0014 80F84720 		strb	r2, [r0, #71]
 213:BSP/u8g2/u8g2_setup.c ****   
 421              		.loc 1 213 3 is_stmt 1 view .LVU130
 213:BSP/u8g2/u8g2_setup.c ****   
 422              		.loc 1 213 23 is_stmt 0 view .LVU131
 423 0018 90F84220 		ldrb	r2, [r0, #66]	@ zero_extendqisi2
 213:BSP/u8g2/u8g2_setup.c ****   
 424              		.loc 1 213 17 view .LVU132
 425 001c 80F84820 		strb	r2, [r0, #72]
 216:BSP/u8g2/u8g2_setup.c **** #endif /* U8G2_WITH_CLIP_WINDOW_SUPPORT */
 426              		.loc 1 216 3 is_stmt 1 view .LVU133
 427 0020 FFF7FEFF 		bl	u8g2_apply_clip_window
 428              	.LVL25:
 218:BSP/u8g2/u8g2_setup.c **** 
 429              		.loc 1 218 1 is_stmt 0 view .LVU134
 430 0024 08BD     		pop	{r3, pc}
 431              		.cfi_endproc
ARM GAS  /tmp/cc56ZISu.s 			page 14


 432              	.LFE7:
 434              		.section	.text.u8g2_update_page_win_r1,"ax",%progbits
 435              		.align	1
 436              		.global	u8g2_update_page_win_r1
 437              		.syntax unified
 438              		.thumb
 439              		.thumb_func
 441              	u8g2_update_page_win_r1:
 442              	.LVL26:
 443              	.LFB9:
 231:BSP/u8g2/u8g2_setup.c ****   u8g2->user_x0 = u8g2->buf_y0;
 444              		.loc 1 231 1 is_stmt 1 view -0
 445              		.cfi_startproc
 446              		@ args = 0, pretend = 0, frame = 0
 447              		@ frame_needed = 0, uses_anonymous_args = 0
 231:BSP/u8g2/u8g2_setup.c ****   u8g2->user_x0 = u8g2->buf_y0;
 448              		.loc 1 231 1 is_stmt 0 view .LVU136
 449 0000 08B5     		push	{r3, lr}
 450              	.LCFI10:
 451              		.cfi_def_cfa_offset 8
 452              		.cfi_offset 3, -8
 453              		.cfi_offset 14, -4
 232:BSP/u8g2/u8g2_setup.c ****   u8g2->user_x1 = u8g2->buf_y1;
 454              		.loc 1 232 3 is_stmt 1 view .LVU137
 232:BSP/u8g2/u8g2_setup.c ****   u8g2->user_x1 = u8g2->buf_y1;
 455              		.loc 1 232 23 is_stmt 0 view .LVU138
 456 0002 90F84120 		ldrb	r2, [r0, #65]	@ zero_extendqisi2
 232:BSP/u8g2/u8g2_setup.c ****   u8g2->user_x1 = u8g2->buf_y1;
 457              		.loc 1 232 17 view .LVU139
 458 0006 80F84520 		strb	r2, [r0, #69]
 233:BSP/u8g2/u8g2_setup.c ****   
 459              		.loc 1 233 3 is_stmt 1 view .LVU140
 233:BSP/u8g2/u8g2_setup.c ****   
 460              		.loc 1 233 23 is_stmt 0 view .LVU141
 461 000a 90F84220 		ldrb	r2, [r0, #66]	@ zero_extendqisi2
 233:BSP/u8g2/u8g2_setup.c ****   
 462              		.loc 1 233 17 view .LVU142
 463 000e 80F84620 		strb	r2, [r0, #70]
 235:BSP/u8g2/u8g2_setup.c ****   u8g2->user_y1 = u8g2->height;	/* pixel_buf_width replaced with height (which is the real pixel wi
 464              		.loc 1 235 3 is_stmt 1 view .LVU143
 235:BSP/u8g2/u8g2_setup.c ****   u8g2->user_y1 = u8g2->height;	/* pixel_buf_width replaced with height (which is the real pixel wi
 465              		.loc 1 235 17 is_stmt 0 view .LVU144
 466 0012 0022     		movs	r2, #0
 467 0014 80F84720 		strb	r2, [r0, #71]
 236:BSP/u8g2/u8g2_setup.c ****   
 468              		.loc 1 236 3 is_stmt 1 view .LVU145
 236:BSP/u8g2/u8g2_setup.c ****   
 469              		.loc 1 236 23 is_stmt 0 view .LVU146
 470 0018 90F84420 		ldrb	r2, [r0, #68]	@ zero_extendqisi2
 236:BSP/u8g2/u8g2_setup.c ****   
 471              		.loc 1 236 17 view .LVU147
 472 001c 80F84820 		strb	r2, [r0, #72]
 239:BSP/u8g2/u8g2_setup.c **** #endif /* U8G2_WITH_CLIP_WINDOW_SUPPORT */
 473              		.loc 1 239 3 is_stmt 1 view .LVU148
 474 0020 FFF7FEFF 		bl	u8g2_apply_clip_window
 475              	.LVL27:
 241:BSP/u8g2/u8g2_setup.c **** 
ARM GAS  /tmp/cc56ZISu.s 			page 15


 476              		.loc 1 241 1 is_stmt 0 view .LVU149
 477 0024 08BD     		pop	{r3, pc}
 478              		.cfi_endproc
 479              	.LFE9:
 481              		.section	.text.u8g2_update_page_win_r2,"ax",%progbits
 482              		.align	1
 483              		.global	u8g2_update_page_win_r2
 484              		.syntax unified
 485              		.thumb
 486              		.thumb_func
 488              	u8g2_update_page_win_r2:
 489              	.LVL28:
 490              	.LFB11:
 249:BSP/u8g2/u8g2_setup.c ****   u8g2->user_x0 = 0;
 491              		.loc 1 249 1 is_stmt 1 view -0
 492              		.cfi_startproc
 493              		@ args = 0, pretend = 0, frame = 0
 494              		@ frame_needed = 0, uses_anonymous_args = 0
 249:BSP/u8g2/u8g2_setup.c ****   u8g2->user_x0 = 0;
 495              		.loc 1 249 1 is_stmt 0 view .LVU151
 496 0000 08B5     		push	{r3, lr}
 497              	.LCFI11:
 498              		.cfi_def_cfa_offset 8
 499              		.cfi_offset 3, -8
 500              		.cfi_offset 14, -4
 250:BSP/u8g2/u8g2_setup.c ****   u8g2->user_x1 = u8g2->width;	/* pixel_buf_width replaced with width */
 501              		.loc 1 250 3 is_stmt 1 view .LVU152
 250:BSP/u8g2/u8g2_setup.c ****   u8g2->user_x1 = u8g2->width;	/* pixel_buf_width replaced with width */
 502              		.loc 1 250 17 is_stmt 0 view .LVU153
 503 0002 0023     		movs	r3, #0
 504 0004 80F84530 		strb	r3, [r0, #69]
 251:BSP/u8g2/u8g2_setup.c ****   
 505              		.loc 1 251 3 is_stmt 1 view .LVU154
 251:BSP/u8g2/u8g2_setup.c ****   
 506              		.loc 1 251 23 is_stmt 0 view .LVU155
 507 0008 90F84320 		ldrb	r2, [r0, #67]	@ zero_extendqisi2
 251:BSP/u8g2/u8g2_setup.c ****   
 508              		.loc 1 251 17 view .LVU156
 509 000c 80F84620 		strb	r2, [r0, #70]
 255:BSP/u8g2/u8g2_setup.c ****   if ( u8g2->height >= u8g2->buf_y1 )
 510              		.loc 1 255 3 is_stmt 1 view .LVU157
 255:BSP/u8g2/u8g2_setup.c ****   if ( u8g2->height >= u8g2->buf_y1 )
 511              		.loc 1 255 17 is_stmt 0 view .LVU158
 512 0010 80F84730 		strb	r3, [r0, #71]
 256:BSP/u8g2/u8g2_setup.c ****     u8g2->user_y0 = u8g2->height - u8g2->buf_y1;
 513              		.loc 1 256 3 is_stmt 1 view .LVU159
 256:BSP/u8g2/u8g2_setup.c ****     u8g2->user_y0 = u8g2->height - u8g2->buf_y1;
 514              		.loc 1 256 12 is_stmt 0 view .LVU160
 515 0014 90F84430 		ldrb	r3, [r0, #68]	@ zero_extendqisi2
 256:BSP/u8g2/u8g2_setup.c ****     u8g2->user_y0 = u8g2->height - u8g2->buf_y1;
 516              		.loc 1 256 28 view .LVU161
 517 0018 90F84220 		ldrb	r2, [r0, #66]	@ zero_extendqisi2
 256:BSP/u8g2/u8g2_setup.c ****     u8g2->user_y0 = u8g2->height - u8g2->buf_y1;
 518              		.loc 1 256 6 view .LVU162
 519 001c 9342     		cmp	r3, r2
 520 001e 02D3     		bcc	.L27
 257:BSP/u8g2/u8g2_setup.c ****   u8g2->user_y1 = u8g2->height - u8g2->buf_y0;
ARM GAS  /tmp/cc56ZISu.s 			page 16


 521              		.loc 1 257 5 is_stmt 1 view .LVU163
 257:BSP/u8g2/u8g2_setup.c ****   u8g2->user_y1 = u8g2->height - u8g2->buf_y0;
 522              		.loc 1 257 34 is_stmt 0 view .LVU164
 523 0020 9A1A     		subs	r2, r3, r2
 257:BSP/u8g2/u8g2_setup.c ****   u8g2->user_y1 = u8g2->height - u8g2->buf_y0;
 524              		.loc 1 257 19 view .LVU165
 525 0022 80F84720 		strb	r2, [r0, #71]
 526              	.L27:
 258:BSP/u8g2/u8g2_setup.c **** 
 527              		.loc 1 258 3 is_stmt 1 view .LVU166
 258:BSP/u8g2/u8g2_setup.c **** 
 528              		.loc 1 258 38 is_stmt 0 view .LVU167
 529 0026 90F84120 		ldrb	r2, [r0, #65]	@ zero_extendqisi2
 258:BSP/u8g2/u8g2_setup.c **** 
 530              		.loc 1 258 32 view .LVU168
 531 002a 9B1A     		subs	r3, r3, r2
 258:BSP/u8g2/u8g2_setup.c **** 
 532              		.loc 1 258 17 view .LVU169
 533 002c 80F84830 		strb	r3, [r0, #72]
 261:BSP/u8g2/u8g2_setup.c **** #endif /* U8G2_WITH_CLIP_WINDOW_SUPPORT */
 534              		.loc 1 261 3 is_stmt 1 view .LVU170
 535 0030 FFF7FEFF 		bl	u8g2_apply_clip_window
 536              	.LVL29:
 263:BSP/u8g2/u8g2_setup.c **** 
 537              		.loc 1 263 1 is_stmt 0 view .LVU171
 538 0034 08BD     		pop	{r3, pc}
 539              		.cfi_endproc
 540              	.LFE11:
 542              		.section	.text.u8g2_update_page_win_r3,"ax",%progbits
 543              		.align	1
 544              		.global	u8g2_update_page_win_r3
 545              		.syntax unified
 546              		.thumb
 547              		.thumb_func
 549              	u8g2_update_page_win_r3:
 550              	.LVL30:
 551              	.LFB13:
 274:BSP/u8g2/u8g2_setup.c **** 
 275:BSP/u8g2/u8g2_setup.c **** void u8g2_update_page_win_r3(u8g2_t *u8g2)
 276:BSP/u8g2/u8g2_setup.c **** {
 552              		.loc 1 276 1 is_stmt 1 view -0
 553              		.cfi_startproc
 554              		@ args = 0, pretend = 0, frame = 0
 555              		@ frame_needed = 0, uses_anonymous_args = 0
 556              		.loc 1 276 1 is_stmt 0 view .LVU173
 557 0000 08B5     		push	{r3, lr}
 558              	.LCFI12:
 559              		.cfi_def_cfa_offset 8
 560              		.cfi_offset 3, -8
 561              		.cfi_offset 14, -4
 277:BSP/u8g2/u8g2_setup.c ****   /* there are ases where the height is not a multiple of 8. */
 278:BSP/u8g2/u8g2_setup.c ****   /* in such a case u8g2->buf_y1 might be heigher than u8g2->width */
 279:BSP/u8g2/u8g2_setup.c ****   u8g2->user_x0 = 0;
 562              		.loc 1 279 3 is_stmt 1 view .LVU174
 563              		.loc 1 279 17 is_stmt 0 view .LVU175
 564 0002 0023     		movs	r3, #0
 565 0004 80F84530 		strb	r3, [r0, #69]
ARM GAS  /tmp/cc56ZISu.s 			page 17


 280:BSP/u8g2/u8g2_setup.c ****   if ( u8g2->width >= u8g2->buf_y1 )
 566              		.loc 1 280 3 is_stmt 1 view .LVU176
 567              		.loc 1 280 12 is_stmt 0 view .LVU177
 568 0008 90F84330 		ldrb	r3, [r0, #67]	@ zero_extendqisi2
 569              		.loc 1 280 27 view .LVU178
 570 000c 90F84220 		ldrb	r2, [r0, #66]	@ zero_extendqisi2
 571              		.loc 1 280 6 view .LVU179
 572 0010 9342     		cmp	r3, r2
 573 0012 02D3     		bcc	.L30
 281:BSP/u8g2/u8g2_setup.c ****     u8g2->user_x0 = u8g2->width - u8g2->buf_y1;
 574              		.loc 1 281 5 is_stmt 1 view .LVU180
 575              		.loc 1 281 33 is_stmt 0 view .LVU181
 576 0014 9A1A     		subs	r2, r3, r2
 577              		.loc 1 281 19 view .LVU182
 578 0016 80F84520 		strb	r2, [r0, #69]
 579              	.L30:
 282:BSP/u8g2/u8g2_setup.c ****   u8g2->user_x1 = u8g2->width - u8g2->buf_y0;
 580              		.loc 1 282 3 is_stmt 1 view .LVU183
 581              		.loc 1 282 37 is_stmt 0 view .LVU184
 582 001a 90F84120 		ldrb	r2, [r0, #65]	@ zero_extendqisi2
 583              		.loc 1 282 31 view .LVU185
 584 001e 9B1A     		subs	r3, r3, r2
 585              		.loc 1 282 17 view .LVU186
 586 0020 80F84630 		strb	r3, [r0, #70]
 283:BSP/u8g2/u8g2_setup.c ****   
 284:BSP/u8g2/u8g2_setup.c ****   u8g2->user_y0 = 0;
 587              		.loc 1 284 3 is_stmt 1 view .LVU187
 588              		.loc 1 284 17 is_stmt 0 view .LVU188
 589 0024 0023     		movs	r3, #0
 590 0026 80F84730 		strb	r3, [r0, #71]
 285:BSP/u8g2/u8g2_setup.c ****   u8g2->user_y1 = u8g2->height;	/* pixel_buf_width replaced with height (pixel_width) */
 591              		.loc 1 285 3 is_stmt 1 view .LVU189
 592              		.loc 1 285 23 is_stmt 0 view .LVU190
 593 002a 90F84430 		ldrb	r3, [r0, #68]	@ zero_extendqisi2
 594              		.loc 1 285 17 view .LVU191
 595 002e 80F84830 		strb	r3, [r0, #72]
 286:BSP/u8g2/u8g2_setup.c **** 
 287:BSP/u8g2/u8g2_setup.c **** #ifdef U8G2_WITH_CLIP_WINDOW_SUPPORT
 288:BSP/u8g2/u8g2_setup.c ****   u8g2_apply_clip_window(u8g2);
 596              		.loc 1 288 3 is_stmt 1 view .LVU192
 597 0032 FFF7FEFF 		bl	u8g2_apply_clip_window
 598              	.LVL31:
 289:BSP/u8g2/u8g2_setup.c **** #endif /* U8G2_WITH_CLIP_WINDOW_SUPPORT */
 290:BSP/u8g2/u8g2_setup.c **** }
 599              		.loc 1 290 1 is_stmt 0 view .LVU193
 600 0036 08BD     		pop	{r3, pc}
 601              		.cfi_endproc
 602              	.LFE13:
 604              		.section	.text.u8g2_draw_l90_r0,"ax",%progbits
 605              		.align	1
 606              		.global	u8g2_draw_l90_r0
 607              		.syntax unified
 608              		.thumb
 609              		.thumb_func
 611              	u8g2_draw_l90_r0:
 612              	.LVL32:
 613              	.LFB14:
ARM GAS  /tmp/cc56ZISu.s 			page 18


 291:BSP/u8g2/u8g2_setup.c **** 
 292:BSP/u8g2/u8g2_setup.c **** 
 293:BSP/u8g2/u8g2_setup.c **** /*============================================*/
 294:BSP/u8g2/u8g2_setup.c **** extern void u8g2_draw_hv_line_2dir(u8g2_t *u8g2, u8g2_uint_t x, u8g2_uint_t y, u8g2_uint_t len, uin
 295:BSP/u8g2/u8g2_setup.c **** 
 296:BSP/u8g2/u8g2_setup.c **** 
 297:BSP/u8g2/u8g2_setup.c **** void u8g2_draw_l90_r0(u8g2_t *u8g2, u8g2_uint_t x, u8g2_uint_t y, u8g2_uint_t len, uint8_t dir)
 298:BSP/u8g2/u8g2_setup.c **** {
 614              		.loc 1 298 1 is_stmt 1 view -0
 615              		.cfi_startproc
 616              		@ args = 4, pretend = 0, frame = 0
 617              		@ frame_needed = 0, uses_anonymous_args = 0
 618              		.loc 1 298 1 is_stmt 0 view .LVU195
 619 0000 10B5     		push	{r4, lr}
 620              	.LCFI13:
 621              		.cfi_def_cfa_offset 8
 622              		.cfi_offset 4, -8
 623              		.cfi_offset 14, -4
 624 0002 82B0     		sub	sp, sp, #8
 625              	.LCFI14:
 626              		.cfi_def_cfa_offset 16
 299:BSP/u8g2/u8g2_setup.c **** #ifdef __unix
 300:BSP/u8g2/u8g2_setup.c ****   assert( dir <= 1 );
 301:BSP/u8g2/u8g2_setup.c **** #endif
 302:BSP/u8g2/u8g2_setup.c ****   u8g2_draw_hv_line_2dir(u8g2, x, y, len, dir);
 627              		.loc 1 302 3 is_stmt 1 view .LVU196
 628 0004 9DF81040 		ldrb	r4, [sp, #16]	@ zero_extendqisi2
 629 0008 0094     		str	r4, [sp]
 630 000a FFF7FEFF 		bl	u8g2_draw_hv_line_2dir
 631              	.LVL33:
 303:BSP/u8g2/u8g2_setup.c **** }
 632              		.loc 1 303 1 is_stmt 0 view .LVU197
 633 000e 02B0     		add	sp, sp, #8
 634              	.LCFI15:
 635              		.cfi_def_cfa_offset 8
 636              		@ sp needed
 637 0010 10BD     		pop	{r4, pc}
 638              		.loc 1 303 1 view .LVU198
 639              		.cfi_endproc
 640              	.LFE14:
 642              		.section	.text.u8g2_draw_l90_mirrorr_r0,"ax",%progbits
 643              		.align	1
 644              		.global	u8g2_draw_l90_mirrorr_r0
 645              		.syntax unified
 646              		.thumb
 647              		.thumb_func
 649              	u8g2_draw_l90_mirrorr_r0:
 650              	.LVL34:
 651              	.LFB15:
 304:BSP/u8g2/u8g2_setup.c **** 
 305:BSP/u8g2/u8g2_setup.c **** void u8g2_draw_l90_mirrorr_r0(u8g2_t *u8g2, u8g2_uint_t x, u8g2_uint_t y, u8g2_uint_t len, uint8_t 
 306:BSP/u8g2/u8g2_setup.c **** {
 652              		.loc 1 306 1 is_stmt 1 view -0
 653              		.cfi_startproc
 654              		@ args = 4, pretend = 0, frame = 0
 655              		@ frame_needed = 0, uses_anonymous_args = 0
 656              		.loc 1 306 1 is_stmt 0 view .LVU200
ARM GAS  /tmp/cc56ZISu.s 			page 19


 657 0000 10B5     		push	{r4, lr}
 658              	.LCFI16:
 659              		.cfi_def_cfa_offset 8
 660              		.cfi_offset 4, -8
 661              		.cfi_offset 14, -4
 662 0002 82B0     		sub	sp, sp, #8
 663              	.LCFI17:
 664              		.cfi_def_cfa_offset 16
 665 0004 9DF81040 		ldrb	r4, [sp, #16]	@ zero_extendqisi2
 307:BSP/u8g2/u8g2_setup.c ****   u8g2_uint_t xx;
 666              		.loc 1 307 3 is_stmt 1 view .LVU201
 308:BSP/u8g2/u8g2_setup.c ****   xx = u8g2->width;
 667              		.loc 1 308 3 view .LVU202
 668              		.loc 1 308 6 is_stmt 0 view .LVU203
 669 0008 90F843C0 		ldrb	ip, [r0, #67]	@ zero_extendqisi2
 670              	.LVL35:
 309:BSP/u8g2/u8g2_setup.c ****   xx -= x;
 671              		.loc 1 309 3 is_stmt 1 view .LVU204
 672              		.loc 1 309 6 is_stmt 0 view .LVU205
 673 000c ACEB0101 		sub	r1, ip, r1
 674              	.LVL36:
 675              		.loc 1 309 6 view .LVU206
 676 0010 C9B2     		uxtb	r1, r1
 677              	.LVL37:
 310:BSP/u8g2/u8g2_setup.c ****   if ( (dir & 1) == 0 )
 678              		.loc 1 310 3 is_stmt 1 view .LVU207
 679              		.loc 1 310 6 is_stmt 0 view .LVU208
 680 0012 14F0010F 		tst	r4, #1
 681 0016 06D1     		bne	.L35
 311:BSP/u8g2/u8g2_setup.c ****   {
 312:BSP/u8g2/u8g2_setup.c ****     xx -= len;
 682              		.loc 1 312 5 is_stmt 1 view .LVU209
 683              		.loc 1 312 8 is_stmt 0 view .LVU210
 684 0018 C91A     		subs	r1, r1, r3
 685              	.LVL38:
 686              		.loc 1 312 8 view .LVU211
 687 001a C9B2     		uxtb	r1, r1
 688              	.LVL39:
 689              	.L36:
 313:BSP/u8g2/u8g2_setup.c ****   }
 314:BSP/u8g2/u8g2_setup.c ****   else
 315:BSP/u8g2/u8g2_setup.c ****   {
 316:BSP/u8g2/u8g2_setup.c ****     xx--;
 317:BSP/u8g2/u8g2_setup.c ****   }
 318:BSP/u8g2/u8g2_setup.c ****   u8g2_draw_hv_line_2dir(u8g2, xx, y, len, dir);
 690              		.loc 1 318 3 is_stmt 1 view .LVU212
 691 001c 0094     		str	r4, [sp]
 692 001e FFF7FEFF 		bl	u8g2_draw_hv_line_2dir
 693              	.LVL40:
 319:BSP/u8g2/u8g2_setup.c **** }
 694              		.loc 1 319 1 is_stmt 0 view .LVU213
 695 0022 02B0     		add	sp, sp, #8
 696              	.LCFI18:
 697              		.cfi_remember_state
 698              		.cfi_def_cfa_offset 8
 699              		@ sp needed
 700 0024 10BD     		pop	{r4, pc}
ARM GAS  /tmp/cc56ZISu.s 			page 20


 701              	.LVL41:
 702              	.L35:
 703              	.LCFI19:
 704              		.cfi_restore_state
 316:BSP/u8g2/u8g2_setup.c ****   }
 705              		.loc 1 316 5 is_stmt 1 view .LVU214
 316:BSP/u8g2/u8g2_setup.c ****   }
 706              		.loc 1 316 7 is_stmt 0 view .LVU215
 707 0026 0139     		subs	r1, r1, #1
 708              	.LVL42:
 316:BSP/u8g2/u8g2_setup.c ****   }
 709              		.loc 1 316 7 view .LVU216
 710 0028 C9B2     		uxtb	r1, r1
 711              	.LVL43:
 316:BSP/u8g2/u8g2_setup.c ****   }
 712              		.loc 1 316 7 view .LVU217
 713 002a F7E7     		b	.L36
 714              		.cfi_endproc
 715              	.LFE15:
 717              		.section	.text.u8g2_draw_l90_r1,"ax",%progbits
 718              		.align	1
 719              		.global	u8g2_draw_l90_r1
 720              		.syntax unified
 721              		.thumb
 722              		.thumb_func
 724              	u8g2_draw_l90_r1:
 725              	.LVL44:
 726              	.LFB16:
 320:BSP/u8g2/u8g2_setup.c **** 
 321:BSP/u8g2/u8g2_setup.c **** /* dir = 0 or 1 */
 322:BSP/u8g2/u8g2_setup.c **** void u8g2_draw_l90_r1(u8g2_t *u8g2, u8g2_uint_t x, u8g2_uint_t y, u8g2_uint_t len, uint8_t dir)
 323:BSP/u8g2/u8g2_setup.c **** {
 727              		.loc 1 323 1 is_stmt 1 view -0
 728              		.cfi_startproc
 729              		@ args = 4, pretend = 0, frame = 0
 730              		@ frame_needed = 0, uses_anonymous_args = 0
 731              		.loc 1 323 1 is_stmt 0 view .LVU219
 732 0000 10B5     		push	{r4, lr}
 733              	.LCFI20:
 734              		.cfi_def_cfa_offset 8
 735              		.cfi_offset 4, -8
 736              		.cfi_offset 14, -4
 737 0002 82B0     		sub	sp, sp, #8
 738              	.LCFI21:
 739              		.cfi_def_cfa_offset 16
 740 0004 8E46     		mov	lr, r1
 324:BSP/u8g2/u8g2_setup.c ****   u8g2_uint_t xx, yy;
 741              		.loc 1 324 3 is_stmt 1 view .LVU220
 325:BSP/u8g2/u8g2_setup.c **** 
 326:BSP/u8g2/u8g2_setup.c **** #ifdef __unix
 327:BSP/u8g2/u8g2_setup.c ****   assert( dir <= 1 );
 328:BSP/u8g2/u8g2_setup.c **** #endif
 329:BSP/u8g2/u8g2_setup.c ****   
 330:BSP/u8g2/u8g2_setup.c ****   yy = x;
 742              		.loc 1 330 3 view .LVU221
 743              	.LVL45:
 331:BSP/u8g2/u8g2_setup.c ****   
ARM GAS  /tmp/cc56ZISu.s 			page 21


 332:BSP/u8g2/u8g2_setup.c ****   xx = u8g2->height;
 744              		.loc 1 332 3 view .LVU222
 745              		.loc 1 332 6 is_stmt 0 view .LVU223
 746 0006 90F844C0 		ldrb	ip, [r0, #68]	@ zero_extendqisi2
 747              	.LVL46:
 333:BSP/u8g2/u8g2_setup.c ****   xx -= y;
 748              		.loc 1 333 3 is_stmt 1 view .LVU224
 749              		.loc 1 333 6 is_stmt 0 view .LVU225
 750 000a ACEB020C 		sub	ip, ip, r2
 751 000e 5FFA8CFC 		uxtb	ip, ip
 752              	.LVL47:
 334:BSP/u8g2/u8g2_setup.c ****   xx--;
 753              		.loc 1 334 3 is_stmt 1 view .LVU226
 754              		.loc 1 334 5 is_stmt 0 view .LVU227
 755 0012 0CF1FF3C 		add	ip, ip, #-1
 756              	.LVL48:
 757              		.loc 1 334 5 view .LVU228
 758 0016 5FFA8CF1 		uxtb	r1, ip
 759              	.LVL49:
 335:BSP/u8g2/u8g2_setup.c ****   
 336:BSP/u8g2/u8g2_setup.c ****   dir ++;
 760              		.loc 1 336 3 is_stmt 1 view .LVU229
 761              		.loc 1 336 7 is_stmt 0 view .LVU230
 762 001a 9DF81040 		ldrb	r4, [sp, #16]	@ zero_extendqisi2
 763 001e 0134     		adds	r4, r4, #1
 764 0020 E4B2     		uxtb	r4, r4
 765              	.LVL50:
 337:BSP/u8g2/u8g2_setup.c ****   if ( dir == 2 )
 766              		.loc 1 337 3 is_stmt 1 view .LVU231
 767              		.loc 1 337 6 is_stmt 0 view .LVU232
 768 0022 022C     		cmp	r4, #2
 769 0024 05D0     		beq	.L41
 770              	.LVL51:
 771              	.L39:
 338:BSP/u8g2/u8g2_setup.c ****   {
 339:BSP/u8g2/u8g2_setup.c ****     xx -= len;
 340:BSP/u8g2/u8g2_setup.c ****     xx++;
 341:BSP/u8g2/u8g2_setup.c ****     dir = 0;
 342:BSP/u8g2/u8g2_setup.c ****   }
 343:BSP/u8g2/u8g2_setup.c ****   
 344:BSP/u8g2/u8g2_setup.c ****   u8g2_draw_hv_line_2dir(u8g2, xx, yy, len, dir);
 772              		.loc 1 344 3 is_stmt 1 view .LVU233
 773 0026 0094     		str	r4, [sp]
 774 0028 7246     		mov	r2, lr
 775              	.LVL52:
 776              		.loc 1 344 3 is_stmt 0 view .LVU234
 777 002a FFF7FEFF 		bl	u8g2_draw_hv_line_2dir
 778              	.LVL53:
 345:BSP/u8g2/u8g2_setup.c **** }
 779              		.loc 1 345 1 view .LVU235
 780 002e 02B0     		add	sp, sp, #8
 781              	.LCFI22:
 782              		.cfi_remember_state
 783              		.cfi_def_cfa_offset 8
 784              		@ sp needed
 785 0030 10BD     		pop	{r4, pc}
 786              	.LVL54:
ARM GAS  /tmp/cc56ZISu.s 			page 22


 787              	.L41:
 788              	.LCFI23:
 789              		.cfi_restore_state
 339:BSP/u8g2/u8g2_setup.c ****     xx++;
 790              		.loc 1 339 5 is_stmt 1 view .LVU236
 339:BSP/u8g2/u8g2_setup.c ****     xx++;
 791              		.loc 1 339 8 is_stmt 0 view .LVU237
 792 0032 A1EB030C 		sub	ip, r1, r3
 793 0036 5FFA8CFC 		uxtb	ip, ip
 794              	.LVL55:
 340:BSP/u8g2/u8g2_setup.c ****     dir = 0;
 795              		.loc 1 340 5 is_stmt 1 view .LVU238
 340:BSP/u8g2/u8g2_setup.c ****     dir = 0;
 796              		.loc 1 340 7 is_stmt 0 view .LVU239
 797 003a 0CF1010C 		add	ip, ip, #1
 798              	.LVL56:
 340:BSP/u8g2/u8g2_setup.c ****     dir = 0;
 799              		.loc 1 340 7 view .LVU240
 800 003e 5FFA8CF1 		uxtb	r1, ip
 801              	.LVL57:
 341:BSP/u8g2/u8g2_setup.c ****   }
 802              		.loc 1 341 5 is_stmt 1 view .LVU241
 341:BSP/u8g2/u8g2_setup.c ****   }
 803              		.loc 1 341 9 is_stmt 0 view .LVU242
 804 0042 0024     		movs	r4, #0
 805 0044 EFE7     		b	.L39
 806              		.cfi_endproc
 807              	.LFE16:
 809              		.section	.text.u8g2_draw_l90_r2,"ax",%progbits
 810              		.align	1
 811              		.global	u8g2_draw_l90_r2
 812              		.syntax unified
 813              		.thumb
 814              		.thumb_func
 816              	u8g2_draw_l90_r2:
 817              	.LVL58:
 818              	.LFB17:
 346:BSP/u8g2/u8g2_setup.c **** 
 347:BSP/u8g2/u8g2_setup.c **** void u8g2_draw_l90_r2(u8g2_t *u8g2, u8g2_uint_t x, u8g2_uint_t y, u8g2_uint_t len, uint8_t dir)
 348:BSP/u8g2/u8g2_setup.c **** {
 819              		.loc 1 348 1 is_stmt 1 view -0
 820              		.cfi_startproc
 821              		@ args = 4, pretend = 0, frame = 0
 822              		@ frame_needed = 0, uses_anonymous_args = 0
 823              		.loc 1 348 1 is_stmt 0 view .LVU244
 824 0000 10B5     		push	{r4, lr}
 825              	.LCFI24:
 826              		.cfi_def_cfa_offset 8
 827              		.cfi_offset 4, -8
 828              		.cfi_offset 14, -4
 829 0002 82B0     		sub	sp, sp, #8
 830              	.LCFI25:
 831              		.cfi_def_cfa_offset 16
 832 0004 9DF81040 		ldrb	r4, [sp, #16]	@ zero_extendqisi2
 349:BSP/u8g2/u8g2_setup.c ****   u8g2_uint_t xx, yy;
 833              		.loc 1 349 3 is_stmt 1 view .LVU245
 350:BSP/u8g2/u8g2_setup.c **** 
ARM GAS  /tmp/cc56ZISu.s 			page 23


 351:BSP/u8g2/u8g2_setup.c ****   /*
 352:BSP/u8g2/u8g2_setup.c ****   yy = u8g2->height;
 353:BSP/u8g2/u8g2_setup.c ****   yy -= y;
 354:BSP/u8g2/u8g2_setup.c ****   yy--;
 355:BSP/u8g2/u8g2_setup.c ****   
 356:BSP/u8g2/u8g2_setup.c ****   xx = u8g2->width;
 357:BSP/u8g2/u8g2_setup.c ****   xx -= x;
 358:BSP/u8g2/u8g2_setup.c ****   xx--;
 359:BSP/u8g2/u8g2_setup.c ****   
 360:BSP/u8g2/u8g2_setup.c ****   if ( dir == 0 )
 361:BSP/u8g2/u8g2_setup.c ****   {
 362:BSP/u8g2/u8g2_setup.c ****     xx -= len;
 363:BSP/u8g2/u8g2_setup.c ****     xx++;
 364:BSP/u8g2/u8g2_setup.c ****   }
 365:BSP/u8g2/u8g2_setup.c ****   else if ( dir == 1 )
 366:BSP/u8g2/u8g2_setup.c ****   {
 367:BSP/u8g2/u8g2_setup.c ****     yy -= len;
 368:BSP/u8g2/u8g2_setup.c ****     yy++;
 369:BSP/u8g2/u8g2_setup.c ****   }
 370:BSP/u8g2/u8g2_setup.c ****   */
 371:BSP/u8g2/u8g2_setup.c **** 
 372:BSP/u8g2/u8g2_setup.c ****   yy = u8g2->height;
 834              		.loc 1 372 3 view .LVU246
 835              		.loc 1 372 6 is_stmt 0 view .LVU247
 836 0008 90F844C0 		ldrb	ip, [r0, #68]	@ zero_extendqisi2
 837              	.LVL59:
 373:BSP/u8g2/u8g2_setup.c ****   yy -= y;
 838              		.loc 1 373 3 is_stmt 1 view .LVU248
 839              		.loc 1 373 6 is_stmt 0 view .LVU249
 840 000c ACEB0202 		sub	r2, ip, r2
 841              	.LVL60:
 842              		.loc 1 373 6 view .LVU250
 843 0010 D2B2     		uxtb	r2, r2
 844              	.LVL61:
 374:BSP/u8g2/u8g2_setup.c ****   
 375:BSP/u8g2/u8g2_setup.c ****   xx = u8g2->width;
 845              		.loc 1 375 3 is_stmt 1 view .LVU251
 846              		.loc 1 375 6 is_stmt 0 view .LVU252
 847 0012 90F843C0 		ldrb	ip, [r0, #67]	@ zero_extendqisi2
 848              	.LVL62:
 376:BSP/u8g2/u8g2_setup.c ****   xx -= x;
 849              		.loc 1 376 3 is_stmt 1 view .LVU253
 850              		.loc 1 376 6 is_stmt 0 view .LVU254
 851 0016 ACEB0101 		sub	r1, ip, r1
 852              	.LVL63:
 853              		.loc 1 376 6 view .LVU255
 854 001a C9B2     		uxtb	r1, r1
 855              	.LVL64:
 377:BSP/u8g2/u8g2_setup.c ****   
 378:BSP/u8g2/u8g2_setup.c ****   if ( dir == 0 )
 856              		.loc 1 378 3 is_stmt 1 view .LVU256
 857              		.loc 1 378 6 is_stmt 0 view .LVU257
 858 001c 44B9     		cbnz	r4, .L43
 379:BSP/u8g2/u8g2_setup.c ****   {
 380:BSP/u8g2/u8g2_setup.c ****     yy--;
 859              		.loc 1 380 5 is_stmt 1 view .LVU258
 860              		.loc 1 380 7 is_stmt 0 view .LVU259
ARM GAS  /tmp/cc56ZISu.s 			page 24


 861 001e 013A     		subs	r2, r2, #1
 862              	.LVL65:
 863              		.loc 1 380 7 view .LVU260
 864 0020 D2B2     		uxtb	r2, r2
 865              	.LVL66:
 381:BSP/u8g2/u8g2_setup.c ****     xx -= len;
 866              		.loc 1 381 5 is_stmt 1 view .LVU261
 867              		.loc 1 381 8 is_stmt 0 view .LVU262
 868 0022 C91A     		subs	r1, r1, r3
 869              	.LVL67:
 870              		.loc 1 381 8 view .LVU263
 871 0024 C9B2     		uxtb	r1, r1
 872              	.LVL68:
 873              	.L44:
 382:BSP/u8g2/u8g2_setup.c ****   }
 383:BSP/u8g2/u8g2_setup.c ****   else if ( dir == 1 )
 384:BSP/u8g2/u8g2_setup.c ****   {
 385:BSP/u8g2/u8g2_setup.c ****     xx--;
 386:BSP/u8g2/u8g2_setup.c ****     yy -= len;
 387:BSP/u8g2/u8g2_setup.c ****   }
 388:BSP/u8g2/u8g2_setup.c **** 
 389:BSP/u8g2/u8g2_setup.c ****   u8g2_draw_hv_line_2dir(u8g2, xx, yy, len, dir);
 874              		.loc 1 389 3 is_stmt 1 view .LVU264
 875 0026 0094     		str	r4, [sp]
 876 0028 FFF7FEFF 		bl	u8g2_draw_hv_line_2dir
 877              	.LVL69:
 390:BSP/u8g2/u8g2_setup.c **** }
 878              		.loc 1 390 1 is_stmt 0 view .LVU265
 879 002c 02B0     		add	sp, sp, #8
 880              	.LCFI26:
 881              		.cfi_remember_state
 882              		.cfi_def_cfa_offset 8
 883              		@ sp needed
 884 002e 10BD     		pop	{r4, pc}
 885              	.LVL70:
 886              	.L43:
 887              	.LCFI27:
 888              		.cfi_restore_state
 383:BSP/u8g2/u8g2_setup.c ****   {
 889              		.loc 1 383 8 is_stmt 1 view .LVU266
 383:BSP/u8g2/u8g2_setup.c ****   {
 890              		.loc 1 383 11 is_stmt 0 view .LVU267
 891 0030 012C     		cmp	r4, #1
 892 0032 F8D1     		bne	.L44
 385:BSP/u8g2/u8g2_setup.c ****     yy -= len;
 893              		.loc 1 385 5 is_stmt 1 view .LVU268
 385:BSP/u8g2/u8g2_setup.c ****     yy -= len;
 894              		.loc 1 385 7 is_stmt 0 view .LVU269
 895 0034 0139     		subs	r1, r1, #1
 896              	.LVL71:
 385:BSP/u8g2/u8g2_setup.c ****     yy -= len;
 897              		.loc 1 385 7 view .LVU270
 898 0036 C9B2     		uxtb	r1, r1
 899              	.LVL72:
 386:BSP/u8g2/u8g2_setup.c ****   }
 900              		.loc 1 386 5 is_stmt 1 view .LVU271
 386:BSP/u8g2/u8g2_setup.c ****   }
ARM GAS  /tmp/cc56ZISu.s 			page 25


 901              		.loc 1 386 8 is_stmt 0 view .LVU272
 902 0038 D21A     		subs	r2, r2, r3
 903              	.LVL73:
 386:BSP/u8g2/u8g2_setup.c ****   }
 904              		.loc 1 386 8 view .LVU273
 905 003a D2B2     		uxtb	r2, r2
 906              	.LVL74:
 386:BSP/u8g2/u8g2_setup.c ****   }
 907              		.loc 1 386 8 view .LVU274
 908 003c F3E7     		b	.L44
 909              		.cfi_endproc
 910              	.LFE17:
 912              		.section	.text.u8g2_draw_l90_r3,"ax",%progbits
 913              		.align	1
 914              		.global	u8g2_draw_l90_r3
 915              		.syntax unified
 916              		.thumb
 917              		.thumb_func
 919              	u8g2_draw_l90_r3:
 920              	.LVL75:
 921              	.LFB18:
 391:BSP/u8g2/u8g2_setup.c **** 
 392:BSP/u8g2/u8g2_setup.c **** void u8g2_draw_l90_r3(u8g2_t *u8g2, u8g2_uint_t x, u8g2_uint_t y, u8g2_uint_t len, uint8_t dir)
 393:BSP/u8g2/u8g2_setup.c **** {
 922              		.loc 1 393 1 is_stmt 1 view -0
 923              		.cfi_startproc
 924              		@ args = 4, pretend = 0, frame = 0
 925              		@ frame_needed = 0, uses_anonymous_args = 0
 926              		.loc 1 393 1 is_stmt 0 view .LVU276
 927 0000 10B5     		push	{r4, lr}
 928              	.LCFI28:
 929              		.cfi_def_cfa_offset 8
 930              		.cfi_offset 4, -8
 931              		.cfi_offset 14, -4
 932 0002 82B0     		sub	sp, sp, #8
 933              	.LCFI29:
 934              		.cfi_def_cfa_offset 16
 935 0004 0C46     		mov	r4, r1
 936 0006 1146     		mov	r1, r2
 937              	.LVL76:
 938              		.loc 1 393 1 view .LVU277
 939 0008 9DF81020 		ldrb	r2, [sp, #16]	@ zero_extendqisi2
 940              	.LVL77:
 394:BSP/u8g2/u8g2_setup.c ****   u8g2_uint_t xx, yy;
 941              		.loc 1 394 3 is_stmt 1 view .LVU278
 395:BSP/u8g2/u8g2_setup.c **** 
 396:BSP/u8g2/u8g2_setup.c ****   xx = y;
 942              		.loc 1 396 3 view .LVU279
 397:BSP/u8g2/u8g2_setup.c ****   
 398:BSP/u8g2/u8g2_setup.c ****   yy = u8g2->width;
 943              		.loc 1 398 3 view .LVU280
 944              		.loc 1 398 6 is_stmt 0 view .LVU281
 945 000c 90F843C0 		ldrb	ip, [r0, #67]	@ zero_extendqisi2
 946              	.LVL78:
 399:BSP/u8g2/u8g2_setup.c ****   yy -= x;
 947              		.loc 1 399 3 is_stmt 1 view .LVU282
 948              		.loc 1 399 6 is_stmt 0 view .LVU283
ARM GAS  /tmp/cc56ZISu.s 			page 26


 949 0010 ACEB040C 		sub	ip, ip, r4
 950 0014 5FFA8CFC 		uxtb	ip, ip
 951              	.LVL79:
 400:BSP/u8g2/u8g2_setup.c ****   
 401:BSP/u8g2/u8g2_setup.c ****   if ( dir == 0 )
 952              		.loc 1 401 3 is_stmt 1 view .LVU284
 953              		.loc 1 401 6 is_stmt 0 view .LVU285
 954 0018 8AB9     		cbnz	r2, .L47
 402:BSP/u8g2/u8g2_setup.c ****   {
 403:BSP/u8g2/u8g2_setup.c ****     yy--;
 955              		.loc 1 403 5 is_stmt 1 view .LVU286
 956              		.loc 1 403 7 is_stmt 0 view .LVU287
 957 001a 0CF1FF3C 		add	ip, ip, #-1
 958              	.LVL80:
 959              		.loc 1 403 7 view .LVU288
 960 001e 5FFA8CFC 		uxtb	ip, ip
 961              	.LVL81:
 404:BSP/u8g2/u8g2_setup.c ****     yy -= len;
 962              		.loc 1 404 5 is_stmt 1 view .LVU289
 963              		.loc 1 404 8 is_stmt 0 view .LVU290
 964 0022 ACEB030C 		sub	ip, ip, r3
 965              	.LVL82:
 966              		.loc 1 404 8 view .LVU291
 967 0026 5FFA8CFC 		uxtb	ip, ip
 968              	.LVL83:
 405:BSP/u8g2/u8g2_setup.c ****     yy++;
 969              		.loc 1 405 5 is_stmt 1 view .LVU292
 970              		.loc 1 405 7 is_stmt 0 view .LVU293
 971 002a 0CF1010C 		add	ip, ip, #1
 972              	.LVL84:
 973              		.loc 1 405 7 view .LVU294
 974 002e 5FFA8CF2 		uxtb	r2, ip
 975              	.LVL85:
 406:BSP/u8g2/u8g2_setup.c ****     dir = 1;
 976              		.loc 1 406 5 is_stmt 1 view .LVU295
 977              		.loc 1 406 9 is_stmt 0 view .LVU296
 978 0032 0124     		movs	r4, #1
 979              	.LVL86:
 980              	.L48:
 407:BSP/u8g2/u8g2_setup.c ****   }
 408:BSP/u8g2/u8g2_setup.c ****   else
 409:BSP/u8g2/u8g2_setup.c ****   {
 410:BSP/u8g2/u8g2_setup.c ****     yy--;
 411:BSP/u8g2/u8g2_setup.c ****     dir = 0;
 412:BSP/u8g2/u8g2_setup.c ****   }
 413:BSP/u8g2/u8g2_setup.c ****   
 414:BSP/u8g2/u8g2_setup.c ****   
 415:BSP/u8g2/u8g2_setup.c ****   u8g2_draw_hv_line_2dir(u8g2, xx, yy, len, dir);
 981              		.loc 1 415 3 is_stmt 1 view .LVU297
 982 0034 0094     		str	r4, [sp]
 983 0036 FFF7FEFF 		bl	u8g2_draw_hv_line_2dir
 984              	.LVL87:
 416:BSP/u8g2/u8g2_setup.c **** }
 985              		.loc 1 416 1 is_stmt 0 view .LVU298
 986 003a 02B0     		add	sp, sp, #8
 987              	.LCFI30:
 988              		.cfi_remember_state
ARM GAS  /tmp/cc56ZISu.s 			page 27


 989              		.cfi_def_cfa_offset 8
 990              		@ sp needed
 991 003c 10BD     		pop	{r4, pc}
 992              	.LVL88:
 993              	.L47:
 994              	.LCFI31:
 995              		.cfi_restore_state
 410:BSP/u8g2/u8g2_setup.c ****     dir = 0;
 996              		.loc 1 410 5 is_stmt 1 view .LVU299
 410:BSP/u8g2/u8g2_setup.c ****     dir = 0;
 997              		.loc 1 410 7 is_stmt 0 view .LVU300
 998 003e 0CF1FF3C 		add	ip, ip, #-1
 999              	.LVL89:
 410:BSP/u8g2/u8g2_setup.c ****     dir = 0;
 1000              		.loc 1 410 7 view .LVU301
 1001 0042 5FFA8CF2 		uxtb	r2, ip
 1002              	.LVL90:
 411:BSP/u8g2/u8g2_setup.c ****   }
 1003              		.loc 1 411 5 is_stmt 1 view .LVU302
 411:BSP/u8g2/u8g2_setup.c ****   }
 1004              		.loc 1 411 9 is_stmt 0 view .LVU303
 1005 0046 0024     		movs	r4, #0
 1006 0048 F4E7     		b	.L48
 1007              		.cfi_endproc
 1008              	.LFE18:
 1010              		.section	.text.u8g2_SetMaxClipWindow,"ax",%progbits
 1011              		.align	1
 1012              		.global	u8g2_SetMaxClipWindow
 1013              		.syntax unified
 1014              		.thumb
 1015              		.thumb_func
 1017              	u8g2_SetMaxClipWindow:
 1018              	.LVL91:
 1019              	.LFB0:
  47:BSP/u8g2/u8g2_setup.c ****   u8g2->clip_x0 = 0;
 1020              		.loc 1 47 1 is_stmt 1 view -0
 1021              		.cfi_startproc
 1022              		@ args = 0, pretend = 0, frame = 0
 1023              		@ frame_needed = 0, uses_anonymous_args = 0
  47:BSP/u8g2/u8g2_setup.c ****   u8g2->clip_x0 = 0;
 1024              		.loc 1 47 1 is_stmt 0 view .LVU305
 1025 0000 08B5     		push	{r3, lr}
 1026              	.LCFI32:
 1027              		.cfi_def_cfa_offset 8
 1028              		.cfi_offset 3, -8
 1029              		.cfi_offset 14, -4
  48:BSP/u8g2/u8g2_setup.c ****   u8g2->clip_y0 = 0;
 1030              		.loc 1 48 3 is_stmt 1 view .LVU306
  48:BSP/u8g2/u8g2_setup.c ****   u8g2->clip_y0 = 0;
 1031              		.loc 1 48 17 is_stmt 0 view .LVU307
 1032 0002 0022     		movs	r2, #0
 1033 0004 80F84920 		strb	r2, [r0, #73]
  49:BSP/u8g2/u8g2_setup.c ****   u8g2->clip_x1 = (u8g2_uint_t)~(u8g2_uint_t)0;
 1034              		.loc 1 49 3 is_stmt 1 view .LVU308
  49:BSP/u8g2/u8g2_setup.c ****   u8g2->clip_x1 = (u8g2_uint_t)~(u8g2_uint_t)0;
 1035              		.loc 1 49 17 is_stmt 0 view .LVU309
 1036 0008 80F84B20 		strb	r2, [r0, #75]
ARM GAS  /tmp/cc56ZISu.s 			page 28


  50:BSP/u8g2/u8g2_setup.c ****   u8g2->clip_y1 = (u8g2_uint_t)~(u8g2_uint_t)0;
 1037              		.loc 1 50 3 is_stmt 1 view .LVU310
  50:BSP/u8g2/u8g2_setup.c ****   u8g2->clip_y1 = (u8g2_uint_t)~(u8g2_uint_t)0;
 1038              		.loc 1 50 17 is_stmt 0 view .LVU311
 1039 000c FF22     		movs	r2, #255
 1040 000e 80F84A20 		strb	r2, [r0, #74]
  51:BSP/u8g2/u8g2_setup.c ****   
 1041              		.loc 1 51 3 is_stmt 1 view .LVU312
  51:BSP/u8g2/u8g2_setup.c ****   
 1042              		.loc 1 51 17 is_stmt 0 view .LVU313
 1043 0012 80F84C20 		strb	r2, [r0, #76]
  53:BSP/u8g2/u8g2_setup.c **** }
 1044              		.loc 1 53 3 is_stmt 1 view .LVU314
  53:BSP/u8g2/u8g2_setup.c **** }
 1045              		.loc 1 53 7 is_stmt 0 view .LVU315
 1046 0016 436B     		ldr	r3, [r0, #52]
  53:BSP/u8g2/u8g2_setup.c **** }
 1047              		.loc 1 53 11 view .LVU316
 1048 0018 5B68     		ldr	r3, [r3, #4]
  53:BSP/u8g2/u8g2_setup.c **** }
 1049              		.loc 1 53 3 view .LVU317
 1050 001a 9847     		blx	r3
 1051              	.LVL92:
  54:BSP/u8g2/u8g2_setup.c **** 
 1052              		.loc 1 54 1 view .LVU318
 1053 001c 08BD     		pop	{r3, pc}
 1054              		.cfi_endproc
 1055              	.LFE0:
 1057              		.section	.text.u8g2_SetClipWindow,"ax",%progbits
 1058              		.align	1
 1059              		.global	u8g2_SetClipWindow
 1060              		.syntax unified
 1061              		.thumb
 1062              		.thumb_func
 1064              	u8g2_SetClipWindow:
 1065              	.LVL93:
 1066              	.LFB1:
  57:BSP/u8g2/u8g2_setup.c ****   u8g2->clip_x0 = clip_x0;
 1067              		.loc 1 57 1 is_stmt 1 view -0
 1068              		.cfi_startproc
 1069              		@ args = 4, pretend = 0, frame = 0
 1070              		@ frame_needed = 0, uses_anonymous_args = 0
  57:BSP/u8g2/u8g2_setup.c ****   u8g2->clip_x0 = clip_x0;
 1071              		.loc 1 57 1 is_stmt 0 view .LVU320
 1072 0000 08B5     		push	{r3, lr}
 1073              	.LCFI33:
 1074              		.cfi_def_cfa_offset 8
 1075              		.cfi_offset 3, -8
 1076              		.cfi_offset 14, -4
  58:BSP/u8g2/u8g2_setup.c ****   u8g2->clip_y0 = clip_y0;
 1077              		.loc 1 58 3 is_stmt 1 view .LVU321
  58:BSP/u8g2/u8g2_setup.c ****   u8g2->clip_y0 = clip_y0;
 1078              		.loc 1 58 17 is_stmt 0 view .LVU322
 1079 0002 80F84910 		strb	r1, [r0, #73]
  59:BSP/u8g2/u8g2_setup.c ****   u8g2->clip_x1 = clip_x1;
 1080              		.loc 1 59 3 is_stmt 1 view .LVU323
  59:BSP/u8g2/u8g2_setup.c ****   u8g2->clip_x1 = clip_x1;
ARM GAS  /tmp/cc56ZISu.s 			page 29


 1081              		.loc 1 59 17 is_stmt 0 view .LVU324
 1082 0006 80F84B20 		strb	r2, [r0, #75]
  60:BSP/u8g2/u8g2_setup.c ****   u8g2->clip_y1 = clip_y1;
 1083              		.loc 1 60 3 is_stmt 1 view .LVU325
  60:BSP/u8g2/u8g2_setup.c ****   u8g2->clip_y1 = clip_y1;
 1084              		.loc 1 60 17 is_stmt 0 view .LVU326
 1085 000a 80F84A30 		strb	r3, [r0, #74]
  61:BSP/u8g2/u8g2_setup.c ****   u8g2->cb->update_page_win(u8g2);
 1086              		.loc 1 61 3 is_stmt 1 view .LVU327
  61:BSP/u8g2/u8g2_setup.c ****   u8g2->cb->update_page_win(u8g2);
 1087              		.loc 1 61 17 is_stmt 0 view .LVU328
 1088 000e 9DF80830 		ldrb	r3, [sp, #8]	@ zero_extendqisi2
 1089              	.LVL94:
  61:BSP/u8g2/u8g2_setup.c ****   u8g2->cb->update_page_win(u8g2);
 1090              		.loc 1 61 17 view .LVU329
 1091 0012 80F84C30 		strb	r3, [r0, #76]
  62:BSP/u8g2/u8g2_setup.c **** }
 1092              		.loc 1 62 3 is_stmt 1 view .LVU330
  62:BSP/u8g2/u8g2_setup.c **** }
 1093              		.loc 1 62 7 is_stmt 0 view .LVU331
 1094 0016 436B     		ldr	r3, [r0, #52]
  62:BSP/u8g2/u8g2_setup.c **** }
 1095              		.loc 1 62 11 view .LVU332
 1096 0018 5B68     		ldr	r3, [r3, #4]
  62:BSP/u8g2/u8g2_setup.c **** }
 1097              		.loc 1 62 3 view .LVU333
 1098 001a 9847     		blx	r3
 1099              	.LVL95:
  63:BSP/u8g2/u8g2_setup.c **** #endif
 1100              		.loc 1 63 1 view .LVU334
 1101 001c 08BD     		pop	{r3, pc}
  63:BSP/u8g2/u8g2_setup.c **** #endif
 1102              		.loc 1 63 1 view .LVU335
 1103              		.cfi_endproc
 1104              	.LFE1:
 1106              		.section	.text.u8g2_SetupBuffer,"ax",%progbits
 1107              		.align	1
 1108              		.global	u8g2_SetupBuffer
 1109              		.syntax unified
 1110              		.thumb
 1111              		.thumb_func
 1113              	u8g2_SetupBuffer:
 1114              	.LVL96:
 1115              	.LFB2:
  72:BSP/u8g2/u8g2_setup.c ****   u8g2->font = NULL;
 1116              		.loc 1 72 1 is_stmt 1 view -0
 1117              		.cfi_startproc
 1118              		@ args = 4, pretend = 0, frame = 0
 1119              		@ frame_needed = 0, uses_anonymous_args = 0
  72:BSP/u8g2/u8g2_setup.c ****   u8g2->font = NULL;
 1120              		.loc 1 72 1 is_stmt 0 view .LVU337
 1121 0000 70B5     		push	{r4, r5, r6, lr}
 1122              	.LCFI34:
 1123              		.cfi_def_cfa_offset 16
 1124              		.cfi_offset 4, -16
 1125              		.cfi_offset 5, -12
 1126              		.cfi_offset 6, -8
ARM GAS  /tmp/cc56ZISu.s 			page 30


 1127              		.cfi_offset 14, -4
 1128 0002 0446     		mov	r4, r0
 1129 0004 049E     		ldr	r6, [sp, #16]
  73:BSP/u8g2/u8g2_setup.c ****   //u8g2->kerning = NULL;
 1130              		.loc 1 73 3 is_stmt 1 view .LVU338
  73:BSP/u8g2/u8g2_setup.c ****   //u8g2->kerning = NULL;
 1131              		.loc 1 73 14 is_stmt 0 view .LVU339
 1132 0006 0025     		movs	r5, #0
 1133 0008 0565     		str	r5, [r0, #80]
  78:BSP/u8g2/u8g2_setup.c ****   
 1134              		.loc 1 78 3 is_stmt 1 view .LVU340
  78:BSP/u8g2/u8g2_setup.c ****   
 1135              		.loc 1 78 19 is_stmt 0 view .LVU341
 1136 000a 0363     		str	r3, [r0, #48]
  80:BSP/u8g2/u8g2_setup.c ****   u8g2->tile_buf_height = tile_buf_height;
 1137              		.loc 1 80 3 is_stmt 1 view .LVU342
  80:BSP/u8g2/u8g2_setup.c ****   u8g2->tile_buf_height = tile_buf_height;
 1138              		.loc 1 80 22 is_stmt 0 view .LVU343
 1139 000c 8163     		str	r1, [r0, #56]
  81:BSP/u8g2/u8g2_setup.c ****   
 1140              		.loc 1 81 3 is_stmt 1 view .LVU344
  81:BSP/u8g2/u8g2_setup.c ****   
 1141              		.loc 1 81 25 is_stmt 0 view .LVU345
 1142 000e 80F83C20 		strb	r2, [r0, #60]
  83:BSP/u8g2/u8g2_setup.c ****   
 1143              		.loc 1 83 3 is_stmt 1 view .LVU346
  83:BSP/u8g2/u8g2_setup.c ****   
 1144              		.loc 1 83 23 is_stmt 0 view .LVU347
 1145 0012 80F83D50 		strb	r5, [r0, #61]
  85:BSP/u8g2/u8g2_setup.c ****   u8g2->bitmap_transparency = 0;
 1146              		.loc 1 85 3 is_stmt 1 view .LVU348
  85:BSP/u8g2/u8g2_setup.c ****   u8g2->bitmap_transparency = 0;
 1147              		.loc 1 85 36 is_stmt 0 view .LVU349
 1148 0016 80F86350 		strb	r5, [r0, #99]
  86:BSP/u8g2/u8g2_setup.c ****   
 1149              		.loc 1 86 3 is_stmt 1 view .LVU350
  86:BSP/u8g2/u8g2_setup.c ****   
 1150              		.loc 1 86 29 is_stmt 0 view .LVU351
 1151 001a 80F88550 		strb	r5, [r0, #133]
  88:BSP/u8g2/u8g2_setup.c ****   u8g2->is_auto_page_clear = 1;
 1152              		.loc 1 88 3 is_stmt 1 view .LVU352
  88:BSP/u8g2/u8g2_setup.c ****   u8g2->is_auto_page_clear = 1;
 1153              		.loc 1 88 20 is_stmt 0 view .LVU353
 1154 001e 0123     		movs	r3, #1
 1155              	.LVL97:
  88:BSP/u8g2/u8g2_setup.c ****   u8g2->is_auto_page_clear = 1;
 1156              		.loc 1 88 20 view .LVU354
 1157 0020 80F88630 		strb	r3, [r0, #134]
  89:BSP/u8g2/u8g2_setup.c ****   
 1158              		.loc 1 89 3 is_stmt 1 view .LVU355
  89:BSP/u8g2/u8g2_setup.c ****   
 1159              		.loc 1 89 28 is_stmt 0 view .LVU356
 1160 0024 80F88730 		strb	r3, [r0, #135]
  91:BSP/u8g2/u8g2_setup.c ****   u8g2->cb->update_dimension(u8g2);
 1161              		.loc 1 91 3 is_stmt 1 view .LVU357
  91:BSP/u8g2/u8g2_setup.c ****   u8g2->cb->update_dimension(u8g2);
 1162              		.loc 1 91 12 is_stmt 0 view .LVU358
ARM GAS  /tmp/cc56ZISu.s 			page 31


 1163 0028 4663     		str	r6, [r0, #52]
  92:BSP/u8g2/u8g2_setup.c **** #ifdef U8G2_WITH_CLIP_WINDOW_SUPPORT
 1164              		.loc 1 92 3 is_stmt 1 view .LVU359
  92:BSP/u8g2/u8g2_setup.c **** #ifdef U8G2_WITH_CLIP_WINDOW_SUPPORT
 1165              		.loc 1 92 11 is_stmt 0 view .LVU360
 1166 002a 3368     		ldr	r3, [r6]
  92:BSP/u8g2/u8g2_setup.c **** #ifdef U8G2_WITH_CLIP_WINDOW_SUPPORT
 1167              		.loc 1 92 3 view .LVU361
 1168 002c 9847     		blx	r3
 1169              	.LVL98:
  94:BSP/u8g2/u8g2_setup.c **** #else
 1170              		.loc 1 94 3 is_stmt 1 view .LVU362
 1171 002e 2046     		mov	r0, r4
 1172 0030 FFF7FEFF 		bl	u8g2_SetMaxClipWindow
 1173              	.LVL99:
  99:BSP/u8g2/u8g2_setup.c ****   
 1174              		.loc 1 99 3 view .LVU363
 1175 0034 2046     		mov	r0, r4
 1176 0036 FFF7FEFF 		bl	u8g2_SetFontPosBaseline
 1177              	.LVL100:
 102:BSP/u8g2/u8g2_setup.c **** #endif
 1178              		.loc 1 102 3 view .LVU364
 102:BSP/u8g2/u8g2_setup.c **** #endif
 1179              		.loc 1 102 25 is_stmt 0 view .LVU365
 1180 003a 84F86650 		strb	r5, [r4, #102]
 104:BSP/u8g2/u8g2_setup.c **** 
 1181              		.loc 1 104 1 view .LVU366
 1182 003e 70BD     		pop	{r4, r5, r6, pc}
 104:BSP/u8g2/u8g2_setup.c **** 
 1183              		.loc 1 104 1 view .LVU367
 1184              		.cfi_endproc
 1185              	.LFE2:
 1187              		.section	.text.u8g2_SetDisplayRotation,"ax",%progbits
 1188              		.align	1
 1189              		.global	u8g2_SetDisplayRotation
 1190              		.syntax unified
 1191              		.thumb
 1192              		.thumb_func
 1194              	u8g2_SetDisplayRotation:
 1195              	.LVL101:
 1196              	.LFB3:
 111:BSP/u8g2/u8g2_setup.c ****   u8g2->cb = u8g2_cb;
 1197              		.loc 1 111 1 is_stmt 1 view -0
 1198              		.cfi_startproc
 1199              		@ args = 0, pretend = 0, frame = 0
 1200              		@ frame_needed = 0, uses_anonymous_args = 0
 111:BSP/u8g2/u8g2_setup.c ****   u8g2->cb = u8g2_cb;
 1201              		.loc 1 111 1 is_stmt 0 view .LVU369
 1202 0000 10B5     		push	{r4, lr}
 1203              	.LCFI35:
 1204              		.cfi_def_cfa_offset 8
 1205              		.cfi_offset 4, -8
 1206              		.cfi_offset 14, -4
 1207 0002 0446     		mov	r4, r0
 112:BSP/u8g2/u8g2_setup.c ****   u8g2->cb->update_dimension(u8g2);
 1208              		.loc 1 112 3 is_stmt 1 view .LVU370
 112:BSP/u8g2/u8g2_setup.c ****   u8g2->cb->update_dimension(u8g2);
ARM GAS  /tmp/cc56ZISu.s 			page 32


 1209              		.loc 1 112 12 is_stmt 0 view .LVU371
 1210 0004 4163     		str	r1, [r0, #52]
 113:BSP/u8g2/u8g2_setup.c ****   u8g2->cb->update_page_win(u8g2);
 1211              		.loc 1 113 3 is_stmt 1 view .LVU372
 113:BSP/u8g2/u8g2_setup.c ****   u8g2->cb->update_page_win(u8g2);
 1212              		.loc 1 113 11 is_stmt 0 view .LVU373
 1213 0006 0B68     		ldr	r3, [r1]
 113:BSP/u8g2/u8g2_setup.c ****   u8g2->cb->update_page_win(u8g2);
 1214              		.loc 1 113 3 view .LVU374
 1215 0008 9847     		blx	r3
 1216              	.LVL102:
 114:BSP/u8g2/u8g2_setup.c **** }
 1217              		.loc 1 114 3 is_stmt 1 view .LVU375
 114:BSP/u8g2/u8g2_setup.c **** }
 1218              		.loc 1 114 7 is_stmt 0 view .LVU376
 1219 000a 636B     		ldr	r3, [r4, #52]
 114:BSP/u8g2/u8g2_setup.c **** }
 1220              		.loc 1 114 11 view .LVU377
 1221 000c 5B68     		ldr	r3, [r3, #4]
 114:BSP/u8g2/u8g2_setup.c **** }
 1222              		.loc 1 114 3 view .LVU378
 1223 000e 2046     		mov	r0, r4
 1224 0010 9847     		blx	r3
 1225              	.LVL103:
 115:BSP/u8g2/u8g2_setup.c **** 
 1226              		.loc 1 115 1 view .LVU379
 1227 0012 10BD     		pop	{r4, pc}
 115:BSP/u8g2/u8g2_setup.c **** 
 1228              		.loc 1 115 1 view .LVU380
 1229              		.cfi_endproc
 1230              	.LFE3:
 1232              		.section	.text.u8g2_Setup_null,"ax",%progbits
 1233              		.align	1
 1234              		.global	u8g2_Setup_null
 1235              		.syntax unified
 1236              		.thumb
 1237              		.thumb_func
 1239              	u8g2_Setup_null:
 1240              	.LVL104:
 1241              	.LFB19:
 417:BSP/u8g2/u8g2_setup.c **** 
 418:BSP/u8g2/u8g2_setup.c **** 
 419:BSP/u8g2/u8g2_setup.c **** 
 420:BSP/u8g2/u8g2_setup.c **** /*============================================*/
 421:BSP/u8g2/u8g2_setup.c **** const u8g2_cb_t u8g2_cb_r0 = { u8g2_update_dimension_r0, u8g2_update_page_win_r0, u8g2_draw_l90_r0 
 422:BSP/u8g2/u8g2_setup.c **** const u8g2_cb_t u8g2_cb_r1 = { u8g2_update_dimension_r1, u8g2_update_page_win_r1, u8g2_draw_l90_r1 
 423:BSP/u8g2/u8g2_setup.c **** const u8g2_cb_t u8g2_cb_r2 = { u8g2_update_dimension_r2, u8g2_update_page_win_r2, u8g2_draw_l90_r2 
 424:BSP/u8g2/u8g2_setup.c **** const u8g2_cb_t u8g2_cb_r3 = { u8g2_update_dimension_r3, u8g2_update_page_win_r3, u8g2_draw_l90_r3 
 425:BSP/u8g2/u8g2_setup.c ****   
 426:BSP/u8g2/u8g2_setup.c **** const u8g2_cb_t u8g2_cb_mirror = { u8g2_update_dimension_r0, u8g2_update_page_win_r0, u8g2_draw_l90
 427:BSP/u8g2/u8g2_setup.c ****   
 428:BSP/u8g2/u8g2_setup.c **** /*============================================*/
 429:BSP/u8g2/u8g2_setup.c **** /* setup for the null device */
 430:BSP/u8g2/u8g2_setup.c **** 
 431:BSP/u8g2/u8g2_setup.c **** /* setup for the null (empty) device */
 432:BSP/u8g2/u8g2_setup.c **** void u8g2_Setup_null(u8g2_t *u8g2, const u8g2_cb_t *rotation, u8x8_msg_cb byte_cb, u8x8_msg_cb gpio
 433:BSP/u8g2/u8g2_setup.c **** {
ARM GAS  /tmp/cc56ZISu.s 			page 33


 1242              		.loc 1 433 1 is_stmt 1 view -0
 1243              		.cfi_startproc
 1244              		@ args = 0, pretend = 0, frame = 0
 1245              		@ frame_needed = 0, uses_anonymous_args = 0
 1246              		.loc 1 433 1 is_stmt 0 view .LVU382
 1247 0000 30B5     		push	{r4, r5, lr}
 1248              	.LCFI36:
 1249              		.cfi_def_cfa_offset 12
 1250              		.cfi_offset 4, -12
 1251              		.cfi_offset 5, -8
 1252              		.cfi_offset 14, -4
 1253 0002 83B0     		sub	sp, sp, #12
 1254              	.LCFI37:
 1255              		.cfi_def_cfa_offset 24
 1256 0004 0446     		mov	r4, r0
 1257 0006 0D46     		mov	r5, r1
 434:BSP/u8g2/u8g2_setup.c ****   static uint8_t buf[8];
 1258              		.loc 1 434 3 is_stmt 1 view .LVU383
 435:BSP/u8g2/u8g2_setup.c ****   u8g2_SetupDisplay(u8g2, u8x8_d_null_cb, u8x8_cad_empty, byte_cb, gpio_and_delay_cb);
 1259              		.loc 1 435 3 view .LVU384
 1260 0008 0093     		str	r3, [sp]
 1261 000a 1346     		mov	r3, r2
 1262              	.LVL105:
 1263              		.loc 1 435 3 is_stmt 0 view .LVU385
 1264 000c 064A     		ldr	r2, .L60
 1265              	.LVL106:
 1266              		.loc 1 435 3 view .LVU386
 1267 000e 0749     		ldr	r1, .L60+4
 1268              	.LVL107:
 1269              		.loc 1 435 3 view .LVU387
 1270 0010 FFF7FEFF 		bl	u8x8_Setup
 1271              	.LVL108:
 436:BSP/u8g2/u8g2_setup.c ****   u8g2_SetupBuffer(u8g2, buf, 1, u8g2_ll_hvline_vertical_top_lsb, rotation);
 1272              		.loc 1 436 3 is_stmt 1 view .LVU388
 1273 0014 0095     		str	r5, [sp]
 1274 0016 064B     		ldr	r3, .L60+8
 1275 0018 0122     		movs	r2, #1
 1276 001a 0649     		ldr	r1, .L60+12
 1277 001c 2046     		mov	r0, r4
 1278 001e FFF7FEFF 		bl	u8g2_SetupBuffer
 1279              	.LVL109:
 437:BSP/u8g2/u8g2_setup.c **** }
 1280              		.loc 1 437 1 is_stmt 0 view .LVU389
 1281 0022 03B0     		add	sp, sp, #12
 1282              	.LCFI38:
 1283              		.cfi_def_cfa_offset 12
 1284              		@ sp needed
 1285 0024 30BD     		pop	{r4, r5, pc}
 1286              	.LVL110:
 1287              	.L61:
 1288              		.loc 1 437 1 view .LVU390
 1289 0026 00BF     		.align	2
 1290              	.L60:
 1291 0028 00000000 		.word	u8x8_cad_empty
 1292 002c 00000000 		.word	u8x8_d_null_cb
 1293 0030 00000000 		.word	u8g2_ll_hvline_vertical_top_lsb
 1294 0034 00000000 		.word	buf.0
ARM GAS  /tmp/cc56ZISu.s 			page 34


 1295              		.cfi_endproc
 1296              	.LFE19:
 1298              		.section	.bss.buf.0,"aw",%nobits
 1299              		.align	2
 1302              	buf.0:
 1303 0000 00000000 		.space	8
 1303      00000000 
 1304              		.global	u8g2_cb_mirror
 1305              		.section	.rodata.u8g2_cb_mirror,"a"
 1306              		.align	2
 1309              	u8g2_cb_mirror:
 1310 0000 00000000 		.word	u8g2_update_dimension_r0
 1311 0004 00000000 		.word	u8g2_update_page_win_r0
 1312 0008 00000000 		.word	u8g2_draw_l90_mirrorr_r0
 1313              		.global	u8g2_cb_r3
 1314              		.section	.rodata.u8g2_cb_r3,"a"
 1315              		.align	2
 1318              	u8g2_cb_r3:
 1319 0000 00000000 		.word	u8g2_update_dimension_r3
 1320 0004 00000000 		.word	u8g2_update_page_win_r3
 1321 0008 00000000 		.word	u8g2_draw_l90_r3
 1322              		.global	u8g2_cb_r2
 1323              		.section	.rodata.u8g2_cb_r2,"a"
 1324              		.align	2
 1327              	u8g2_cb_r2:
 1328 0000 00000000 		.word	u8g2_update_dimension_r2
 1329 0004 00000000 		.word	u8g2_update_page_win_r2
 1330 0008 00000000 		.word	u8g2_draw_l90_r2
 1331              		.global	u8g2_cb_r1
 1332              		.section	.rodata.u8g2_cb_r1,"a"
 1333              		.align	2
 1336              	u8g2_cb_r1:
 1337 0000 00000000 		.word	u8g2_update_dimension_r1
 1338 0004 00000000 		.word	u8g2_update_page_win_r1
 1339 0008 00000000 		.word	u8g2_draw_l90_r1
 1340              		.global	u8g2_cb_r0
 1341              		.section	.rodata.u8g2_cb_r0,"a"
 1342              		.align	2
 1345              	u8g2_cb_r0:
 1346 0000 00000000 		.word	u8g2_update_dimension_r0
 1347 0004 00000000 		.word	u8g2_update_page_win_r0
 1348 0008 00000000 		.word	u8g2_draw_l90_r0
 1349              		.text
 1350              	.Letext0:
 1351              		.file 2 "/usr/lib/gcc/arm-none-eabi/13.2.1/include/stdint.h"
 1352              		.file 3 "BSP/u8g2/u8x8.h"
 1353              		.file 4 "BSP/u8g2/u8g2.h"
ARM GAS  /tmp/cc56ZISu.s 			page 35


DEFINED SYMBOLS
                            *ABS*:00000000 u8g2_setup.c
     /tmp/cc56ZISu.s:19     .text.u8g2_update_dimension_common:00000000 $t
     /tmp/cc56ZISu.s:24     .text.u8g2_update_dimension_common:00000000 u8g2_update_dimension_common
     /tmp/cc56ZISu.s:142    .text.u8g2_update_dimension_r0:00000000 $t
     /tmp/cc56ZISu.s:148    .text.u8g2_update_dimension_r0:00000000 u8g2_update_dimension_r0
     /tmp/cc56ZISu.s:170    .text.u8g2_update_dimension_r1:00000000 $t
     /tmp/cc56ZISu.s:176    .text.u8g2_update_dimension_r1:00000000 u8g2_update_dimension_r1
     /tmp/cc56ZISu.s:212    .text.u8g2_update_dimension_r2:00000000 $t
     /tmp/cc56ZISu.s:218    .text.u8g2_update_dimension_r2:00000000 u8g2_update_dimension_r2
     /tmp/cc56ZISu.s:240    .text.u8g2_update_dimension_r3:00000000 $t
     /tmp/cc56ZISu.s:246    .text.u8g2_update_dimension_r3:00000000 u8g2_update_dimension_r3
     /tmp/cc56ZISu.s:282    .text.u8g2_apply_clip_window:00000000 $t
     /tmp/cc56ZISu.s:287    .text.u8g2_apply_clip_window:00000000 u8g2_apply_clip_window
     /tmp/cc56ZISu.s:388    .text.u8g2_update_page_win_r0:00000000 $t
     /tmp/cc56ZISu.s:394    .text.u8g2_update_page_win_r0:00000000 u8g2_update_page_win_r0
     /tmp/cc56ZISu.s:435    .text.u8g2_update_page_win_r1:00000000 $t
     /tmp/cc56ZISu.s:441    .text.u8g2_update_page_win_r1:00000000 u8g2_update_page_win_r1
     /tmp/cc56ZISu.s:482    .text.u8g2_update_page_win_r2:00000000 $t
     /tmp/cc56ZISu.s:488    .text.u8g2_update_page_win_r2:00000000 u8g2_update_page_win_r2
     /tmp/cc56ZISu.s:543    .text.u8g2_update_page_win_r3:00000000 $t
     /tmp/cc56ZISu.s:549    .text.u8g2_update_page_win_r3:00000000 u8g2_update_page_win_r3
     /tmp/cc56ZISu.s:605    .text.u8g2_draw_l90_r0:00000000 $t
     /tmp/cc56ZISu.s:611    .text.u8g2_draw_l90_r0:00000000 u8g2_draw_l90_r0
     /tmp/cc56ZISu.s:643    .text.u8g2_draw_l90_mirrorr_r0:00000000 $t
     /tmp/cc56ZISu.s:649    .text.u8g2_draw_l90_mirrorr_r0:00000000 u8g2_draw_l90_mirrorr_r0
     /tmp/cc56ZISu.s:718    .text.u8g2_draw_l90_r1:00000000 $t
     /tmp/cc56ZISu.s:724    .text.u8g2_draw_l90_r1:00000000 u8g2_draw_l90_r1
     /tmp/cc56ZISu.s:810    .text.u8g2_draw_l90_r2:00000000 $t
     /tmp/cc56ZISu.s:816    .text.u8g2_draw_l90_r2:00000000 u8g2_draw_l90_r2
     /tmp/cc56ZISu.s:913    .text.u8g2_draw_l90_r3:00000000 $t
     /tmp/cc56ZISu.s:919    .text.u8g2_draw_l90_r3:00000000 u8g2_draw_l90_r3
     /tmp/cc56ZISu.s:1011   .text.u8g2_SetMaxClipWindow:00000000 $t
     /tmp/cc56ZISu.s:1017   .text.u8g2_SetMaxClipWindow:00000000 u8g2_SetMaxClipWindow
     /tmp/cc56ZISu.s:1058   .text.u8g2_SetClipWindow:00000000 $t
     /tmp/cc56ZISu.s:1064   .text.u8g2_SetClipWindow:00000000 u8g2_SetClipWindow
     /tmp/cc56ZISu.s:1107   .text.u8g2_SetupBuffer:00000000 $t
     /tmp/cc56ZISu.s:1113   .text.u8g2_SetupBuffer:00000000 u8g2_SetupBuffer
     /tmp/cc56ZISu.s:1188   .text.u8g2_SetDisplayRotation:00000000 $t
     /tmp/cc56ZISu.s:1194   .text.u8g2_SetDisplayRotation:00000000 u8g2_SetDisplayRotation
     /tmp/cc56ZISu.s:1233   .text.u8g2_Setup_null:00000000 $t
     /tmp/cc56ZISu.s:1239   .text.u8g2_Setup_null:00000000 u8g2_Setup_null
     /tmp/cc56ZISu.s:1291   .text.u8g2_Setup_null:00000028 $d
     /tmp/cc56ZISu.s:1302   .bss.buf.0:00000000 buf.0
     /tmp/cc56ZISu.s:1299   .bss.buf.0:00000000 $d
     /tmp/cc56ZISu.s:1309   .rodata.u8g2_cb_mirror:00000000 u8g2_cb_mirror
     /tmp/cc56ZISu.s:1306   .rodata.u8g2_cb_mirror:00000000 $d
     /tmp/cc56ZISu.s:1318   .rodata.u8g2_cb_r3:00000000 u8g2_cb_r3
     /tmp/cc56ZISu.s:1315   .rodata.u8g2_cb_r3:00000000 $d
     /tmp/cc56ZISu.s:1327   .rodata.u8g2_cb_r2:00000000 u8g2_cb_r2
     /tmp/cc56ZISu.s:1324   .rodata.u8g2_cb_r2:00000000 $d
     /tmp/cc56ZISu.s:1336   .rodata.u8g2_cb_r1:00000000 u8g2_cb_r1
     /tmp/cc56ZISu.s:1333   .rodata.u8g2_cb_r1:00000000 $d
     /tmp/cc56ZISu.s:1345   .rodata.u8g2_cb_r0:00000000 u8g2_cb_r0
     /tmp/cc56ZISu.s:1342   .rodata.u8g2_cb_r0:00000000 $d

UNDEFINED SYMBOLS
ARM GAS  /tmp/cc56ZISu.s 			page 36


u8g2_IsIntersection
u8g2_draw_hv_line_2dir
u8g2_SetFontPosBaseline
u8x8_Setup
u8x8_cad_empty
u8x8_d_null_cb
u8g2_ll_hvline_vertical_top_lsb
