ARM GAS  /tmp/cceCr4eV.s 			page 1


   1              		.cpu cortex-m3
   2              		.arch armv7-m
   3              		.fpu softvfp
   4              		.eabi_attribute 20, 1
   5              		.eabi_attribute 21, 1
   6              		.eabi_attribute 23, 3
   7              		.eabi_attribute 24, 1
   8              		.eabi_attribute 25, 1
   9              		.eabi_attribute 26, 1
  10              		.eabi_attribute 30, 1
  11              		.eabi_attribute 34, 1
  12              		.eabi_attribute 18, 4
  13              		.file	"u8g2_port.c"
  14              		.text
  15              	.Ltext0:
  16              		.cfi_sections	.debug_frame
  17              		.file 1 "BSP/u8g2_port.c"
  18              		.section	.text.u8x8_byte_stm32_hw_i2c,"ax",%progbits
  19              		.align	1
  20              		.global	u8x8_byte_stm32_hw_i2c
  21              		.syntax unified
  22              		.thumb
  23              		.thumb_func
  25              	u8x8_byte_stm32_hw_i2c:
  26              	.LVL0:
  27              	.LFB65:
   1:BSP/u8g2_port.c **** #include "main.h"
   2:BSP/u8g2_port.c **** #include "u8g2.h" 
   3:BSP/u8g2_port.c **** #include "stm32f1xx_hal.h" // 确保引用了 F1 的 HAL 库
   4:BSP/u8g2_port.c **** 
   5:BSP/u8g2_port.c **** // 定义 OLED 的 I2C 地址 (通常是 0x3C 或 0x78，u8g2 内部会自动处理读写位)
   6:BSP/u8g2_port.c **** // 这里填 0x78 是因为 HAL 库通常使用 8位地址 (0x3C << 1)
   7:BSP/u8g2_port.c **** #define OLED_I2C_ADDRESS  0x78 
   8:BSP/u8g2_port.c **** 
   9:BSP/u8g2_port.c **** // 引用 CubeMX 生成的 I2C 句柄
  10:BSP/u8g2_port.c **** extern I2C_HandleTypeDef hi2c1; 
  11:BSP/u8g2_port.c **** 
  12:BSP/u8g2_port.c **** // =============================================
  13:BSP/u8g2_port.c **** // 回调函数 1: 硬件 I2C 通信
  14:BSP/u8g2_port.c **** // =============================================
  15:BSP/u8g2_port.c **** uint8_t u8x8_byte_stm32_hw_i2c(u8x8_t *u8x8, uint8_t msg, uint8_t arg_int, void *arg_ptr)
  16:BSP/u8g2_port.c **** {
  28              		.loc 1 16 1 view -0
  29              		.cfi_startproc
  30              		@ args = 0, pretend = 0, frame = 0
  31              		@ frame_needed = 0, uses_anonymous_args = 0
  17:BSP/u8g2_port.c ****     static uint8_t buffer[32]; // u8g2 发送缓冲区
  32              		.loc 1 17 5 view .LVU1
  18:BSP/u8g2_port.c ****     static uint8_t buf_idx;
  33              		.loc 1 18 5 view .LVU2
  19:BSP/u8g2_port.c ****     uint8_t *data;
  34              		.loc 1 19 5 view .LVU3
  20:BSP/u8g2_port.c **** 
  21:BSP/u8g2_port.c ****     switch(msg)
  35              		.loc 1 21 5 view .LVU4
  36 0000 1439     		subs	r1, r1, #20
  37              	.LVL1:
ARM GAS  /tmp/cceCr4eV.s 			page 2


  38              		.loc 1 21 5 is_stmt 0 view .LVU5
  39 0002 0C29     		cmp	r1, #12
  40 0004 08D8     		bhi	.L2
  41 0006 DFE801F0 		tbb	[pc, r1]
  42              	.LVL2:
  43              	.L4:
  44 000a 2F       		.byte	(.L9-.L4)/2
  45 000b 07       		.byte	(.L2-.L4)/2
  46 000c 07       		.byte	(.L2-.L4)/2
  47 000d 16       		.byte	(.L7-.L4)/2
  48 000e 1A       		.byte	(.L6-.L4)/2
  49 000f 1F       		.byte	(.L5-.L4)/2
  50 0010 07       		.byte	(.L2-.L4)/2
  51 0011 07       		.byte	(.L2-.L4)/2
  52 0012 07       		.byte	(.L2-.L4)/2
  53 0013 07       		.byte	(.L2-.L4)/2
  54 0014 07       		.byte	(.L2-.L4)/2
  55 0015 07       		.byte	(.L2-.L4)/2
  56 0016 2F       		.byte	(.L9-.L4)/2
  57 0017 00       		.p2align 1
  58              	.L2:
  59              		.loc 1 21 5 view .LVU6
  60 0018 0020     		movs	r0, #0
  61 001a 7047     		bx	lr
  62              	.LVL3:
  63              	.L8:
  22:BSP/u8g2_port.c ****     {
  23:BSP/u8g2_port.c ****     case U8X8_MSG_BYTE_SEND:
  24:BSP/u8g2_port.c ****         // 收集要发送的数据
  25:BSP/u8g2_port.c ****         data = (uint8_t *)arg_ptr;
  26:BSP/u8g2_port.c ****         while( arg_int > 0 )
  27:BSP/u8g2_port.c ****         {
  28:BSP/u8g2_port.c ****             buffer[buf_idx++] = *data;
  64              		.loc 1 28 13 is_stmt 1 view .LVU7
  65              		.loc 1 28 27 is_stmt 0 view .LVU8
  66 001c 1448     		ldr	r0, .L15
  67 001e 0178     		ldrb	r1, [r0]	@ zero_extendqisi2
  68 0020 01F1010C 		add	ip, r1, #1
  69 0024 80F800C0 		strb	ip, [r0]
  70              		.loc 1 28 33 view .LVU9
  71 0028 13F801CB 		ldrb	ip, [r3], #1	@ zero_extendqisi2
  72              	.LVL4:
  73              		.loc 1 28 31 view .LVU10
  74 002c 1148     		ldr	r0, .L15+4
  75 002e 00F801C0 		strb	ip, [r0, r1]
  29:BSP/u8g2_port.c ****             data++;
  76              		.loc 1 29 13 is_stmt 1 view .LVU11
  77              	.LVL5:
  30:BSP/u8g2_port.c ****             arg_int--;
  78              		.loc 1 30 13 view .LVU12
  79              		.loc 1 30 20 is_stmt 0 view .LVU13
  80 0032 013A     		subs	r2, r2, #1
  81              	.LVL6:
  82              		.loc 1 30 20 view .LVU14
  83 0034 D2B2     		uxtb	r2, r2
  84              	.LVL7:
  85              	.L7:
ARM GAS  /tmp/cceCr4eV.s 			page 3


  26:BSP/u8g2_port.c ****         {
  86              		.loc 1 26 24 is_stmt 1 view .LVU15
  87 0036 002A     		cmp	r2, #0
  88 0038 F0D1     		bne	.L8
  31:BSP/u8g2_port.c ****         }
  32:BSP/u8g2_port.c ****         break;
  33:BSP/u8g2_port.c ****         
  34:BSP/u8g2_port.c ****     case U8X8_MSG_BYTE_INIT:
  35:BSP/u8g2_port.c ****         /* I2C 已经在 main.c 里初始化了，这里留空 */
  36:BSP/u8g2_port.c ****         break;
  37:BSP/u8g2_port.c ****         
  38:BSP/u8g2_port.c ****     case U8X8_MSG_BYTE_SET_DC:
  39:BSP/u8g2_port.c ****         /* I2C 不需要 DC 引脚，留空 */
  40:BSP/u8g2_port.c ****         break;
  41:BSP/u8g2_port.c ****         
  42:BSP/u8g2_port.c ****     case U8X8_MSG_BYTE_START_TRANSFER:
  43:BSP/u8g2_port.c ****         buf_idx = 0; // 开始传输，重置缓冲区索引
  44:BSP/u8g2_port.c ****         break;
  45:BSP/u8g2_port.c ****         
  46:BSP/u8g2_port.c ****     case U8X8_MSG_BYTE_END_TRANSFER:
  47:BSP/u8g2_port.c ****         // 结束传输，真正调用 HAL 库发送数据
  48:BSP/u8g2_port.c ****         // 注意：如果你用的是 FreeRTOS，这里最好加一个超时时间，或者改用 
  49:BSP/u8g2_port.c ****         if(HAL_I2C_Master_Transmit(&hi2c1, OLED_I2C_ADDRESS, buffer, buf_idx, 100) != HAL_OK) 
  50:BSP/u8g2_port.c ****             return 0;
  51:BSP/u8g2_port.c ****         break;
  52:BSP/u8g2_port.c ****         
  53:BSP/u8g2_port.c ****     default:
  54:BSP/u8g2_port.c ****         return 0;
  55:BSP/u8g2_port.c ****     }
  56:BSP/u8g2_port.c ****     return 1;
  89              		.loc 1 56 12 is_stmt 0 view .LVU16
  90 003a 0120     		movs	r0, #1
  91 003c 7047     		bx	lr
  92              	.LVL8:
  93              	.L6:
  43:BSP/u8g2_port.c ****         break;
  94              		.loc 1 43 9 is_stmt 1 view .LVU17
  43:BSP/u8g2_port.c ****         break;
  95              		.loc 1 43 17 is_stmt 0 view .LVU18
  96 003e 0C4B     		ldr	r3, .L15
  97              	.LVL9:
  43:BSP/u8g2_port.c ****         break;
  98              		.loc 1 43 17 view .LVU19
  99 0040 0022     		movs	r2, #0
 100              	.LVL10:
  43:BSP/u8g2_port.c ****         break;
 101              		.loc 1 43 17 view .LVU20
 102 0042 1A70     		strb	r2, [r3]
  44:BSP/u8g2_port.c ****         
 103              		.loc 1 44 9 is_stmt 1 view .LVU21
 104              		.loc 1 56 12 is_stmt 0 view .LVU22
 105 0044 0120     		movs	r0, #1
  44:BSP/u8g2_port.c ****         
 106              		.loc 1 44 9 view .LVU23
 107 0046 7047     		bx	lr
 108              	.LVL11:
 109              	.L5:
ARM GAS  /tmp/cceCr4eV.s 			page 4


  16:BSP/u8g2_port.c ****     static uint8_t buffer[32]; // u8g2 发送缓冲区
 110              		.loc 1 16 1 view .LVU24
 111 0048 00B5     		push	{lr}
 112              	.LCFI0:
 113              		.cfi_def_cfa_offset 4
 114              		.cfi_offset 14, -4
 115 004a 83B0     		sub	sp, sp, #12
 116              	.LCFI1:
 117              		.cfi_def_cfa_offset 16
  49:BSP/u8g2_port.c ****             return 0;
 118              		.loc 1 49 9 is_stmt 1 view .LVU25
  49:BSP/u8g2_port.c ****             return 0;
 119              		.loc 1 49 12 is_stmt 0 view .LVU26
 120 004c 6423     		movs	r3, #100
 121              	.LVL12:
  49:BSP/u8g2_port.c ****             return 0;
 122              		.loc 1 49 12 view .LVU27
 123 004e 0093     		str	r3, [sp]
 124 0050 074B     		ldr	r3, .L15
 125 0052 1B78     		ldrb	r3, [r3]	@ zero_extendqisi2
 126 0054 074A     		ldr	r2, .L15+4
 127              	.LVL13:
  49:BSP/u8g2_port.c ****             return 0;
 128              		.loc 1 49 12 view .LVU28
 129 0056 7821     		movs	r1, #120
 130 0058 0748     		ldr	r0, .L15+8
 131 005a FFF7FEFF 		bl	HAL_I2C_Master_Transmit
 132              	.LVL14:
  49:BSP/u8g2_port.c ****             return 0;
 133              		.loc 1 49 11 discriminator 1 view .LVU29
 134 005e 28B9     		cbnz	r0, .L10
 135              		.loc 1 56 12 view .LVU30
 136 0060 0120     		movs	r0, #1
 137              	.L3:
  57:BSP/u8g2_port.c **** }
 138              		.loc 1 57 1 view .LVU31
 139 0062 03B0     		add	sp, sp, #12
 140              	.LCFI2:
 141              		.cfi_def_cfa_offset 4
 142              		@ sp needed
 143 0064 5DF804FB 		ldr	pc, [sp], #4
 144              	.LVL15:
 145              	.L9:
 146              	.LCFI3:
 147              		.cfi_def_cfa_offset 0
 148              		.cfi_restore 14
  56:BSP/u8g2_port.c **** }
 149              		.loc 1 56 12 view .LVU32
 150 0068 0120     		movs	r0, #1
 151              		.loc 1 57 1 view .LVU33
 152 006a 7047     		bx	lr
 153              	.LVL16:
 154              	.L10:
 155              	.LCFI4:
 156              		.cfi_def_cfa_offset 16
 157              		.cfi_offset 14, -4
  50:BSP/u8g2_port.c ****         break;
ARM GAS  /tmp/cceCr4eV.s 			page 5


 158              		.loc 1 50 20 view .LVU34
 159 006c 0020     		movs	r0, #0
 160 006e F8E7     		b	.L3
 161              	.L16:
 162              		.align	2
 163              	.L15:
 164 0070 00000000 		.word	buf_idx.1
 165 0074 00000000 		.word	buffer.0
 166 0078 00000000 		.word	hi2c1
 167              		.cfi_endproc
 168              	.LFE65:
 170              		.section	.text.u8x8_stm32_gpio_and_delay,"ax",%progbits
 171              		.align	1
 172              		.global	u8x8_stm32_gpio_and_delay
 173              		.syntax unified
 174              		.thumb
 175              		.thumb_func
 177              	u8x8_stm32_gpio_and_delay:
 178              	.LVL17:
 179              	.LFB66:
  58:BSP/u8g2_port.c **** 
  59:BSP/u8g2_port.c **** // =============================================
  60:BSP/u8g2_port.c **** // 回调函数 2: GPIO 和 延时
  61:BSP/u8g2_port.c **** // =============================================
  62:BSP/u8g2_port.c **** uint8_t u8x8_stm32_gpio_and_delay(u8x8_t *u8x8, uint8_t msg, uint8_t arg_int, void *arg_ptr)
  63:BSP/u8g2_port.c **** {
 180              		.loc 1 63 1 is_stmt 1 view -0
 181              		.cfi_startproc
 182              		@ args = 0, pretend = 0, frame = 0
 183              		@ frame_needed = 0, uses_anonymous_args = 0
  64:BSP/u8g2_port.c ****     switch(msg)
 184              		.loc 1 64 5 view .LVU36
 185 0000 2929     		cmp	r1, #41
 186 0002 01D0     		beq	.L23
  65:BSP/u8g2_port.c ****     {
  66:BSP/u8g2_port.c ****     case U8X8_MSG_GPIO_AND_DELAY_INIT:
  67:BSP/u8g2_port.c ****         // GPIO 初始化已在 main.c 完成
  68:BSP/u8g2_port.c ****         break;
  69:BSP/u8g2_port.c **** 
  70:BSP/u8g2_port.c ****     case U8X8_MSG_DELAY_MILLI:
  71:BSP/u8g2_port.c ****         // 毫秒延时
  72:BSP/u8g2_port.c ****         // 如果在 FreeRTOS 任务中，建议用 osDelay(arg_int); 以释放 CPU
  73:BSP/u8g2_port.c ****         // 如果在初始化阶段（任务开始前），只能用 HAL_Delay(arg_int);
  74:BSP/u8g2_port.c ****         HAL_Delay(arg_int); 
  75:BSP/u8g2_port.c ****         break;
  76:BSP/u8g2_port.c **** 
  77:BSP/u8g2_port.c ****     case U8X8_MSG_GPIO_I2C_CLOCK:
  78:BSP/u8g2_port.c ****     case U8X8_MSG_GPIO_I2C_DATA:
  79:BSP/u8g2_port.c ****         // 硬件 I2C 不需要手动控制 SCL/SDA 电平
  80:BSP/u8g2_port.c ****         break;
  81:BSP/u8g2_port.c ****         
  82:BSP/u8g2_port.c ****     case U8X8_MSG_GPIO_RESET:
  83:BSP/u8g2_port.c ****         // 如果你的 OLED 有 RES 引脚，在这里操作 GPIO
  84:BSP/u8g2_port.c ****         // 如果是 4针 OLED (VCC,GND,SCL,SDA)，这里留空即可
  85:BSP/u8g2_port.c ****         break;
  86:BSP/u8g2_port.c ****     }
  87:BSP/u8g2_port.c ****     return 1;
ARM GAS  /tmp/cceCr4eV.s 			page 6


 187              		.loc 1 87 5 view .LVU37
  88:BSP/u8g2_port.c **** }...
 188              		.loc 1 88 1 is_stmt 0 view .LVU38
 189 0004 0120     		movs	r0, #1
 190              	.LVL18:
 191              		.loc 1 88 1 view .LVU39
 192 0006 7047     		bx	lr
 193              	.LVL19:
 194              	.L23:
  63:BSP/u8g2_port.c **** {
 195              		.loc 1 63 1 view .LVU40
 196 0008 08B5     		push	{r3, lr}
 197              	.LCFI5:
 198              		.cfi_def_cfa_offset 8
 199              		.cfi_offset 3, -8
 200              		.cfi_offset 14, -4
  74:BSP/u8g2_port.c ****         HAL_Delay(arg_int); 
 201              		.loc 1 74 9 is_stmt 1 view .LVU41
 202 000a 1046     		mov	r0, r2
 203              	.LVL20:
  74:BSP/u8g2_port.c ****         HAL_Delay(arg_int); 
 204              		.loc 1 74 9 is_stmt 0 view .LVU42
 205 000c FFF7FEFF 		bl	HAL_Delay
 206              	.LVL21:
  75:BSP/u8g2_port.c ****         break;
 207              		.loc 1 75 9 is_stmt 1 view .LVU43
  87:BSP/u8g2_port.c ****     return 1;
 208              		.loc 1 87 5 view .LVU44
 209              		.loc 1 88 1 is_stmt 0 view .LVU45
 210 0010 0120     		movs	r0, #1
 211 0012 08BD     		pop	{r3, pc}
 212              		.cfi_endproc
 213              	.LFE66:
 215              		.section	.bss.buffer.0,"aw",%nobits
 216              		.align	2
 219              	buffer.0:
 220 0000 00000000 		.space	32
 220      00000000 
 220      00000000 
 220      00000000 
 220      00000000 
 221              		.section	.bss.buf_idx.1,"aw",%nobits
 224              	buf_idx.1:
 225 0000 00       		.space	1
 226              		.text
 227              	.Letext0:
 228              		.file 2 "/usr/lib/gcc/arm-none-eabi/13.2.1/include/stdint.h"
 229              		.file 3 "Drivers/CMSIS/Device/ST/STM32F1xx/Include/stm32f103xb.h"
 230              		.file 4 "Drivers/STM32F1xx_HAL_Driver/Inc/stm32f1xx_hal_def.h"
 231              		.file 5 "Drivers/STM32F1xx_HAL_Driver/Inc/stm32f1xx_hal_dma.h"
 232              		.file 6 "Drivers/STM32F1xx_HAL_Driver/Inc/stm32f1xx_hal_i2c.h"
 233              		.file 7 "BSP/u8g2/u8x8.h"
 234              		.file 8 "Drivers/STM32F1xx_HAL_Driver/Inc/stm32f1xx_hal.h"
ARM GAS  /tmp/cceCr4eV.s 			page 7


DEFINED SYMBOLS
                            *ABS*:00000000 u8g2_port.c
     /tmp/cceCr4eV.s:19     .text.u8x8_byte_stm32_hw_i2c:00000000 $t
     /tmp/cceCr4eV.s:25     .text.u8x8_byte_stm32_hw_i2c:00000000 u8x8_byte_stm32_hw_i2c
     /tmp/cceCr4eV.s:44     .text.u8x8_byte_stm32_hw_i2c:0000000a $d
     /tmp/cceCr4eV.s:164    .text.u8x8_byte_stm32_hw_i2c:00000070 $d
     /tmp/cceCr4eV.s:224    .bss.buf_idx.1:00000000 buf_idx.1
     /tmp/cceCr4eV.s:219    .bss.buffer.0:00000000 buffer.0
     /tmp/cceCr4eV.s:171    .text.u8x8_stm32_gpio_and_delay:00000000 $t
     /tmp/cceCr4eV.s:177    .text.u8x8_stm32_gpio_and_delay:00000000 u8x8_stm32_gpio_and_delay
     /tmp/cceCr4eV.s:216    .bss.buffer.0:00000000 $d
     /tmp/cceCr4eV.s:225    .bss.buf_idx.1:00000000 $d
     /tmp/cceCr4eV.s:57     .text.u8x8_byte_stm32_hw_i2c:00000017 $d
     /tmp/cceCr4eV.s:57     .text.u8x8_byte_stm32_hw_i2c:00000018 $t

UNDEFINED SYMBOLS
HAL_I2C_Master_Transmit
hi2c1
HAL_Delay
