ARM GAS  /tmp/cccGUvSi.s 			page 1


   1              		.cpu cortex-m3
   2              		.arch armv7-m
   3              		.fpu softvfp
   4              		.eabi_attribute 20, 1
   5              		.eabi_attribute 21, 1
   6              		.eabi_attribute 23, 3
   7              		.eabi_attribute 24, 1
   8              		.eabi_attribute 25, 1
   9              		.eabi_attribute 26, 1
  10              		.eabi_attribute 30, 1
  11              		.eabi_attribute 34, 1
  12              		.eabi_attribute 18, 4
  13              		.file	"u8x8_gpio.c"
  14              		.text
  15              	.Ltext0:
  16              		.cfi_sections	.debug_frame
  17              		.file 1 "BSP/u8g2/u8x8_gpio.c"
  18              		.section	.text.u8x8_gpio_call,"ax",%progbits
  19              		.align	1
  20              		.global	u8x8_gpio_call
  21              		.syntax unified
  22              		.thumb
  23              		.thumb_func
  25              	u8x8_gpio_call:
  26              	.LVL0:
  27              	.LFB0:
   1:BSP/u8g2/u8x8_gpio.c **** /*
   2:BSP/u8g2/u8x8_gpio.c **** 
   3:BSP/u8g2/u8x8_gpio.c ****   u8x8_gpio.c
   4:BSP/u8g2/u8x8_gpio.c ****   
   5:BSP/u8g2/u8x8_gpio.c ****   Universal 8bit Graphics Library (https://github.com/olikraus/u8g2/)
   6:BSP/u8g2/u8x8_gpio.c **** 
   7:BSP/u8g2/u8x8_gpio.c ****   Copyright (c) 2016, olikraus@gmail.com
   8:BSP/u8g2/u8x8_gpio.c ****   All rights reserved.
   9:BSP/u8g2/u8x8_gpio.c **** 
  10:BSP/u8g2/u8x8_gpio.c ****   Redistribution and use in source and binary forms, with or without modification, 
  11:BSP/u8g2/u8x8_gpio.c ****   are permitted provided that the following conditions are met:
  12:BSP/u8g2/u8x8_gpio.c **** 
  13:BSP/u8g2/u8x8_gpio.c ****   * Redistributions of source code must retain the above copyright notice, this list 
  14:BSP/u8g2/u8x8_gpio.c ****     of conditions and the following disclaimer.
  15:BSP/u8g2/u8x8_gpio.c ****     
  16:BSP/u8g2/u8x8_gpio.c ****   * Redistributions in binary form must reproduce the above copyright notice, this 
  17:BSP/u8g2/u8x8_gpio.c ****     list of conditions and the following disclaimer in the documentation and/or other 
  18:BSP/u8g2/u8x8_gpio.c ****     materials provided with the distribution.
  19:BSP/u8g2/u8x8_gpio.c **** 
  20:BSP/u8g2/u8x8_gpio.c ****   THIS SOFTWARE IS PROVIDED BY THE COPYRIGHT HOLDERS AND 
  21:BSP/u8g2/u8x8_gpio.c ****   CONTRIBUTORS "AS IS" AND ANY EXPRESS OR IMPLIED WARRANTIES, 
  22:BSP/u8g2/u8x8_gpio.c ****   INCLUDING, BUT NOT LIMITED TO, THE IMPLIED WARRANTIES OF 
  23:BSP/u8g2/u8x8_gpio.c ****   MERCHANTABILITY AND FITNESS FOR A PARTICULAR PURPOSE ARE 
  24:BSP/u8g2/u8x8_gpio.c ****   DISCLAIMED. IN NO EVENT SHALL THE COPYRIGHT HOLDER OR 
  25:BSP/u8g2/u8x8_gpio.c ****   CONTRIBUTORS BE LIABLE FOR ANY DIRECT, INDIRECT, INCIDENTAL, 
  26:BSP/u8g2/u8x8_gpio.c ****   SPECIAL, EXEMPLARY, OR CONSEQUENTIAL DAMAGES (INCLUDING, BUT 
  27:BSP/u8g2/u8x8_gpio.c ****   NOT LIMITED TO, PROCUREMENT OF SUBSTITUTE GOODS OR SERVICES; 
  28:BSP/u8g2/u8x8_gpio.c ****   LOSS OF USE, DATA, OR PROFITS; OR BUSINESS INTERRUPTION) HOWEVER 
  29:BSP/u8g2/u8x8_gpio.c ****   CAUSED AND ON ANY THEORY OF LIABILITY, WHETHER IN CONTRACT, 
  30:BSP/u8g2/u8x8_gpio.c ****   STRICT LIABILITY, OR TORT (INCLUDING NEGLIGENCE OR OTHERWISE) 
  31:BSP/u8g2/u8x8_gpio.c ****   ARISING IN ANY WAY OUT OF THE USE OF THIS SOFTWARE, EVEN IF 
ARM GAS  /tmp/cccGUvSi.s 			page 2


  32:BSP/u8g2/u8x8_gpio.c ****   ADVISED OF THE POSSIBILITY OF SUCH DAMAGE.  
  33:BSP/u8g2/u8x8_gpio.c **** 
  34:BSP/u8g2/u8x8_gpio.c **** */
  35:BSP/u8g2/u8x8_gpio.c **** 
  36:BSP/u8g2/u8x8_gpio.c **** 
  37:BSP/u8g2/u8x8_gpio.c **** #include "u8x8.h"
  38:BSP/u8g2/u8x8_gpio.c **** 
  39:BSP/u8g2/u8x8_gpio.c **** 
  40:BSP/u8g2/u8x8_gpio.c **** void u8x8_gpio_call(u8x8_t *u8x8, uint8_t msg, uint8_t arg)
  41:BSP/u8g2/u8x8_gpio.c **** {
  28              		.loc 1 41 1 view -0
  29              		.cfi_startproc
  30              		@ args = 0, pretend = 0, frame = 0
  31              		@ frame_needed = 0, uses_anonymous_args = 0
  32              		.loc 1 41 1 is_stmt 0 view .LVU1
  33 0000 10B5     		push	{r4, lr}
  34              	.LCFI0:
  35              		.cfi_def_cfa_offset 8
  36              		.cfi_offset 4, -8
  37              		.cfi_offset 14, -4
  42:BSP/u8g2/u8x8_gpio.c ****   u8x8->gpio_and_delay_cb(u8x8, msg, arg, NULL);
  38              		.loc 1 42 3 is_stmt 1 view .LVU2
  39              		.loc 1 42 7 is_stmt 0 view .LVU3
  40 0002 4469     		ldr	r4, [r0, #20]
  41              		.loc 1 42 3 view .LVU4
  42 0004 0023     		movs	r3, #0
  43 0006 A047     		blx	r4
  44              	.LVL1:
  43:BSP/u8g2/u8x8_gpio.c **** }
  45              		.loc 1 43 1 view .LVU5
  46 0008 10BD     		pop	{r4, pc}
  47              		.cfi_endproc
  48              	.LFE0:
  50              		.text
  51              	.Letext0:
  52              		.file 2 "/usr/lib/gcc/arm-none-eabi/13.2.1/include/stdint.h"
  53              		.file 3 "BSP/u8g2/u8x8.h"
ARM GAS  /tmp/cccGUvSi.s 			page 3


DEFINED SYMBOLS
                            *ABS*:00000000 u8x8_gpio.c
     /tmp/cccGUvSi.s:19     .text.u8x8_gpio_call:00000000 $t
     /tmp/cccGUvSi.s:25     .text.u8x8_gpio_call:00000000 u8x8_gpio_call

NO UNDEFINED SYMBOLS
