ARM GAS  /tmp/ccd2mmte.s 			page 1


   1              		.cpu cortex-m3
   2              		.arch armv7-m
   3              		.fpu softvfp
   4              		.eabi_attribute 20, 1
   5              		.eabi_attribute 21, 1
   6              		.eabi_attribute 23, 3
   7              		.eabi_attribute 24, 1
   8              		.eabi_attribute 25, 1
   9              		.eabi_attribute 26, 1
  10              		.eabi_attribute 30, 1
  11              		.eabi_attribute 34, 1
  12              		.eabi_attribute 18, 4
  13              		.file	"usb_keyboard.c"
  14              		.text
  15              	.Ltext0:
  16              		.cfi_sections	.debug_frame
  17              		.file 1 "BSP/KEYBOARD/usb_keyboard.c"
  18              		.section	.text.USB_Keyboard_Init,"ax",%progbits
  19              		.align	1
  20              		.global	USB_Keyboard_Init
  21              		.syntax unified
  22              		.thumb
  23              		.thumb_func
  25              	USB_Keyboard_Init:
  26              	.LFB68:
   1:BSP/KEYBOARD/usb_keyboard.c **** /**
   2:BSP/KEYBOARD/usb_keyboard.c ****   ******************************************************************************
   3:BSP/KEYBOARD/usb_keyboard.c ****   * @file           : usb_keyboard.c
   4:BSP/KEYBOARD/usb_keyboard.c ****   * @brief          : USB Keyboard HID driver implementation
   5:BSP/KEYBOARD/usb_keyboard.c ****   ******************************************************************************
   6:BSP/KEYBOARD/usb_keyboard.c ****   */
   7:BSP/KEYBOARD/usb_keyboard.c **** 
   8:BSP/KEYBOARD/usb_keyboard.c **** #include "usb_keyboard.h"
   9:BSP/KEYBOARD/usb_keyboard.c **** #include "usbd_hid.h"
  10:BSP/KEYBOARD/usb_keyboard.c **** #include <string.h>
  11:BSP/KEYBOARD/usb_keyboard.c **** 
  12:BSP/KEYBOARD/usb_keyboard.c **** /* Keyboard report buffer */
  13:BSP/KEYBOARD/usb_keyboard.c **** static USB_KeyboardReport_t keyboard_report = {0};
  14:BSP/KEYBOARD/usb_keyboard.c **** static USB_KeyboardReport_t keyboard_report_last = {0};
  15:BSP/KEYBOARD/usb_keyboard.c **** 
  16:BSP/KEYBOARD/usb_keyboard.c **** /* USB device handle (external, from usb_device.c) */
  17:BSP/KEYBOARD/usb_keyboard.c **** extern USBD_HandleTypeDef hUsbDeviceFS;
  18:BSP/KEYBOARD/usb_keyboard.c **** 
  19:BSP/KEYBOARD/usb_keyboard.c **** /* Key state tracking */
  20:BSP/KEYBOARD/usb_keyboard.c **** static uint8_t pressed_keys[6] = {0};
  21:BSP/KEYBOARD/usb_keyboard.c **** static uint8_t key_count = 0;
  22:BSP/KEYBOARD/usb_keyboard.c **** 
  23:BSP/KEYBOARD/usb_keyboard.c **** /**
  24:BSP/KEYBOARD/usb_keyboard.c ****   * @brief Initialize USB keyboard
  25:BSP/KEYBOARD/usb_keyboard.c ****   * @retval None
  26:BSP/KEYBOARD/usb_keyboard.c ****   */
  27:BSP/KEYBOARD/usb_keyboard.c **** void USB_Keyboard_Init(void)
  28:BSP/KEYBOARD/usb_keyboard.c **** {
  27              		.loc 1 28 1 view -0
  28              		.cfi_startproc
  29              		@ args = 0, pretend = 0, frame = 0
  30              		@ frame_needed = 0, uses_anonymous_args = 0
ARM GAS  /tmp/ccd2mmte.s 			page 2


  31              		@ link register save eliminated.
  29:BSP/KEYBOARD/usb_keyboard.c ****     memset(&keyboard_report, 0, sizeof(keyboard_report));
  32              		.loc 1 29 5 view .LVU1
  33 0000 064A     		ldr	r2, .L2
  34 0002 0023     		movs	r3, #0
  35 0004 1360     		str	r3, [r2]
  36 0006 5360     		str	r3, [r2, #4]
  30:BSP/KEYBOARD/usb_keyboard.c ****     memset(&keyboard_report_last, 0, sizeof(keyboard_report_last));
  37              		.loc 1 30 5 view .LVU2
  38 0008 054A     		ldr	r2, .L2+4
  39 000a 1360     		str	r3, [r2]
  40 000c 5360     		str	r3, [r2, #4]
  31:BSP/KEYBOARD/usb_keyboard.c ****     memset(pressed_keys, 0, sizeof(pressed_keys));
  41              		.loc 1 31 5 view .LVU3
  42 000e 054A     		ldr	r2, .L2+8
  43 0010 1360     		str	r3, [r2]
  44 0012 9380     		strh	r3, [r2, #4]	@ movhi
  32:BSP/KEYBOARD/usb_keyboard.c ****     key_count = 0;
  45              		.loc 1 32 5 view .LVU4
  46              		.loc 1 32 15 is_stmt 0 view .LVU5
  47 0014 044A     		ldr	r2, .L2+12
  48 0016 1370     		strb	r3, [r2]
  33:BSP/KEYBOARD/usb_keyboard.c **** }
  49              		.loc 1 33 1 view .LVU6
  50 0018 7047     		bx	lr
  51              	.L3:
  52 001a 00BF     		.align	2
  53              	.L2:
  54 001c 00000000 		.word	keyboard_report
  55 0020 00000000 		.word	keyboard_report_last
  56 0024 00000000 		.word	pressed_keys
  57 0028 00000000 		.word	key_count
  58              		.cfi_endproc
  59              	.LFE68:
  61              		.section	.text.USB_Keyboard_PressKey,"ax",%progbits
  62              		.align	1
  63              		.global	USB_Keyboard_PressKey
  64              		.syntax unified
  65              		.thumb
  66              		.thumb_func
  68              	USB_Keyboard_PressKey:
  69              	.LVL0:
  70              	.LFB69:
  34:BSP/KEYBOARD/usb_keyboard.c **** 
  35:BSP/KEYBOARD/usb_keyboard.c **** /**
  36:BSP/KEYBOARD/usb_keyboard.c ****   * @brief Add a key to the keyboard report
  37:BSP/KEYBOARD/usb_keyboard.c ****   * @param key_code: HID keyboard code
  38:BSP/KEYBOARD/usb_keyboard.c ****   * @retval None
  39:BSP/KEYBOARD/usb_keyboard.c ****   */
  40:BSP/KEYBOARD/usb_keyboard.c **** void USB_Keyboard_PressKey(uint8_t key_code)
  41:BSP/KEYBOARD/usb_keyboard.c **** {
  71              		.loc 1 41 1 is_stmt 1 view -0
  72              		.cfi_startproc
  73              		@ args = 0, pretend = 0, frame = 0
  74              		@ frame_needed = 0, uses_anonymous_args = 0
  75              		@ link register save eliminated.
  42:BSP/KEYBOARD/usb_keyboard.c ****     if (key_code == 0) return;
ARM GAS  /tmp/ccd2mmte.s 			page 3


  76              		.loc 1 42 5 view .LVU8
  77              		.loc 1 42 8 is_stmt 0 view .LVU9
  78 0000 0146     		mov	r1, r0
  79 0002 A8B1     		cbz	r0, .L4
  80              	.LBB2:
  43:BSP/KEYBOARD/usb_keyboard.c ****     
  44:BSP/KEYBOARD/usb_keyboard.c ****     /* Check if key already in report */
  45:BSP/KEYBOARD/usb_keyboard.c ****     for (uint8_t i = 0; i < key_count; i++) {
  81              		.loc 1 45 18 view .LVU10
  82 0004 0023     		movs	r3, #0
  83              	.L6:
  84              	.LVL1:
  85              		.loc 1 45 27 is_stmt 1 discriminator 1 view .LVU11
  86 0006 0B4A     		ldr	r2, .L9
  87 0008 1278     		ldrb	r2, [r2]	@ zero_extendqisi2
  88 000a 9A42     		cmp	r2, r3
  89 000c 06D9     		bls	.L8
  46:BSP/KEYBOARD/usb_keyboard.c ****         if (pressed_keys[i] == key_code) {
  90              		.loc 1 46 9 view .LVU12
  91              		.loc 1 46 25 is_stmt 0 view .LVU13
  92 000e 0A4A     		ldr	r2, .L9+4
  93 0010 D25C     		ldrb	r2, [r2, r3]	@ zero_extendqisi2
  94              		.loc 1 46 12 view .LVU14
  95 0012 8A42     		cmp	r2, r1
  96 0014 0CD0     		beq	.L4
  45:BSP/KEYBOARD/usb_keyboard.c ****         if (pressed_keys[i] == key_code) {
  97              		.loc 1 45 41 is_stmt 1 discriminator 2 view .LVU15
  98 0016 0133     		adds	r3, r3, #1
  99              	.LVL2:
  45:BSP/KEYBOARD/usb_keyboard.c ****         if (pressed_keys[i] == key_code) {
 100              		.loc 1 45 41 is_stmt 0 discriminator 2 view .LVU16
 101 0018 DBB2     		uxtb	r3, r3
 102              	.LVL3:
  45:BSP/KEYBOARD/usb_keyboard.c ****         if (pressed_keys[i] == key_code) {
 103              		.loc 1 45 41 discriminator 2 view .LVU17
 104 001a F4E7     		b	.L6
 105              	.L8:
  45:BSP/KEYBOARD/usb_keyboard.c ****         if (pressed_keys[i] == key_code) {
 106              		.loc 1 45 41 discriminator 2 view .LVU18
 107              	.LBE2:
  47:BSP/KEYBOARD/usb_keyboard.c ****             return;  /* Already pressed */
  48:BSP/KEYBOARD/usb_keyboard.c ****         }
  49:BSP/KEYBOARD/usb_keyboard.c ****     }
  50:BSP/KEYBOARD/usb_keyboard.c ****     
  51:BSP/KEYBOARD/usb_keyboard.c ****     /* Add key if there's space */
  52:BSP/KEYBOARD/usb_keyboard.c ****     if (key_count < 6) {
 108              		.loc 1 52 5 is_stmt 1 view .LVU19
 109              		.loc 1 52 8 is_stmt 0 view .LVU20
 110 001c 052A     		cmp	r2, #5
 111 001e 07D8     		bhi	.L4
  53:BSP/KEYBOARD/usb_keyboard.c ****         pressed_keys[key_count] = key_code;
 112              		.loc 1 53 9 is_stmt 1 view .LVU21
 113              		.loc 1 53 33 is_stmt 0 view .LVU22
 114 0020 054B     		ldr	r3, .L9+4
 115              	.LVL4:
 116              		.loc 1 53 33 view .LVU23
 117 0022 9954     		strb	r1, [r3, r2]
ARM GAS  /tmp/ccd2mmte.s 			page 4


  54:BSP/KEYBOARD/usb_keyboard.c ****         keyboard_report.keycode[key_count] = key_code;
 118              		.loc 1 54 9 is_stmt 1 view .LVU24
 119              		.loc 1 54 44 is_stmt 0 view .LVU25
 120 0024 054B     		ldr	r3, .L9+8
 121 0026 1344     		add	r3, r3, r2
 122 0028 9970     		strb	r1, [r3, #2]
  55:BSP/KEYBOARD/usb_keyboard.c ****         key_count++;
 123              		.loc 1 55 9 is_stmt 1 view .LVU26
 124              		.loc 1 55 18 is_stmt 0 view .LVU27
 125 002a 0132     		adds	r2, r2, #1
 126 002c 014B     		ldr	r3, .L9
 127 002e 1A70     		strb	r2, [r3]
 128              	.LVL5:
 129              	.L4:
  56:BSP/KEYBOARD/usb_keyboard.c ****     }
  57:BSP/KEYBOARD/usb_keyboard.c **** }
 130              		.loc 1 57 1 view .LVU28
 131 0030 7047     		bx	lr
 132              	.L10:
 133 0032 00BF     		.align	2
 134              	.L9:
 135 0034 00000000 		.word	key_count
 136 0038 00000000 		.word	pressed_keys
 137 003c 00000000 		.word	keyboard_report
 138              		.cfi_endproc
 139              	.LFE69:
 141              		.section	.text.USB_Keyboard_ReleaseKey,"ax",%progbits
 142              		.align	1
 143              		.global	USB_Keyboard_ReleaseKey
 144              		.syntax unified
 145              		.thumb
 146              		.thumb_func
 148              	USB_Keyboard_ReleaseKey:
 149              	.LVL6:
 150              	.LFB70:
  58:BSP/KEYBOARD/usb_keyboard.c **** 
  59:BSP/KEYBOARD/usb_keyboard.c **** /**
  60:BSP/KEYBOARD/usb_keyboard.c ****   * @brief Remove a key from the keyboard report
  61:BSP/KEYBOARD/usb_keyboard.c ****   * @param key_code: HID keyboard code
  62:BSP/KEYBOARD/usb_keyboard.c ****   * @retval None
  63:BSP/KEYBOARD/usb_keyboard.c ****   */
  64:BSP/KEYBOARD/usb_keyboard.c **** void USB_Keyboard_ReleaseKey(uint8_t key_code)
  65:BSP/KEYBOARD/usb_keyboard.c **** {
 151              		.loc 1 65 1 is_stmt 1 view -0
 152              		.cfi_startproc
 153              		@ args = 0, pretend = 0, frame = 0
 154              		@ frame_needed = 0, uses_anonymous_args = 0
 155              		@ link register save eliminated.
  66:BSP/KEYBOARD/usb_keyboard.c ****     if (key_code == 0) return;
 156              		.loc 1 66 5 view .LVU30
 157              		.loc 1 66 8 is_stmt 0 view .LVU31
 158 0000 8446     		mov	ip, r0
 159 0002 20B3     		cbz	r0, .L11
 160              	.LBB3:
  67:BSP/KEYBOARD/usb_keyboard.c ****     
  68:BSP/KEYBOARD/usb_keyboard.c ****     /* Find and remove the key */
  69:BSP/KEYBOARD/usb_keyboard.c ****     for (uint8_t i = 0; i < key_count; i++) {
ARM GAS  /tmp/ccd2mmte.s 			page 5


 161              		.loc 1 69 18 view .LVU32
 162 0004 0023     		movs	r3, #0
 163              	.L13:
 164              	.LVL7:
 165              		.loc 1 69 27 is_stmt 1 discriminator 1 view .LVU33
 166 0006 124A     		ldr	r2, .L19
 167 0008 1278     		ldrb	r2, [r2]	@ zero_extendqisi2
 168 000a 9A42     		cmp	r2, r3
 169 000c 1FD9     		bls	.L11
  70:BSP/KEYBOARD/usb_keyboard.c ****         if (pressed_keys[i] == key_code) {
 170              		.loc 1 70 9 view .LVU34
 171              		.loc 1 70 25 is_stmt 0 view .LVU35
 172 000e 1149     		ldr	r1, .L19+4
 173 0010 C95C     		ldrb	r1, [r1, r3]	@ zero_extendqisi2
 174              		.loc 1 70 12 view .LVU36
 175 0012 6145     		cmp	r1, ip
 176 0014 0FD0     		beq	.L14
  69:BSP/KEYBOARD/usb_keyboard.c ****         if (pressed_keys[i] == key_code) {
 177              		.loc 1 69 41 is_stmt 1 discriminator 2 view .LVU37
 178 0016 0133     		adds	r3, r3, #1
 179              	.LVL8:
  69:BSP/KEYBOARD/usb_keyboard.c ****         if (pressed_keys[i] == key_code) {
 180              		.loc 1 69 41 is_stmt 0 discriminator 2 view .LVU38
 181 0018 DBB2     		uxtb	r3, r3
 182              	.LVL9:
  69:BSP/KEYBOARD/usb_keyboard.c ****         if (pressed_keys[i] == key_code) {
 183              		.loc 1 69 41 discriminator 2 view .LVU39
 184 001a F4E7     		b	.L13
 185              	.LVL10:
 186              	.L16:
 187              	.LBB4:
  71:BSP/KEYBOARD/usb_keyboard.c ****             /* Shift remaining keys */
  72:BSP/KEYBOARD/usb_keyboard.c ****             for (uint8_t j = i; j < key_count - 1; j++) {
  73:BSP/KEYBOARD/usb_keyboard.c ****                 pressed_keys[j] = pressed_keys[j + 1];
 188              		.loc 1 73 17 is_stmt 1 view .LVU40
 189              		.loc 1 73 50 is_stmt 0 view .LVU41
 190 001c 581C     		adds	r0, r3, #1
 191              		.loc 1 73 47 view .LVU42
 192 001e 0D49     		ldr	r1, .L19+4
 193 0020 11F800C0 		ldrb	ip, [r1, r0]	@ zero_extendqisi2
 194              		.loc 1 73 33 view .LVU43
 195 0024 01F803C0 		strb	ip, [r1, r3]
  74:BSP/KEYBOARD/usb_keyboard.c ****                 keyboard_report.keycode[j] = keyboard_report.keycode[j + 1];
 196              		.loc 1 74 17 is_stmt 1 view .LVU44
 197              		.loc 1 74 69 is_stmt 0 view .LVU45
 198 0028 0B49     		ldr	r1, .L19+8
 199 002a 0844     		add	r0, r0, r1
 200 002c 8078     		ldrb	r0, [r0, #2]	@ zero_extendqisi2
 201              		.loc 1 74 44 view .LVU46
 202 002e 1944     		add	r1, r1, r3
 203 0030 8870     		strb	r0, [r1, #2]
  72:BSP/KEYBOARD/usb_keyboard.c ****                 pressed_keys[j] = pressed_keys[j + 1];
 204              		.loc 1 72 53 is_stmt 1 discriminator 3 view .LVU47
 205 0032 0133     		adds	r3, r3, #1
 206              	.LVL11:
  72:BSP/KEYBOARD/usb_keyboard.c ****                 pressed_keys[j] = pressed_keys[j + 1];
 207              		.loc 1 72 53 is_stmt 0 discriminator 3 view .LVU48
ARM GAS  /tmp/ccd2mmte.s 			page 6


 208 0034 DBB2     		uxtb	r3, r3
 209              	.LVL12:
 210              	.L14:
  72:BSP/KEYBOARD/usb_keyboard.c ****                 pressed_keys[j] = pressed_keys[j + 1];
 211              		.loc 1 72 35 is_stmt 1 discriminator 1 view .LVU49
  72:BSP/KEYBOARD/usb_keyboard.c ****                 pressed_keys[j] = pressed_keys[j + 1];
 212              		.loc 1 72 47 is_stmt 0 discriminator 1 view .LVU50
 213 0036 511E     		subs	r1, r2, #1
  72:BSP/KEYBOARD/usb_keyboard.c ****                 pressed_keys[j] = pressed_keys[j + 1];
 214              		.loc 1 72 35 discriminator 1 view .LVU51
 215 0038 8B42     		cmp	r3, r1
 216 003a EFDB     		blt	.L16
 217              	.LBE4:
  75:BSP/KEYBOARD/usb_keyboard.c ****             }
  76:BSP/KEYBOARD/usb_keyboard.c ****             pressed_keys[key_count - 1] = 0;
 218              		.loc 1 76 13 is_stmt 1 view .LVU52
 219              		.loc 1 76 41 is_stmt 0 view .LVU53
 220 003c 0020     		movs	r0, #0
 221 003e 054B     		ldr	r3, .L19+4
 222              	.LVL13:
 223              		.loc 1 76 41 view .LVU54
 224 0040 5854     		strb	r0, [r3, r1]
  77:BSP/KEYBOARD/usb_keyboard.c ****             keyboard_report.keycode[key_count - 1] = 0;
 225              		.loc 1 77 13 is_stmt 1 view .LVU55
 226              		.loc 1 77 52 is_stmt 0 view .LVU56
 227 0042 054B     		ldr	r3, .L19+8
 228 0044 0B44     		add	r3, r3, r1
 229 0046 9870     		strb	r0, [r3, #2]
  78:BSP/KEYBOARD/usb_keyboard.c ****             key_count--;
 230              		.loc 1 78 13 is_stmt 1 view .LVU57
 231              		.loc 1 78 22 is_stmt 0 view .LVU58
 232 0048 014B     		ldr	r3, .L19
 233 004a 1970     		strb	r1, [r3]
  79:BSP/KEYBOARD/usb_keyboard.c ****             return;
 234              		.loc 1 79 13 is_stmt 1 view .LVU59
 235 004c 7047     		bx	lr
 236              	.LVL14:
 237              	.L11:
 238              		.loc 1 79 13 is_stmt 0 view .LVU60
 239              	.LBE3:
  80:BSP/KEYBOARD/usb_keyboard.c ****         }
  81:BSP/KEYBOARD/usb_keyboard.c ****     }
  82:BSP/KEYBOARD/usb_keyboard.c **** }
 240              		.loc 1 82 1 view .LVU61
 241 004e 7047     		bx	lr
 242              	.L20:
 243              		.align	2
 244              	.L19:
 245 0050 00000000 		.word	key_count
 246 0054 00000000 		.word	pressed_keys
 247 0058 00000000 		.word	keyboard_report
 248              		.cfi_endproc
 249              	.LFE70:
 251              		.section	.text.USB_Keyboard_ReleaseAll,"ax",%progbits
 252              		.align	1
 253              		.global	USB_Keyboard_ReleaseAll
 254              		.syntax unified
ARM GAS  /tmp/ccd2mmte.s 			page 7


 255              		.thumb
 256              		.thumb_func
 258              	USB_Keyboard_ReleaseAll:
 259              	.LFB71:
  83:BSP/KEYBOARD/usb_keyboard.c **** 
  84:BSP/KEYBOARD/usb_keyboard.c **** /**
  85:BSP/KEYBOARD/usb_keyboard.c ****   * @brief Release all keys
  86:BSP/KEYBOARD/usb_keyboard.c ****   * @retval None
  87:BSP/KEYBOARD/usb_keyboard.c ****   */
  88:BSP/KEYBOARD/usb_keyboard.c **** void USB_Keyboard_ReleaseAll(void)
  89:BSP/KEYBOARD/usb_keyboard.c **** {
 260              		.loc 1 89 1 is_stmt 1 view -0
 261              		.cfi_startproc
 262              		@ args = 0, pretend = 0, frame = 0
 263              		@ frame_needed = 0, uses_anonymous_args = 0
 264              		@ link register save eliminated.
  90:BSP/KEYBOARD/usb_keyboard.c ****     memset(pressed_keys, 0, sizeof(pressed_keys));
 265              		.loc 1 90 5 view .LVU63
 266 0000 054A     		ldr	r2, .L22
 267 0002 0023     		movs	r3, #0
 268 0004 1360     		str	r3, [r2]
 269 0006 9380     		strh	r3, [r2, #4]	@ movhi
  91:BSP/KEYBOARD/usb_keyboard.c ****     memset(keyboard_report.keycode, 0, sizeof(keyboard_report.keycode));
 270              		.loc 1 91 5 view .LVU64
 271 0008 044A     		ldr	r2, .L22+4
 272 000a 1360     		str	r3, [r2]	@ unaligned
 273 000c 9380     		strh	r3, [r2, #4]	@ movhi
  92:BSP/KEYBOARD/usb_keyboard.c ****     key_count = 0;
 274              		.loc 1 92 5 view .LVU65
 275              		.loc 1 92 15 is_stmt 0 view .LVU66
 276 000e 0449     		ldr	r1, .L22+8
 277 0010 0B70     		strb	r3, [r1]
  93:BSP/KEYBOARD/usb_keyboard.c ****     keyboard_report.modifier = 0;
 278              		.loc 1 93 5 is_stmt 1 view .LVU67
 279              		.loc 1 93 30 is_stmt 0 view .LVU68
 280 0012 02F8023C 		strb	r3, [r2, #-2]
  94:BSP/KEYBOARD/usb_keyboard.c **** }
 281              		.loc 1 94 1 view .LVU69
 282 0016 7047     		bx	lr
 283              	.L23:
 284              		.align	2
 285              	.L22:
 286 0018 00000000 		.word	pressed_keys
 287 001c 02000000 		.word	keyboard_report+2
 288 0020 00000000 		.word	key_count
 289              		.cfi_endproc
 290              	.LFE71:
 292              		.section	.text.USB_Keyboard_SetModifier,"ax",%progbits
 293              		.align	1
 294              		.global	USB_Keyboard_SetModifier
 295              		.syntax unified
 296              		.thumb
 297              		.thumb_func
 299              	USB_Keyboard_SetModifier:
 300              	.LVL15:
 301              	.LFB72:
  95:BSP/KEYBOARD/usb_keyboard.c **** 
ARM GAS  /tmp/ccd2mmte.s 			page 8


  96:BSP/KEYBOARD/usb_keyboard.c **** /**
  97:BSP/KEYBOARD/usb_keyboard.c ****   * @brief Set modifier keys
  98:BSP/KEYBOARD/usb_keyboard.c ****   * @param modifier: Modifier bits (Shift, Ctrl, Alt, Win)
  99:BSP/KEYBOARD/usb_keyboard.c ****   * @retval None
 100:BSP/KEYBOARD/usb_keyboard.c ****   */
 101:BSP/KEYBOARD/usb_keyboard.c **** void USB_Keyboard_SetModifier(uint8_t modifier)
 102:BSP/KEYBOARD/usb_keyboard.c **** {
 302              		.loc 1 102 1 is_stmt 1 view -0
 303              		.cfi_startproc
 304              		@ args = 0, pretend = 0, frame = 0
 305              		@ frame_needed = 0, uses_anonymous_args = 0
 306              		@ link register save eliminated.
 103:BSP/KEYBOARD/usb_keyboard.c ****     keyboard_report.modifier = modifier;
 307              		.loc 1 103 5 view .LVU71
 308              		.loc 1 103 30 is_stmt 0 view .LVU72
 309 0000 014B     		ldr	r3, .L25
 310 0002 1870     		strb	r0, [r3]
 104:BSP/KEYBOARD/usb_keyboard.c **** }
 311              		.loc 1 104 1 view .LVU73
 312 0004 7047     		bx	lr
 313              	.L26:
 314 0006 00BF     		.align	2
 315              	.L25:
 316 0008 00000000 		.word	keyboard_report
 317              		.cfi_endproc
 318              	.LFE72:
 320              		.section	.text.USB_Keyboard_ClearModifier,"ax",%progbits
 321              		.align	1
 322              		.global	USB_Keyboard_ClearModifier
 323              		.syntax unified
 324              		.thumb
 325              		.thumb_func
 327              	USB_Keyboard_ClearModifier:
 328              	.LFB73:
 105:BSP/KEYBOARD/usb_keyboard.c **** 
 106:BSP/KEYBOARD/usb_keyboard.c **** /**
 107:BSP/KEYBOARD/usb_keyboard.c ****   * @brief Clear modifier keys
 108:BSP/KEYBOARD/usb_keyboard.c ****   * @retval None
 109:BSP/KEYBOARD/usb_keyboard.c ****   */
 110:BSP/KEYBOARD/usb_keyboard.c **** void USB_Keyboard_ClearModifier(void)
 111:BSP/KEYBOARD/usb_keyboard.c **** {
 329              		.loc 1 111 1 is_stmt 1 view -0
 330              		.cfi_startproc
 331              		@ args = 0, pretend = 0, frame = 0
 332              		@ frame_needed = 0, uses_anonymous_args = 0
 333              		@ link register save eliminated.
 112:BSP/KEYBOARD/usb_keyboard.c ****     keyboard_report.modifier = 0;
 334              		.loc 1 112 5 view .LVU75
 335              		.loc 1 112 30 is_stmt 0 view .LVU76
 336 0000 014B     		ldr	r3, .L28
 337 0002 0022     		movs	r2, #0
 338 0004 1A70     		strb	r2, [r3]
 113:BSP/KEYBOARD/usb_keyboard.c **** }
 339              		.loc 1 113 1 view .LVU77
 340 0006 7047     		bx	lr
 341              	.L29:
 342              		.align	2
ARM GAS  /tmp/ccd2mmte.s 			page 9


 343              	.L28:
 344 0008 00000000 		.word	keyboard_report
 345              		.cfi_endproc
 346              	.LFE73:
 348              		.section	.text.USB_Keyboard_SendReport,"ax",%progbits
 349              		.align	1
 350              		.global	USB_Keyboard_SendReport
 351              		.syntax unified
 352              		.thumb
 353              		.thumb_func
 355              	USB_Keyboard_SendReport:
 356              	.LFB74:
 114:BSP/KEYBOARD/usb_keyboard.c **** 
 115:BSP/KEYBOARD/usb_keyboard.c **** /**
 116:BSP/KEYBOARD/usb_keyboard.c ****   * @brief Send keyboard report to USB host
 117:BSP/KEYBOARD/usb_keyboard.c ****   * Only sends if report changed from last time
 118:BSP/KEYBOARD/usb_keyboard.c ****   * @retval None
 119:BSP/KEYBOARD/usb_keyboard.c ****   */
 120:BSP/KEYBOARD/usb_keyboard.c **** void USB_Keyboard_SendReport(void)
 121:BSP/KEYBOARD/usb_keyboard.c **** {
 357              		.loc 1 121 1 is_stmt 1 view -0
 358              		.cfi_startproc
 359              		@ args = 0, pretend = 0, frame = 0
 360              		@ frame_needed = 0, uses_anonymous_args = 0
 361 0000 10B5     		push	{r4, lr}
 362              	.LCFI0:
 363              		.cfi_def_cfa_offset 8
 364              		.cfi_offset 4, -8
 365              		.cfi_offset 14, -4
 122:BSP/KEYBOARD/usb_keyboard.c ****     /* Check if report changed */
 123:BSP/KEYBOARD/usb_keyboard.c ****     if (memcmp(&keyboard_report, &keyboard_report_last, sizeof(keyboard_report)) == 0) {
 366              		.loc 1 123 5 view .LVU79
 367              		.loc 1 123 9 is_stmt 0 view .LVU80
 368 0002 0822     		movs	r2, #8
 369 0004 0849     		ldr	r1, .L34
 370 0006 0948     		ldr	r0, .L34+4
 371 0008 FFF7FEFF 		bl	memcmp
 372              	.LVL16:
 373              		.loc 1 123 8 discriminator 1 view .LVU81
 374 000c 00B9     		cbnz	r0, .L33
 375              	.L30:
 124:BSP/KEYBOARD/usb_keyboard.c ****         return;  /* No change, don't send */
 125:BSP/KEYBOARD/usb_keyboard.c ****     }
 126:BSP/KEYBOARD/usb_keyboard.c ****     
 127:BSP/KEYBOARD/usb_keyboard.c ****     /* Send report */
 128:BSP/KEYBOARD/usb_keyboard.c ****     USBD_HID_SendReport(&hUsbDeviceFS, (uint8_t*)&keyboard_report, sizeof(keyboard_report));
 129:BSP/KEYBOARD/usb_keyboard.c ****     
 130:BSP/KEYBOARD/usb_keyboard.c ****     /* Update last report */
 131:BSP/KEYBOARD/usb_keyboard.c ****     memcpy(&keyboard_report_last, &keyboard_report, sizeof(keyboard_report));
 132:BSP/KEYBOARD/usb_keyboard.c **** }
 376              		.loc 1 132 1 view .LVU82
 377 000e 10BD     		pop	{r4, pc}
 378              	.L33:
 128:BSP/KEYBOARD/usb_keyboard.c ****     
 379              		.loc 1 128 5 is_stmt 1 view .LVU83
 380 0010 064C     		ldr	r4, .L34+4
 381 0012 0822     		movs	r2, #8
ARM GAS  /tmp/ccd2mmte.s 			page 10


 382 0014 2146     		mov	r1, r4
 383 0016 0648     		ldr	r0, .L34+8
 384 0018 FFF7FEFF 		bl	USBD_HID_SendReport
 385              	.LVL17:
 131:BSP/KEYBOARD/usb_keyboard.c **** }
 386              		.loc 1 131 5 view .LVU84
 387 001c 024B     		ldr	r3, .L34
 388 001e 94E80300 		ldm	r4, {r0, r1}
 389 0022 83E80300 		stm	r3, {r0, r1}
 390 0026 F2E7     		b	.L30
 391              	.L35:
 392              		.align	2
 393              	.L34:
 394 0028 00000000 		.word	keyboard_report_last
 395 002c 00000000 		.word	keyboard_report
 396 0030 00000000 		.word	hUsbDeviceFS
 397              		.cfi_endproc
 398              	.LFE74:
 400              		.section	.text.USB_Keyboard_HandleMatrixKey,"ax",%progbits
 401              		.align	1
 402              		.global	USB_Keyboard_HandleMatrixKey
 403              		.syntax unified
 404              		.thumb
 405              		.thumb_func
 407              	USB_Keyboard_HandleMatrixKey:
 408              	.LVL18:
 409              	.LFB75:
 133:BSP/KEYBOARD/usb_keyboard.c **** 
 134:BSP/KEYBOARD/usb_keyboard.c **** /**
 135:BSP/KEYBOARD/usb_keyboard.c ****   * @brief Matrix keyboard to USB HID code mapping
 136:BSP/KEYBOARD/usb_keyboard.c ****   * Map 3x3 matrix keys to USB HID keycodes
 137:BSP/KEYBOARD/usb_keyboard.c ****   * 
 138:BSP/KEYBOARD/usb_keyboard.c ****   * Matrix layout:
 139:BSP/KEYBOARD/usb_keyboard.c ****   *   0 1 2  ->  Keys: 1 2 3
 140:BSP/KEYBOARD/usb_keyboard.c ****   *   3 4 5  ->  Keys: 4 5 6
 141:BSP/KEYBOARD/usb_keyboard.c ****   *   6 7 8  ->  Keys: 7 8 9
 142:BSP/KEYBOARD/usb_keyboard.c ****   */
 143:BSP/KEYBOARD/usb_keyboard.c **** static const uint8_t matrix_to_usb_hid[9] = {
 144:BSP/KEYBOARD/usb_keyboard.c ****     KEY_1,      /* Matrix key 0 -> USB 1 */
 145:BSP/KEYBOARD/usb_keyboard.c ****     KEY_2,      /* Matrix key 1 -> USB 2 */
 146:BSP/KEYBOARD/usb_keyboard.c ****     KEY_3,      /* Matrix key 2 -> USB 3 */
 147:BSP/KEYBOARD/usb_keyboard.c ****     KEY_4,      /* Matrix key 3 -> USB 4 */
 148:BSP/KEYBOARD/usb_keyboard.c ****     KEY_5,      /* Matrix key 4 -> USB 5 */
 149:BSP/KEYBOARD/usb_keyboard.c ****     KEY_6,      /* Matrix key 5 -> USB 6 */
 150:BSP/KEYBOARD/usb_keyboard.c ****     KEY_7,      /* Matrix key 6 -> USB 7 */
 151:BSP/KEYBOARD/usb_keyboard.c ****     KEY_8,      /* Matrix key 7 -> USB 8 */
 152:BSP/KEYBOARD/usb_keyboard.c ****     KEY_9,      /* Matrix key 8 -> USB 9 */
 153:BSP/KEYBOARD/usb_keyboard.c **** };
 154:BSP/KEYBOARD/usb_keyboard.c **** 
 155:BSP/KEYBOARD/usb_keyboard.c **** /**
 156:BSP/KEYBOARD/usb_keyboard.c ****   * @brief Convert matrix keyboard code to USB HID code
 157:BSP/KEYBOARD/usb_keyboard.c ****   * This is called from Matrix_Key_Callback (override in main.c)
 158:BSP/KEYBOARD/usb_keyboard.c ****   * @param matrix_key: Matrix key code (0-8)
 159:BSP/KEYBOARD/usb_keyboard.c ****   * @param pressed: 1 if pressed, 0 if released
 160:BSP/KEYBOARD/usb_keyboard.c ****   * @retval None
 161:BSP/KEYBOARD/usb_keyboard.c ****   */
 162:BSP/KEYBOARD/usb_keyboard.c **** void USB_Keyboard_HandleMatrixKey(uint8_t matrix_key, uint8_t pressed)
ARM GAS  /tmp/ccd2mmte.s 			page 11


 163:BSP/KEYBOARD/usb_keyboard.c **** {
 410              		.loc 1 163 1 view -0
 411              		.cfi_startproc
 412              		@ args = 0, pretend = 0, frame = 0
 413              		@ frame_needed = 0, uses_anonymous_args = 0
 164:BSP/KEYBOARD/usb_keyboard.c ****     if (matrix_key >= 9) return;
 414              		.loc 1 164 5 view .LVU86
 415              		.loc 1 164 8 is_stmt 0 view .LVU87
 416 0000 0828     		cmp	r0, #8
 417 0002 0BD8     		bhi	.L41
 163:BSP/KEYBOARD/usb_keyboard.c ****     if (matrix_key >= 9) return;
 418              		.loc 1 163 1 view .LVU88
 419 0004 08B5     		push	{r3, lr}
 420              	.LCFI1:
 421              		.cfi_def_cfa_offset 8
 422              		.cfi_offset 3, -8
 423              		.cfi_offset 14, -4
 165:BSP/KEYBOARD/usb_keyboard.c ****     
 166:BSP/KEYBOARD/usb_keyboard.c ****     uint8_t usb_key = matrix_to_usb_hid[matrix_key];
 424              		.loc 1 166 5 is_stmt 1 view .LVU89
 425              		.loc 1 166 13 is_stmt 0 view .LVU90
 426 0006 064B     		ldr	r3, .L44
 427 0008 185C     		ldrb	r0, [r3, r0]	@ zero_extendqisi2
 428              	.LVL19:
 167:BSP/KEYBOARD/usb_keyboard.c ****     
 168:BSP/KEYBOARD/usb_keyboard.c ****     if (pressed) {
 429              		.loc 1 168 5 is_stmt 1 view .LVU91
 430              		.loc 1 168 8 is_stmt 0 view .LVU92
 431 000a 21B1     		cbz	r1, .L38
 169:BSP/KEYBOARD/usb_keyboard.c ****         USB_Keyboard_PressKey(usb_key);
 432              		.loc 1 169 9 is_stmt 1 view .LVU93
 433 000c FFF7FEFF 		bl	USB_Keyboard_PressKey
 434              	.LVL20:
 435              	.L39:
 170:BSP/KEYBOARD/usb_keyboard.c ****     } else {
 171:BSP/KEYBOARD/usb_keyboard.c ****         USB_Keyboard_ReleaseKey(usb_key);
 172:BSP/KEYBOARD/usb_keyboard.c ****     }
 173:BSP/KEYBOARD/usb_keyboard.c ****     
 174:BSP/KEYBOARD/usb_keyboard.c ****     /* Send report */
 175:BSP/KEYBOARD/usb_keyboard.c ****     USB_Keyboard_SendReport();
 436              		.loc 1 175 5 view .LVU94
 437 0010 FFF7FEFF 		bl	USB_Keyboard_SendReport
 438              	.LVL21:
 176:BSP/KEYBOARD/usb_keyboard.c **** }
 439              		.loc 1 176 1 is_stmt 0 view .LVU95
 440 0014 08BD     		pop	{r3, pc}
 441              	.LVL22:
 442              	.L38:
 171:BSP/KEYBOARD/usb_keyboard.c ****     }
 443              		.loc 1 171 9 is_stmt 1 view .LVU96
 444 0016 FFF7FEFF 		bl	USB_Keyboard_ReleaseKey
 445              	.LVL23:
 171:BSP/KEYBOARD/usb_keyboard.c ****     }
 446              		.loc 1 171 9 is_stmt 0 view .LVU97
 447 001a F9E7     		b	.L39
 448              	.LVL24:
 449              	.L41:
ARM GAS  /tmp/ccd2mmte.s 			page 12


 450              	.LCFI2:
 451              		.cfi_def_cfa_offset 0
 452              		.cfi_restore 3
 453              		.cfi_restore 14
 171:BSP/KEYBOARD/usb_keyboard.c ****     }
 454              		.loc 1 171 9 view .LVU98
 455 001c 7047     		bx	lr
 456              	.L45:
 457 001e 00BF     		.align	2
 458              	.L44:
 459 0020 00000000 		.word	matrix_to_usb_hid
 460              		.cfi_endproc
 461              	.LFE75:
 463              		.section	.text.USB_Keyboard_GetReport,"ax",%progbits
 464              		.align	1
 465              		.global	USB_Keyboard_GetReport
 466              		.syntax unified
 467              		.thumb
 468              		.thumb_func
 470              	USB_Keyboard_GetReport:
 471              	.LVL25:
 472              	.LFB76:
 177:BSP/KEYBOARD/usb_keyboard.c **** 
 178:BSP/KEYBOARD/usb_keyboard.c **** /**
 179:BSP/KEYBOARD/usb_keyboard.c ****   * @brief Get USB keyboard report content
 180:BSP/KEYBOARD/usb_keyboard.c ****   * @param report: Pointer to buffer to receive report
 181:BSP/KEYBOARD/usb_keyboard.c ****   * @retval Length of report (8 bytes)
 182:BSP/KEYBOARD/usb_keyboard.c ****   */
 183:BSP/KEYBOARD/usb_keyboard.c **** uint8_t USB_Keyboard_GetReport(uint8_t *report)
 184:BSP/KEYBOARD/usb_keyboard.c **** {
 473              		.loc 1 184 1 is_stmt 1 view -0
 474              		.cfi_startproc
 475              		@ args = 0, pretend = 0, frame = 0
 476              		@ frame_needed = 0, uses_anonymous_args = 0
 477              		@ link register save eliminated.
 478              		.loc 1 184 1 is_stmt 0 view .LVU100
 479 0000 0346     		mov	r3, r0
 185:BSP/KEYBOARD/usb_keyboard.c ****     memcpy(report, &keyboard_report, sizeof(keyboard_report));
 480              		.loc 1 185 5 is_stmt 1 view .LVU101
 481 0002 034A     		ldr	r2, .L47
 482 0004 03CA     		ldmia	r2!, {r0, r1}
 483              	.LVL26:
 484              		.loc 1 185 5 is_stmt 0 view .LVU102
 485 0006 1860     		str	r0, [r3]	@ unaligned
 486 0008 5960     		str	r1, [r3, #4]	@ unaligned
 186:BSP/KEYBOARD/usb_keyboard.c ****     return sizeof(keyboard_report);
 487              		.loc 1 186 5 is_stmt 1 view .LVU103
 187:BSP/KEYBOARD/usb_keyboard.c **** }
 488              		.loc 1 187 1 is_stmt 0 view .LVU104
 489 000a 0820     		movs	r0, #8
 490 000c 7047     		bx	lr
 491              	.L48:
 492 000e 00BF     		.align	2
 493              	.L47:
 494 0010 00000000 		.word	keyboard_report
 495              		.cfi_endproc
 496              	.LFE76:
ARM GAS  /tmp/ccd2mmte.s 			page 13


 498              		.section	.rodata.matrix_to_usb_hid,"a"
 499              		.align	2
 502              	matrix_to_usb_hid:
 503 0000 1E1F2021 		.ascii	"\036\037 !\"#$%&"
 503      22232425 
 503      26
 504              		.section	.bss.key_count,"aw",%nobits
 507              	key_count:
 508 0000 00       		.space	1
 509              		.section	.bss.pressed_keys,"aw",%nobits
 510              		.align	2
 513              	pressed_keys:
 514 0000 00000000 		.space	6
 514      0000
 515              		.section	.bss.keyboard_report_last,"aw",%nobits
 516              		.align	2
 519              	keyboard_report_last:
 520 0000 00000000 		.space	8
 520      00000000 
 521              		.section	.bss.keyboard_report,"aw",%nobits
 522              		.align	2
 525              	keyboard_report:
 526 0000 00000000 		.space	8
 526      00000000 
 527              		.text
 528              	.Letext0:
 529              		.file 2 "/usr/lib/gcc/arm-none-eabi/13.2.1/include/stdint.h"
 530              		.file 3 "/usr/lib/gcc/arm-none-eabi/13.2.1/include/stddef.h"
 531              		.file 4 "BSP/KEYBOARD/usb_keyboard.h"
 532              		.file 5 "Middlewares/ST/STM32_USB_Device_Library/Core/Inc/usbd_def.h"
 533              		.file 6 "Middlewares/ST/STM32_USB_Device_Library/Class/HID/Inc/usbd_hid.h"
 534              		.file 7 "/usr/include/newlib/string.h"
ARM GAS  /tmp/ccd2mmte.s 			page 14


DEFINED SYMBOLS
                            *ABS*:00000000 usb_keyboard.c
     /tmp/ccd2mmte.s:19     .text.USB_Keyboard_Init:00000000 $t
     /tmp/ccd2mmte.s:25     .text.USB_Keyboard_Init:00000000 USB_Keyboard_Init
     /tmp/ccd2mmte.s:54     .text.USB_Keyboard_Init:0000001c $d
     /tmp/ccd2mmte.s:525    .bss.keyboard_report:00000000 keyboard_report
     /tmp/ccd2mmte.s:519    .bss.keyboard_report_last:00000000 keyboard_report_last
     /tmp/ccd2mmte.s:513    .bss.pressed_keys:00000000 pressed_keys
     /tmp/ccd2mmte.s:507    .bss.key_count:00000000 key_count
     /tmp/ccd2mmte.s:62     .text.USB_Keyboard_PressKey:00000000 $t
     /tmp/ccd2mmte.s:68     .text.USB_Keyboard_PressKey:00000000 USB_Keyboard_PressKey
     /tmp/ccd2mmte.s:135    .text.USB_Keyboard_PressKey:00000034 $d
     /tmp/ccd2mmte.s:142    .text.USB_Keyboard_ReleaseKey:00000000 $t
     /tmp/ccd2mmte.s:148    .text.USB_Keyboard_ReleaseKey:00000000 USB_Keyboard_ReleaseKey
     /tmp/ccd2mmte.s:245    .text.USB_Keyboard_ReleaseKey:00000050 $d
     /tmp/ccd2mmte.s:252    .text.USB_Keyboard_ReleaseAll:00000000 $t
     /tmp/ccd2mmte.s:258    .text.USB_Keyboard_ReleaseAll:00000000 USB_Keyboard_ReleaseAll
     /tmp/ccd2mmte.s:286    .text.USB_Keyboard_ReleaseAll:00000018 $d
     /tmp/ccd2mmte.s:293    .text.USB_Keyboard_SetModifier:00000000 $t
     /tmp/ccd2mmte.s:299    .text.USB_Keyboard_SetModifier:00000000 USB_Keyboard_SetModifier
     /tmp/ccd2mmte.s:316    .text.USB_Keyboard_SetModifier:00000008 $d
     /tmp/ccd2mmte.s:321    .text.USB_Keyboard_ClearModifier:00000000 $t
     /tmp/ccd2mmte.s:327    .text.USB_Keyboard_ClearModifier:00000000 USB_Keyboard_ClearModifier
     /tmp/ccd2mmte.s:344    .text.USB_Keyboard_ClearModifier:00000008 $d
     /tmp/ccd2mmte.s:349    .text.USB_Keyboard_SendReport:00000000 $t
     /tmp/ccd2mmte.s:355    .text.USB_Keyboard_SendReport:00000000 USB_Keyboard_SendReport
     /tmp/ccd2mmte.s:394    .text.USB_Keyboard_SendReport:00000028 $d
     /tmp/ccd2mmte.s:401    .text.USB_Keyboard_HandleMatrixKey:00000000 $t
     /tmp/ccd2mmte.s:407    .text.USB_Keyboard_HandleMatrixKey:00000000 USB_Keyboard_HandleMatrixKey
     /tmp/ccd2mmte.s:459    .text.USB_Keyboard_HandleMatrixKey:00000020 $d
     /tmp/ccd2mmte.s:502    .rodata.matrix_to_usb_hid:00000000 matrix_to_usb_hid
     /tmp/ccd2mmte.s:464    .text.USB_Keyboard_GetReport:00000000 $t
     /tmp/ccd2mmte.s:470    .text.USB_Keyboard_GetReport:00000000 USB_Keyboard_GetReport
     /tmp/ccd2mmte.s:494    .text.USB_Keyboard_GetReport:00000010 $d
     /tmp/ccd2mmte.s:499    .rodata.matrix_to_usb_hid:00000000 $d
     /tmp/ccd2mmte.s:508    .bss.key_count:00000000 $d
     /tmp/ccd2mmte.s:510    .bss.pressed_keys:00000000 $d
     /tmp/ccd2mmte.s:516    .bss.keyboard_report_last:00000000 $d
     /tmp/ccd2mmte.s:522    .bss.keyboard_report:00000000 $d

UNDEFINED SYMBOLS
memcmp
USBD_HID_SendReport
hUsbDeviceFS
