Archive member included to satisfy reference by file (symbol)

/usr/lib/gcc/arm-none-eabi/13.2.1/../../../arm-none-eabi/lib/thumb/v7e-m+fp/hard/libc_nano.a(libc_a-init.o)
                              /usr/lib/gcc/arm-none-eabi/13.2.1/../../../arm-none-eabi/lib/thumb/v7e-m+fp/hard/crt0.o (__libc_init_array)
/usr/lib/gcc/arm-none-eabi/13.2.1/../../../arm-none-eabi/lib/thumb/v7e-m+fp/hard/libc_nano.a(libc_a-puts.o)
                              build/main.o (puts)
/usr/lib/gcc/arm-none-eabi/13.2.1/../../../arm-none-eabi/lib/thumb/v7e-m+fp/hard/libc_nano.a(libc_a-findfp.o)
                              /usr/lib/gcc/arm-none-eabi/13.2.1/../../../arm-none-eabi/lib/thumb/v7e-m+fp/hard/libc_nano.a(libc_a-puts.o) (__sinit)
/usr/lib/gcc/arm-none-eabi/13.2.1/../../../arm-none-eabi/lib/thumb/v7e-m+fp/hard/libc_nano.a(libc_a-memset.o)
                              /usr/lib/gcc/arm-none-eabi/13.2.1/../../../arm-none-eabi/lib/thumb/v7e-m+fp/hard/crt0.o (memset)
/usr/lib/gcc/arm-none-eabi/13.2.1/../../../arm-none-eabi/lib/thumb/v7e-m+fp/hard/libc_nano.a(libc_a-fflush.o)
                              /usr/lib/gcc/arm-none-eabi/13.2.1/../../../arm-none-eabi/lib/thumb/v7e-m+fp/hard/libc_nano.a(libc_a-findfp.o) (_fflush_r)
/usr/lib/gcc/arm-none-eabi/13.2.1/../../../arm-none-eabi/lib/thumb/v7e-m+fp/hard/libc_nano.a(libc_a-errno.o)
                              build/sysmem.o (__errno)
/usr/lib/gcc/arm-none-eabi/13.2.1/../../../arm-none-eabi/lib/thumb/v7e-m+fp/hard/libc_nano.a(libc_a-mallocr.o)
                              /usr/lib/gcc/arm-none-eabi/13.2.1/../../../arm-none-eabi/lib/thumb/v7e-m+fp/hard/libc_nano.a(libc_a-findfp.o) (_malloc_r)
/usr/lib/gcc/arm-none-eabi/13.2.1/../../../arm-none-eabi/lib/thumb/v7e-m+fp/hard/libc_nano.a(libc_a-freer.o)
                              /usr/lib/gcc/arm-none-eabi/13.2.1/../../../arm-none-eabi/lib/thumb/v7e-m+fp/hard/libc_nano.a(libc_a-fflush.o) (_free_r)
/usr/lib/gcc/arm-none-eabi/13.2.1/../../../arm-none-eabi/lib/thumb/v7e-m+fp/hard/libc_nano.a(libc_a-fwalk.o)
                              /usr/lib/gcc/arm-none-eabi/13.2.1/../../../arm-none-eabi/lib/thumb/v7e-m+fp/hard/libc_nano.a(libc_a-findfp.o) (_fwalk_sglue)
/usr/lib/gcc/arm-none-eabi/13.2.1/../../../arm-none-eabi/lib/thumb/v7e-m+fp/hard/libc_nano.a(libc_a-wsetup.o)
                              /usr/lib/gcc/arm-none-eabi/13.2.1/../../../arm-none-eabi/lib/thumb/v7e-m+fp/hard/libc_nano.a(libc_a-puts.o) (__swsetup_r)
/usr/lib/gcc/arm-none-eabi/13.2.1/../../../arm-none-eabi/lib/thumb/v7e-m+fp/hard/libc_nano.a(libc_a-mlock.o)
                              /usr/lib/gcc/arm-none-eabi/13.2.1/../../../arm-none-eabi/lib/thumb/v7e-m+fp/hard/libc_nano.a(libc_a-mallocr.o) (__malloc_lock)
/usr/lib/gcc/arm-none-eabi/13.2.1/../../../arm-none-eabi/lib/thumb/v7e-m+fp/hard/libc_nano.a(libc_a-makebuf.o)
                              /usr/lib/gcc/arm-none-eabi/13.2.1/../../../arm-none-eabi/lib/thumb/v7e-m+fp/hard/libc_nano.a(libc_a-wsetup.o) (__smakebuf_r)
/usr/lib/gcc/arm-none-eabi/13.2.1/../../../arm-none-eabi/lib/thumb/v7e-m+fp/hard/libc_nano.a(libc_a-exit.o)
                              /usr/lib/gcc/arm-none-eabi/13.2.1/../../../arm-none-eabi/lib/thumb/v7e-m+fp/hard/crt0.o (exit)
/usr/lib/gcc/arm-none-eabi/13.2.1/../../../arm-none-eabi/lib/thumb/v7e-m+fp/hard/libc_nano.a(libc_a-atexit.o)
                              /usr/lib/gcc/arm-none-eabi/13.2.1/../../../arm-none-eabi/lib/thumb/v7e-m+fp/hard/crt0.o (atexit)
/usr/lib/gcc/arm-none-eabi/13.2.1/../../../arm-none-eabi/lib/thumb/v7e-m+fp/hard/libc_nano.a(libc_a-memcmp.o)
                              build/usb_keyboard.o (memcmp)
/usr/lib/gcc/arm-none-eabi/13.2.1/../../../arm-none-eabi/lib/thumb/v7e-m+fp/hard/libc_nano.a(libc_a-printf.o)
                              build/main.o (printf)
/usr/lib/gcc/arm-none-eabi/13.2.1/../../../arm-none-eabi/lib/thumb/v7e-m+fp/hard/libc_nano.a(libc_a-isattyr.o)
                              /usr/lib/gcc/arm-none-eabi/13.2.1/../../../arm-none-eabi/lib/thumb/v7e-m+fp/hard/libc_nano.a(libc_a-makebuf.o) (_isatty_r)
/usr/lib/gcc/arm-none-eabi/13.2.1/../../../arm-none-eabi/lib/thumb/v7e-m+fp/hard/libc_nano.a(libc_a-nano-vfprintf.o)
                              /usr/lib/gcc/arm-none-eabi/13.2.1/../../../arm-none-eabi/lib/thumb/v7e-m+fp/hard/libc_nano.a(libc_a-printf.o) (_vfprintf_r)
/usr/lib/gcc/arm-none-eabi/13.2.1/../../../arm-none-eabi/lib/thumb/v7e-m+fp/hard/libc_nano.a(libc_a-fini.o)
                              /usr/lib/gcc/arm-none-eabi/13.2.1/../../../arm-none-eabi/lib/thumb/v7e-m+fp/hard/crt0.o (__libc_fini_array)
/usr/lib/gcc/arm-none-eabi/13.2.1/../../../arm-none-eabi/lib/thumb/v7e-m+fp/hard/libc_nano.a(libc_a-wbuf.o)
                              /usr/lib/gcc/arm-none-eabi/13.2.1/../../../arm-none-eabi/lib/thumb/v7e-m+fp/hard/libc_nano.a(libc_a-puts.o) (__swbuf_r)
/usr/lib/gcc/arm-none-eabi/13.2.1/../../../arm-none-eabi/lib/thumb/v7e-m+fp/hard/libc_nano.a(libc_a-sbrkr.o)
[...]
Memory Configuration

Name             Origin             Length             Attributes
RAM              0x20000000         0x00020000         xrw
CCMRAM           0x10000000         0x00010000         xrw
FLASH            0x08000000         0x00080000         xr
*default*        0x00000000         0xffffffff

Linker script and memory map

LOAD /usr/lib/gcc/arm-none-eabi/13.2.1/thumb/v7e-m+fp/hard/crti.o
LOAD /usr/lib/gcc/arm-none-eabi/13.2.1/thumb/v7e-m+fp/hard/crtbegin.o
LOAD /usr/lib/gcc/arm-none-eabi/13.2.1/../../../arm-none-eabi/lib/thumb/v7e-m+fp/hard/crt0.o
LOAD build/main.o
LOAD build/stm32f4xx_it.o
LOAD build/stm32f4xx_hal_msp.o
LOAD build/stm32f4xx_hal_rcc.o
LOAD build/stm32f4xx_hal_rcc_ex.o
LOAD build/stm32f4xx_hal_flash.o
LOAD build/stm32f4xx_hal_flash_ex.o
LOAD build/stm32f4xx_hal_flash_ramfunc.o
LOAD build/stm32f4xx_hal_gpio.o
LOAD build/stm32f4xx_hal_dma_ex.o
LOAD build/stm32f4xx_hal_dma.o
LOAD build/stm32f4xx_hal_pwr.o
LOAD build/stm32f4xx_hal_pwr_ex.o
LOAD build/stm32f4xx_hal_cortex.o
LOAD build/stm32f4xx_hal.o
LOAD build/stm32f4xx_hal_exti.o
LOAD build/system_stm32f4xx.o
LOAD build/sysmem.o
LOAD build/syscalls.o
LOAD build/matrix_keyboard.o
LOAD build/usb_keyboard.o
LOAD build/stm32f4xx_hal_uart.o
LOAD build/usb_device.o
LOAD build/usbd_desc.o
LOAD build/usbd_conf.o
LOAD build/stm32f4xx_hal_pcd.o
LOAD build/stm32f4xx_hal_pcd_ex.o
LOAD build/stm32f4xx_ll_usb.o
LOAD build/usbd_core.o
LOAD build/usbd_ctlreq.o
LOAD build/usbd_ioreq.o
LOAD build/usbd_hid.o
LOAD build/startup_stm32f407xx.o
LOAD /usr/lib/gcc/arm-none-eabi/13.2.1/../../../arm-none-eabi/lib/thumb/v7e-m+fp/hard/libc_nano.a
LOAD /usr/lib/gcc/arm-none-eabi/13.2.1/../../../arm-none-eabi/lib/thumb/v7e-m+fp/hard/libm.a
LOAD /usr/lib/gcc/arm-none-eabi/13.2.1/../../../arm-none-eabi/lib/thumb/v7e-m+fp/hard/libnosys.a
START GROUP
LOAD /usr/lib/gcc/arm-none-eabi/13.2.1/thumb/v7e-m+fp/hard/libgcc.a
LOAD /usr/lib/gcc/arm-none-eabi/13.2.1/../../../arm-none-eabi/lib/thumb/v7e-m+fp/hard/libc_nano.a
END GROUP
START GROUP
LOAD /usr/lib/gcc/arm-none-eabi/13.2.1/thumb/v7e-m+fp/hard/libgcc.a
LOAD /usr/lib/gcc/arm-none-eabi/13.2.1/../../../arm-none-eabi/lib/thumb/v7e-m+fp/hard/libc_nano.a
END GROUP
LOAD /usr/lib/gcc/arm-none-eabi/13.2.1/thumb/v7e-m+fp/hard/crtend.o
LOAD /usr/lib/gcc/arm-none-eabi/13.2.1/thumb/v7e-m+fp/hard/crtn.o
                0x20020000                        _estack = (ORIGIN (RAM) + LENGTH (RAM))
                0x00000200                        _Min_Heap_Size = 0x200
                0x00000400                        _Min_Stack_Size = 0x400

.isr_vector     0x08000000      0x188
                0x08000000                        . = ALIGN (0x4)
 *(.isr_vector)
 .isr_vector    0x08000000      0x188 build/startup_stm32f407xx.o
                0x08000000                g_pfnVectors
                0x08000188                        . = ALIGN (0x4)

.text           0x08000190     0x5be8
                0x08000190                        . = ALIGN (0x4)
 *(.text)
 .text          0x08000190       0x88 /usr/lib/gcc/arm-none-eabi/13.2.1/thumb/v7e-m+fp/hard/crtbegin.o
 .text          0x08000218       0x50 /usr/lib/gcc/arm-none-eabi/13.2.1/../../../arm-none-eabi/lib/thumb/v7e-m+fp/hard/libc_nano.a(libc_a-init.o)
                0x08000218                __libc_init_array
 .text          0x08000268       0xa0 /usr/lib/gcc/arm-none-eabi/13.2.1/../../../arm-none-eabi/lib/thumb/v7e-m+fp/hard/libc_nano.a(libc_a-puts.o)
                0x08000268                _puts_r
                0x080002f8                puts
 .text          0x08000308      0x224 /usr/lib/gcc/arm-none-eabi/13.2.1/../../../arm-none-eabi/lib/thumb/v7e-m+fp/hard/libc_nano.a(libc_a-findfp.o)
                0x08000438                __sfp
                0x080004dc                __sinit
                0x080004fc                __sfp_lock_acquire
                0x08000500                __sfp_lock_release
                0x08000504                __fp_lock_all
                0x08000518                __fp_unlock_all
 .text          0x0800052c       0xa4 /usr/lib/gcc/arm-none-eabi/13.2.1/../../../arm-none-eabi/lib/thumb/v7e-m+fp/hard/libc_nano.a(libc_a-memset.o)
                0x0800052c                memset
 .text          0x080005d0      0x1a8 /usr/lib/gcc/arm-none-eabi/13.2.1/../../../arm-none-eabi/lib/thumb/v7e-m+fp/hard/libc_nano.a(libc_a-fflush.o)
                0x080005d0                __sflush_r
                0x080006f4                _fflush_r
                0x0800072c                fflush
 .text          0x08000778        0xc /usr/lib/gcc/arm-none-eabi/13.2.1/../../../arm-none-eabi/lib/thumb/v7e-m+fp/hard/libc_nano.a(libc_a-errno.o)
                0x08000778                __errno
 .text          0x08000784      0x148 /usr/lib/gcc/arm-none-eabi/13.2.1/../../../arm-none-eabi/lib/thumb/v7e-m+fp/hard/libc_nano.a(libc_a-mallocr.o)
                0x080007cc                _malloc_r
 .text          0x080008cc       0xbc /usr/lib/gcc/arm-none-eabi/13.2.1/../../../arm-none-eabi/lib/thumb/v7e-m+fp/hard/libc_nano.a(libc_a-freer.o)
                0x080008cc                _free_r
 .text          0x08000988       0x44 /usr/lib/gcc/arm-none-eabi/13.2.1/../../../arm-none-eabi/lib/thumb/v7e-m+fp/hard/libc_nano.a(libc_a-fwalk.o)
                0x08000988                _fwalk_sglue
 .text          0x080009cc       0xc4 /usr/lib/gcc/arm-none-eabi/13.2.1/../../../arm-none-eabi/lib/thumb/v7e-m+fp/hard/libc_nano.a(libc_a-wsetup.o)
                0x080009cc                __swsetup_r
 .text          0x08000a90        0x8 /usr/lib/gcc/arm-none-eabi/13.2.1/../../../arm-none-eabi/lib/thumb/v7e-m+fp/hard/libc_nano.a(libc_a-mlock.o)
                0x08000a90                __malloc_lock
                0x08000a94                __malloc_unlock
 .text          0x08000a98      0x114 /usr/lib/gcc/arm-none-eabi/13.2.1/../../../arm-none-eabi/lib/thumb/v7e-m+fp/hard/libc_nano.a(libc_a-makebuf.o)
                0x08000a98                __smakebuf_r
                0x08000b5c                __swhatbuf_r
 .text          0x08000bac       0x5c /usr/lib/gcc/arm-none-eabi/13.2.1/../../../arm-none-eabi/lib/thumb/v7e-m+fp/hard/libc_nano.a(libc_a-memcmp.o)
                0x08000bac                memcmp
 .text          0x08000c08       0x48 /usr/lib/gcc/arm-none-eabi/13.2.1/../../../arm-none-eabi/lib/thumb/v7e-m+fp/hard/libc_nano.a(libc_a-printf.o)
                0x08000c08                _printf_r
                0x08000c08                _iprintf_r
                0x08000c28                printf
                0x08000c28                iprintf
 .text          0x08000c50       0x24 /usr/lib/gcc/arm-none-eabi/13.2.1/../../../arm-none-eabi/lib/thumb/v7e-m+fp/hard/libc_nano.a(libc_a-isattyr.o)
                0x08000c50                _isatty_r
 .text          0x08000c74      0x314 /usr/lib/gcc/arm-none-eabi/13.2.1/../../../arm-none-eabi/lib/thumb/v7e-m+fp/hard/libc_nano.a(libc_a-nano-vfprintf.o)
                0x08000cb0                __sfputs_r
                0x08000ce0                __sprint_r
                0x08000d00                _vfiprintf_r
                0x08000d00                _vfprintf_r
                0x08000f6c                vfiprintf
                0x08000f6c                vfprintf
 .text          0x08000f88       0xa0 /usr/lib/gcc/arm-none-eabi/13.2.1/../../../arm-none-eabi/lib/thumb/v7e-m+fp/hard/libc_nano.a(libc_a-wbuf.o)
                0x08000f88                __swbuf_r
                0x08001010                __swbuf
 .text          0x08001028       0x24 /usr/lib/gcc/arm-none-eabi/13.2.1/../../../arm-none-eabi/lib/thumb/v7e-m+fp/hard/libc_nano.a(libc_a-sbrkr.o)
                0x08001028                _sbrk_r
 .text          0x0800104c       0x94 /usr/lib/gcc/arm-none-eabi/13.2.1/../../../arm-none-eabi/lib/thumb/v7e-m+fp/hard/libc_nano.a(libc_a-stdio.o)
                0x0800104c                __sread
                0x08001070                __seofread
                0x08001074                __swrite
                0x080010b4                __sseek
                0x080010d8                __sclose
 .text          0x080010e0      0x300 /usr/lib/gcc/arm-none-eabi/13.2.1/../../../arm-none-eabi/lib/thumb/v7e-m+fp/hard/libc_nano.a(libc_a-fvwrite.o)
                0x080010e0                __sfvwrite_r
 .text          0x080013e0       0x24 /usr/lib/gcc/arm-none-eabi/13.2.1/../../../arm-none-eabi/lib/thumb/v7e-m+fp/hard/libc_nano.a(libc_a-closer.o)
                0x080013e0                _close_r
 .text          0x08001404      0x100 /usr/lib/gcc/arm-none-eabi/13.2.1/../../../arm-none-eabi/lib/thumb/v7e-m+fp/hard/libc_nano.a(libc_a-memmove.o)
                0x08001404                memmove
 *fill*         0x08001504        0xc 
 .text          0x08001510       0xa0 /usr/lib/gcc/arm-none-eabi/13.2.1/../../../arm-none-eabi/lib/thumb/v7e-m+fp/hard/libc_nano.a(libc_a-memchr.o)
                0x08001510                memchr
 .text          0x080015b0      0x134 /usr/lib/gcc/arm-none-eabi/13.2.1/../../../arm-none-eabi/lib/thumb/v7e-m+fp/hard/libc_nano.a(libc_a-memcpy.o)
                0x080015b0                memcpy
 .text          0x080016e4       0x2c /usr/lib/gcc/arm-none-eabi/13.2.1/../../../arm-none-eabi/lib/thumb/v7e-m+fp/hard/libc_nano.a(libc_a-readr.o)
                0x080016e4                _read_r
 .text          0x08001710       0x64 /usr/lib/gcc/arm-none-eabi/13.2.1/../../../arm-none-eabi/lib/thumb/v7e-m+fp/hard/libc_nano.a(libc_a-reallocr.o)
                0x08001710                _realloc_r
 .text          0x08001774      0x3a8 /usr/lib/gcc/arm-none-eabi/13.2.1/../../../arm-none-eabi/lib/thumb/v7e-m+fp/hard/libc_nano.a(libc_a-nano-vfprintf_i.o)
                0x08001774                _printf_common
                0x08001898                _printf_i
 .text          0x08001b1c       0x2c /usr/lib/gcc/arm-none-eabi/13.2.1/../../../arm-none-eabi/lib/thumb/v7e-m+fp/hard/libc_nano.a(libc_a-fstatr.o)
                0x08001b1c                _fstat_r
 .text          0x08001b48       0x2c /usr/lib/gcc/arm-none-eabi/13.2.1/../../../arm-none-eabi/lib/thumb/v7e-m+fp/hard/libc_nano.a(libc_a-lseekr.o)
                0x08001b48                _lseek_r
 .text          0x08001b74       0x2c /usr/lib/gcc/arm-none-eabi/13.2.1/../../../arm-none-eabi/lib/thumb/v7e-m+fp/hard/libc_nano.a(libc_a-writer.o)
                0x08001b74                _write_r
 .text          0x08001ba0       0x10 /usr/lib/gcc/arm-none-eabi/13.2.1/../../../arm-none-eabi/lib/thumb/v7e-m+fp/hard/libc_nano.a(libc_a-msizer.o)
                0x08001ba0                _malloc_usable_size_r
 .text          0x08001bb0       0x30 /usr/lib/gcc/arm-none-eabi/13.2.1/thumb/v7e-m+fp/hard/libgcc.a(_aeabi_uldivmod.o)
                0x08001bb0                __aeabi_uldivmod
 .text          0x08001be0      0x2bc /usr/lib/gcc/arm-none-eabi/13.2.1/thumb/v7e-m+fp/hard/libgcc.a(_udivmoddi4.o)
                0x08001be0                __udivmoddi4
 .text          0x08001e9c        0x4 /usr/lib/gcc/arm-none-eabi/13.2.1/thumb/v7e-m+fp/hard/libgcc.a(_dvmd_tls.o)
                0x08001e9c                __aeabi_ldiv0
                0x08001e9c                __aeabi_idiv0
 *(.text*)
 .text.MX_GPIO_Init
                0x08001ea0       0xa8 build/main.o
 .text.__io_putchar
                0x08001f48       0x20 build/main.o
                0x08001f48                __io_putchar
 .text.Matrix_Key_Callback
                0x08001f68       0x60 build/main.o
                0x08001f68                Matrix_Key_Callback
 .text.Error_Handler
                0x08001fc8        0x4 build/main.o
                0x08001fc8                Error_Handler
 .text.MX_USART2_UART_Init
                0x08001fcc       0x34 build/main.o
 .text.SystemClock_Config
                0x08002000       0xa8 build/main.o
                0x08002000                SystemClock_Config
 .text.main     0x080020a8       0x84 build/main.o
                0x080020a8                main
 .text.NMI_Handler
                0x0800212c        0x2 build/stm32f4xx_it.o
                0x0800212c                NMI_Handler
 .text.HardFault_Handler
                0x0800212e        0x2 build/stm32f4xx_it.o
                0x0800212e                HardFault_Handler
 .text.MemManage_Handler
                0x08002130        0x2 build/stm32f4xx_it.o
                0x08002130                MemManage_Handler
 .text.BusFault_Handler
                0x08002132        0x2 build/stm32f4xx_it.o
                0x08002132                BusFault_Handler
 .text.UsageFault_Handler
                0x08002134        0x2 build/stm32f4xx_it.o
                0x08002134                UsageFault_Handler
 .text.SVC_Handler
                0x08002136        0x2 build/stm32f4xx_it.o
                0x08002136                SVC_Handler
 .text.DebugMon_Handler
                0x08002138        0x2 build/stm32f4xx_it.o
                0x08002138                DebugMon_Handler
 .text.PendSV_Handler
                0x0800213a        0x2 build/stm32f4xx_it.o
                0x0800213a                PendSV_Handler
 .text.SysTick_Handler
                0x0800213c        0x8 build/stm32f4xx_it.o
                0x0800213c                SysTick_Handler
 .text.OTG_FS_IRQHandler
                0x08002144       0x10 build/stm32f4xx_it.o
                0x08002144                OTG_FS_IRQHandler
 .text.HAL_MspInit
                0x08002154       0x38 build/stm32f4xx_hal_msp.o
                0x08002154                HAL_MspInit
 .text.HAL_UART_MspInit
                0x0800218c       0x70 build/stm32f4xx_hal_msp.o
                0x0800218c                HAL_UART_MspInit
 .text.HAL_RCC_OscConfig
                0x080021fc      0x3f8 build/stm32f4xx_hal_rcc.o
                0x080021fc                HAL_RCC_OscConfig
 .text.HAL_RCC_GetSysClockFreq
                0x080025f4       0xa8 build/stm32f4xx_hal_rcc.o
                0x080025f4                HAL_RCC_GetSysClockFreq
 .text.HAL_RCC_ClockConfig
                0x0800269c      0x160 build/stm32f4xx_hal_rcc.o
                0x0800269c                HAL_RCC_ClockConfig
 .text.HAL_RCC_GetHCLKFreq
                0x080027fc        0xc build/stm32f4xx_hal_rcc.o
                0x080027fc                HAL_RCC_GetHCLKFreq
 .text.HAL_RCC_GetPCLK1Freq
                0x08002808       0x20 build/stm32f4xx_hal_rcc.o
                0x08002808                HAL_RCC_GetPCLK1Freq
 .text.HAL_RCC_GetPCLK2Freq
                0x08002828       0x20 build/stm32f4xx_hal_rcc.o
                0x08002828                HAL_RCC_GetPCLK2Freq
 .text.HAL_GPIO_Init
                0x08002848      0x1ec build/stm32f4xx_hal_gpio.o
                0x08002848                HAL_GPIO_Init
 .text.HAL_GPIO_ReadPin
                0x08002a34        0xe build/stm32f4xx_hal_gpio.o
                0x08002a34                HAL_GPIO_ReadPin
 .text.HAL_GPIO_WritePin
                0x08002a42        0xc build/stm32f4xx_hal_gpio.o
                0x08002a42                HAL_GPIO_WritePin
 *fill*         0x08002a4e        0x2 
 .text.__NVIC_EnableIRQ
                0x08002a50       0x1c build/stm32f4xx_hal_cortex.o
 .text.__NVIC_SetPriority
                0x08002a6c       0x28 build/stm32f4xx_hal_cortex.o
 .text.NVIC_EncodePriority
                0x08002a94       0x3e build/stm32f4xx_hal_cortex.o
 *fill*         0x08002ad2        0x2 
 .text.HAL_NVIC_SetPriorityGrouping
                0x08002ad4       0x24 build/stm32f4xx_hal_cortex.o
                0x08002ad4                HAL_NVIC_SetPriorityGrouping
 .text.HAL_NVIC_SetPriority
                0x08002af8       0x20 build/stm32f4xx_hal_cortex.o
                0x08002af8                HAL_NVIC_SetPriority
 .text.HAL_NVIC_EnableIRQ
                0x08002b18        0x8 build/stm32f4xx_hal_cortex.o
                0x08002b18                HAL_NVIC_EnableIRQ
 .text.HAL_SYSTICK_Config
                0x08002b20       0x28 build/stm32f4xx_hal_cortex.o
                0x08002b20                HAL_SYSTICK_Config
 .text.HAL_InitTick
                0x08002b48       0x4c build/stm32f4xx_hal.o
                0x08002b48                HAL_InitTick
 .text.HAL_Init
                0x08002b94       0x34 build/stm32f4xx_hal.o
                0x08002b94                HAL_Init
 .text.HAL_IncTick
                0x08002bc8       0x18 build/stm32f4xx_hal.o
                0x08002bc8                HAL_IncTick
 .text.HAL_GetTick
                0x08002be0        0xc build/stm32f4xx_hal.o
                0x08002be0                HAL_GetTick
 .text.HAL_Delay
                0x08002bec       0x28 build/stm32f4xx_hal.o
                0x08002bec                HAL_Delay
 .text.SystemInit
                0x08002c14       0x14 build/system_stm32f4xx.o
                0x08002c14                SystemInit
 .text._sbrk    0x08002c28       0x48 build/sysmem.o
                0x08002c28                _sbrk
 .text._read    0x08002c70       0x20 build/syscalls.o
                0x08002c70                _read
 .text._write   0x08002c90       0x1c build/syscalls.o
                0x08002c90                _write
 .text._close   0x08002cac        0x6 build/syscalls.o
                0x08002cac                _close
 .text._fstat   0x08002cb2        0xa build/syscalls.o
                0x08002cb2                _fstat
 .text._isatty  0x08002cbc        0x4 build/syscalls.o
                0x08002cbc                _isatty
 .text._lseek   0x08002cc0        0x4 build/syscalls.o
                0x08002cc0                _lseek
 .text.Matrix_Keyboard_Init
                0x08002cc4       0xa4 build/matrix_keyboard.o
                0x08002cc4                Matrix_Keyboard_Init
 .text.Matrix_Keyboard_Scan
                0x08002d68      0x130 build/matrix_keyboard.o
                0x08002d68                Matrix_Keyboard_Scan
 .text.USB_Keyboard_Init
                0x08002e98       0x2c build/usb_keyboard.o
                0x08002e98                USB_Keyboard_Init
 .text.USB_Keyboard_PressKey
                0x08002ec4       0x40 build/usb_keyboard.o
                0x08002ec4                USB_Keyboard_PressKey
 .text.USB_Keyboard_ReleaseKey
                0x08002f04       0x5c build/usb_keyboard.o
                0x08002f04                USB_Keyboard_ReleaseKey
 .text.USB_Keyboard_SendReport
                0x08002f60       0x34 build/usb_keyboard.o
                0x08002f60                USB_Keyboard_SendReport
 .text.USB_Keyboard_HandleMatrixKey
                0x08002f94       0x24 build/usb_keyboard.o
                0x08002f94                USB_Keyboard_HandleMatrixKey
 .text.UART_EndRxTransfer
                0x08002fb8       0x5c build/stm32f4xx_hal_uart.o
 .text.UART_SetConfig
                0x08003014      0x110 build/stm32f4xx_hal_uart.o
 .text.UART_WaitOnFlagUntilTimeout
                0x08003124       0x86 build/stm32f4xx_hal_uart.o
 .text.HAL_UART_Init
                0x080031aa       0x60 build/stm32f4xx_hal_uart.o
                0x080031aa                HAL_UART_Init
 .text.HAL_UART_Transmit
                0x0800320a       0xcc build/stm32f4xx_hal_uart.o
                0x0800320a                HAL_UART_Transmit
 *fill*         0x080032d6        0x2 
 .text.MX_USB_DEVICE_Init
                0x080032d8       0x40 build/usb_device.o
                0x080032d8                MX_USB_DEVICE_Init
 .text.USBD_FS_DeviceDescriptor
                0x08003318        0xc build/usbd_desc.o
                0x08003318                USBD_FS_DeviceDescriptor
 .text.USBD_FS_LangIDStrDescriptor
                0x08003324        0xc build/usbd_desc.o
                0x08003324                USBD_FS_LangIDStrDescriptor
 .text.IntToUnicode
                0x08003330       0x46 build/usbd_desc.o
 *fill*         0x08003376        0x2 
 .text.Get_SerialNum
                0x08003378       0x38 build/usbd_desc.o
 .text.USBD_FS_SerialStrDescriptor
                0x080033b0       0x14 build/usbd_desc.o
                0x080033b0                USBD_FS_SerialStrDescriptor
 .text.USBD_FS_ProductStrDescriptor
                0x080033c4       0x24 build/usbd_desc.o
                0x080033c4                USBD_FS_ProductStrDescriptor
 .text.USBD_FS_ManufacturerStrDescriptor
                0x080033e8       0x1c build/usbd_desc.o
                0x080033e8                USBD_FS_ManufacturerStrDescriptor
 .text.USBD_FS_ConfigStrDescriptor
                0x08003404       0x24 build/usbd_desc.o
                0x08003404                USBD_FS_ConfigStrDescriptor
 .text.USBD_FS_InterfaceStrDescriptor
                0x08003428       0x24 build/usbd_desc.o
                0x08003428                USBD_FS_InterfaceStrDescriptor
 .text.HAL_PCD_MspInit
                0x0800344c       0x98 build/usbd_conf.o
                0x0800344c                HAL_PCD_MspInit
 .text.HAL_PCD_SetupStageCallback
                0x080034e4       0x10 build/usbd_conf.o
                0x080034e4                HAL_PCD_SetupStageCallback
 .text.HAL_PCD_DataOutStageCallback
                0x080034f4       0x18 build/usbd_conf.o
                0x080034f4                HAL_PCD_DataOutStageCallback
 .text.HAL_PCD_DataInStageCallback
                0x0800350c       0x16 build/usbd_conf.o
                0x0800350c                HAL_PCD_DataInStageCallback
 .text.HAL_PCD_SOFCallback
                0x08003522        0xc build/usbd_conf.o
                0x08003522                HAL_PCD_SOFCallback
 .text.HAL_PCD_ResetCallback
                0x0800352e       0x28 build/usbd_conf.o
                0x0800352e                HAL_PCD_ResetCallback
 *fill*         0x08003556        0x2 
 .text.HAL_PCD_SuspendCallback
                0x08003558       0x30 build/usbd_conf.o
                0x08003558                HAL_PCD_SuspendCallback
 .text.HAL_PCD_ResumeCallback
                0x08003588        0xc build/usbd_conf.o
                0x08003588                HAL_PCD_ResumeCallback
 .text.HAL_PCD_ISOOUTIncompleteCallback
                0x08003594        0xc build/usbd_conf.o
                0x08003594                HAL_PCD_ISOOUTIncompleteCallback
 .text.HAL_PCD_ISOINIncompleteCallback
                0x080035a0        0xc build/usbd_conf.o
                0x080035a0                HAL_PCD_ISOINIncompleteCallback
 .text.HAL_PCD_ConnectCallback
                0x080035ac        0xc build/usbd_conf.o
                0x080035ac                HAL_PCD_ConnectCallback
 .text.HAL_PCD_DisconnectCallback
                0x080035b8        0xc build/usbd_conf.o
                0x080035b8                HAL_PCD_DisconnectCallback
 .text.USBD_LL_Init
                0x080035c4       0x68 build/usbd_conf.o
                0x080035c4                USBD_LL_Init
 .text.USBD_LL_IsStallEP
                0x0800362c       0x2c build/usbd_conf.o
                0x0800362c                USBD_LL_IsStallEP
 .text.USBD_static_malloc
                0x08003658        0x8 build/usbd_conf.o
                0x08003658                USBD_static_malloc
 .text.USBD_static_free
                0x08003660        0x2 build/usbd_conf.o
                0x08003660                USBD_static_free
 .text.USBD_Get_USB_Status
                0x08003662       0x14 build/usbd_conf.o
                0x08003662                USBD_Get_USB_Status
 .text.USBD_LL_Start
                0x08003676       0x10 build/usbd_conf.o
                0x08003676                USBD_LL_Start
 .text.USBD_LL_OpenEP
                0x08003686       0x16 build/usbd_conf.o
                0x08003686                USBD_LL_OpenEP
 .text.USBD_LL_CloseEP
                0x0800369c       0x10 build/usbd_conf.o
                0x0800369c                USBD_LL_CloseEP
 .text.USBD_LL_StallEP
                0x080036ac       0x10 build/usbd_conf.o
                0x080036ac                USBD_LL_StallEP
 .text.USBD_LL_ClearStallEP
                0x080036bc       0x10 build/usbd_conf.o
                0x080036bc                USBD_LL_ClearStallEP
 .text.USBD_LL_SetUSBAddress
                0x080036cc       0x10 build/usbd_conf.o
                0x080036cc                USBD_LL_SetUSBAddress
 .text.USBD_LL_Transmit
                0x080036dc       0x10 build/usbd_conf.o
                0x080036dc                USBD_LL_Transmit
 .text.USBD_LL_PrepareReceive
                0x080036ec       0x10 build/usbd_conf.o
                0x080036ec                USBD_LL_PrepareReceive
 .text.PCD_WriteEmptyTxFifo
                0x080036fc       0xd0 build/stm32f4xx_hal_pcd.o
 .text.HAL_PCD_Init
                0x080037cc      0x102 build/stm32f4xx_hal_pcd.o
                0x080037cc                HAL_PCD_Init
 .text.HAL_PCD_Start
                0x080038ce       0x44 build/stm32f4xx_hal_pcd.o
                0x080038ce                HAL_PCD_Start
 *fill*         0x08003912        0x2 
 .text.PCD_EP_OutXfrComplete_int
                0x08003914      0x104 build/stm32f4xx_hal_pcd.o
 .text.PCD_EP_OutSetupPacket_int
                0x08003a18       0x50 build/stm32f4xx_hal_pcd.o
 .text.HAL_PCD_SetAddress
                0x08003a68       0x26 build/stm32f4xx_hal_pcd.o
                0x08003a68                HAL_PCD_SetAddress
 .text.HAL_PCD_EP_Open
                0x08003a8e       0x8c build/stm32f4xx_hal_pcd.o
                0x08003a8e                HAL_PCD_EP_Open
 .text.HAL_PCD_EP_Close
                0x08003b1a       0x70 build/stm32f4xx_hal_pcd.o
                0x08003b1a                HAL_PCD_EP_Close
 .text.HAL_PCD_EP_Receive
                0x08003b8a       0x4a build/stm32f4xx_hal_pcd.o
                0x08003b8a                HAL_PCD_EP_Receive
 .text.HAL_PCD_EP_Transmit
                0x08003bd4       0x4a build/stm32f4xx_hal_pcd.o
                0x08003bd4                HAL_PCD_EP_Transmit
 .text.HAL_PCD_EP_SetStall
                0x08003c1e       0x86 build/stm32f4xx_hal_pcd.o
                0x08003c1e                HAL_PCD_EP_SetStall
 .text.HAL_PCD_EP_ClrStall
                0x08003ca4       0x74 build/stm32f4xx_hal_pcd.o
                0x08003ca4                HAL_PCD_EP_ClrStall
 .text.HAL_PCD_EP_Abort
                0x08003d18       0x34 build/stm32f4xx_hal_pcd.o
                0x08003d18                HAL_PCD_EP_Abort
 .text.HAL_PCD_IRQHandler
                0x08003d4c      0x5be build/stm32f4xx_hal_pcd.o
                0x08003d4c                HAL_PCD_IRQHandler
 .text.HAL_PCDEx_SetTxFiFo
                0x0800430a       0x4c build/stm32f4xx_hal_pcd_ex.o
                0x0800430a                HAL_PCDEx_SetTxFiFo
 .text.HAL_PCDEx_SetRxFiFo
                0x08004356        0x8 build/stm32f4xx_hal_pcd_ex.o
                0x08004356                HAL_PCDEx_SetRxFiFo
 .text.HAL_PCDEx_LPM_Callback
                0x0800435e        0x2 build/stm32f4xx_hal_pcd_ex.o
                0x0800435e                HAL_PCDEx_LPM_Callback
 .text.USB_CoreReset
                0x08004360       0x58 build/stm32f4xx_ll_usb.o
 .text.USB_CoreInit
                0x080043b8       0x92 build/stm32f4xx_ll_usb.o
                0x080043b8                USB_CoreInit
 *fill*         0x0800444a        0x2 
 .text.USB_SetTurnaroundTime
                0x0800444c       0xe4 build/stm32f4xx_ll_usb.o
                0x0800444c                USB_SetTurnaroundTime
 .text.USB_EnableGlobalInt
                0x08004530        0xc build/stm32f4xx_ll_usb.o
                0x08004530                USB_EnableGlobalInt
 .text.USB_DisableGlobalInt
                0x0800453c        0xc build/stm32f4xx_ll_usb.o
                0x0800453c                USB_DisableGlobalInt
 .text.USB_FlushTxFifo
                0x08004548       0x4a build/stm32f4xx_ll_usb.o
                0x08004548                USB_FlushTxFifo
 .text.USB_FlushRxFifo
                0x08004592       0x46 build/stm32f4xx_ll_usb.o
                0x08004592                USB_FlushRxFifo
 .text.USB_SetDevSpeed
                0x080045d8        0xe build/stm32f4xx_ll_usb.o
                0x080045d8                USB_SetDevSpeed
 *fill*         0x080045e6        0x2 
 .text.USB_DevInit
                0x080045e8      0x194 build/stm32f4xx_ll_usb.o
                0x080045e8                USB_DevInit
 .text.USB_GetDevSpeed
                0x0800477c       0x22 build/stm32f4xx_ll_usb.o
                0x0800477c                USB_GetDevSpeed
 .text.USB_ActivateEndpoint
                0x0800479e       0x9a build/stm32f4xx_ll_usb.o
                0x0800479e                USB_ActivateEndpoint
 .text.USB_DeactivateEndpoint
                0x08004838       0xe0 build/stm32f4xx_ll_usb.o
                0x08004838                USB_DeactivateEndpoint
 .text.USB_EPStopXfer
                0x08004918       0xbe build/stm32f4xx_ll_usb.o
                0x08004918                USB_EPStopXfer
 .text.USB_WritePacket
                0x080049d6       0x2e build/stm32f4xx_ll_usb.o
                0x080049d6                USB_WritePacket
 .text.USB_EPStartXfer
                0x08004a04      0x244 build/stm32f4xx_ll_usb.o
                0x08004a04                USB_EPStartXfer
 .text.USB_ReadPacket
                0x08004c48       0x46 build/stm32f4xx_ll_usb.o
                0x08004c48                USB_ReadPacket
 .text.USB_EPSetStall
                0x08004c8e       0x5a build/stm32f4xx_ll_usb.o
                0x08004c8e                USB_EPSetStall
 .text.USB_EPClearStall
                0x08004ce8       0x5c build/stm32f4xx_ll_usb.o
                0x08004ce8                USB_EPClearStall
 .text.USB_SetDevAddress
                0x08004d44       0x20 build/stm32f4xx_ll_usb.o
                0x08004d44                USB_SetDevAddress
 .text.USB_DevConnect
                0x08004d64       0x1c build/stm32f4xx_ll_usb.o
                0x08004d64                USB_DevConnect
 .text.USB_DevDisconnect
                0x08004d80       0x1c build/stm32f4xx_ll_usb.o
                0x08004d80                USB_DevDisconnect
 .text.USB_ReadInterrupts
                0x08004d9c        0x8 build/stm32f4xx_ll_usb.o
                0x08004d9c                USB_ReadInterrupts
 .text.USB_ReadDevAllOutEpInterrupt
                0x08004da4       0x10 build/stm32f4xx_ll_usb.o
                0x08004da4                USB_ReadDevAllOutEpInterrupt
 .text.USB_ReadDevAllInEpInterrupt
                0x08004db4       0x10 build/stm32f4xx_ll_usb.o
                0x08004db4                USB_ReadDevAllInEpInterrupt
 .text.USB_ReadDevOutEPInterrupt
                0x08004dc4       0x12 build/stm32f4xx_ll_usb.o
                0x08004dc4                USB_ReadDevOutEPInterrupt
 .text.USB_ReadDevInEPInterrupt
                0x08004dd6       0x24 build/stm32f4xx_ll_usb.o
                0x08004dd6                USB_ReadDevInEPInterrupt
 .text.USB_GetMode
                0x08004dfa        0x8 build/stm32f4xx_ll_usb.o
                0x08004dfa                USB_GetMode
 .text.USB_SetCurrentMode
                0x08004e02       0x62 build/stm32f4xx_ll_usb.o
                0x08004e02                USB_SetCurrentMode
 .text.USB_ActivateSetup
                0x08004e64       0x1c build/stm32f4xx_ll_usb.o
                0x08004e64                USB_ActivateSetup
 .text.USB_EP0_OutStart
                0x08004e80       0x60 build/stm32f4xx_ll_usb.o
                0x08004e80                USB_EP0_OutStart
 .text.USBD_Init
                0x08004ee0       0x2e build/usbd_core.o
                0x08004ee0                USBD_Init
 .text.USBD_RegisterClass
                0x08004f0e       0x34 build/usbd_core.o
                0x08004f0e                USBD_RegisterClass
 .text.USBD_Start
                0x08004f42        0x8 build/usbd_core.o
                0x08004f42                USBD_Start
 .text.USBD_SetClassConfig
                0x08004f4a       0x12 build/usbd_core.o
                0x08004f4a                USBD_SetClassConfig
 .text.USBD_ClrClassConfig
                0x08004f5c       0x12 build/usbd_core.o
                0x08004f5c                USBD_ClrClassConfig
 .text.USBD_LL_SetupStage
                0x08004f6e       0x58 build/usbd_core.o
                0x08004f6e                USBD_LL_SetupStage
 .text.USBD_LL_Reset
                0x08004fc6       0x66 build/usbd_core.o
                0x08004fc6                USBD_LL_Reset
 .text.USBD_LL_SetSpeed
                0x0800502c        0x6 build/usbd_core.o
                0x0800502c                USBD_LL_SetSpeed
 .text.USBD_LL_Suspend
                0x08005032       0x1e build/usbd_core.o
                0x08005032                USBD_LL_Suspend
 .text.USBD_LL_Resume
                0x08005050       0x1a build/usbd_core.o
                0x08005050                USBD_LL_Resume
 .text.USBD_LL_SOF
                0x0800506a       0x22 build/usbd_core.o
                0x0800506a                USBD_LL_SOF
 .text.USBD_LL_IsoINIncomplete
                0x0800508c       0x2e build/usbd_core.o
                0x0800508c                USBD_LL_IsoINIncomplete
 .text.USBD_LL_IsoOUTIncomplete
                0x080050ba       0x2e build/usbd_core.o
                0x080050ba                USBD_LL_IsoOUTIncomplete
 .text.USBD_LL_DevConnected
                0x080050e8        0x4 build/usbd_core.o
                0x080050e8                USBD_LL_DevConnected
 .text.USBD_LL_DevDisconnected
                0x080050ec       0x20 build/usbd_core.o
                0x080050ec                USBD_LL_DevDisconnected
 .text.USBD_CoreFindIF
                0x0800510c        0x4 build/usbd_core.o
                0x0800510c                USBD_CoreFindIF
 .text.USBD_CoreFindEP
                0x08005110        0x4 build/usbd_core.o
                0x08005110                USBD_CoreFindEP
 .text.USBD_LL_DataOutStage
                0x08005114       0xca build/usbd_core.o
                0x08005114                USBD_LL_DataOutStage
 .text.USBD_LL_DataInStage
                0x080051de       0xd8 build/usbd_core.o
                0x080051de                USBD_LL_DataInStage
 .text.USBD_GetNextDesc
                0x080052b6        0xe build/usbd_core.o
                0x080052b6                USBD_GetNextDesc
 .text.USBD_GetEpDesc
                0x080052c4       0x3e build/usbd_core.o
                0x080052c4                USBD_GetEpDesc
 .text.USBD_GetLen
                0x08005302       0x14 build/usbd_ctlreq.o
 .text.USBD_ParseSetupRequest
                0x08005316       0x28 build/usbd_ctlreq.o
                0x08005316                USBD_ParseSetupRequest
 .text.USBD_CtlError
                0x0800533e       0x14 build/usbd_ctlreq.o
                0x0800533e                USBD_CtlError
 .text.USBD_GetDescriptor
                0x08005352      0x18a build/usbd_ctlreq.o
 .text.USBD_SetAddress
                0x080054dc       0x50 build/usbd_ctlreq.o
 .text.USBD_SetConfig
                0x0800552c       0xcc build/usbd_ctlreq.o
 .text.USBD_GetConfig
                0x080055f8       0x40 build/usbd_ctlreq.o
 .text.USBD_GetStatus
                0x08005638       0x38 build/usbd_ctlreq.o
 .text.USBD_SetFeature
                0x08005670       0x2a build/usbd_ctlreq.o
 .text.USBD_ClrFeature
                0x0800569a       0x26 build/usbd_ctlreq.o
 .text.USBD_StdDevReq
                0x080056c0       0x76 build/usbd_ctlreq.o
                0x080056c0                USBD_StdDevReq
 .text.USBD_StdItfReq
                0x08005736       0x84 build/usbd_ctlreq.o
                0x08005736                USBD_StdItfReq
 .text.USBD_StdEPReq
                0x080057ba      0x232 build/usbd_ctlreq.o
                0x080057ba                USBD_StdEPReq
 .text.USBD_GetString
                0x080059ec       0x46 build/usbd_ctlreq.o
                0x080059ec                USBD_GetString
 .text.USBD_CtlSendData
                0x08005a32       0x1c build/usbd_ioreq.o
                0x08005a32                USBD_CtlSendData
 .text.USBD_CtlContinueSendData
                0x08005a4e       0x10 build/usbd_ioreq.o
                0x08005a4e                USBD_CtlContinueSendData
 .text.USBD_CtlContinueRx
                0x08005a5e       0x10 build/usbd_ioreq.o
                0x08005a5e                USBD_CtlContinueRx
 .text.USBD_CtlSendStatus
                0x08005a6e       0x16 build/usbd_ioreq.o
                0x08005a6e                USBD_CtlSendStatus
 .text.USBD_CtlReceiveStatus
                0x08005a84       0x16 build/usbd_ioreq.o
                0x08005a84                USBD_CtlReceiveStatus
 .text.USBD_HID_DataIn
                0x08005a9a       0x10 build/usbd_hid.o
 *fill*         0x08005aaa        0x2 
 .text.USBD_HID_GetDeviceQualifierDesc
                0x08005aac        0xc build/usbd_hid.o
 .text.USBD_HID_GetOtherSpeedCfgDesc
                0x08005ab8       0x20 build/usbd_hid.o
 .text.USBD_HID_GetFSCfgDesc
                0x08005ad8       0x20 build/usbd_hid.o
 .text.USBD_HID_GetHSCfgDesc
                0x08005af8       0x20 build/usbd_hid.o
 .text.USBD_HID_Setup
                0x08005b18      0x12c build/usbd_hid.o
 .text.USBD_HID_DeInit
                0x08005c44       0x32 build/usbd_hid.o
 .text.USBD_HID_Init
                0x08005c76       0x52 build/usbd_hid.o
 .text.USBD_HID_SendReport
                0x08005cc8       0x44 build/usbd_hid.o
                0x08005cc8                USBD_HID_SendReport
 .text.Reset_Handler
                0x08005d0c       0x50 build/startup_stm32f407xx.o
                0x08005d0c                Reset_Handler
 .text.Default_Handler
                0x08005d5c        0x2 build/startup_stm32f407xx.o
                0x08005d5c                RTC_Alarm_IRQHandler
                0x08005d5c                HASH_RNG_IRQHandler
                0x08005d5c                EXTI2_IRQHandler
                0x08005d5c                TIM8_CC_IRQHandler
                0x08005d5c                TIM1_CC_IRQHandler
                0x08005d5c                DMA2_Stream5_IRQHandler
                0x08005d5c                DMA1_Stream5_IRQHandler
                0x08005d5c                PVD_IRQHandler
                0x08005d5c                SDIO_IRQHandler
                0x08005d5c                TAMP_STAMP_IRQHandler
                0x08005d5c                CAN2_RX1_IRQHandler
                0x08005d5c                EXTI3_IRQHandler
                0x08005d5c                TIM8_TRG_COM_TIM14_IRQHandler
                0x08005d5c                TIM1_UP_TIM10_IRQHandler
                0x08005d5c                TIM8_UP_TIM13_IRQHandler
                0x08005d5c                I2C3_ER_IRQHandler
                0x08005d5c                EXTI0_IRQHandler
                0x08005d5c                I2C2_EV_IRQHandler
                0x08005d5c                DMA1_Stream2_IRQHandler
                0x08005d5c                CAN1_RX0_IRQHandler
                0x08005d5c                FPU_IRQHandler
                0x08005d5c                OTG_HS_WKUP_IRQHandler
                0x08005d5c                CAN2_SCE_IRQHandler
                0x08005d5c                DMA2_Stream2_IRQHandler
                0x08005d5c                SPI1_IRQHandler
                0x08005d5c                TIM6_DAC_IRQHandler
                0x08005d5c                TIM1_BRK_TIM9_IRQHandler
                0x08005d5c                DCMI_IRQHandler
                0x08005d5c                CAN2_RX0_IRQHandler
                0x08005d5c                DMA2_Stream3_IRQHandler
                0x08005d5c                USART6_IRQHandler
                0x08005d5c                USART3_IRQHandler
                0x08005d5c                CAN1_RX1_IRQHandler
                0x08005d5c                UART5_IRQHandler
                0x08005d5c                DMA2_Stream0_IRQHandler
                0x08005d5c                TIM4_IRQHandler
                0x08005d5c                I2C1_EV_IRQHandler
                0x08005d5c                DMA1_Stream6_IRQHandler
                0x08005d5c                DMA1_Stream1_IRQHandler
                0x08005d5c                UART4_IRQHandler
                0x08005d5c                TIM3_IRQHandler
                0x08005d5c                RCC_IRQHandler
                0x08005d5c                TIM8_BRK_TIM12_IRQHandler
                0x08005d5c                Default_Handler
                0x08005d5c                EXTI15_10_IRQHandler
                0x08005d5c                ADC_IRQHandler
                0x08005d5c                DMA1_Stream7_IRQHandler
                0x08005d5c                TIM7_IRQHandler
                0x08005d5c                CAN2_TX_IRQHandler
                0x08005d5c                TIM5_IRQHandler
                0x08005d5c                DMA2_Stream7_IRQHandler
                0x08005d5c                I2C3_EV_IRQHandler
                0x08005d5c                EXTI9_5_IRQHandler
                0x08005d5c                RTC_WKUP_IRQHandler
                0x08005d5c                ETH_WKUP_IRQHandler
                0x08005d5c                SPI2_IRQHandler
                0x08005d5c                OTG_HS_EP1_IN_IRQHandler
                0x08005d5c                DMA1_Stream0_IRQHandler
                0x08005d5c                CAN1_TX_IRQHandler
                0x08005d5c                EXTI4_IRQHandler
                0x08005d5c                FSMC_IRQHandler
                0x08005d5c                ETH_IRQHandler
                0x08005d5c                OTG_HS_EP1_OUT_IRQHandler
                0x08005d5c                WWDG_IRQHandler
                0x08005d5c                TIM2_IRQHandler
                0x08005d5c                OTG_FS_WKUP_IRQHandler
                0x08005d5c                TIM1_TRG_COM_TIM11_IRQHandler
                0x08005d5c                OTG_HS_IRQHandler
                0x08005d5c                EXTI1_IRQHandler
                0x08005d5c                USART2_IRQHandler
                0x08005d5c                I2C2_ER_IRQHandler
                0x08005d5c                DMA2_Stream1_IRQHandler
                0x08005d5c                CAN1_SCE_IRQHandler
                0x08005d5c                FLASH_IRQHandler
                0x08005d5c                DMA2_Stream4_IRQHandler
                0x08005d5c                USART1_IRQHandler
                0x08005d5c                SPI3_IRQHandler
                0x08005d5c                DMA1_Stream4_IRQHandler
                0x08005d5c                I2C1_ER_IRQHandler
                0x08005d5c                DMA2_Stream6_IRQHandler
                0x08005d5c                DMA1_Stream3_IRQHandler
 *(.glue_7)
 .glue_7        0x08005d5e        0x0 linker stubs
 *(.glue_7t)
 .glue_7t       0x08005d5e        0x0 linker stubs
 *(.eh_frame)
 *fill*         0x08005d5e        0x2 
 .eh_frame      0x08005d60        0x0 /usr/lib/gcc/arm-none-eabi/13.2.1/thumb/v7e-m+fp/hard/crtbegin.o
 *(.init)
 .init          0x08005d60        0x4 /usr/lib/gcc/arm-none-eabi/13.2.1/thumb/v7e-m+fp/hard/crti.o
                0x08005d60                _init
 .init          0x08005d64        0x8 /usr/lib/gcc/arm-none-eabi/13.2.1/thumb/v7e-m+fp/hard/crtn.o
 *(.fini)
 .fini          0x08005d6c        0x4 /usr/lib/gcc/arm-none-eabi/13.2.1/thumb/v7e-m+fp/hard/crti.o
                0x08005d6c                _fini
 .fini          0x08005d70        0x8 /usr/lib/gcc/arm-none-eabi/13.2.1/thumb/v7e-m+fp/hard/crtn.o
                0x08005d78                        . = ALIGN (0x4)
                0x08005d78                        _etext = .

.vfp11_veneer   0x08005d78        0x0
 .vfp11_veneer  0x08005d78        0x0 linker stubs

.v4_bx          0x08005d78        0x0
 .v4_bx         0x08005d78        0x0 linker stubs

.iplt           0x08005d78        0x0
 .iplt          0x08005d78        0x0 /usr/lib/gcc/arm-none-eabi/13.2.1/thumb/v7e-m+fp/hard/crtbegin.o

.rodata         0x08005d78      0x238
                0x08005d78                        . = ALIGN (0x4)
 *(.rodata)
 .rodata        0x08005d78       0x24 build/main.o
 *(.rodata*)
 .rodata.Matrix_Key_Callback.str1.4
                0x08005d9c      0x1d1 build/main.o
                                 0x30 (size before relaxing)
 .rodata.main.str1.4
                0x08005f6d       0xf5 build/main.o
 .rodata.str1.4
                0x08005f6d       0x22 build/main.o
 *fill*         0x08005f6d        0x3 
 .rodata.APBPrescTable
                0x08005f70        0x8 build/system_stm32f4xx.o
                0x08005f70                APBPrescTable
 .rodata.AHBPrescTable
                0x08005f78       0x10 build/system_stm32f4xx.o
                0x08005f78                AHBPrescTable
 .rodata.key_map
                0x08005f88        0x9 build/matrix_keyboard.o
 *fill*         0x08005f91        0x3 
 .rodata.col_pins
                0x08005f94        0x6 build/matrix_keyboard.o
 *fill*         0x08005f9a        0x2 
 .rodata.row_pins
                0x08005f9c        0x6 build/matrix_keyboard.o
 *fill*         0x08005fa2        0x2 
 .rodata.matrix_to_usb_hid
                0x08005fa4        0x9 build/usb_keyboard.o
 .rodata.USBD_FS_ProductStrDescriptor.str1.4
                0x08005fad       0x16 build/usbd_desc.o
 .rodata.USBD_FS_ManufacturerStrDescriptor.str1.4
                0x08005fad       0x13 build/usbd_desc.o
 .rodata.USBD_FS_ConfigStrDescriptor.str1.4
                0x08005fad        0xb build/usbd_desc.o
 .rodata.USBD_FS_InterfaceStrDescriptor.str1.4
                0x08005fad        0xe build/usbd_desc.o
 .rodata.str1.4
                0x08005fad       0x13 /usr/lib/gcc/arm-none-eabi/13.2.1/../../../arm-none-eabi/lib/thumb/v7e-m+fp/hard/libc_nano.a(libc_a-nano-vfprintf.o)
 .rodata.str1.4
                0x08005fad       0x25 /usr/lib/gcc/arm-none-eabi/13.2.1/../../../arm-none-eabi/lib/thumb/v7e-m+fp/hard/libc_nano.a(libc_a-nano-vfprintf_i.o)
                0x08005fd4                        . = ALIGN (0x4)
 *fill*         0x08005fad        0x3 

.ARM.extab      0x08005fb0        0x0
                0x08005fb0                        . = ALIGN (0x4)
 *(.ARM.extab* .gnu.linkonce.armextab.*)
                0x08005fb0                        . = ALIGN (0x4)

.ARM            0x08005fb0        0x8
                0x08005fb0                        . = ALIGN (0x4)
                0x08005fb0                        __exidx_start = .
 *(.ARM.exidx*)
 .ARM.exidx     0x08005fb0        0x8 /usr/lib/gcc/arm-none-eabi/13.2.1/../../../arm-none-eabi/lib/thumb/v7e-m+fp/hard/libc_nano.a(libc_a-memchr.o)
 .ARM.exidx     0x08005fb8        0x0 /usr/lib/gcc/arm-none-eabi/13.2.1/../../../arm-none-eabi/lib/thumb/v7e-m+fp/hard/libc_nano.a(libc_a-memcpy.o)
                                  0x8 (size before relaxing)
 .ARM.exidx     0x08005fb8        0x0 /usr/lib/gcc/arm-none-eabi/13.2.1/thumb/v7e-m+fp/hard/libgcc.a(_udivmoddi4.o)
                                  0x8 (size before relaxing)
                0x08005fb8                        __exidx_end = .
                0x08005fb8                        . = ALIGN (0x4)

.preinit_array  0x08005fb8        0x0
                0x08005fb8                        . = ALIGN (0x4)
                0x08005fb8                        PROVIDE (__preinit_array_start = .)
 *(.preinit_array*)
                0x08005fb8                        PROVIDE (__preinit_array_end = .)
                0x08005fb8                        . = ALIGN (0x4)

.init_array     0x08005fb8        0x4
                0x08005fb8                        . = ALIGN (0x4)
                0x08005fb8                        PROVIDE (__init_array_start = .)
 *(SORT_BY_NAME(.init_array.*))
 *(.init_array*)
 .init_array    0x08005fb8        0x4 /usr/lib/gcc/arm-none-eabi/13.2.1/thumb/v7e-m+fp/hard/crtbegin.o
                0x08005fbc                        PROVIDE (__init_array_end = .)
                0x08005fbc                        . = ALIGN (0x4)

.fini_array     0x08005fbc        0x4
                0x08005fbc                        . = ALIGN (0x4)
                0x08005fbc                        PROVIDE (__fini_array_start = .)
 *(SORT_BY_NAME(.fini_array.*))
 *(.fini_array*)
 .fini_array    0x08005fbc        0x4 /usr/lib/gcc/arm-none-eabi/13.2.1/thumb/v7e-m+fp/hard/crtbegin.o
                0x08005fc0                        PROVIDE (__fini_array_end = .)
                0x08005fc0                        . = ALIGN (0x4)
                0x08005fc0                        _sidata = LOADADDR (.data)

.rel.dyn        0x08005fc0        0x0
 .rel.iplt      0x08005fc0        0x0 /usr/lib/gcc/arm-none-eabi/13.2.1/thumb/v7e-m+fp/hard/crtbegin.o

.data           0x20000000      0x178 load address 0x08005fc0
                0x20000000                        . = ALIGN (0x4)
                0x20000000                        _sdata = .
 *(.data)
 .data          0x20000000        0xc /usr/lib/gcc/arm-none-eabi/13.2.1/../../../arm-none-eabi/lib/thumb/v7e-m+fp/hard/libc_nano.a(libc_a-findfp.o)
                0x20000000                __sglue
 .data          0x2000000c       0x50 /usr/lib/gcc/arm-none-eabi/13.2.1/../../../arm-none-eabi/lib/thumb/v7e-m+fp/hard/libc_nano.a(libc_a-impure.o)
                0x2000000c                _impure_ptr
                0x20000010                _impure_data
 *(.data*)
 .data.uwTickFreq
                0x2000005c        0x1 build/stm32f4xx_hal.o
                0x2000005c                uwTickFreq
 *fill*         0x2000005d        0x3 
 .data.uwTickPrio
                0x20000060        0x4 build/stm32f4xx_hal.o
                0x20000060                uwTickPrio
 .data.SystemCoreClock
                0x20000064        0x4 build/system_stm32f4xx.o
                0x20000064                SystemCoreClock
 .data.USBD_StringSerial
                0x20000068       0x1a build/usbd_desc.o
                0x20000068                USBD_StringSerial
 *fill*         0x20000082        0x2 
 .data.USBD_LangIDDesc
                0x20000084        0x4 build/usbd_desc.o
                0x20000084                USBD_LangIDDesc
 .data.USBD_FS_DeviceDesc
                0x20000088       0x12 build/usbd_desc.o
                0x20000088                USBD_FS_DeviceDesc
 *fill*         0x2000009a        0x2 
 .data.FS_Desc  0x2000009c       0x1c build/usbd_desc.o
                0x2000009c                FS_Desc
 .data.HID_MOUSE_ReportDesc
                0x200000b8       0x4a build/usbd_hid.o
 *fill*         0x20000102        0x2 
 .data.USBD_HID_DeviceQualifierDesc
                0x20000104        0xa build/usbd_hid.o
 *fill*         0x2000010e        0x2 
 .data.USBD_HID_Desc
                0x20000110        0x9 build/usbd_hid.o
 *fill*         0x20000119        0x3 
 .data.USBD_HID_CfgDesc
                0x2000011c       0x22 build/usbd_hid.o
 *fill*         0x2000013e        0x2 
 .data.USBD_HID
                0x20000140       0x38 build/usbd_hid.o
                0x20000140                USBD_HID
 *(.RamFunc)
 *(.RamFunc*)
                0x20000178                        . = ALIGN (0x4)
                0x20000178                        _edata = .
                0x08006138                        _siccmram = LOADADDR (.ccmram)

.tm_clone_table
                0x20000178        0x0 load address 0x08006138
 .tm_clone_table
                0x20000178        0x0 /usr/lib/gcc/arm-none-eabi/13.2.1/thumb/v7e-m+fp/hard/crtbegin.o
 .tm_clone_table
                0x20000178        0x0 /usr/lib/gcc/arm-none-eabi/13.2.1/thumb/v7e-m+fp/hard/crtend.o

.igot.plt       0x20000178        0x0 load address 0x08006138
 .igot.plt      0x20000178        0x0 /usr/lib/gcc/arm-none-eabi/13.2.1/thumb/v7e-m+fp/hard/crtbegin.o

.ccmram         0x10000000        0x0 load address 0x08006138
                0x10000000                        . = ALIGN (0x4)
                0x10000000                        _sccmram = .
 *(.ccmram)
 *(.ccmram*)
                0x10000000                        . = ALIGN (0x4)
                0x10000000                        _eccmram = .
                0x10000000                        . = ALIGN (0x4)

.bss            0x20000178      0xbe4
                0x20000178                        _sbss = .
                0x20000178                        __bss_start__ = _sbss
 *(.bss)
 .bss           0x20000178       0x1c /usr/lib/gcc/arm-none-eabi/13.2.1/thumb/v7e-m+fp/hard/crtbegin.o
 .bss           0x20000194      0x13c /usr/lib/gcc/arm-none-eabi/13.2.1/../../../arm-none-eabi/lib/thumb/v7e-m+fp/hard/libc_nano.a(libc_a-findfp.o)
                0x20000194                __sf
                0x200002cc                __stdio_exit_handler
 .bss           0x200002d0        0x8 /usr/lib/gcc/arm-none-eabi/13.2.1/../../../arm-none-eabi/lib/thumb/v7e-m+fp/hard/libc_nano.a(libc_a-mallocr.o)
                0x200002d0                __malloc_sbrk_start
                0x200002d4                __malloc_free_list
 .bss           0x200002d8        0x4 /usr/lib/gcc/arm-none-eabi/13.2.1/../../../arm-none-eabi/lib/thumb/v7e-m+fp/hard/libc_nano.a(libc_a-reent.o)
                0x200002d8                errno
 *(.bss*)
 .bss.scan_timer
                0x200002dc        0x4 build/main.o
                0x200002dc                scan_timer
 .bss.huart2    0x200002e0       0x48 build/main.o
                0x200002e0                huart2
 .bss.uwTick    0x20000328        0x4 build/stm32f4xx_hal.o
                0x20000328                uwTick
 .bss.__sbrk_heap_end
                0x2000032c        0x4 build/sysmem.o
 .bss.debounce_timer
                0x20000330       0x24 build/matrix_keyboard.o
 .bss.key_state_last
                0x20000354        0x9 build/matrix_keyboard.o
 *fill*         0x2000035d        0x3 
 .bss.key_state
                0x20000360        0x9 build/matrix_keyboard.o
 .bss.key_count
                0x20000369        0x1 build/usb_keyboard.o
 *fill*         0x2000036a        0x2 
 .bss.pressed_keys
                0x2000036c        0x6 build/usb_keyboard.o
 *fill*         0x20000372        0x2 
 .bss.keyboard_report_last
                0x20000374        0x8 build/usb_keyboard.o
 .bss.keyboard_report
                0x2000037c        0x8 build/usb_keyboard.o
 .bss.hUsbDeviceFS
                0x20000384      0x2dc build/usb_device.o
                0x20000384                hUsbDeviceFS
 .bss.USBD_StrDesc
                0x20000660      0x200 build/usbd_desc.o
                0x20000660                USBD_StrDesc
 .bss.mem.0     0x20000860       0x14 build/usbd_conf.o
 .bss.hpcd_USB_OTG_FS
                0x20000874      0x4e4 build/usbd_conf.o
                0x20000874                hpcd_USB_OTG_FS
 .bss.cfgidx.0  0x20000d58        0x1 build/usbd_ctlreq.o
 *(COMMON)
                0x20000d5c                        . = ALIGN (0x4)
 *fill*         0x20000d59        0x3 
                0x20000d5c                        _ebss = .
                0x20000d5c                        __bss_end__ = _ebss

._user_heap_stack
                0x20000d5c      0x604
                0x20000d60                        . = ALIGN (0x8)
 *fill*         0x20000d5c        0x4 
                [!provide]                        PROVIDE (end = .)
                0x20000d60                        PROVIDE (_end = .)
                0x20000f60                        . = (. + _Min_Heap_Size)
 *fill*         0x20000d60      0x200 
                0x20001360                        . = (. + _Min_Stack_Size)
 *fill*         0x20000f60      0x400 
                0x20001360                        . = ALIGN (0x8)

/DISCARD/
 libc.a(*)
 libm.a(*)
 libgcc.a(*)
OUTPUT(build/keboard.elf elf32-littlearm)
LOAD linker stubs
LOAD /usr/lib/gcc/arm-none-eabi/13.2.1/../../../arm-none-eabi/lib/thumb/v7e-m+fp/hard/libc.a
LOAD /usr/lib/gcc/arm-none-eabi/13.2.1/../../../arm-none-eabi/lib/thumb/v7e-m+fp/hard/libm.a
LOAD /usr/lib/gcc/arm-none-eabi/13.2.1/thumb/v7e-m+fp/hard/libgcc.a

.ARM.attributes
                0x00000000       0x30
 .ARM.attributes
                0x00000000       0x22 /usr/lib/gcc/arm-none-eabi/13.2.1/thumb/v7e-m+fp/hard/crti.o
 .ARM.attributes
                0x00000022       0x34 /usr/lib/gcc/arm-none-eabi/13.2.1/thumb/v7e-m+fp/hard/crtbegin.o
 .ARM.attributes
                0x00000056       0x34 build/main.o
 .ARM.attributes
                0x0000008a       0x34 build/stm32f4xx_it.o
 .ARM.attributes
                0x000000be       0x34 build/stm32f4xx_hal_msp.o
 .ARM.attributes
                0x000000f2       0x34 build/stm32f4xx_hal_rcc.o
 .ARM.attributes
                0x00000126       0x34 build/stm32f4xx_hal_gpio.o
 .ARM.attributes
                0x0000015a       0x34 build/stm32f4xx_hal_cortex.o
 .ARM.attributes
                0x0000018e       0x34 build/stm32f4xx_hal.o
 .ARM.attributes
                0x000001c2       0x34 build/system_stm32f4xx.o
 .ARM.attributes
                0x000001f6       0x34 build/sysmem.o
 .ARM.attributes
                0x0000022a       0x34 build/syscalls.o
 .ARM.attributes
                0x0000025e       0x34 build/matrix_keyboard.o
 .ARM.attributes
                0x00000292       0x34 build/usb_keyboard.o
 .ARM.attributes
                0x000002c6       0x34 build/stm32f4xx_hal_uart.o
 .ARM.attributes
                0x000002fa       0x34 build/usb_device.o
 .ARM.attributes
                0x0000032e       0x34 build/usbd_desc.o
 .ARM.attributes
                0x00000362       0x34 build/usbd_conf.o
 .ARM.attributes
                0x00000396       0x34 build/stm32f4xx_hal_pcd.o
 .ARM.attributes
                0x000003ca       0x34 build/stm32f4xx_hal_pcd_ex.o
 .ARM.attributes
                0x000003fe       0x34 build/stm32f4xx_ll_usb.o
 .ARM.attributes
                0x00000432       0x34 build/usbd_core.o
 .ARM.attributes
                0x00000466       0x34 build/usbd_ctlreq.o
 .ARM.attributes
                0x0000049a       0x34 build/usbd_ioreq.o
 .ARM.attributes
                0x000004ce       0x34 build/usbd_hid.o
 .ARM.attributes
                0x00000502       0x21 build/startup_stm32f407xx.o
 .ARM.attributes
                0x00000523       0x34 /usr/lib/gcc/arm-none-eabi/13.2.1/../../../arm-none-eabi/lib/thumb/v7e-m+fp/hard/libc_nano.a(libc_a-init.o)
 .ARM.attributes
                0x00000557       0x34 /usr/lib/gcc/arm-none-eabi/13.2.1/../../../arm-none-eabi/lib/thumb/v7e-m+fp/hard/libc_nano.a(libc_a-puts.o)
 .ARM.attributes
                0x0000058b       0x34 /usr/lib/gcc/arm-none-eabi/13.2.1/../../../arm-none-eabi/lib/thumb/v7e-m+fp/hard/libc_nano.a(libc_a-findfp.o)
 .ARM.attributes
                0x000005bf       0x34 /usr/lib/gcc/arm-none-eabi/13.2.1/../../../arm-none-eabi/lib/thumb/v7e-m+fp/hard/libc_nano.a(libc_a-memset.o)
 .ARM.attributes
                0x000005f3       0x34 /usr/lib/gcc/arm-none-eabi/13.2.1/../../../arm-none-eabi/lib/thumb/v7e-m+fp/hard/libc_nano.a(libc_a-fflush.o)
 .ARM.attributes
                0x00000627       0x34 /usr/lib/gcc/arm-none-eabi/13.2.1/../../../arm-none-eabi/lib/thumb/v7e-m+fp/hard/libc_nano.a(libc_a-errno.o)
 .ARM.attributes
                0x0000065b       0x34 /usr/lib/gcc/arm-none-eabi/13.2.1/../../../arm-none-eabi/lib/thumb/v7e-m+fp/hard/libc_nano.a(libc_a-mallocr.o)
 .ARM.attributes
                0x0000068f       0x34 /usr/lib/gcc/arm-none-eabi/13.2.1/../../../arm-none-eabi/lib/thumb/v7e-m+fp/hard/libc_nano.a(libc_a-freer.o)
 .ARM.attributes
                0x000006c3       0x34 /usr/lib/gcc/arm-none-eabi/13.2.1/../../../arm-none-eabi/lib/thumb/v7e-m+fp/hard/libc_nano.a(libc_a-fwalk.o)
 .ARM.attributes
                0x000006f7       0x34 /usr/lib/gcc/arm-none-eabi/13.2.1/../../../arm-none-eabi/lib/thumb/v7e-m+fp/hard/libc_nano.a(libc_a-wsetup.o)
 .ARM.attributes
                0x0000072b       0x34 /usr/lib/gcc/arm-none-eabi/13.2.1/../../../arm-none-eabi/lib/thumb/v7e-m+fp/hard/libc_nano.a(libc_a-mlock.o)
 .ARM.attributes
                0x0000075f       0x34 /usr/lib/gcc/arm-none-eabi/13.2.1/../../../arm-none-eabi/lib/thumb/v7e-m+fp/hard/libc_nano.a(libc_a-makebuf.o)
 .ARM.attributes
                0x00000793       0x34 /usr/lib/gcc/arm-none-eabi/13.2.1/../../../arm-none-eabi/lib/thumb/v7e-m+fp/hard/libc_nano.a(libc_a-memcmp.o)
 .ARM.attributes
                0x000007c7       0x34 /usr/lib/gcc/arm-none-eabi/13.2.1/../../../arm-none-eabi/lib/thumb/v7e-m+fp/hard/libc_nano.a(libc_a-printf.o)
 .ARM.attributes
                0x000007fb       0x34 /usr/lib/gcc/arm-none-eabi/13.2.1/../../../arm-none-eabi/lib/thumb/v7e-m+fp/hard/libc_nano.a(libc_a-isattyr.o)
 .ARM.attributes
                0x0000082f       0x34 /usr/lib/gcc/arm-none-eabi/13.2.1/../../../arm-none-eabi/lib/thumb/v7e-m+fp/hard/libc_nano.a(libc_a-nano-vfprintf.o)
 .ARM.attributes
                0x00000863       0x34 /usr/lib/gcc/arm-none-eabi/13.2.1/../../../arm-none-eabi/lib/thumb/v7e-m+fp/hard/libc_nano.a(libc_a-wbuf.o)
 .ARM.attributes
                0x00000897       0x34 /usr/lib/gcc/arm-none-eabi/13.2.1/../../../arm-none-eabi/lib/thumb/v7e-m+fp/hard/libc_nano.a(libc_a-sbrkr.o)
 .ARM.attributes
                0x000008cb       0x34 /usr/lib/gcc/arm-none-eabi/13.2.1/../../../arm-none-eabi/lib/thumb/v7e-m+fp/hard/libc_nano.a(libc_a-stdio.o)
 .ARM.attributes
                0x000008ff       0x34 /usr/lib/gcc/arm-none-eabi/13.2.1/../../../arm-none-eabi/lib/thumb/v7e-m+fp/hard/libc_nano.a(libc_a-impure.o)
 .ARM.attributes
                0x00000933       0x34 /usr/lib/gcc/arm-none-eabi/13.2.1/../../../arm-none-eabi/lib/thumb/v7e-m+fp/hard/libc_nano.a(libc_a-fvwrite.o)
 .ARM.attributes
                0x00000967       0x34 /usr/lib/gcc/arm-none-eabi/13.2.1/../../../arm-none-eabi/lib/thumb/v7e-m+fp/hard/libc_nano.a(libc_a-closer.o)
 .ARM.attributes
                0x0000099b       0x34 /usr/lib/gcc/arm-none-eabi/13.2.1/../../../arm-none-eabi/lib/thumb/v7e-m+fp/hard/libc_nano.a(libc_a-memmove.o)
 .ARM.attributes
                0x000009cf       0x1c /usr/lib/gcc/arm-none-eabi/13.2.1/../../../arm-none-eabi/lib/thumb/v7e-m+fp/hard/libc_nano.a(libc_a-memchr.o)
 .ARM.attributes
                0x000009eb       0x20 /usr/lib/gcc/arm-none-eabi/13.2.1/../../../arm-none-eabi/lib/thumb/v7e-m+fp/hard/libc_nano.a(libc_a-memcpy.o)
 .ARM.attributes
                0x00000a0b       0x34 /usr/lib/gcc/arm-none-eabi/13.2.1/../../../arm-none-eabi/lib/thumb/v7e-m+fp/hard/libc_nano.a(libc_a-readr.o)
 .ARM.attributes
                0x00000a3f       0x34 /usr/lib/gcc/arm-none-eabi/13.2.1/../../../arm-none-eabi/lib/thumb/v7e-m+fp/hard/libc_nano.a(libc_a-reent.o)
 .ARM.attributes
                0x00000a73       0x34 /usr/lib/gcc/arm-none-eabi/13.2.1/../../../arm-none-eabi/lib/thumb/v7e-m+fp/hard/libc_nano.a(libc_a-reallocr.o)
 .ARM.attributes
                0x00000aa7       0x34 /usr/lib/gcc/arm-none-eabi/13.2.1/../../../arm-none-eabi/lib/thumb/v7e-m+fp/hard/libc_nano.a(libc_a-nano-vfprintf_i.o)
 .ARM.attributes
                0x00000adb       0x34 /usr/lib/gcc/arm-none-eabi/13.2.1/../../../arm-none-eabi/lib/thumb/v7e-m+fp/hard/libc_nano.a(libc_a-fstatr.o)
 .ARM.attributes
                0x00000b0f       0x34 /usr/lib/gcc/arm-none-eabi/13.2.1/../../../arm-none-eabi/lib/thumb/v7e-m+fp/hard/libc_nano.a(libc_a-lseekr.o)
 .ARM.attributes
                0x00000b43       0x34 /usr/lib/gcc/arm-none-eabi/13.2.1/../../../arm-none-eabi/lib/thumb/v7e-m+fp/hard/libc_nano.a(libc_a-writer.o)
 .ARM.attributes
                0x00000b77       0x34 /usr/lib/gcc/arm-none-eabi/13.2.1/../../../arm-none-eabi/lib/thumb/v7e-m+fp/hard/libc_nano.a(libc_a-msizer.o)
 .ARM.attributes
                0x00000bab       0x22 /usr/lib/gcc/arm-none-eabi/13.2.1/thumb/v7e-m+fp/hard/libgcc.a(_aeabi_uldivmod.o)
 .ARM.attributes
                0x00000bcd       0x34 /usr/lib/gcc/arm-none-eabi/13.2.1/thumb/v7e-m+fp/hard/libgcc.a(_udivmoddi4.o)
 .ARM.attributes
                0x00000c01       0x22 /usr/lib/gcc/arm-none-eabi/13.2.1/thumb/v7e-m+fp/hard/libgcc.a(_dvmd_tls.o)
 .ARM.attributes
                0x00000c23       0x34 /usr/lib/gcc/arm-none-eabi/13.2.1/thumb/v7e-m+fp/hard/crtend.o
 .ARM.attributes
                0x00000c57       0x22 /usr/lib/gcc/arm-none-eabi/13.2.1/thumb/v7e-m+fp/hard/crtn.o

.comment        0x00000000       0x26
 .comment       0x00000000       0x26 /usr/lib/gcc/arm-none-eabi/13.2.1/thumb/v7e-m+fp/hard/crtbegin.o
                                 0x27 (size before relaxing)
 .comment       0x00000026       0x27 build/main.o
 .comment       0x00000026       0x27 build/stm32f4xx_it.o
 .comment       0x00000026       0x27 build/stm32f4xx_hal_msp.o
 .comment       0x00000026       0x27 build/stm32f4xx_hal_rcc.o
 .comment       0x00000026       0x27 build/stm32f4xx_hal_gpio.o
 .comment       0x00000026       0x27 build/stm32f4xx_hal_cortex.o
 .comment       0x00000026       0x27 build/stm32f4xx_hal.o
 .comment       0x00000026       0x27 build/system_stm32f4xx.o
 .comment       0x00000026       0x27 build/sysmem.o
 .comment       0x00000026       0x27 build/syscalls.o
 .comment       0x00000026       0x27 build/matrix_keyboard.o
 .comment       0x00000026       0x27 build/usb_keyboard.o
 .comment       0x00000026       0x27 build/stm32f4xx_hal_uart.o
 .comment       0x00000026       0x27 build/usb_device.o
 .comment       0x00000026       0x27 build/usbd_desc.o
 .comment       0x00000026       0x27 build/usbd_conf.o
 .comment       0x00000026       0x27 build/stm32f4xx_hal_pcd.o
 .comment       0x00000026       0x27 build/stm32f4xx_hal_pcd_ex.o
 .comment       0x00000026       0x27 build/stm32f4xx_ll_usb.o
 .comment       0x00000026       0x27 build/usbd_core.o
 .comment       0x00000026       0x27 build/usbd_ctlreq.o
 .comment       0x00000026       0x27 build/usbd_ioreq.o
 .comment       0x00000026       0x27 build/usbd_hid.o
 .comment       0x00000026       0x27 /usr/lib/gcc/arm-none-eabi/13.2.1/../../../arm-none-eabi/lib/thumb/v7e-m+fp/hard/libc_nano.a(libc_a-init.o)
 .comment       0x00000026       0x27 /usr/lib/gcc/arm-none-eabi/13.2.1/../../../arm-none-eabi/lib/thumb/v7e-m+fp/hard/libc_nano.a(libc_a-puts.o)
 .comment       0x00000026       0x27 /usr/lib/gcc/arm-none-eabi/13.2.1/../../../arm-none-eabi/lib/thumb/v7e-m+fp/hard/libc_nano.a(libc_a-findfp.o)
 .comment       0x00000026       0x27 /usr/lib/gcc/arm-none-eabi/13.2.1/../../../arm-none-eabi/lib/thumb/v7e-m+fp/hard/libc_nano.a(libc_a-memset.o)
 .comment       0x00000026       0x27 /usr/lib/gcc/arm-none-eabi/13.2.1/../../../arm-none-eabi/lib/thumb/v7e-m+fp/hard/libc_nano.a(libc_a-fflush.o)
 .comment       0x00000026       0x27 /usr/lib/gcc/arm-none-eabi/13.2.1/../../../arm-none-eabi/lib/thumb/v7e-m+fp/hard/libc_nano.a(libc_a-errno.o)
 .comment       0x00000026       0x27 /usr/lib/gcc/arm-none-eabi/13.2.1/../../../arm-none-eabi/lib/thumb/v7e-m+fp/hard/libc_nano.a(libc_a-mallocr.o)
 .comment       0x00000026       0x27 /usr/lib/gcc/arm-none-eabi/13.2.1/../../../arm-none-eabi/lib/thumb/v7e-m+fp/hard/libc_nano.a(libc_a-freer.o)
 .comment       0x00000026       0x27 /usr/lib/gcc/arm-none-eabi/13.2.1/../../../arm-none-eabi/lib/thumb/v7e-m+fp/hard/libc_nano.a(libc_a-fwalk.o)
 .comment       0x00000026       0x27 /usr/lib/gcc/arm-none-eabi/13.2.1/../../../arm-none-eabi/lib/thumb/v7e-m+fp/hard/libc_nano.a(libc_a-wsetup.o)
 .comment       0x00000026       0x27 /usr/lib/gcc/arm-none-eabi/13.2.1/../../../arm-none-eabi/lib/thumb/v7e-m+fp/hard/libc_nano.a(libc_a-mlock.o)
 .comment       0x00000026       0x27 /usr/lib/gcc/arm-none-eabi/13.2.1/../../../arm-none-eabi/lib/thumb/v7e-m+fp/hard/libc_nano.a(libc_a-makebuf.o)
 .comment       0x00000026       0x27 /usr/lib/gcc/arm-none-eabi/13.2.1/../../../arm-none-eabi/lib/thumb/v7e-m+fp/hard/libc_nano.a(libc_a-memcmp.o)
 .comment       0x00000026       0x27 /usr/lib/gcc/arm-none-eabi/13.2.1/../../../arm-none-eabi/lib/thumb/v7e-m+fp/hard/libc_nano.a(libc_a-printf.o)
 .comment       0x00000026       0x27 /usr/lib/gcc/arm-none-eabi/13.2.1/../../../arm-none-eabi/lib/thumb/v7e-m+fp/hard/libc_nano.a(libc_a-isattyr.o)
 .comment       0x00000026       0x27 /usr/lib/gcc/arm-none-eabi/13.2.1/../../../arm-none-eabi/lib/thumb/v7e-m+fp/hard/libc_nano.a(libc_a-nano-vfprintf.o)
 .comment       0x00000026       0x27 /usr/lib/gcc/arm-none-eabi/13.2.1/../../../arm-none-eabi/lib/thumb/v7e-m+fp/hard/libc_nano.a(libc_a-wbuf.o)
 .comment       0x00000026       0x27 /usr/lib/gcc/arm-none-eabi/13.2.1/../../../arm-none-eabi/lib/thumb/v7e-m+fp/hard/libc_nano.a(libc_a-sbrkr.o)
 .comment       0x00000026       0x27 /usr/lib/gcc/arm-none-eabi/13.2.1/../../../arm-none-eabi/lib/thumb/v7e-m+fp/hard/libc_nano.a(libc_a-stdio.o)
 .comment       0x00000026       0x27 /usr/lib/gcc/arm-none-eabi/13.2.1/../../../arm-none-eabi/lib/thumb/v7e-m+fp/hard/libc_nano.a(libc_a-impure.o)
 .comment       0x00000026       0x27 /usr/lib/gcc/arm-none-eabi/13.2.1/../../../arm-none-eabi/lib/thumb/v7e-m+fp/hard/libc_nano.a(libc_a-fvwrite.o)
 .comment       0x00000026       0x27 /usr/lib/gcc/arm-none-eabi/13.2.1/../../../arm-none-eabi/lib/thumb/v7e-m+fp/hard/libc_nano.a(libc_a-closer.o)
 .comment       0x00000026       0x27 /usr/lib/gcc/arm-none-eabi/13.2.1/../../../arm-none-eabi/lib/thumb/v7e-m+fp/hard/libc_nano.a(libc_a-memmove.o)
 .comment       0x00000026       0x27 /usr/lib/gcc/arm-none-eabi/13.2.1/../../../arm-none-eabi/lib/thumb/v7e-m+fp/hard/libc_nano.a(libc_a-readr.o)
 .comment       0x00000026       0x27 /usr/lib/gcc/arm-none-eabi/13.2.1/../../../arm-none-eabi/lib/thumb/v7e-m+fp/hard/libc_nano.a(libc_a-reent.o)
 .comment       0x00000026       0x27 /usr/lib/gcc/arm-none-eabi/13.2.1/../../../arm-none-eabi/lib/thumb/v7e-m+fp/hard/libc_nano.a(libc_a-reallocr.o)
 .comment       0x00000026       0x27 /usr/lib/gcc/arm-none-eabi/13.2.1/../../../arm-none-eabi/lib/thumb/v7e-m+fp/hard/libc_nano.a(libc_a-nano-vfprintf_i.o)
 .comment       0x00000026       0x27 /usr/lib/gcc/arm-none-eabi/13.2.1/../../../arm-none-eabi/lib/thumb/v7e-m+fp/hard/libc_nano.a(libc_a-fstatr.o)
 .comment       0x00000026       0x27 /usr/lib/gcc/arm-none-eabi/13.2.1/../../../arm-none-eabi/lib/thumb/v7e-m+fp/hard/libc_nano.a(libc_a-lseekr.o)
 .comment       0x00000026       0x27 /usr/lib/gcc/arm-none-eabi/13.2.1/../../../arm-none-eabi/lib/thumb/v7e-m+fp/hard/libc_nano.a(libc_a-writer.o)
 .comment       0x00000026       0x27 /usr/lib/gcc/arm-none-eabi/13.2.1/../../../arm-none-eabi/lib/thumb/v7e-m+fp/hard/libc_nano.a(libc_a-msizer.o)
 .comment       0x00000026       0x27 /usr/lib/gcc/arm-none-eabi/13.2.1/thumb/v7e-m+fp/hard/libgcc.a(_udivmoddi4.o)
 .comment       0x00000026       0x27 /usr/lib/gcc/arm-none-eabi/13.2.1/thumb/v7e-m+fp/hard/crtend.o

.debug_info     0x00000000    0x27786
 .debug_info    0x00000000     0x112b build/main.o
 .debug_info    0x0000112b      0x70a build/stm32f4xx_it.o
 .debug_info    0x00001835      0xa90 build/stm32f4xx_hal_msp.o
 .debug_info    0x000022c5      0xbf0 build/stm32f4xx_hal_rcc.o
 .debug_info    0x00002eb5      0x824 build/stm32f4xx_hal_gpio.o
 .debug_info    0x000036d9     0x11bc build/stm32f4xx_hal_cortex.o
 .debug_info    0x00004895      0xaee build/stm32f4xx_hal.o
 .debug_info    0x00005383      0x59b build/system_stm32f4xx.o
 .debug_info    0x0000591e      0x174 build/sysmem.o
 .debug_info    0x00005a92      0x853 build/syscalls.o
 .debug_info    0x000062e5      0x66b build/matrix_keyboard.o
 .debug_info    0x00006950      0x97b build/usb_keyboard.o
 .debug_info    0x000072cb     0x4385 build/stm32f4xx_hal_uart.o
 .debug_info    0x0000b650      0x743 build/usb_device.o
 .debug_info    0x0000bd93      0x644 build/usbd_desc.o
 .debug_info    0x0000c3d7     0x24a9 build/usbd_conf.o
 .debug_info    0x0000e880     0x1f13 build/stm32f4xx_hal_pcd.o
 .debug_info    0x00010793      0x7a7 build/stm32f4xx_hal_pcd_ex.o
 .debug_info    0x00010f3a     0x21de build/stm32f4xx_ll_usb.o
 .debug_info    0x00013118     0x143f build/usbd_core.o
 .debug_info    0x00014557     0x15a8 build/usbd_ctlreq.o
 .debug_info    0x00015aff      0xa04 build/usbd_ioreq.o
 .debug_info    0x00016503      0xd8d build/usbd_hid.o
 .debug_info    0x00017290       0x30 build/startup_stm32f407xx.o
 .debug_info    0x000172c0      0x10b /usr/lib/gcc/arm-none-eabi/13.2.1/../../../arm-none-eabi/lib/thumb/v7e-m+fp/hard/libc_nano.a(libc_a-init.o)
 .debug_info    0x000173cb      0x8f8 /usr/lib/gcc/arm-none-eabi/13.2.1/../../../arm-none-eabi/lib/thumb/v7e-m+fp/hard/libc_nano.a(libc_a-puts.o)
 .debug_info    0x00017cc3      0xe8c /usr/lib/gcc/arm-none-eabi/13.2.1/../../../arm-none-eabi/lib/thumb/v7e-m+fp/hard/libc_nano.a(libc_a-findfp.o)
 .debug_info    0x00018b4f      0x135 /usr/lib/gcc/arm-none-eabi/13.2.1/../../../arm-none-eabi/lib/thumb/v7e-m+fp/hard/libc_nano.a(libc_a-memset.o)
 .debug_info    0x00018c84      0xa33 /usr/lib/gcc/arm-none-eabi/13.2.1/../../../arm-none-eabi/lib/thumb/v7e-m+fp/hard/libc_nano.a(libc_a-fflush.o)
 .debug_info    0x000196b7      0x6f1 /usr/lib/gcc/arm-none-eabi/13.2.1/../../../arm-none-eabi/lib/thumb/v7e-m+fp/hard/libc_nano.a(libc_a-errno.o)
 .debug_info    0x00019da8      0x9b6 /usr/lib/gcc/arm-none-eabi/13.2.1/../../../arm-none-eabi/lib/thumb/v7e-m+fp/hard/libc_nano.a(libc_a-mallocr.o)
 .debug_info    0x0001a75e      0x87f /usr/lib/gcc/arm-none-eabi/13.2.1/../../../arm-none-eabi/lib/thumb/v7e-m+fp/hard/libc_nano.a(libc_a-freer.o)
 .debug_info    0x0001afdd      0x7c8 /usr/lib/gcc/arm-none-eabi/13.2.1/../../../arm-none-eabi/lib/thumb/v7e-m+fp/hard/libc_nano.a(libc_a-fwalk.o)
 .debug_info    0x0001b7a5      0x7b1 /usr/lib/gcc/arm-none-eabi/13.2.1/../../../arm-none-eabi/lib/thumb/v7e-m+fp/hard/libc_nano.a(libc_a-wsetup.o)
 .debug_info    0x0001bf56      0x71c /usr/lib/gcc/arm-none-eabi/13.2.1/../../../arm-none-eabi/lib/thumb/v7e-m+fp/hard/libc_nano.a(libc_a-mlock.o)
 .debug_info    0x0001c672      0xbe6 /usr/lib/gcc/arm-none-eabi/13.2.1/../../../arm-none-eabi/lib/thumb/v7e-m+fp/hard/libc_nano.a(libc_a-makebuf.o)
 .debug_info    0x0001d258      0x12b /usr/lib/gcc/arm-none-eabi/13.2.1/../../../arm-none-eabi/lib/thumb/v7e-m+fp/hard/libc_nano.a(libc_a-memcmp.o)
 .debug_info    0x0001d383      0x837 /usr/lib/gcc/arm-none-eabi/13.2.1/../../../arm-none-eabi/lib/thumb/v7e-m+fp/hard/libc_nano.a(libc_a-printf.o)
 .debug_info    0x0001dbba      0x752 /usr/lib/gcc/arm-none-eabi/13.2.1/../../../arm-none-eabi/lib/thumb/v7e-m+fp/hard/libc_nano.a(libc_a-isattyr.o)
 .debug_info    0x0001e30c     0x108a /usr/lib/gcc/arm-none-eabi/13.2.1/../../../arm-none-eabi/lib/thumb/v7e-m+fp/hard/libc_nano.a(libc_a-nano-vfprintf.o)
 .debug_info    0x0001f396      0x863 /usr/lib/gcc/arm-none-eabi/13.2.1/../../../arm-none-eabi/lib/thumb/v7e-m+fp/hard/libc_nano.a(libc_a-wbuf.o)
 .debug_info    0x0001fbf9      0x778 /usr/lib/gcc/arm-none-eabi/13.2.1/../../../arm-none-eabi/lib/thumb/v7e-m+fp/hard/libc_nano.a(libc_a-sbrkr.o)
 .debug_info    0x00020371      0xa80 /usr/lib/gcc/arm-none-eabi/13.2.1/../../../arm-none-eabi/lib/thumb/v7e-m+fp/hard/libc_nano.a(libc_a-stdio.o)
 .debug_info    0x00020df1      0x70b /usr/lib/gcc/arm-none-eabi/13.2.1/../../../arm-none-eabi/lib/thumb/v7e-m+fp/hard/libc_nano.a(libc_a-impure.o)
 .debug_info    0x000214fc      0xaf1 /usr/lib/gcc/arm-none-eabi/13.2.1/../../../arm-none-eabi/lib/thumb/v7e-m+fp/hard/libc_nano.a(libc_a-fvwrite.o)
 .debug_info    0x00021fed      0x752 /usr/lib/gcc/arm-none-eabi/13.2.1/../../../arm-none-eabi/lib/thumb/v7e-m+fp/hard/libc_nano.a(libc_a-closer.o)
 .debug_info    0x0002273f      0x148 /usr/lib/gcc/arm-none-eabi/13.2.1/../../../arm-none-eabi/lib/thumb/v7e-m+fp/hard/libc_nano.a(libc_a-memmove.o)
 .debug_info    0x00022887       0x25 /usr/lib/gcc/arm-none-eabi/13.2.1/../../../arm-none-eabi/lib/thumb/v7e-m+fp/hard/libc_nano.a(libc_a-memchr.o)
 .debug_info    0x000228ac       0x33 /usr/lib/gcc/arm-none-eabi/13.2.1/../../../arm-none-eabi/lib/thumb/v7e-m+fp/hard/libc_nano.a(libc_a-memcpy.o)
 .debug_info    0x000228df      0x7b5 /usr/lib/gcc/arm-none-eabi/13.2.1/../../../arm-none-eabi/lib/thumb/v7e-m+fp/hard/libc_nano.a(libc_a-readr.o)
 .debug_info    0x00023094      0x89f /usr/lib/gcc/arm-none-eabi/13.2.1/../../../arm-none-eabi/lib/thumb/v7e-m+fp/hard/libc_nano.a(libc_a-reent.o)
 .debug_info    0x00023933      0x8cd /usr/lib/gcc/arm-none-eabi/13.2.1/../../../arm-none-eabi/lib/thumb/v7e-m+fp/hard/libc_nano.a(libc_a-reallocr.o)
 .debug_info    0x00024200      0xdd7 /usr/lib/gcc/arm-none-eabi/13.2.1/../../../arm-none-eabi/lib/thumb/v7e-m+fp/hard/libc_nano.a(libc_a-nano-vfprintf_i.o)
 .debug_info    0x00024fd7      0x977 /usr/lib/gcc/arm-none-eabi/13.2.1/../../../arm-none-eabi/lib/thumb/v7e-m+fp/hard/libc_nano.a(libc_a-fstatr.o)
 .debug_info    0x0002594e      0x79e /usr/lib/gcc/arm-none-eabi/13.2.1/../../../arm-none-eabi/lib/thumb/v7e-m+fp/hard/libc_nano.a(libc_a-lseekr.o)
 .debug_info    0x000260ec      0x7bb /usr/lib/gcc/arm-none-eabi/13.2.1/../../../arm-none-eabi/lib/thumb/v7e-m+fp/hard/libc_nano.a(libc_a-writer.o)
 .debug_info    0x000268a7      0x78a /usr/lib/gcc/arm-none-eabi/13.2.1/../../../arm-none-eabi/lib/thumb/v7e-m+fp/hard/libc_nano.a(libc_a-msizer.o)
 .debug_info    0x00027031       0x24 /usr/lib/gcc/arm-none-eabi/13.2.1/thumb/v7e-m+fp/hard/libgcc.a(_aeabi_uldivmod.o)
 .debug_info    0x00027055      0x6f5 /usr/lib/gcc/arm-none-eabi/13.2.1/thumb/v7e-m+fp/hard/libgcc.a(_udivmoddi4.o)
 .debug_info    0x0002774a       0x3c /usr/lib/gcc/arm-none-eabi/13.2.1/thumb/v7e-m+fp/hard/libgcc.a(_dvmd_tls.o)

.debug_abbrev   0x00000000     0x7478
 .debug_abbrev  0x00000000      0x2e5 build/main.o
 .debug_abbrev  0x000002e5      0x183 build/stm32f4xx_it.o
 .debug_abbrev  0x00000468      0x1b4 build/stm32f4xx_hal_msp.o
 .debug_abbrev  0x0000061c      0x2de build/stm32f4xx_hal_rcc.o
 .debug_abbrev  0x000008fa      0x22b build/stm32f4xx_hal_gpio.o
 .debug_abbrev  0x00000b25      0x3ca build/stm32f4xx_hal_cortex.o
 .debug_abbrev  0x00000eef      0x244 build/stm32f4xx_hal.o
 .debug_abbrev  0x00001133      0x11b build/system_stm32f4xx.o
 .debug_abbrev  0x0000124e       0xeb build/sysmem.o
 .debug_abbrev  0x00001339      0x1ea build/syscalls.o
 .debug_abbrev  0x00001523      0x273 build/matrix_keyboard.o
 .debug_abbrev  0x00001796      0x250 build/usb_keyboard.o
 .debug_abbrev  0x000019e6      0x366 build/stm32f4xx_hal_uart.o
 .debug_abbrev  0x00001d4c      0x193 build/usb_device.o
 .debug_abbrev  0x00001edf      0x208 build/usbd_desc.o
 .debug_abbrev  0x000020e7      0x34b build/usbd_conf.o
 .debug_abbrev  0x00002432      0x2e7 build/stm32f4xx_hal_pcd.o
 .debug_abbrev  0x00002719      0x1c5 build/stm32f4xx_hal_pcd_ex.o
 .debug_abbrev  0x000028de      0x344 build/stm32f4xx_ll_usb.o
 .debug_abbrev  0x00002c22      0x2f7 build/usbd_core.o
 .debug_abbrev  0x00002f19      0x359 build/usbd_ctlreq.o
 .debug_abbrev  0x00003272      0x195 build/usbd_ioreq.o
 .debug_abbrev  0x00003407      0x2fc build/usbd_hid.o
 .debug_abbrev  0x00003703       0x1d build/startup_stm32f407xx.o
 .debug_abbrev  0x00003720       0xc9 /usr/lib/gcc/arm-none-eabi/13.2.1/../../../arm-none-eabi/lib/thumb/v7e-m+fp/hard/libc_nano.a(libc_a-init.o)
 .debug_abbrev  0x000037e9      0x29c /usr/lib/gcc/arm-none-eabi/13.2.1/../../../arm-none-eabi/lib/thumb/v7e-m+fp/hard/libc_nano.a(libc_a-puts.o)
 .debug_abbrev  0x00003a85      0x408 /usr/lib/gcc/arm-none-eabi/13.2.1/../../../arm-none-eabi/lib/thumb/v7e-m+fp/hard/libc_nano.a(libc_a-findfp.o)
 .debug_abbrev  0x00003e8d       0xb7 /usr/lib/gcc/arm-none-eabi/13.2.1/../../../arm-none-eabi/lib/thumb/v7e-m+fp/hard/libc_nano.a(libc_a-memset.o)
 .debug_abbrev  0x00003f44      0x2e4 /usr/lib/gcc/arm-none-eabi/13.2.1/../../../arm-none-eabi/lib/thumb/v7e-m+fp/hard/libc_nano.a(libc_a-fflush.o)
 .debug_abbrev  0x00004228      0x15e /usr/lib/gcc/arm-none-eabi/13.2.1/../../../arm-none-eabi/lib/thumb/v7e-m+fp/hard/libc_nano.a(libc_a-errno.o)
 .debug_abbrev  0x00004386      0x24a /usr/lib/gcc/arm-none-eabi/13.2.1/../../../arm-none-eabi/lib/thumb/v7e-m+fp/hard/libc_nano.a(libc_a-mallocr.o)
 .debug_abbrev  0x000045d0      0x249 /usr/lib/gcc/arm-none-eabi/13.2.1/../../../arm-none-eabi/lib/thumb/v7e-m+fp/hard/libc_nano.a(libc_a-freer.o)
 .debug_abbrev  0x00004819      0x19b /usr/lib/gcc/arm-none-eabi/13.2.1/../../../arm-none-eabi/lib/thumb/v7e-m+fp/hard/libc_nano.a(libc_a-fwalk.o)
 .debug_abbrev  0x000049b4      0x1e2 /usr/lib/gcc/arm-none-eabi/13.2.1/../../../arm-none-eabi/lib/thumb/v7e-m+fp/hard/libc_nano.a(libc_a-wsetup.o)
 .debug_abbrev  0x00004b96      0x192 /usr/lib/gcc/arm-none-eabi/13.2.1/../../../arm-none-eabi/lib/thumb/v7e-m+fp/hard/libc_nano.a(libc_a-mlock.o)
 .debug_abbrev  0x00004d28      0x29d /usr/lib/gcc/arm-none-eabi/13.2.1/../../../arm-none-eabi/lib/thumb/v7e-m+fp/hard/libc_nano.a(libc_a-makebuf.o)
 .debug_abbrev  0x00004fc5       0x90 /usr/lib/gcc/arm-none-eabi/13.2.1/../../../arm-none-eabi/lib/thumb/v7e-m+fp/hard/libc_nano.a(libc_a-memcmp.o)
 .debug_abbrev  0x00005055      0x21a /usr/lib/gcc/arm-none-eabi/13.2.1/../../../arm-none-eabi/lib/thumb/v7e-m+fp/hard/libc_nano.a(libc_a-printf.o)
 .debug_abbrev  0x0000526f      0x1b0 /usr/lib/gcc/arm-none-eabi/13.2.1/../../../arm-none-eabi/lib/thumb/v7e-m+fp/hard/libc_nano.a(libc_a-isattyr.o)
 .debug_abbrev  0x0000541f      0x36e /usr/lib/gcc/arm-none-eabi/13.2.1/../../../arm-none-eabi/lib/thumb/v7e-m+fp/hard/libc_nano.a(libc_a-nano-vfprintf.o)
 .debug_abbrev  0x0000578d      0x236 /usr/lib/gcc/arm-none-eabi/13.2.1/../../../arm-none-eabi/lib/thumb/v7e-m+fp/hard/libc_nano.a(libc_a-wbuf.o)
 .debug_abbrev  0x000059c3      0x1da /usr/lib/gcc/arm-none-eabi/13.2.1/../../../arm-none-eabi/lib/thumb/v7e-m+fp/hard/libc_nano.a(libc_a-sbrkr.o)
 .debug_abbrev  0x00005b9d      0x224 /usr/lib/gcc/arm-none-eabi/13.2.1/../../../arm-none-eabi/lib/thumb/v7e-m+fp/hard/libc_nano.a(libc_a-stdio.o)
 .debug_abbrev  0x00005dc1      0x149 /usr/lib/gcc/arm-none-eabi/13.2.1/../../../arm-none-eabi/lib/thumb/v7e-m+fp/hard/libc_nano.a(libc_a-impure.o)
 .debug_abbrev  0x00005f0a      0x21b /usr/lib/gcc/arm-none-eabi/13.2.1/../../../arm-none-eabi/lib/thumb/v7e-m+fp/hard/libc_nano.a(libc_a-fvwrite.o)
 .debug_abbrev  0x00006125      0x1b0 /usr/lib/gcc/arm-none-eabi/13.2.1/../../../arm-none-eabi/lib/thumb/v7e-m+fp/hard/libc_nano.a(libc_a-closer.o)
 .debug_abbrev  0x000062d5       0xc3 /usr/lib/gcc/arm-none-eabi/13.2.1/../../../arm-none-eabi/lib/thumb/v7e-m+fp/hard/libc_nano.a(libc_a-memmove.o)
 .debug_abbrev  0x00006398       0x14 /usr/lib/gcc/arm-none-eabi/13.2.1/../../../arm-none-eabi/lib/thumb/v7e-m+fp/hard/libc_nano.a(libc_a-memchr.o)
 .debug_abbrev  0x000063ac       0x28 /usr/lib/gcc/arm-none-eabi/13.2.1/../../../arm-none-eabi/lib/thumb/v7e-m+fp/hard/libc_nano.a(libc_a-memcpy.o)
 .debug_abbrev  0x000063d4      0x1b0 /usr/lib/gcc/arm-none-eabi/13.2.1/../../../arm-none-eabi/lib/thumb/v7e-m+fp/hard/libc_nano.a(libc_a-readr.o)
 .debug_abbrev  0x00006584      0x1ee /usr/lib/gcc/arm-none-eabi/13.2.1/../../../arm-none-eabi/lib/thumb/v7e-m+fp/hard/libc_nano.a(libc_a-reent.o)
 .debug_abbrev  0x00006772      0x20c /usr/lib/gcc/arm-none-eabi/13.2.1/../../../arm-none-eabi/lib/thumb/v7e-m+fp/hard/libc_nano.a(libc_a-reallocr.o)
 .debug_abbrev  0x0000697e      0x284 /usr/lib/gcc/arm-none-eabi/13.2.1/../../../arm-none-eabi/lib/thumb/v7e-m+fp/hard/libc_nano.a(libc_a-nano-vfprintf_i.o)
 .debug_abbrev  0x00006c02      0x1c3 /usr/lib/gcc/arm-none-eabi/13.2.1/../../../arm-none-eabi/lib/thumb/v7e-m+fp/hard/libc_nano.a(libc_a-fstatr.o)
 .debug_abbrev  0x00006dc5      0x1c4 /usr/lib/gcc/arm-none-eabi/13.2.1/../../../arm-none-eabi/lib/thumb/v7e-m+fp/hard/libc_nano.a(libc_a-lseekr.o)
 .debug_abbrev  0x00006f89      0x1b5 /usr/lib/gcc/arm-none-eabi/13.2.1/../../../arm-none-eabi/lib/thumb/v7e-m+fp/hard/libc_nano.a(libc_a-writer.o)
 .debug_abbrev  0x0000713e      0x196 /usr/lib/gcc/arm-none-eabi/13.2.1/../../../arm-none-eabi/lib/thumb/v7e-m+fp/hard/libc_nano.a(libc_a-msizer.o)
 .debug_abbrev  0x000072d4       0x14 /usr/lib/gcc/arm-none-eabi/13.2.1/thumb/v7e-m+fp/hard/libgcc.a(_aeabi_uldivmod.o)
 .debug_abbrev  0x000072e8      0x16a /usr/lib/gcc/arm-none-eabi/13.2.1/thumb/v7e-m+fp/hard/libgcc.a(_udivmoddi4.o)
 .debug_abbrev  0x00007452       0x26 /usr/lib/gcc/arm-none-eabi/13.2.1/thumb/v7e-m+fp/hard/libgcc.a(_dvmd_tls.o)

.debug_loc      0x00000000    0x10d07
 .debug_loc     0x00000000      0x1cd build/main.o
 .debug_loc     0x000001cd       0x40 build/stm32f4xx_it.o
 .debug_loc     0x0000020d      0x12c build/stm32f4xx_hal_msp.o
 .debug_loc     0x00000339      0x720 build/stm32f4xx_hal_rcc.o
 .debug_loc     0x00000a59      0x60b build/stm32f4xx_hal_gpio.o
 .debug_loc     0x00001064      0x8ff build/stm32f4xx_hal_cortex.o
 .debug_loc     0x00001963      0x1f9 build/stm32f4xx_hal.o
 .debug_loc     0x00001b5c       0xbd build/system_stm32f4xx.o
 .debug_loc     0x00001c19       0x90 build/sysmem.o
 .debug_loc     0x00001ca9      0x583 build/syscalls.o
 .debug_loc     0x0000222c      0x2bc build/matrix_keyboard.o
 .debug_loc     0x000024e8      0x224 build/usb_keyboard.o
 .debug_loc     0x0000270c     0x5040 build/stm32f4xx_hal_uart.o
 .debug_loc     0x0000774c       0x20 build/usb_device.o
 .debug_loc     0x0000776c      0x4e7 build/usbd_desc.o
 .debug_loc     0x00007c53     0x10f3 build/usbd_conf.o
 .debug_loc     0x00008d46     0x1832 build/stm32f4xx_hal_pcd.o
 .debug_loc     0x0000a578      0x13d build/stm32f4xx_hal_pcd_ex.o
 .debug_loc     0x0000a6b5     0x2ac8 build/stm32f4xx_ll_usb.o
 .debug_loc     0x0000d17d     0x115e build/usbd_core.o
 .debug_loc     0x0000e2db     0x1bc1 build/usbd_ctlreq.o
 .debug_loc     0x0000fe9c      0x3f8 build/usbd_ioreq.o
 .debug_loc     0x00010294      0xa73 build/usbd_hid.o

.debug_aranges  0x00000000     0x12a8
 .debug_aranges
                0x00000000       0x50 build/main.o
 .debug_aranges
                0x00000050       0x68 build/stm32f4xx_it.o
 .debug_aranges
                0x000000b8       0x30 build/stm32f4xx_hal_msp.o
 .debug_aranges
                0x000000e8       0x88 build/stm32f4xx_hal_rcc.o
 .debug_aranges
                0x00000170       0x58 build/stm32f4xx_hal_gpio.o
 .debug_aranges
                0x000001c8       0xf8 build/stm32f4xx_hal_cortex.o
 .debug_aranges
                0x000002c0       0xf0 build/stm32f4xx_hal.o
 .debug_aranges
                0x000003b0       0x28 build/system_stm32f4xx.o
 .debug_aranges
                0x000003d8       0x20 build/sysmem.o
 .debug_aranges
                0x000003f8       0xa8 build/syscalls.o
 .debug_aranges
                0x000004a0       0x38 build/matrix_keyboard.o
 .debug_aranges
                0x000004d8       0x60 build/usb_keyboard.o
 .debug_aranges
                0x00000538      0x208 build/stm32f4xx_hal_uart.o
 .debug_aranges
                0x00000740       0x20 build/usb_device.o
 .debug_aranges
                0x00000760       0x60 build/usbd_desc.o
 .debug_aranges
                0x000007c0      0x110 build/usbd_conf.o
 .debug_aranges
                0x000008d0      0x148 build/stm32f4xx_hal_pcd.o
 .debug_aranges
                0x00000a18       0x38 build/stm32f4xx_hal_pcd_ex.o
 .debug_aranges
                0x00000a50      0x1a0 build/stm32f4xx_ll_usb.o
 .debug_aranges
                0x00000bf0       0xd8 build/usbd_core.o
 .debug_aranges
                0x00000cc8       0x88 build/usbd_ctlreq.o
 .debug_aranges
                0x00000d50       0x50 build/usbd_ioreq.o
 .debug_aranges
                0x00000da0       0x68 build/usbd_hid.o
 .debug_aranges
                0x00000e08       0x28 build/startup_stm32f407xx.o
 .debug_aranges
                0x00000e30       0x20 /usr/lib/gcc/arm-none-eabi/13.2.1/../../../arm-none-eabi/lib/thumb/v7e-m+fp/hard/libc_nano.a(libc_a-init.o)
 .debug_aranges
                0x00000e50       0x20 /usr/lib/gcc/arm-none-eabi/13.2.1/../../../arm-none-eabi/lib/thumb/v7e-m+fp/hard/libc_nano.a(libc_a-puts.o)
 .debug_aranges
                0x00000e70       0x20 /usr/lib/gcc/arm-none-eabi/13.2.1/../../../arm-none-eabi/lib/thumb/v7e-m+fp/hard/libc_nano.a(libc_a-findfp.o)
 .debug_aranges
                0x00000e90       0x20 /usr/lib/gcc/arm-none-eabi/13.2.1/../../../arm-none-eabi/lib/thumb/v7e-m+fp/hard/libc_nano.a(libc_a-memset.o)
 .debug_aranges
                0x00000eb0       0x20 /usr/lib/gcc/arm-none-eabi/13.2.1/../../../arm-none-eabi/lib/thumb/v7e-m+fp/hard/libc_nano.a(libc_a-fflush.o)
 .debug_aranges
                0x00000ed0       0x20 /usr/lib/gcc/arm-none-eabi/13.2.1/../../../arm-none-eabi/lib/thumb/v7e-m+fp/hard/libc_nano.a(libc_a-errno.o)
 .debug_aranges
                0x00000ef0       0x20 /usr/lib/gcc/arm-none-eabi/13.2.1/../../../arm-none-eabi/lib/thumb/v7e-m+fp/hard/libc_nano.a(libc_a-mallocr.o)
 .debug_aranges
                0x00000f10       0x20 /usr/lib/gcc/arm-none-eabi/13.2.1/../../../arm-none-eabi/lib/thumb/v7e-m+fp/hard/libc_nano.a(libc_a-freer.o)
 .debug_aranges
                0x00000f30       0x20 /usr/lib/gcc/arm-none-eabi/13.2.1/../../../arm-none-eabi/lib/thumb/v7e-m+fp/hard/libc_nano.a(libc_a-fwalk.o)
 .debug_aranges
                0x00000f50       0x20 /usr/lib/gcc/arm-none-eabi/13.2.1/../../../arm-none-eabi/lib/thumb/v7e-m+fp/hard/libc_nano.a(libc_a-wsetup.o)
 .debug_aranges
                0x00000f70       0x20 /usr/lib/gcc/arm-none-eabi/13.2.1/../../../arm-none-eabi/lib/thumb/v7e-m+fp/hard/libc_nano.a(libc_a-mlock.o)
 .debug_aranges
                0x00000f90       0x20 /usr/lib/gcc/arm-none-eabi/13.2.1/../../../arm-none-eabi/lib/thumb/v7e-m+fp/hard/libc_nano.a(libc_a-makebuf.o)
 .debug_aranges
                0x00000fb0       0x20 /usr/lib/gcc/arm-none-eabi/13.2.1/../../../arm-none-eabi/lib/thumb/v7e-m+fp/hard/libc_nano.a(libc_a-memcmp.o)
 .debug_aranges
                0x00000fd0       0x20 /usr/lib/gcc/arm-none-eabi/13.2.1/../../../arm-none-eabi/lib/thumb/v7e-m+fp/hard/libc_nano.a(libc_a-printf.o)
 .debug_aranges
                0x00000ff0       0x20 /usr/lib/gcc/arm-none-eabi/13.2.1/../../../arm-none-eabi/lib/thumb/v7e-m+fp/hard/libc_nano.a(libc_a-isattyr.o)
 .debug_aranges
                0x00001010       0x20 /usr/lib/gcc/arm-none-eabi/13.2.1/../../../arm-none-eabi/lib/thumb/v7e-m+fp/hard/libc_nano.a(libc_a-nano-vfprintf.o)
 .debug_aranges
                0x00001030       0x20 /usr/lib/gcc/arm-none-eabi/13.2.1/../../../arm-none-eabi/lib/thumb/v7e-m+fp/hard/libc_nano.a(libc_a-wbuf.o)
 .debug_aranges
                0x00001050       0x20 /usr/lib/gcc/arm-none-eabi/13.2.1/../../../arm-none-eabi/lib/thumb/v7e-m+fp/hard/libc_nano.a(libc_a-sbrkr.o)
 .debug_aranges
                0x00001070       0x20 /usr/lib/gcc/arm-none-eabi/13.2.1/../../../arm-none-eabi/lib/thumb/v7e-m+fp/hard/libc_nano.a(libc_a-stdio.o)
 .debug_aranges
                0x00001090       0x18 /usr/lib/gcc/arm-none-eabi/13.2.1/../../../arm-none-eabi/lib/thumb/v7e-m+fp/hard/libc_nano.a(libc_a-impure.o)
 .debug_aranges
                0x000010a8       0x20 /usr/lib/gcc/arm-none-eabi/13.2.1/../../../arm-none-eabi/lib/thumb/v7e-m+fp/hard/libc_nano.a(libc_a-fvwrite.o)
 .debug_aranges
                0x000010c8       0x20 /usr/lib/gcc/arm-none-eabi/13.2.1/../../../arm-none-eabi/lib/thumb/v7e-m+fp/hard/libc_nano.a(libc_a-closer.o)
 .debug_aranges
                0x000010e8       0x20 /usr/lib/gcc/arm-none-eabi/13.2.1/../../../arm-none-eabi/lib/thumb/v7e-m+fp/hard/libc_nano.a(libc_a-memmove.o)
 .debug_aranges
                0x00001108       0x20 /usr/lib/gcc/arm-none-eabi/13.2.1/../../../arm-none-eabi/lib/thumb/v7e-m+fp/hard/libc_nano.a(libc_a-memchr.o)
 .debug_aranges
                0x00001128       0x20 /usr/lib/gcc/arm-none-eabi/13.2.1/../../../arm-none-eabi/lib/thumb/v7e-m+fp/hard/libc_nano.a(libc_a-memcpy.o)
 .debug_aranges
                0x00001148       0x20 /usr/lib/gcc/arm-none-eabi/13.2.1/../../../arm-none-eabi/lib/thumb/v7e-m+fp/hard/libc_nano.a(libc_a-readr.o)
 .debug_aranges
                0x00001168       0x20 /usr/lib/gcc/arm-none-eabi/13.2.1/../../../arm-none-eabi/lib/thumb/v7e-m+fp/hard/libc_nano.a(libc_a-reent.o)
 .debug_aranges
                0x00001188       0x20 /usr/lib/gcc/arm-none-eabi/13.2.1/../../../arm-none-eabi/lib/thumb/v7e-m+fp/hard/libc_nano.a(libc_a-reallocr.o)
 .debug_aranges
                0x000011a8       0x20 /usr/lib/gcc/arm-none-eabi/13.2.1/../../../arm-none-eabi/lib/thumb/v7e-m+fp/hard/libc_nano.a(libc_a-nano-vfprintf_i.o)
 .debug_aranges
                0x000011c8       0x20 /usr/lib/gcc/arm-none-eabi/13.2.1/../../../arm-none-eabi/lib/thumb/v7e-m+fp/hard/libc_nano.a(libc_a-fstatr.o)
 .debug_aranges
                0x000011e8       0x20 /usr/lib/gcc/arm-none-eabi/13.2.1/../../../arm-none-eabi/lib/thumb/v7e-m+fp/hard/libc_nano.a(libc_a-lseekr.o)
 .debug_aranges
                0x00001208       0x20 /usr/lib/gcc/arm-none-eabi/13.2.1/../../../arm-none-eabi/lib/thumb/v7e-m+fp/hard/libc_nano.a(libc_a-writer.o)
 .debug_aranges
                0x00001228       0x20 /usr/lib/gcc/arm-none-eabi/13.2.1/../../../arm-none-eabi/lib/thumb/v7e-m+fp/hard/libc_nano.a(libc_a-msizer.o)
 .debug_aranges
                0x00001248       0x20 /usr/lib/gcc/arm-none-eabi/13.2.1/thumb/v7e-m+fp/hard/libgcc.a(_aeabi_uldivmod.o)
 .debug_aranges
                0x00001268       0x20 /usr/lib/gcc/arm-none-eabi/13.2.1/thumb/v7e-m+fp/hard/libgcc.a(_udivmoddi4.o)
 .debug_aranges
                0x00001288       0x20 /usr/lib/gcc/arm-none-eabi/13.2.1/thumb/v7e-m+fp/hard/libgcc.a(_dvmd_tls.o)

.debug_ranges   0x00000000      0xd18
 .debug_ranges  0x00000000       0x40 build/main.o
 .debug_ranges  0x00000040       0x58 build/stm32f4xx_it.o
 .debug_ranges  0x00000098       0x20 build/stm32f4xx_hal_msp.o
 .debug_ranges  0x000000b8       0x90 build/stm32f4xx_hal_rcc.o
 .debug_ranges  0x00000148       0x48 build/stm32f4xx_hal_gpio.o
 .debug_ranges  0x00000190       0xe8 build/stm32f4xx_hal_cortex.o
 .debug_ranges  0x00000278       0xe0 build/stm32f4xx_hal.o
 .debug_ranges  0x00000358       0x18 build/system_stm32f4xx.o
 .debug_ranges  0x00000370       0x10 build/sysmem.o
 .debug_ranges  0x00000380       0x98 build/syscalls.o
 .debug_ranges  0x00000418       0x70 build/matrix_keyboard.o
 .debug_ranges  0x00000488       0x50 build/usb_keyboard.o
 .debug_ranges  0x000004d8      0x1f8 build/stm32f4xx_hal_uart.o
 .debug_ranges  0x000006d0       0x10 build/usb_device.o
 .debug_ranges  0x000006e0       0x50 build/usbd_desc.o
 .debug_ranges  0x00000730      0x100 build/usbd_conf.o
 .debug_ranges  0x00000830      0x138 build/stm32f4xx_hal_pcd.o
 .debug_ranges  0x00000968       0x28 build/stm32f4xx_hal_pcd_ex.o
 .debug_ranges  0x00000990      0x190 build/stm32f4xx_ll_usb.o
 .debug_ranges  0x00000b20       0xc8 build/usbd_core.o
 .debug_ranges  0x00000be8       0x78 build/usbd_ctlreq.o
 .debug_ranges  0x00000c60       0x40 build/usbd_ioreq.o
 .debug_ranges  0x00000ca0       0x58 build/usbd_hid.o
 .debug_ranges  0x00000cf8       0x20 build/startup_stm32f407xx.o

.debug_line     0x00000000    0x11ec6
 .debug_line    0x00000000      0x46d build/main.o
 .debug_line    0x0000046d      0x20b build/stm32f4xx_it.o
 .debug_line    0x00000678      0x1e4 build/stm32f4xx_hal_msp.o
 .debug_line    0x0000085c      0xb38 build/stm32f4xx_hal_rcc.o
 .debug_line    0x00001394      0x670 build/stm32f4xx_hal_gpio.o
 .debug_line    0x00001a04      0x7a5 build/stm32f4xx_hal_cortex.o
 .debug_line    0x000021a9      0x4e2 build/stm32f4xx_hal.o